[2024-08-13T10:46:27.215+0000] {processor.py:153} INFO - Started process (PID=54) to work on /home/airflow/.local/lib/python3.7/site-packages/airflow/example_dags/example_complex.py
[2024-08-13T10:46:27.216+0000] {processor.py:743} INFO - Processing file /home/airflow/.local/lib/python3.7/site-packages/airflow/example_dags/example_complex.py for tasks to queue
[2024-08-13T10:46:27.217+0000] {logging_mixin.py:137} INFO - [2024-08-13T10:46:27.217+0000] {dagbag.py:538} INFO - Filling up the DagBag from /home/airflow/.local/lib/python3.7/site-packages/airflow/example_dags/example_complex.py
[2024-08-13T10:46:27.258+0000] {logging_mixin.py:137} INFO - [2024-08-13T10:46:27.258+0000] {taskmixin.py:205} WARNING - Dependency <Task(BashOperator): create_entry_group>, delete_entry_group already registered for DAG: example_complex
[2024-08-13T10:46:27.261+0000] {logging_mixin.py:137} INFO - [2024-08-13T10:46:27.261+0000] {taskmixin.py:205} WARNING - Dependency <Task(BashOperator): delete_entry_group>, create_entry_group already registered for DAG: example_complex
[2024-08-13T10:46:27.262+0000] {logging_mixin.py:137} INFO - [2024-08-13T10:46:27.262+0000] {taskmixin.py:205} WARNING - Dependency <Task(BashOperator): create_entry_gcs>, delete_entry already registered for DAG: example_complex
[2024-08-13T10:46:27.262+0000] {logging_mixin.py:137} INFO - [2024-08-13T10:46:27.262+0000] {taskmixin.py:205} WARNING - Dependency <Task(BashOperator): delete_entry>, create_entry_gcs already registered for DAG: example_complex
[2024-08-13T10:46:27.263+0000] {logging_mixin.py:137} INFO - [2024-08-13T10:46:27.263+0000] {taskmixin.py:205} WARNING - Dependency <Task(BashOperator): create_tag>, delete_tag already registered for DAG: example_complex
[2024-08-13T10:46:27.265+0000] {logging_mixin.py:137} INFO - [2024-08-13T10:46:27.264+0000] {taskmixin.py:205} WARNING - Dependency <Task(BashOperator): delete_tag>, create_tag already registered for DAG: example_complex
[2024-08-13T10:46:27.302+0000] {processor.py:753} INFO - DAG(s) dict_keys(['example_complex']) retrieved from /home/airflow/.local/lib/python3.7/site-packages/airflow/example_dags/example_complex.py
[2024-08-13T10:46:27.657+0000] {logging_mixin.py:137} INFO - [2024-08-13T10:46:27.657+0000] {manager.py:504} INFO - Created Permission View: can delete on DAG:example_complex
[2024-08-13T10:46:27.694+0000] {logging_mixin.py:137} INFO - [2024-08-13T10:46:27.693+0000] {manager.py:504} INFO - Created Permission View: can edit on DAG:example_complex
[2024-08-13T10:46:27.717+0000] {logging_mixin.py:137} INFO - [2024-08-13T10:46:27.717+0000] {manager.py:504} INFO - Created Permission View: can read on DAG:example_complex
[2024-08-13T10:46:27.717+0000] {logging_mixin.py:137} INFO - [2024-08-13T10:46:27.717+0000] {dag.py:2690} INFO - Sync 1 DAGs
[2024-08-13T10:46:27.813+0000] {logging_mixin.py:137} INFO - [2024-08-13T10:46:27.812+0000] {dag.py:2711} INFO - Creating ORM DAG for example_complex
[2024-08-13T10:46:27.897+0000] {logging_mixin.py:137} INFO - [2024-08-13T10:46:27.897+0000] {dag.py:3441} INFO - Setting next_dagrun for example_complex to None, run_after=None
[2024-08-13T10:46:27.978+0000] {processor.py:175} INFO - Processing /home/airflow/.local/lib/python3.7/site-packages/airflow/example_dags/example_complex.py took 0.772 seconds
[2024-08-13T10:46:59.006+0000] {processor.py:153} INFO - Started process (PID=113) to work on /home/airflow/.local/lib/python3.7/site-packages/airflow/example_dags/example_complex.py
[2024-08-13T10:46:59.009+0000] {processor.py:743} INFO - Processing file /home/airflow/.local/lib/python3.7/site-packages/airflow/example_dags/example_complex.py for tasks to queue
[2024-08-13T10:46:59.010+0000] {logging_mixin.py:137} INFO - [2024-08-13T10:46:59.010+0000] {dagbag.py:538} INFO - Filling up the DagBag from /home/airflow/.local/lib/python3.7/site-packages/airflow/example_dags/example_complex.py
[2024-08-13T10:46:59.042+0000] {logging_mixin.py:137} INFO - [2024-08-13T10:46:59.041+0000] {taskmixin.py:205} WARNING - Dependency <Task(BashOperator): create_entry_group>, delete_entry_group already registered for DAG: example_complex
[2024-08-13T10:46:59.042+0000] {logging_mixin.py:137} INFO - [2024-08-13T10:46:59.042+0000] {taskmixin.py:205} WARNING - Dependency <Task(BashOperator): delete_entry_group>, create_entry_group already registered for DAG: example_complex
[2024-08-13T10:46:59.042+0000] {logging_mixin.py:137} INFO - [2024-08-13T10:46:59.042+0000] {taskmixin.py:205} WARNING - Dependency <Task(BashOperator): create_entry_gcs>, delete_entry already registered for DAG: example_complex
[2024-08-13T10:46:59.049+0000] {logging_mixin.py:137} INFO - [2024-08-13T10:46:59.049+0000] {taskmixin.py:205} WARNING - Dependency <Task(BashOperator): delete_entry>, create_entry_gcs already registered for DAG: example_complex
[2024-08-13T10:46:59.050+0000] {logging_mixin.py:137} INFO - [2024-08-13T10:46:59.050+0000] {taskmixin.py:205} WARNING - Dependency <Task(BashOperator): create_tag>, delete_tag already registered for DAG: example_complex
[2024-08-13T10:46:59.050+0000] {logging_mixin.py:137} INFO - [2024-08-13T10:46:59.050+0000] {taskmixin.py:205} WARNING - Dependency <Task(BashOperator): delete_tag>, create_tag already registered for DAG: example_complex
[2024-08-13T10:46:59.070+0000] {processor.py:753} INFO - DAG(s) dict_keys(['example_complex']) retrieved from /home/airflow/.local/lib/python3.7/site-packages/airflow/example_dags/example_complex.py
[2024-08-13T10:46:59.122+0000] {logging_mixin.py:137} INFO - [2024-08-13T10:46:59.122+0000] {dag.py:2690} INFO - Sync 1 DAGs
[2024-08-13T10:46:59.155+0000] {logging_mixin.py:137} INFO - [2024-08-13T10:46:59.155+0000] {dag.py:3441} INFO - Setting next_dagrun for example_complex to None, run_after=None
[2024-08-13T10:46:59.179+0000] {processor.py:175} INFO - Processing /home/airflow/.local/lib/python3.7/site-packages/airflow/example_dags/example_complex.py took 0.178 seconds
[2024-08-13T10:47:29.419+0000] {processor.py:153} INFO - Started process (PID=171) to work on /home/airflow/.local/lib/python3.7/site-packages/airflow/example_dags/example_complex.py
[2024-08-13T10:47:29.433+0000] {processor.py:743} INFO - Processing file /home/airflow/.local/lib/python3.7/site-packages/airflow/example_dags/example_complex.py for tasks to queue
[2024-08-13T10:47:29.437+0000] {logging_mixin.py:137} INFO - [2024-08-13T10:47:29.436+0000] {dagbag.py:538} INFO - Filling up the DagBag from /home/airflow/.local/lib/python3.7/site-packages/airflow/example_dags/example_complex.py
[2024-08-13T10:47:29.485+0000] {logging_mixin.py:137} INFO - [2024-08-13T10:47:29.473+0000] {taskmixin.py:205} WARNING - Dependency <Task(BashOperator): create_entry_group>, delete_entry_group already registered for DAG: example_complex
[2024-08-13T10:47:29.486+0000] {logging_mixin.py:137} INFO - [2024-08-13T10:47:29.486+0000] {taskmixin.py:205} WARNING - Dependency <Task(BashOperator): delete_entry_group>, create_entry_group already registered for DAG: example_complex
[2024-08-13T10:47:29.486+0000] {logging_mixin.py:137} INFO - [2024-08-13T10:47:29.486+0000] {taskmixin.py:205} WARNING - Dependency <Task(BashOperator): create_entry_gcs>, delete_entry already registered for DAG: example_complex
[2024-08-13T10:47:29.487+0000] {logging_mixin.py:137} INFO - [2024-08-13T10:47:29.486+0000] {taskmixin.py:205} WARNING - Dependency <Task(BashOperator): delete_entry>, create_entry_gcs already registered for DAG: example_complex
[2024-08-13T10:47:29.487+0000] {logging_mixin.py:137} INFO - [2024-08-13T10:47:29.487+0000] {taskmixin.py:205} WARNING - Dependency <Task(BashOperator): create_tag>, delete_tag already registered for DAG: example_complex
[2024-08-13T10:47:29.487+0000] {logging_mixin.py:137} INFO - [2024-08-13T10:47:29.487+0000] {taskmixin.py:205} WARNING - Dependency <Task(BashOperator): delete_tag>, create_tag already registered for DAG: example_complex
[2024-08-13T10:47:29.534+0000] {processor.py:753} INFO - DAG(s) dict_keys(['example_complex']) retrieved from /home/airflow/.local/lib/python3.7/site-packages/airflow/example_dags/example_complex.py
[2024-08-13T10:47:29.571+0000] {logging_mixin.py:137} INFO - [2024-08-13T10:47:29.570+0000] {dag.py:2690} INFO - Sync 1 DAGs
[2024-08-13T10:47:29.708+0000] {logging_mixin.py:137} INFO - [2024-08-13T10:47:29.705+0000] {dag.py:3441} INFO - Setting next_dagrun for example_complex to None, run_after=None
[2024-08-13T10:47:29.886+0000] {processor.py:175} INFO - Processing /home/airflow/.local/lib/python3.7/site-packages/airflow/example_dags/example_complex.py took 0.471 seconds
[2024-08-13T10:48:00.643+0000] {processor.py:153} INFO - Started process (PID=238) to work on /home/airflow/.local/lib/python3.7/site-packages/airflow/example_dags/example_complex.py
[2024-08-13T10:48:00.645+0000] {processor.py:743} INFO - Processing file /home/airflow/.local/lib/python3.7/site-packages/airflow/example_dags/example_complex.py for tasks to queue
[2024-08-13T10:48:00.646+0000] {logging_mixin.py:137} INFO - [2024-08-13T10:48:00.646+0000] {dagbag.py:538} INFO - Filling up the DagBag from /home/airflow/.local/lib/python3.7/site-packages/airflow/example_dags/example_complex.py
[2024-08-13T10:48:00.698+0000] {logging_mixin.py:137} INFO - [2024-08-13T10:48:00.698+0000] {taskmixin.py:205} WARNING - Dependency <Task(BashOperator): create_entry_group>, delete_entry_group already registered for DAG: example_complex
[2024-08-13T10:48:00.716+0000] {logging_mixin.py:137} INFO - [2024-08-13T10:48:00.698+0000] {taskmixin.py:205} WARNING - Dependency <Task(BashOperator): delete_entry_group>, create_entry_group already registered for DAG: example_complex
[2024-08-13T10:48:00.717+0000] {logging_mixin.py:137} INFO - [2024-08-13T10:48:00.717+0000] {taskmixin.py:205} WARNING - Dependency <Task(BashOperator): create_entry_gcs>, delete_entry already registered for DAG: example_complex
[2024-08-13T10:48:00.717+0000] {logging_mixin.py:137} INFO - [2024-08-13T10:48:00.717+0000] {taskmixin.py:205} WARNING - Dependency <Task(BashOperator): delete_entry>, create_entry_gcs already registered for DAG: example_complex
[2024-08-13T10:48:00.722+0000] {logging_mixin.py:137} INFO - [2024-08-13T10:48:00.721+0000] {taskmixin.py:205} WARNING - Dependency <Task(BashOperator): create_tag>, delete_tag already registered for DAG: example_complex
[2024-08-13T10:48:00.722+0000] {logging_mixin.py:137} INFO - [2024-08-13T10:48:00.722+0000] {taskmixin.py:205} WARNING - Dependency <Task(BashOperator): delete_tag>, create_tag already registered for DAG: example_complex
[2024-08-13T10:48:00.753+0000] {processor.py:753} INFO - DAG(s) dict_keys(['example_complex']) retrieved from /home/airflow/.local/lib/python3.7/site-packages/airflow/example_dags/example_complex.py
[2024-08-13T10:48:00.927+0000] {logging_mixin.py:137} INFO - [2024-08-13T10:48:00.927+0000] {dag.py:2690} INFO - Sync 1 DAGs
[2024-08-13T10:48:01.099+0000] {logging_mixin.py:137} INFO - [2024-08-13T10:48:01.099+0000] {dag.py:3441} INFO - Setting next_dagrun for example_complex to None, run_after=None
[2024-08-13T10:48:01.218+0000] {processor.py:175} INFO - Processing /home/airflow/.local/lib/python3.7/site-packages/airflow/example_dags/example_complex.py took 0.602 seconds
[2024-08-13T10:48:31.715+0000] {processor.py:153} INFO - Started process (PID=296) to work on /home/airflow/.local/lib/python3.7/site-packages/airflow/example_dags/example_complex.py
[2024-08-13T10:48:31.722+0000] {processor.py:743} INFO - Processing file /home/airflow/.local/lib/python3.7/site-packages/airflow/example_dags/example_complex.py for tasks to queue
[2024-08-13T10:48:31.723+0000] {logging_mixin.py:137} INFO - [2024-08-13T10:48:31.723+0000] {dagbag.py:538} INFO - Filling up the DagBag from /home/airflow/.local/lib/python3.7/site-packages/airflow/example_dags/example_complex.py
[2024-08-13T10:48:31.855+0000] {logging_mixin.py:137} INFO - [2024-08-13T10:48:31.854+0000] {taskmixin.py:205} WARNING - Dependency <Task(BashOperator): create_entry_group>, delete_entry_group already registered for DAG: example_complex
[2024-08-13T10:48:31.856+0000] {logging_mixin.py:137} INFO - [2024-08-13T10:48:31.855+0000] {taskmixin.py:205} WARNING - Dependency <Task(BashOperator): delete_entry_group>, create_entry_group already registered for DAG: example_complex
[2024-08-13T10:48:31.865+0000] {logging_mixin.py:137} INFO - [2024-08-13T10:48:31.865+0000] {taskmixin.py:205} WARNING - Dependency <Task(BashOperator): create_entry_gcs>, delete_entry already registered for DAG: example_complex
[2024-08-13T10:48:31.866+0000] {logging_mixin.py:137} INFO - [2024-08-13T10:48:31.866+0000] {taskmixin.py:205} WARNING - Dependency <Task(BashOperator): delete_entry>, create_entry_gcs already registered for DAG: example_complex
[2024-08-13T10:48:31.866+0000] {logging_mixin.py:137} INFO - [2024-08-13T10:48:31.866+0000] {taskmixin.py:205} WARNING - Dependency <Task(BashOperator): create_tag>, delete_tag already registered for DAG: example_complex
[2024-08-13T10:48:31.881+0000] {logging_mixin.py:137} INFO - [2024-08-13T10:48:31.881+0000] {taskmixin.py:205} WARNING - Dependency <Task(BashOperator): delete_tag>, create_tag already registered for DAG: example_complex
[2024-08-13T10:48:31.923+0000] {processor.py:753} INFO - DAG(s) dict_keys(['example_complex']) retrieved from /home/airflow/.local/lib/python3.7/site-packages/airflow/example_dags/example_complex.py
[2024-08-13T10:48:32.206+0000] {logging_mixin.py:137} INFO - [2024-08-13T10:48:32.206+0000] {dag.py:2690} INFO - Sync 1 DAGs
[2024-08-13T10:48:32.351+0000] {logging_mixin.py:137} INFO - [2024-08-13T10:48:32.350+0000] {dag.py:3441} INFO - Setting next_dagrun for example_complex to None, run_after=None
[2024-08-13T10:48:32.466+0000] {processor.py:175} INFO - Processing /home/airflow/.local/lib/python3.7/site-packages/airflow/example_dags/example_complex.py took 0.777 seconds
[2024-08-13T10:49:02.597+0000] {processor.py:153} INFO - Started process (PID=353) to work on /home/airflow/.local/lib/python3.7/site-packages/airflow/example_dags/example_complex.py
[2024-08-13T10:49:02.598+0000] {processor.py:743} INFO - Processing file /home/airflow/.local/lib/python3.7/site-packages/airflow/example_dags/example_complex.py for tasks to queue
[2024-08-13T10:49:02.601+0000] {logging_mixin.py:137} INFO - [2024-08-13T10:49:02.601+0000] {dagbag.py:538} INFO - Filling up the DagBag from /home/airflow/.local/lib/python3.7/site-packages/airflow/example_dags/example_complex.py
[2024-08-13T10:49:02.637+0000] {logging_mixin.py:137} INFO - [2024-08-13T10:49:02.637+0000] {taskmixin.py:205} WARNING - Dependency <Task(BashOperator): create_entry_group>, delete_entry_group already registered for DAG: example_complex
[2024-08-13T10:49:02.638+0000] {logging_mixin.py:137} INFO - [2024-08-13T10:49:02.638+0000] {taskmixin.py:205} WARNING - Dependency <Task(BashOperator): delete_entry_group>, create_entry_group already registered for DAG: example_complex
[2024-08-13T10:49:02.638+0000] {logging_mixin.py:137} INFO - [2024-08-13T10:49:02.638+0000] {taskmixin.py:205} WARNING - Dependency <Task(BashOperator): create_entry_gcs>, delete_entry already registered for DAG: example_complex
[2024-08-13T10:49:02.639+0000] {logging_mixin.py:137} INFO - [2024-08-13T10:49:02.638+0000] {taskmixin.py:205} WARNING - Dependency <Task(BashOperator): delete_entry>, create_entry_gcs already registered for DAG: example_complex
[2024-08-13T10:49:02.639+0000] {logging_mixin.py:137} INFO - [2024-08-13T10:49:02.639+0000] {taskmixin.py:205} WARNING - Dependency <Task(BashOperator): create_tag>, delete_tag already registered for DAG: example_complex
[2024-08-13T10:49:02.640+0000] {logging_mixin.py:137} INFO - [2024-08-13T10:49:02.640+0000] {taskmixin.py:205} WARNING - Dependency <Task(BashOperator): delete_tag>, create_tag already registered for DAG: example_complex
[2024-08-13T10:49:02.661+0000] {processor.py:753} INFO - DAG(s) dict_keys(['example_complex']) retrieved from /home/airflow/.local/lib/python3.7/site-packages/airflow/example_dags/example_complex.py
[2024-08-13T10:49:02.686+0000] {logging_mixin.py:137} INFO - [2024-08-13T10:49:02.686+0000] {dag.py:2690} INFO - Sync 1 DAGs
[2024-08-13T10:49:02.748+0000] {logging_mixin.py:137} INFO - [2024-08-13T10:49:02.748+0000] {dag.py:3441} INFO - Setting next_dagrun for example_complex to None, run_after=None
[2024-08-13T10:49:02.833+0000] {processor.py:175} INFO - Processing /home/airflow/.local/lib/python3.7/site-packages/airflow/example_dags/example_complex.py took 0.245 seconds
[2024-08-13T10:49:32.868+0000] {processor.py:153} INFO - Started process (PID=402) to work on /home/airflow/.local/lib/python3.7/site-packages/airflow/example_dags/example_complex.py
[2024-08-13T10:49:32.874+0000] {processor.py:743} INFO - Processing file /home/airflow/.local/lib/python3.7/site-packages/airflow/example_dags/example_complex.py for tasks to queue
[2024-08-13T10:49:32.875+0000] {logging_mixin.py:137} INFO - [2024-08-13T10:49:32.875+0000] {dagbag.py:538} INFO - Filling up the DagBag from /home/airflow/.local/lib/python3.7/site-packages/airflow/example_dags/example_complex.py
[2024-08-13T10:49:32.897+0000] {logging_mixin.py:137} INFO - [2024-08-13T10:49:32.897+0000] {taskmixin.py:205} WARNING - Dependency <Task(BashOperator): create_entry_group>, delete_entry_group already registered for DAG: example_complex
[2024-08-13T10:49:32.898+0000] {logging_mixin.py:137} INFO - [2024-08-13T10:49:32.898+0000] {taskmixin.py:205} WARNING - Dependency <Task(BashOperator): delete_entry_group>, create_entry_group already registered for DAG: example_complex
[2024-08-13T10:49:32.898+0000] {logging_mixin.py:137} INFO - [2024-08-13T10:49:32.898+0000] {taskmixin.py:205} WARNING - Dependency <Task(BashOperator): create_entry_gcs>, delete_entry already registered for DAG: example_complex
[2024-08-13T10:49:32.899+0000] {logging_mixin.py:137} INFO - [2024-08-13T10:49:32.899+0000] {taskmixin.py:205} WARNING - Dependency <Task(BashOperator): delete_entry>, create_entry_gcs already registered for DAG: example_complex
[2024-08-13T10:49:32.899+0000] {logging_mixin.py:137} INFO - [2024-08-13T10:49:32.899+0000] {taskmixin.py:205} WARNING - Dependency <Task(BashOperator): create_tag>, delete_tag already registered for DAG: example_complex
[2024-08-13T10:49:32.900+0000] {logging_mixin.py:137} INFO - [2024-08-13T10:49:32.899+0000] {taskmixin.py:205} WARNING - Dependency <Task(BashOperator): delete_tag>, create_tag already registered for DAG: example_complex
[2024-08-13T10:49:32.925+0000] {processor.py:753} INFO - DAG(s) dict_keys(['example_complex']) retrieved from /home/airflow/.local/lib/python3.7/site-packages/airflow/example_dags/example_complex.py
[2024-08-13T10:49:32.945+0000] {logging_mixin.py:137} INFO - [2024-08-13T10:49:32.944+0000] {dag.py:2690} INFO - Sync 1 DAGs
[2024-08-13T10:49:32.982+0000] {logging_mixin.py:137} INFO - [2024-08-13T10:49:32.982+0000] {dag.py:3441} INFO - Setting next_dagrun for example_complex to None, run_after=None
[2024-08-13T10:49:33.014+0000] {processor.py:175} INFO - Processing /home/airflow/.local/lib/python3.7/site-packages/airflow/example_dags/example_complex.py took 0.149 seconds
[2024-08-13T10:50:03.802+0000] {processor.py:153} INFO - Started process (PID=460) to work on /home/airflow/.local/lib/python3.7/site-packages/airflow/example_dags/example_complex.py
[2024-08-13T10:50:03.817+0000] {processor.py:743} INFO - Processing file /home/airflow/.local/lib/python3.7/site-packages/airflow/example_dags/example_complex.py for tasks to queue
[2024-08-13T10:50:03.818+0000] {logging_mixin.py:137} INFO - [2024-08-13T10:50:03.818+0000] {dagbag.py:538} INFO - Filling up the DagBag from /home/airflow/.local/lib/python3.7/site-packages/airflow/example_dags/example_complex.py
[2024-08-13T10:50:03.863+0000] {logging_mixin.py:137} INFO - [2024-08-13T10:50:03.862+0000] {taskmixin.py:205} WARNING - Dependency <Task(BashOperator): create_entry_group>, delete_entry_group already registered for DAG: example_complex
[2024-08-13T10:50:03.863+0000] {logging_mixin.py:137} INFO - [2024-08-13T10:50:03.863+0000] {taskmixin.py:205} WARNING - Dependency <Task(BashOperator): delete_entry_group>, create_entry_group already registered for DAG: example_complex
[2024-08-13T10:50:03.864+0000] {logging_mixin.py:137} INFO - [2024-08-13T10:50:03.864+0000] {taskmixin.py:205} WARNING - Dependency <Task(BashOperator): create_entry_gcs>, delete_entry already registered for DAG: example_complex
[2024-08-13T10:50:03.865+0000] {logging_mixin.py:137} INFO - [2024-08-13T10:50:03.865+0000] {taskmixin.py:205} WARNING - Dependency <Task(BashOperator): delete_entry>, create_entry_gcs already registered for DAG: example_complex
[2024-08-13T10:50:03.866+0000] {logging_mixin.py:137} INFO - [2024-08-13T10:50:03.866+0000] {taskmixin.py:205} WARNING - Dependency <Task(BashOperator): create_tag>, delete_tag already registered for DAG: example_complex
[2024-08-13T10:50:03.867+0000] {logging_mixin.py:137} INFO - [2024-08-13T10:50:03.867+0000] {taskmixin.py:205} WARNING - Dependency <Task(BashOperator): delete_tag>, create_tag already registered for DAG: example_complex
[2024-08-13T10:50:03.884+0000] {processor.py:753} INFO - DAG(s) dict_keys(['example_complex']) retrieved from /home/airflow/.local/lib/python3.7/site-packages/airflow/example_dags/example_complex.py
[2024-08-13T10:50:03.956+0000] {logging_mixin.py:137} INFO - [2024-08-13T10:50:03.956+0000] {dag.py:2690} INFO - Sync 1 DAGs
[2024-08-13T10:50:03.993+0000] {logging_mixin.py:137} INFO - [2024-08-13T10:50:03.993+0000] {dag.py:3441} INFO - Setting next_dagrun for example_complex to None, run_after=None
[2024-08-13T10:50:04.028+0000] {processor.py:175} INFO - Processing /home/airflow/.local/lib/python3.7/site-packages/airflow/example_dags/example_complex.py took 0.230 seconds
[2024-08-13T11:04:55.105+0000] {processor.py:153} INFO - Started process (PID=45) to work on /home/airflow/.local/lib/python3.7/site-packages/airflow/example_dags/example_complex.py
[2024-08-13T11:04:55.108+0000] {processor.py:743} INFO - Processing file /home/airflow/.local/lib/python3.7/site-packages/airflow/example_dags/example_complex.py for tasks to queue
[2024-08-13T11:04:55.108+0000] {logging_mixin.py:137} INFO - [2024-08-13T11:04:55.108+0000] {dagbag.py:538} INFO - Filling up the DagBag from /home/airflow/.local/lib/python3.7/site-packages/airflow/example_dags/example_complex.py
[2024-08-13T11:04:55.148+0000] {logging_mixin.py:137} INFO - [2024-08-13T11:04:55.148+0000] {taskmixin.py:205} WARNING - Dependency <Task(BashOperator): create_entry_group>, delete_entry_group already registered for DAG: example_complex
[2024-08-13T11:04:55.149+0000] {logging_mixin.py:137} INFO - [2024-08-13T11:04:55.149+0000] {taskmixin.py:205} WARNING - Dependency <Task(BashOperator): delete_entry_group>, create_entry_group already registered for DAG: example_complex
[2024-08-13T11:04:55.150+0000] {logging_mixin.py:137} INFO - [2024-08-13T11:04:55.150+0000] {taskmixin.py:205} WARNING - Dependency <Task(BashOperator): create_entry_gcs>, delete_entry already registered for DAG: example_complex
[2024-08-13T11:04:55.150+0000] {logging_mixin.py:137} INFO - [2024-08-13T11:04:55.150+0000] {taskmixin.py:205} WARNING - Dependency <Task(BashOperator): delete_entry>, create_entry_gcs already registered for DAG: example_complex
[2024-08-13T11:04:55.151+0000] {logging_mixin.py:137} INFO - [2024-08-13T11:04:55.151+0000] {taskmixin.py:205} WARNING - Dependency <Task(BashOperator): create_tag>, delete_tag already registered for DAG: example_complex
[2024-08-13T11:04:55.152+0000] {logging_mixin.py:137} INFO - [2024-08-13T11:04:55.152+0000] {taskmixin.py:205} WARNING - Dependency <Task(BashOperator): delete_tag>, create_tag already registered for DAG: example_complex
[2024-08-13T11:04:55.164+0000] {processor.py:753} INFO - DAG(s) dict_keys(['example_complex']) retrieved from /home/airflow/.local/lib/python3.7/site-packages/airflow/example_dags/example_complex.py
[2024-08-13T11:04:55.260+0000] {logging_mixin.py:137} INFO - [2024-08-13T11:04:55.259+0000] {dag.py:2690} INFO - Sync 1 DAGs
[2024-08-13T11:04:55.383+0000] {logging_mixin.py:137} INFO - [2024-08-13T11:04:55.382+0000] {dag.py:3441} INFO - Setting next_dagrun for example_complex to None, run_after=None
[2024-08-13T11:04:55.437+0000] {processor.py:175} INFO - Processing /home/airflow/.local/lib/python3.7/site-packages/airflow/example_dags/example_complex.py took 0.337 seconds
[2024-08-13T11:05:26.210+0000] {processor.py:153} INFO - Started process (PID=103) to work on /home/airflow/.local/lib/python3.7/site-packages/airflow/example_dags/example_complex.py
[2024-08-13T11:05:26.228+0000] {processor.py:743} INFO - Processing file /home/airflow/.local/lib/python3.7/site-packages/airflow/example_dags/example_complex.py for tasks to queue
[2024-08-13T11:05:26.229+0000] {logging_mixin.py:137} INFO - [2024-08-13T11:05:26.229+0000] {dagbag.py:538} INFO - Filling up the DagBag from /home/airflow/.local/lib/python3.7/site-packages/airflow/example_dags/example_complex.py
[2024-08-13T11:05:26.297+0000] {logging_mixin.py:137} INFO - [2024-08-13T11:05:26.297+0000] {taskmixin.py:205} WARNING - Dependency <Task(BashOperator): create_entry_group>, delete_entry_group already registered for DAG: example_complex
[2024-08-13T11:05:26.300+0000] {logging_mixin.py:137} INFO - [2024-08-13T11:05:26.299+0000] {taskmixin.py:205} WARNING - Dependency <Task(BashOperator): delete_entry_group>, create_entry_group already registered for DAG: example_complex
[2024-08-13T11:05:26.301+0000] {logging_mixin.py:137} INFO - [2024-08-13T11:05:26.301+0000] {taskmixin.py:205} WARNING - Dependency <Task(BashOperator): create_entry_gcs>, delete_entry already registered for DAG: example_complex
[2024-08-13T11:05:26.301+0000] {logging_mixin.py:137} INFO - [2024-08-13T11:05:26.301+0000] {taskmixin.py:205} WARNING - Dependency <Task(BashOperator): delete_entry>, create_entry_gcs already registered for DAG: example_complex
[2024-08-13T11:05:26.302+0000] {logging_mixin.py:137} INFO - [2024-08-13T11:05:26.302+0000] {taskmixin.py:205} WARNING - Dependency <Task(BashOperator): create_tag>, delete_tag already registered for DAG: example_complex
[2024-08-13T11:05:26.302+0000] {logging_mixin.py:137} INFO - [2024-08-13T11:05:26.302+0000] {taskmixin.py:205} WARNING - Dependency <Task(BashOperator): delete_tag>, create_tag already registered for DAG: example_complex
[2024-08-13T11:05:26.323+0000] {processor.py:753} INFO - DAG(s) dict_keys(['example_complex']) retrieved from /home/airflow/.local/lib/python3.7/site-packages/airflow/example_dags/example_complex.py
[2024-08-13T11:05:26.424+0000] {logging_mixin.py:137} INFO - [2024-08-13T11:05:26.424+0000] {dag.py:2690} INFO - Sync 1 DAGs
[2024-08-13T11:05:26.551+0000] {logging_mixin.py:137} INFO - [2024-08-13T11:05:26.551+0000] {dag.py:3441} INFO - Setting next_dagrun for example_complex to None, run_after=None
[2024-08-13T11:05:26.597+0000] {processor.py:175} INFO - Processing /home/airflow/.local/lib/python3.7/site-packages/airflow/example_dags/example_complex.py took 0.391 seconds
[2024-08-13T11:05:56.896+0000] {processor.py:153} INFO - Started process (PID=162) to work on /home/airflow/.local/lib/python3.7/site-packages/airflow/example_dags/example_complex.py
[2024-08-13T11:05:56.897+0000] {processor.py:743} INFO - Processing file /home/airflow/.local/lib/python3.7/site-packages/airflow/example_dags/example_complex.py for tasks to queue
[2024-08-13T11:05:56.898+0000] {logging_mixin.py:137} INFO - [2024-08-13T11:05:56.898+0000] {dagbag.py:538} INFO - Filling up the DagBag from /home/airflow/.local/lib/python3.7/site-packages/airflow/example_dags/example_complex.py
[2024-08-13T11:05:56.913+0000] {logging_mixin.py:137} INFO - [2024-08-13T11:05:56.913+0000] {taskmixin.py:205} WARNING - Dependency <Task(BashOperator): create_entry_group>, delete_entry_group already registered for DAG: example_complex
[2024-08-13T11:05:56.914+0000] {logging_mixin.py:137} INFO - [2024-08-13T11:05:56.914+0000] {taskmixin.py:205} WARNING - Dependency <Task(BashOperator): delete_entry_group>, create_entry_group already registered for DAG: example_complex
[2024-08-13T11:05:56.914+0000] {logging_mixin.py:137} INFO - [2024-08-13T11:05:56.914+0000] {taskmixin.py:205} WARNING - Dependency <Task(BashOperator): create_entry_gcs>, delete_entry already registered for DAG: example_complex
[2024-08-13T11:05:56.914+0000] {logging_mixin.py:137} INFO - [2024-08-13T11:05:56.914+0000] {taskmixin.py:205} WARNING - Dependency <Task(BashOperator): delete_entry>, create_entry_gcs already registered for DAG: example_complex
[2024-08-13T11:05:56.915+0000] {logging_mixin.py:137} INFO - [2024-08-13T11:05:56.915+0000] {taskmixin.py:205} WARNING - Dependency <Task(BashOperator): create_tag>, delete_tag already registered for DAG: example_complex
[2024-08-13T11:05:56.915+0000] {logging_mixin.py:137} INFO - [2024-08-13T11:05:56.915+0000] {taskmixin.py:205} WARNING - Dependency <Task(BashOperator): delete_tag>, create_tag already registered for DAG: example_complex
[2024-08-13T11:05:56.924+0000] {processor.py:753} INFO - DAG(s) dict_keys(['example_complex']) retrieved from /home/airflow/.local/lib/python3.7/site-packages/airflow/example_dags/example_complex.py
[2024-08-13T11:05:56.966+0000] {logging_mixin.py:137} INFO - [2024-08-13T11:05:56.965+0000] {dag.py:2690} INFO - Sync 1 DAGs
[2024-08-13T11:05:56.995+0000] {logging_mixin.py:137} INFO - [2024-08-13T11:05:56.995+0000] {dag.py:3441} INFO - Setting next_dagrun for example_complex to None, run_after=None
[2024-08-13T11:05:57.020+0000] {processor.py:175} INFO - Processing /home/airflow/.local/lib/python3.7/site-packages/airflow/example_dags/example_complex.py took 0.127 seconds
[2024-08-13T11:06:27.883+0000] {processor.py:153} INFO - Started process (PID=221) to work on /home/airflow/.local/lib/python3.7/site-packages/airflow/example_dags/example_complex.py
[2024-08-13T11:06:27.884+0000] {processor.py:743} INFO - Processing file /home/airflow/.local/lib/python3.7/site-packages/airflow/example_dags/example_complex.py for tasks to queue
[2024-08-13T11:06:27.885+0000] {logging_mixin.py:137} INFO - [2024-08-13T11:06:27.885+0000] {dagbag.py:538} INFO - Filling up the DagBag from /home/airflow/.local/lib/python3.7/site-packages/airflow/example_dags/example_complex.py
[2024-08-13T11:06:27.917+0000] {logging_mixin.py:137} INFO - [2024-08-13T11:06:27.917+0000] {taskmixin.py:205} WARNING - Dependency <Task(BashOperator): create_entry_group>, delete_entry_group already registered for DAG: example_complex
[2024-08-13T11:06:27.918+0000] {logging_mixin.py:137} INFO - [2024-08-13T11:06:27.918+0000] {taskmixin.py:205} WARNING - Dependency <Task(BashOperator): delete_entry_group>, create_entry_group already registered for DAG: example_complex
[2024-08-13T11:06:27.918+0000] {logging_mixin.py:137} INFO - [2024-08-13T11:06:27.918+0000] {taskmixin.py:205} WARNING - Dependency <Task(BashOperator): create_entry_gcs>, delete_entry already registered for DAG: example_complex
[2024-08-13T11:06:27.918+0000] {logging_mixin.py:137} INFO - [2024-08-13T11:06:27.918+0000] {taskmixin.py:205} WARNING - Dependency <Task(BashOperator): delete_entry>, create_entry_gcs already registered for DAG: example_complex
[2024-08-13T11:06:27.919+0000] {logging_mixin.py:137} INFO - [2024-08-13T11:06:27.919+0000] {taskmixin.py:205} WARNING - Dependency <Task(BashOperator): create_tag>, delete_tag already registered for DAG: example_complex
[2024-08-13T11:06:27.919+0000] {logging_mixin.py:137} INFO - [2024-08-13T11:06:27.919+0000] {taskmixin.py:205} WARNING - Dependency <Task(BashOperator): delete_tag>, create_tag already registered for DAG: example_complex
[2024-08-13T11:06:27.930+0000] {processor.py:753} INFO - DAG(s) dict_keys(['example_complex']) retrieved from /home/airflow/.local/lib/python3.7/site-packages/airflow/example_dags/example_complex.py
[2024-08-13T11:06:27.967+0000] {logging_mixin.py:137} INFO - [2024-08-13T11:06:27.967+0000] {dag.py:2690} INFO - Sync 1 DAGs
[2024-08-13T11:06:28.009+0000] {logging_mixin.py:137} INFO - [2024-08-13T11:06:28.009+0000] {dag.py:3441} INFO - Setting next_dagrun for example_complex to None, run_after=None
[2024-08-13T11:06:28.053+0000] {processor.py:175} INFO - Processing /home/airflow/.local/lib/python3.7/site-packages/airflow/example_dags/example_complex.py took 0.182 seconds
