[2024-08-13T10:46:32.750+0000] {processor.py:153} INFO - Started process (PID=70) to work on /home/airflow/.local/lib/python3.7/site-packages/airflow/example_dags/example_short_circuit_decorator.py
[2024-08-13T10:46:32.766+0000] {processor.py:743} INFO - Processing file /home/airflow/.local/lib/python3.7/site-packages/airflow/example_dags/example_short_circuit_decorator.py for tasks to queue
[2024-08-13T10:46:32.767+0000] {logging_mixin.py:137} INFO - [2024-08-13T10:46:32.767+0000] {dagbag.py:538} INFO - Filling up the DagBag from /home/airflow/.local/lib/python3.7/site-packages/airflow/example_dags/example_short_circuit_decorator.py
[2024-08-13T10:46:33.043+0000] {processor.py:753} INFO - DAG(s) dict_keys(['example_short_circuit_decorator']) retrieved from /home/airflow/.local/lib/python3.7/site-packages/airflow/example_dags/example_short_circuit_decorator.py
[2024-08-13T10:46:34.210+0000] {logging_mixin.py:137} INFO - [2024-08-13T10:46:34.209+0000] {manager.py:504} INFO - Created Permission View: can delete on DAG:example_short_circuit_decorator
[2024-08-13T10:46:34.284+0000] {logging_mixin.py:137} INFO - [2024-08-13T10:46:34.284+0000] {manager.py:504} INFO - Created Permission View: can edit on DAG:example_short_circuit_decorator
[2024-08-13T10:46:34.322+0000] {logging_mixin.py:137} INFO - [2024-08-13T10:46:34.321+0000] {manager.py:504} INFO - Created Permission View: can read on DAG:example_short_circuit_decorator
[2024-08-13T10:46:34.322+0000] {logging_mixin.py:137} INFO - [2024-08-13T10:46:34.322+0000] {dag.py:2690} INFO - Sync 1 DAGs
[2024-08-13T10:46:34.435+0000] {logging_mixin.py:137} INFO - [2024-08-13T10:46:34.434+0000] {dag.py:2711} INFO - Creating ORM DAG for example_short_circuit_decorator
[2024-08-13T10:46:34.542+0000] {logging_mixin.py:137} INFO - [2024-08-13T10:46:34.537+0000] {dag.py:3441} INFO - Setting next_dagrun for example_short_circuit_decorator to 2024-08-12T10:46:34.537511+00:00, run_after=2024-08-13T10:46:34.537511+00:00
[2024-08-13T10:46:34.713+0000] {processor.py:175} INFO - Processing /home/airflow/.local/lib/python3.7/site-packages/airflow/example_dags/example_short_circuit_decorator.py took 1.984 seconds
[2024-08-13T10:47:05.052+0000] {processor.py:153} INFO - Started process (PID=130) to work on /home/airflow/.local/lib/python3.7/site-packages/airflow/example_dags/example_short_circuit_decorator.py
[2024-08-13T10:47:05.053+0000] {processor.py:743} INFO - Processing file /home/airflow/.local/lib/python3.7/site-packages/airflow/example_dags/example_short_circuit_decorator.py for tasks to queue
[2024-08-13T10:47:05.054+0000] {logging_mixin.py:137} INFO - [2024-08-13T10:47:05.054+0000] {dagbag.py:538} INFO - Filling up the DagBag from /home/airflow/.local/lib/python3.7/site-packages/airflow/example_dags/example_short_circuit_decorator.py
[2024-08-13T10:47:05.084+0000] {processor.py:753} INFO - DAG(s) dict_keys(['example_short_circuit_decorator']) retrieved from /home/airflow/.local/lib/python3.7/site-packages/airflow/example_dags/example_short_circuit_decorator.py
[2024-08-13T10:47:05.117+0000] {logging_mixin.py:137} INFO - [2024-08-13T10:47:05.117+0000] {dag.py:2690} INFO - Sync 1 DAGs
[2024-08-13T10:47:05.153+0000] {logging_mixin.py:137} INFO - [2024-08-13T10:47:05.153+0000] {dag.py:3441} INFO - Setting next_dagrun for example_short_circuit_decorator to 2024-08-12T10:47:05.153204+00:00, run_after=2024-08-13T10:47:05.153204+00:00
[2024-08-13T10:47:05.182+0000] {processor.py:175} INFO - Processing /home/airflow/.local/lib/python3.7/site-packages/airflow/example_dags/example_short_circuit_decorator.py took 0.133 seconds
[2024-08-13T10:47:35.475+0000] {processor.py:153} INFO - Started process (PID=189) to work on /home/airflow/.local/lib/python3.7/site-packages/airflow/example_dags/example_short_circuit_decorator.py
[2024-08-13T10:47:35.476+0000] {processor.py:743} INFO - Processing file /home/airflow/.local/lib/python3.7/site-packages/airflow/example_dags/example_short_circuit_decorator.py for tasks to queue
[2024-08-13T10:47:35.477+0000] {logging_mixin.py:137} INFO - [2024-08-13T10:47:35.477+0000] {dagbag.py:538} INFO - Filling up the DagBag from /home/airflow/.local/lib/python3.7/site-packages/airflow/example_dags/example_short_circuit_decorator.py
[2024-08-13T10:47:35.508+0000] {processor.py:753} INFO - DAG(s) dict_keys(['example_short_circuit_decorator']) retrieved from /home/airflow/.local/lib/python3.7/site-packages/airflow/example_dags/example_short_circuit_decorator.py
[2024-08-13T10:47:35.531+0000] {logging_mixin.py:137} INFO - [2024-08-13T10:47:35.530+0000] {dag.py:2690} INFO - Sync 1 DAGs
[2024-08-13T10:47:35.578+0000] {logging_mixin.py:137} INFO - [2024-08-13T10:47:35.578+0000] {dag.py:3441} INFO - Setting next_dagrun for example_short_circuit_decorator to 2024-08-12T10:47:35.578391+00:00, run_after=2024-08-13T10:47:35.578391+00:00
[2024-08-13T10:47:35.661+0000] {processor.py:175} INFO - Processing /home/airflow/.local/lib/python3.7/site-packages/airflow/example_dags/example_short_circuit_decorator.py took 0.189 seconds
[2024-08-13T10:48:06.299+0000] {processor.py:153} INFO - Started process (PID=248) to work on /home/airflow/.local/lib/python3.7/site-packages/airflow/example_dags/example_short_circuit_decorator.py
[2024-08-13T10:48:06.300+0000] {processor.py:743} INFO - Processing file /home/airflow/.local/lib/python3.7/site-packages/airflow/example_dags/example_short_circuit_decorator.py for tasks to queue
[2024-08-13T10:48:06.300+0000] {logging_mixin.py:137} INFO - [2024-08-13T10:48:06.300+0000] {dagbag.py:538} INFO - Filling up the DagBag from /home/airflow/.local/lib/python3.7/site-packages/airflow/example_dags/example_short_circuit_decorator.py
[2024-08-13T10:48:06.321+0000] {processor.py:753} INFO - DAG(s) dict_keys(['example_short_circuit_decorator']) retrieved from /home/airflow/.local/lib/python3.7/site-packages/airflow/example_dags/example_short_circuit_decorator.py
[2024-08-13T10:48:06.342+0000] {logging_mixin.py:137} INFO - [2024-08-13T10:48:06.342+0000] {dag.py:2690} INFO - Sync 1 DAGs
[2024-08-13T10:48:06.365+0000] {logging_mixin.py:137} INFO - [2024-08-13T10:48:06.365+0000] {dag.py:3441} INFO - Setting next_dagrun for example_short_circuit_decorator to 2024-08-12T10:48:06.365105+00:00, run_after=2024-08-13T10:48:06.365105+00:00
[2024-08-13T10:48:06.392+0000] {processor.py:175} INFO - Processing /home/airflow/.local/lib/python3.7/site-packages/airflow/example_dags/example_short_circuit_decorator.py took 0.095 seconds
[2024-08-13T10:48:36.697+0000] {processor.py:153} INFO - Started process (PID=305) to work on /home/airflow/.local/lib/python3.7/site-packages/airflow/example_dags/example_short_circuit_decorator.py
[2024-08-13T10:48:36.698+0000] {processor.py:743} INFO - Processing file /home/airflow/.local/lib/python3.7/site-packages/airflow/example_dags/example_short_circuit_decorator.py for tasks to queue
[2024-08-13T10:48:36.699+0000] {logging_mixin.py:137} INFO - [2024-08-13T10:48:36.698+0000] {dagbag.py:538} INFO - Filling up the DagBag from /home/airflow/.local/lib/python3.7/site-packages/airflow/example_dags/example_short_circuit_decorator.py
[2024-08-13T10:48:36.730+0000] {processor.py:753} INFO - DAG(s) dict_keys(['example_short_circuit_decorator']) retrieved from /home/airflow/.local/lib/python3.7/site-packages/airflow/example_dags/example_short_circuit_decorator.py
[2024-08-13T10:48:36.769+0000] {logging_mixin.py:137} INFO - [2024-08-13T10:48:36.768+0000] {dag.py:2690} INFO - Sync 1 DAGs
[2024-08-13T10:48:36.840+0000] {logging_mixin.py:137} INFO - [2024-08-13T10:48:36.839+0000] {dag.py:3441} INFO - Setting next_dagrun for example_short_circuit_decorator to 2024-08-12T10:48:36.839536+00:00, run_after=2024-08-13T10:48:36.839536+00:00
[2024-08-13T10:48:36.874+0000] {processor.py:175} INFO - Processing /home/airflow/.local/lib/python3.7/site-packages/airflow/example_dags/example_short_circuit_decorator.py took 0.181 seconds
[2024-08-13T10:49:07.243+0000] {processor.py:153} INFO - Started process (PID=363) to work on /home/airflow/.local/lib/python3.7/site-packages/airflow/example_dags/example_short_circuit_decorator.py
[2024-08-13T10:49:07.246+0000] {processor.py:743} INFO - Processing file /home/airflow/.local/lib/python3.7/site-packages/airflow/example_dags/example_short_circuit_decorator.py for tasks to queue
[2024-08-13T10:49:07.257+0000] {logging_mixin.py:137} INFO - [2024-08-13T10:49:07.257+0000] {dagbag.py:538} INFO - Filling up the DagBag from /home/airflow/.local/lib/python3.7/site-packages/airflow/example_dags/example_short_circuit_decorator.py
[2024-08-13T10:49:07.378+0000] {processor.py:753} INFO - DAG(s) dict_keys(['example_short_circuit_decorator']) retrieved from /home/airflow/.local/lib/python3.7/site-packages/airflow/example_dags/example_short_circuit_decorator.py
[2024-08-13T10:49:07.507+0000] {logging_mixin.py:137} INFO - [2024-08-13T10:49:07.507+0000] {dag.py:2690} INFO - Sync 1 DAGs
[2024-08-13T10:49:07.579+0000] {logging_mixin.py:137} INFO - [2024-08-13T10:49:07.579+0000] {dag.py:3441} INFO - Setting next_dagrun for example_short_circuit_decorator to 2024-08-12T10:49:07.578759+00:00, run_after=2024-08-13T10:49:07.578759+00:00
[2024-08-13T10:49:07.657+0000] {processor.py:175} INFO - Processing /home/airflow/.local/lib/python3.7/site-packages/airflow/example_dags/example_short_circuit_decorator.py took 0.428 seconds
[2024-08-13T10:49:38.155+0000] {processor.py:153} INFO - Started process (PID=420) to work on /home/airflow/.local/lib/python3.7/site-packages/airflow/example_dags/example_short_circuit_decorator.py
[2024-08-13T10:49:38.161+0000] {processor.py:743} INFO - Processing file /home/airflow/.local/lib/python3.7/site-packages/airflow/example_dags/example_short_circuit_decorator.py for tasks to queue
[2024-08-13T10:49:38.163+0000] {logging_mixin.py:137} INFO - [2024-08-13T10:49:38.163+0000] {dagbag.py:538} INFO - Filling up the DagBag from /home/airflow/.local/lib/python3.7/site-packages/airflow/example_dags/example_short_circuit_decorator.py
[2024-08-13T10:49:38.252+0000] {processor.py:753} INFO - DAG(s) dict_keys(['example_short_circuit_decorator']) retrieved from /home/airflow/.local/lib/python3.7/site-packages/airflow/example_dags/example_short_circuit_decorator.py
[2024-08-13T10:49:38.279+0000] {logging_mixin.py:137} INFO - [2024-08-13T10:49:38.278+0000] {dag.py:2690} INFO - Sync 1 DAGs
[2024-08-13T10:49:38.342+0000] {logging_mixin.py:137} INFO - [2024-08-13T10:49:38.342+0000] {dag.py:3441} INFO - Setting next_dagrun for example_short_circuit_decorator to 2024-08-12T10:49:38.341897+00:00, run_after=2024-08-13T10:49:38.341897+00:00
[2024-08-13T10:49:38.425+0000] {processor.py:175} INFO - Processing /home/airflow/.local/lib/python3.7/site-packages/airflow/example_dags/example_short_circuit_decorator.py took 0.285 seconds
[2024-08-13T10:50:09.119+0000] {processor.py:153} INFO - Started process (PID=479) to work on /home/airflow/.local/lib/python3.7/site-packages/airflow/example_dags/example_short_circuit_decorator.py
[2024-08-13T10:50:09.122+0000] {processor.py:743} INFO - Processing file /home/airflow/.local/lib/python3.7/site-packages/airflow/example_dags/example_short_circuit_decorator.py for tasks to queue
[2024-08-13T10:50:09.123+0000] {logging_mixin.py:137} INFO - [2024-08-13T10:50:09.122+0000] {dagbag.py:538} INFO - Filling up the DagBag from /home/airflow/.local/lib/python3.7/site-packages/airflow/example_dags/example_short_circuit_decorator.py
[2024-08-13T10:50:09.284+0000] {processor.py:753} INFO - DAG(s) dict_keys(['example_short_circuit_decorator']) retrieved from /home/airflow/.local/lib/python3.7/site-packages/airflow/example_dags/example_short_circuit_decorator.py
[2024-08-13T10:50:09.490+0000] {logging_mixin.py:137} INFO - [2024-08-13T10:50:09.489+0000] {dag.py:2690} INFO - Sync 1 DAGs
[2024-08-13T10:50:09.602+0000] {logging_mixin.py:137} INFO - [2024-08-13T10:50:09.602+0000] {dag.py:3441} INFO - Setting next_dagrun for example_short_circuit_decorator to 2024-08-12T10:50:09.602100+00:00, run_after=2024-08-13T10:50:09.602100+00:00
[2024-08-13T10:50:09.677+0000] {processor.py:175} INFO - Processing /home/airflow/.local/lib/python3.7/site-packages/airflow/example_dags/example_short_circuit_decorator.py took 0.568 seconds
[2024-08-13T11:04:56.923+0000] {processor.py:153} INFO - Started process (PID=54) to work on /home/airflow/.local/lib/python3.7/site-packages/airflow/example_dags/example_short_circuit_decorator.py
[2024-08-13T11:04:56.924+0000] {processor.py:743} INFO - Processing file /home/airflow/.local/lib/python3.7/site-packages/airflow/example_dags/example_short_circuit_decorator.py for tasks to queue
[2024-08-13T11:04:56.927+0000] {logging_mixin.py:137} INFO - [2024-08-13T11:04:56.927+0000] {dagbag.py:538} INFO - Filling up the DagBag from /home/airflow/.local/lib/python3.7/site-packages/airflow/example_dags/example_short_circuit_decorator.py
[2024-08-13T11:04:57.011+0000] {processor.py:753} INFO - DAG(s) dict_keys(['example_short_circuit_decorator']) retrieved from /home/airflow/.local/lib/python3.7/site-packages/airflow/example_dags/example_short_circuit_decorator.py
[2024-08-13T11:04:57.055+0000] {logging_mixin.py:137} INFO - [2024-08-13T11:04:57.055+0000] {dag.py:2690} INFO - Sync 1 DAGs
[2024-08-13T11:04:57.092+0000] {logging_mixin.py:137} INFO - [2024-08-13T11:04:57.092+0000] {dag.py:3441} INFO - Setting next_dagrun for example_short_circuit_decorator to 2024-08-12T11:04:57.091953+00:00, run_after=2024-08-13T11:04:57.091953+00:00
[2024-08-13T11:04:57.150+0000] {processor.py:175} INFO - Processing /home/airflow/.local/lib/python3.7/site-packages/airflow/example_dags/example_short_circuit_decorator.py took 0.251 seconds
[2024-08-13T11:05:27.838+0000] {processor.py:153} INFO - Started process (PID=112) to work on /home/airflow/.local/lib/python3.7/site-packages/airflow/example_dags/example_short_circuit_decorator.py
[2024-08-13T11:05:27.842+0000] {processor.py:743} INFO - Processing file /home/airflow/.local/lib/python3.7/site-packages/airflow/example_dags/example_short_circuit_decorator.py for tasks to queue
[2024-08-13T11:05:27.843+0000] {logging_mixin.py:137} INFO - [2024-08-13T11:05:27.843+0000] {dagbag.py:538} INFO - Filling up the DagBag from /home/airflow/.local/lib/python3.7/site-packages/airflow/example_dags/example_short_circuit_decorator.py
[2024-08-13T11:05:27.979+0000] {processor.py:753} INFO - DAG(s) dict_keys(['example_short_circuit_decorator']) retrieved from /home/airflow/.local/lib/python3.7/site-packages/airflow/example_dags/example_short_circuit_decorator.py
[2024-08-13T11:05:28.091+0000] {logging_mixin.py:137} INFO - [2024-08-13T11:05:28.091+0000] {dag.py:2690} INFO - Sync 1 DAGs
[2024-08-13T11:05:28.229+0000] {logging_mixin.py:137} INFO - [2024-08-13T11:05:28.228+0000] {dag.py:3441} INFO - Setting next_dagrun for example_short_circuit_decorator to 2024-08-12T11:05:28.228598+00:00, run_after=2024-08-13T11:05:28.228598+00:00
[2024-08-13T11:05:28.322+0000] {processor.py:175} INFO - Processing /home/airflow/.local/lib/python3.7/site-packages/airflow/example_dags/example_short_circuit_decorator.py took 0.487 seconds
[2024-08-13T11:05:58.535+0000] {processor.py:153} INFO - Started process (PID=171) to work on /home/airflow/.local/lib/python3.7/site-packages/airflow/example_dags/example_short_circuit_decorator.py
[2024-08-13T11:05:58.536+0000] {processor.py:743} INFO - Processing file /home/airflow/.local/lib/python3.7/site-packages/airflow/example_dags/example_short_circuit_decorator.py for tasks to queue
[2024-08-13T11:05:58.536+0000] {logging_mixin.py:137} INFO - [2024-08-13T11:05:58.536+0000] {dagbag.py:538} INFO - Filling up the DagBag from /home/airflow/.local/lib/python3.7/site-packages/airflow/example_dags/example_short_circuit_decorator.py
[2024-08-13T11:05:58.568+0000] {processor.py:753} INFO - DAG(s) dict_keys(['example_short_circuit_decorator']) retrieved from /home/airflow/.local/lib/python3.7/site-packages/airflow/example_dags/example_short_circuit_decorator.py
[2024-08-13T11:05:58.595+0000] {logging_mixin.py:137} INFO - [2024-08-13T11:05:58.595+0000] {dag.py:2690} INFO - Sync 1 DAGs
[2024-08-13T11:05:58.625+0000] {logging_mixin.py:137} INFO - [2024-08-13T11:05:58.625+0000] {dag.py:3441} INFO - Setting next_dagrun for example_short_circuit_decorator to 2024-08-12T11:05:58.625443+00:00, run_after=2024-08-13T11:05:58.625443+00:00
[2024-08-13T11:05:58.662+0000] {processor.py:175} INFO - Processing /home/airflow/.local/lib/python3.7/site-packages/airflow/example_dags/example_short_circuit_decorator.py took 0.131 seconds
[2024-08-13T11:06:28.846+0000] {processor.py:153} INFO - Started process (PID=230) to work on /home/airflow/.local/lib/python3.7/site-packages/airflow/example_dags/example_short_circuit_decorator.py
[2024-08-13T11:06:28.850+0000] {processor.py:743} INFO - Processing file /home/airflow/.local/lib/python3.7/site-packages/airflow/example_dags/example_short_circuit_decorator.py for tasks to queue
[2024-08-13T11:06:28.851+0000] {logging_mixin.py:137} INFO - [2024-08-13T11:06:28.851+0000] {dagbag.py:538} INFO - Filling up the DagBag from /home/airflow/.local/lib/python3.7/site-packages/airflow/example_dags/example_short_circuit_decorator.py
[2024-08-13T11:06:28.880+0000] {processor.py:753} INFO - DAG(s) dict_keys(['example_short_circuit_decorator']) retrieved from /home/airflow/.local/lib/python3.7/site-packages/airflow/example_dags/example_short_circuit_decorator.py
[2024-08-13T11:06:28.912+0000] {logging_mixin.py:137} INFO - [2024-08-13T11:06:28.912+0000] {dag.py:2690} INFO - Sync 1 DAGs
[2024-08-13T11:06:28.982+0000] {logging_mixin.py:137} INFO - [2024-08-13T11:06:28.982+0000] {dag.py:3441} INFO - Setting next_dagrun for example_short_circuit_decorator to 2024-08-12T11:06:28.982057+00:00, run_after=2024-08-13T11:06:28.982057+00:00
[2024-08-13T11:06:29.031+0000] {processor.py:175} INFO - Processing /home/airflow/.local/lib/python3.7/site-packages/airflow/example_dags/example_short_circuit_decorator.py took 0.189 seconds
