[2024-08-13T10:46:35.631+0000] {processor.py:153} INFO - Started process (PID=75) to work on /home/airflow/.local/lib/python3.7/site-packages/airflow/example_dags/example_latest_only.py
[2024-08-13T10:46:35.632+0000] {processor.py:743} INFO - Processing file /home/airflow/.local/lib/python3.7/site-packages/airflow/example_dags/example_latest_only.py for tasks to queue
[2024-08-13T10:46:35.635+0000] {logging_mixin.py:137} INFO - [2024-08-13T10:46:35.635+0000] {dagbag.py:538} INFO - Filling up the DagBag from /home/airflow/.local/lib/python3.7/site-packages/airflow/example_dags/example_latest_only.py
[2024-08-13T10:46:35.784+0000] {processor.py:753} INFO - DAG(s) dict_keys(['latest_only']) retrieved from /home/airflow/.local/lib/python3.7/site-packages/airflow/example_dags/example_latest_only.py
[2024-08-13T10:46:37.079+0000] {logging_mixin.py:137} INFO - [2024-08-13T10:46:37.078+0000] {manager.py:504} INFO - Created Permission View: can delete on DAG:latest_only
[2024-08-13T10:46:37.135+0000] {logging_mixin.py:137} INFO - [2024-08-13T10:46:37.135+0000] {manager.py:504} INFO - Created Permission View: can edit on DAG:latest_only
[2024-08-13T10:46:37.201+0000] {logging_mixin.py:137} INFO - [2024-08-13T10:46:37.200+0000] {manager.py:504} INFO - Created Permission View: can read on DAG:latest_only
[2024-08-13T10:46:37.201+0000] {logging_mixin.py:137} INFO - [2024-08-13T10:46:37.201+0000] {dag.py:2690} INFO - Sync 1 DAGs
[2024-08-13T10:46:37.303+0000] {logging_mixin.py:137} INFO - [2024-08-13T10:46:37.303+0000] {dag.py:2711} INFO - Creating ORM DAG for latest_only
[2024-08-13T10:46:37.408+0000] {logging_mixin.py:137} INFO - [2024-08-13T10:46:37.408+0000] {dag.py:3441} INFO - Setting next_dagrun for latest_only to 2024-08-13T06:46:37.407880+00:00, run_after=2024-08-13T10:46:37.407880+00:00
[2024-08-13T10:46:37.569+0000] {processor.py:175} INFO - Processing /home/airflow/.local/lib/python3.7/site-packages/airflow/example_dags/example_latest_only.py took 1.959 seconds
[2024-08-13T10:47:08.315+0000] {processor.py:153} INFO - Started process (PID=134) to work on /home/airflow/.local/lib/python3.7/site-packages/airflow/example_dags/example_latest_only.py
[2024-08-13T10:47:08.315+0000] {processor.py:743} INFO - Processing file /home/airflow/.local/lib/python3.7/site-packages/airflow/example_dags/example_latest_only.py for tasks to queue
[2024-08-13T10:47:08.316+0000] {logging_mixin.py:137} INFO - [2024-08-13T10:47:08.316+0000] {dagbag.py:538} INFO - Filling up the DagBag from /home/airflow/.local/lib/python3.7/site-packages/airflow/example_dags/example_latest_only.py
[2024-08-13T10:47:08.327+0000] {processor.py:753} INFO - DAG(s) dict_keys(['latest_only']) retrieved from /home/airflow/.local/lib/python3.7/site-packages/airflow/example_dags/example_latest_only.py
[2024-08-13T10:47:08.346+0000] {logging_mixin.py:137} INFO - [2024-08-13T10:47:08.346+0000] {dag.py:2690} INFO - Sync 1 DAGs
[2024-08-13T10:47:08.367+0000] {logging_mixin.py:137} INFO - [2024-08-13T10:47:08.367+0000] {dag.py:3441} INFO - Setting next_dagrun for latest_only to 2024-08-13T06:47:08.366874+00:00, run_after=2024-08-13T10:47:08.366874+00:00
[2024-08-13T10:47:08.388+0000] {processor.py:175} INFO - Processing /home/airflow/.local/lib/python3.7/site-packages/airflow/example_dags/example_latest_only.py took 0.076 seconds
[2024-08-13T10:47:38.520+0000] {processor.py:153} INFO - Started process (PID=192) to work on /home/airflow/.local/lib/python3.7/site-packages/airflow/example_dags/example_latest_only.py
[2024-08-13T10:47:38.522+0000] {processor.py:743} INFO - Processing file /home/airflow/.local/lib/python3.7/site-packages/airflow/example_dags/example_latest_only.py for tasks to queue
[2024-08-13T10:47:38.523+0000] {logging_mixin.py:137} INFO - [2024-08-13T10:47:38.523+0000] {dagbag.py:538} INFO - Filling up the DagBag from /home/airflow/.local/lib/python3.7/site-packages/airflow/example_dags/example_latest_only.py
[2024-08-13T10:47:38.539+0000] {processor.py:753} INFO - DAG(s) dict_keys(['latest_only']) retrieved from /home/airflow/.local/lib/python3.7/site-packages/airflow/example_dags/example_latest_only.py
[2024-08-13T10:47:38.556+0000] {logging_mixin.py:137} INFO - [2024-08-13T10:47:38.556+0000] {dag.py:2690} INFO - Sync 1 DAGs
[2024-08-13T10:47:38.591+0000] {logging_mixin.py:137} INFO - [2024-08-13T10:47:38.590+0000] {dag.py:3441} INFO - Setting next_dagrun for latest_only to 2024-08-13T06:47:38.590592+00:00, run_after=2024-08-13T10:47:38.590592+00:00
[2024-08-13T10:47:38.625+0000] {processor.py:175} INFO - Processing /home/airflow/.local/lib/python3.7/site-packages/airflow/example_dags/example_latest_only.py took 0.108 seconds
[2024-08-13T10:48:09.480+0000] {processor.py:153} INFO - Started process (PID=251) to work on /home/airflow/.local/lib/python3.7/site-packages/airflow/example_dags/example_latest_only.py
[2024-08-13T10:48:09.480+0000] {processor.py:743} INFO - Processing file /home/airflow/.local/lib/python3.7/site-packages/airflow/example_dags/example_latest_only.py for tasks to queue
[2024-08-13T10:48:09.481+0000] {logging_mixin.py:137} INFO - [2024-08-13T10:48:09.481+0000] {dagbag.py:538} INFO - Filling up the DagBag from /home/airflow/.local/lib/python3.7/site-packages/airflow/example_dags/example_latest_only.py
[2024-08-13T10:48:09.492+0000] {processor.py:753} INFO - DAG(s) dict_keys(['latest_only']) retrieved from /home/airflow/.local/lib/python3.7/site-packages/airflow/example_dags/example_latest_only.py
[2024-08-13T10:48:09.513+0000] {logging_mixin.py:137} INFO - [2024-08-13T10:48:09.513+0000] {dag.py:2690} INFO - Sync 1 DAGs
[2024-08-13T10:48:09.535+0000] {logging_mixin.py:137} INFO - [2024-08-13T10:48:09.535+0000] {dag.py:3441} INFO - Setting next_dagrun for latest_only to 2024-08-13T06:48:09.535531+00:00, run_after=2024-08-13T10:48:09.535531+00:00
[2024-08-13T10:48:09.557+0000] {processor.py:175} INFO - Processing /home/airflow/.local/lib/python3.7/site-packages/airflow/example_dags/example_latest_only.py took 0.080 seconds
[2024-08-13T10:48:39.993+0000] {processor.py:153} INFO - Started process (PID=308) to work on /home/airflow/.local/lib/python3.7/site-packages/airflow/example_dags/example_latest_only.py
[2024-08-13T10:48:40.000+0000] {processor.py:743} INFO - Processing file /home/airflow/.local/lib/python3.7/site-packages/airflow/example_dags/example_latest_only.py for tasks to queue
[2024-08-13T10:48:40.000+0000] {logging_mixin.py:137} INFO - [2024-08-13T10:48:40.000+0000] {dagbag.py:538} INFO - Filling up the DagBag from /home/airflow/.local/lib/python3.7/site-packages/airflow/example_dags/example_latest_only.py
[2024-08-13T10:48:40.033+0000] {processor.py:753} INFO - DAG(s) dict_keys(['latest_only']) retrieved from /home/airflow/.local/lib/python3.7/site-packages/airflow/example_dags/example_latest_only.py
[2024-08-13T10:48:40.055+0000] {logging_mixin.py:137} INFO - [2024-08-13T10:48:40.054+0000] {dag.py:2690} INFO - Sync 1 DAGs
[2024-08-13T10:48:40.093+0000] {logging_mixin.py:137} INFO - [2024-08-13T10:48:40.092+0000] {dag.py:3441} INFO - Setting next_dagrun for latest_only to 2024-08-13T06:48:40.092684+00:00, run_after=2024-08-13T10:48:40.092684+00:00
[2024-08-13T10:48:40.129+0000] {processor.py:175} INFO - Processing /home/airflow/.local/lib/python3.7/site-packages/airflow/example_dags/example_latest_only.py took 0.140 seconds
[2024-08-13T10:49:10.823+0000] {processor.py:153} INFO - Started process (PID=366) to work on /home/airflow/.local/lib/python3.7/site-packages/airflow/example_dags/example_latest_only.py
[2024-08-13T10:49:10.824+0000] {processor.py:743} INFO - Processing file /home/airflow/.local/lib/python3.7/site-packages/airflow/example_dags/example_latest_only.py for tasks to queue
[2024-08-13T10:49:10.825+0000] {logging_mixin.py:137} INFO - [2024-08-13T10:49:10.825+0000] {dagbag.py:538} INFO - Filling up the DagBag from /home/airflow/.local/lib/python3.7/site-packages/airflow/example_dags/example_latest_only.py
[2024-08-13T10:49:10.837+0000] {processor.py:753} INFO - DAG(s) dict_keys(['latest_only']) retrieved from /home/airflow/.local/lib/python3.7/site-packages/airflow/example_dags/example_latest_only.py
[2024-08-13T10:49:10.862+0000] {logging_mixin.py:137} INFO - [2024-08-13T10:49:10.862+0000] {dag.py:2690} INFO - Sync 1 DAGs
[2024-08-13T10:49:10.896+0000] {logging_mixin.py:137} INFO - [2024-08-13T10:49:10.895+0000] {dag.py:3441} INFO - Setting next_dagrun for latest_only to 2024-08-13T06:49:10.895700+00:00, run_after=2024-08-13T10:49:10.895700+00:00
[2024-08-13T10:49:10.923+0000] {processor.py:175} INFO - Processing /home/airflow/.local/lib/python3.7/site-packages/airflow/example_dags/example_latest_only.py took 0.103 seconds
[2024-08-13T10:49:41.684+0000] {processor.py:153} INFO - Started process (PID=424) to work on /home/airflow/.local/lib/python3.7/site-packages/airflow/example_dags/example_latest_only.py
[2024-08-13T10:49:41.685+0000] {processor.py:743} INFO - Processing file /home/airflow/.local/lib/python3.7/site-packages/airflow/example_dags/example_latest_only.py for tasks to queue
[2024-08-13T10:49:41.686+0000] {logging_mixin.py:137} INFO - [2024-08-13T10:49:41.686+0000] {dagbag.py:538} INFO - Filling up the DagBag from /home/airflow/.local/lib/python3.7/site-packages/airflow/example_dags/example_latest_only.py
[2024-08-13T10:49:41.718+0000] {processor.py:753} INFO - DAG(s) dict_keys(['latest_only']) retrieved from /home/airflow/.local/lib/python3.7/site-packages/airflow/example_dags/example_latest_only.py
[2024-08-13T10:49:41.744+0000] {logging_mixin.py:137} INFO - [2024-08-13T10:49:41.743+0000] {dag.py:2690} INFO - Sync 1 DAGs
[2024-08-13T10:49:41.921+0000] {logging_mixin.py:137} INFO - [2024-08-13T10:49:41.920+0000] {dag.py:3441} INFO - Setting next_dagrun for latest_only to 2024-08-13T06:49:41.920487+00:00, run_after=2024-08-13T10:49:41.920487+00:00
[2024-08-13T10:49:42.014+0000] {processor.py:175} INFO - Processing /home/airflow/.local/lib/python3.7/site-packages/airflow/example_dags/example_latest_only.py took 0.342 seconds
[2024-08-13T10:50:12.157+0000] {processor.py:153} INFO - Started process (PID=482) to work on /home/airflow/.local/lib/python3.7/site-packages/airflow/example_dags/example_latest_only.py
[2024-08-13T10:50:12.162+0000] {processor.py:743} INFO - Processing file /home/airflow/.local/lib/python3.7/site-packages/airflow/example_dags/example_latest_only.py for tasks to queue
[2024-08-13T10:50:12.166+0000] {logging_mixin.py:137} INFO - [2024-08-13T10:50:12.166+0000] {dagbag.py:538} INFO - Filling up the DagBag from /home/airflow/.local/lib/python3.7/site-packages/airflow/example_dags/example_latest_only.py
[2024-08-13T10:50:12.224+0000] {processor.py:753} INFO - DAG(s) dict_keys(['latest_only']) retrieved from /home/airflow/.local/lib/python3.7/site-packages/airflow/example_dags/example_latest_only.py
[2024-08-13T10:50:12.313+0000] {logging_mixin.py:137} INFO - [2024-08-13T10:50:12.313+0000] {dag.py:2690} INFO - Sync 1 DAGs
[2024-08-13T10:50:12.378+0000] {logging_mixin.py:137} INFO - [2024-08-13T10:50:12.378+0000] {dag.py:3441} INFO - Setting next_dagrun for latest_only to 2024-08-13T06:50:12.378091+00:00, run_after=2024-08-13T10:50:12.378091+00:00
[2024-08-13T10:50:12.424+0000] {processor.py:175} INFO - Processing /home/airflow/.local/lib/python3.7/site-packages/airflow/example_dags/example_latest_only.py took 0.270 seconds
[2024-08-13T11:04:57.403+0000] {processor.py:153} INFO - Started process (PID=57) to work on /home/airflow/.local/lib/python3.7/site-packages/airflow/example_dags/example_latest_only.py
[2024-08-13T11:04:57.409+0000] {processor.py:743} INFO - Processing file /home/airflow/.local/lib/python3.7/site-packages/airflow/example_dags/example_latest_only.py for tasks to queue
[2024-08-13T11:04:57.410+0000] {logging_mixin.py:137} INFO - [2024-08-13T11:04:57.410+0000] {dagbag.py:538} INFO - Filling up the DagBag from /home/airflow/.local/lib/python3.7/site-packages/airflow/example_dags/example_latest_only.py
[2024-08-13T11:04:57.465+0000] {processor.py:753} INFO - DAG(s) dict_keys(['latest_only']) retrieved from /home/airflow/.local/lib/python3.7/site-packages/airflow/example_dags/example_latest_only.py
[2024-08-13T11:04:57.561+0000] {logging_mixin.py:137} INFO - [2024-08-13T11:04:57.561+0000] {dag.py:2690} INFO - Sync 1 DAGs
[2024-08-13T11:04:57.623+0000] {logging_mixin.py:137} INFO - [2024-08-13T11:04:57.622+0000] {dag.py:3441} INFO - Setting next_dagrun for latest_only to 2024-08-13T07:04:57.622513+00:00, run_after=2024-08-13T11:04:57.622513+00:00
[2024-08-13T11:04:57.701+0000] {processor.py:175} INFO - Processing /home/airflow/.local/lib/python3.7/site-packages/airflow/example_dags/example_latest_only.py took 0.308 seconds
[2024-08-13T11:05:28.447+0000] {processor.py:153} INFO - Started process (PID=115) to work on /home/airflow/.local/lib/python3.7/site-packages/airflow/example_dags/example_latest_only.py
[2024-08-13T11:05:28.448+0000] {processor.py:743} INFO - Processing file /home/airflow/.local/lib/python3.7/site-packages/airflow/example_dags/example_latest_only.py for tasks to queue
[2024-08-13T11:05:28.450+0000] {logging_mixin.py:137} INFO - [2024-08-13T11:05:28.449+0000] {dagbag.py:538} INFO - Filling up the DagBag from /home/airflow/.local/lib/python3.7/site-packages/airflow/example_dags/example_latest_only.py
[2024-08-13T11:05:28.511+0000] {processor.py:753} INFO - DAG(s) dict_keys(['latest_only']) retrieved from /home/airflow/.local/lib/python3.7/site-packages/airflow/example_dags/example_latest_only.py
[2024-08-13T11:05:28.593+0000] {logging_mixin.py:137} INFO - [2024-08-13T11:05:28.593+0000] {dag.py:2690} INFO - Sync 1 DAGs
[2024-08-13T11:05:28.687+0000] {logging_mixin.py:137} INFO - [2024-08-13T11:05:28.687+0000] {dag.py:3441} INFO - Setting next_dagrun for latest_only to 2024-08-13T07:05:28.686848+00:00, run_after=2024-08-13T11:05:28.686848+00:00
[2024-08-13T11:05:28.760+0000] {processor.py:175} INFO - Processing /home/airflow/.local/lib/python3.7/site-packages/airflow/example_dags/example_latest_only.py took 0.338 seconds
[2024-08-13T11:05:58.799+0000] {processor.py:153} INFO - Started process (PID=174) to work on /home/airflow/.local/lib/python3.7/site-packages/airflow/example_dags/example_latest_only.py
[2024-08-13T11:05:58.800+0000] {processor.py:743} INFO - Processing file /home/airflow/.local/lib/python3.7/site-packages/airflow/example_dags/example_latest_only.py for tasks to queue
[2024-08-13T11:05:58.801+0000] {logging_mixin.py:137} INFO - [2024-08-13T11:05:58.800+0000] {dagbag.py:538} INFO - Filling up the DagBag from /home/airflow/.local/lib/python3.7/site-packages/airflow/example_dags/example_latest_only.py
[2024-08-13T11:05:58.818+0000] {processor.py:753} INFO - DAG(s) dict_keys(['latest_only']) retrieved from /home/airflow/.local/lib/python3.7/site-packages/airflow/example_dags/example_latest_only.py
[2024-08-13T11:05:58.843+0000] {logging_mixin.py:137} INFO - [2024-08-13T11:05:58.843+0000] {dag.py:2690} INFO - Sync 1 DAGs
[2024-08-13T11:05:58.864+0000] {logging_mixin.py:137} INFO - [2024-08-13T11:05:58.864+0000] {dag.py:3441} INFO - Setting next_dagrun for latest_only to 2024-08-13T07:05:58.864176+00:00, run_after=2024-08-13T11:05:58.864176+00:00
[2024-08-13T11:05:58.885+0000] {processor.py:175} INFO - Processing /home/airflow/.local/lib/python3.7/site-packages/airflow/example_dags/example_latest_only.py took 0.090 seconds
[2024-08-13T11:06:29.074+0000] {processor.py:153} INFO - Started process (PID=233) to work on /home/airflow/.local/lib/python3.7/site-packages/airflow/example_dags/example_latest_only.py
[2024-08-13T11:06:29.075+0000] {processor.py:743} INFO - Processing file /home/airflow/.local/lib/python3.7/site-packages/airflow/example_dags/example_latest_only.py for tasks to queue
[2024-08-13T11:06:29.076+0000] {logging_mixin.py:137} INFO - [2024-08-13T11:06:29.076+0000] {dagbag.py:538} INFO - Filling up the DagBag from /home/airflow/.local/lib/python3.7/site-packages/airflow/example_dags/example_latest_only.py
[2024-08-13T11:06:29.093+0000] {processor.py:753} INFO - DAG(s) dict_keys(['latest_only']) retrieved from /home/airflow/.local/lib/python3.7/site-packages/airflow/example_dags/example_latest_only.py
[2024-08-13T11:06:29.123+0000] {logging_mixin.py:137} INFO - [2024-08-13T11:06:29.122+0000] {dag.py:2690} INFO - Sync 1 DAGs
[2024-08-13T11:06:29.157+0000] {logging_mixin.py:137} INFO - [2024-08-13T11:06:29.156+0000] {dag.py:3441} INFO - Setting next_dagrun for latest_only to 2024-08-13T07:06:29.156706+00:00, run_after=2024-08-13T11:06:29.156706+00:00
[2024-08-13T11:06:29.181+0000] {processor.py:175} INFO - Processing /home/airflow/.local/lib/python3.7/site-packages/airflow/example_dags/example_latest_only.py took 0.111 seconds
