[2024-08-13T10:46:25.915+0000] {processor.py:153} INFO - Started process (PID=53) to work on /home/airflow/.local/lib/python3.7/site-packages/airflow/example_dags/example_kubernetes_executor.py
[2024-08-13T10:46:25.918+0000] {processor.py:743} INFO - Processing file /home/airflow/.local/lib/python3.7/site-packages/airflow/example_dags/example_kubernetes_executor.py for tasks to queue
[2024-08-13T10:46:25.921+0000] {logging_mixin.py:137} INFO - [2024-08-13T10:46:25.920+0000] {dagbag.py:538} INFO - Filling up the DagBag from /home/airflow/.local/lib/python3.7/site-packages/airflow/example_dags/example_kubernetes_executor.py
[2024-08-13T10:46:26.068+0000] {processor.py:753} INFO - DAG(s) dict_keys(['example_kubernetes_executor']) retrieved from /home/airflow/.local/lib/python3.7/site-packages/airflow/example_dags/example_kubernetes_executor.py
[2024-08-13T10:46:26.914+0000] {logging_mixin.py:137} INFO - [2024-08-13T10:46:26.914+0000] {manager.py:504} INFO - Created Permission View: can delete on DAG:example_kubernetes_executor
[2024-08-13T10:46:26.963+0000] {logging_mixin.py:137} INFO - [2024-08-13T10:46:26.963+0000] {manager.py:504} INFO - Created Permission View: can edit on DAG:example_kubernetes_executor
[2024-08-13T10:46:27.014+0000] {logging_mixin.py:137} INFO - [2024-08-13T10:46:27.013+0000] {manager.py:504} INFO - Created Permission View: can read on DAG:example_kubernetes_executor
[2024-08-13T10:46:27.014+0000] {logging_mixin.py:137} INFO - [2024-08-13T10:46:27.014+0000] {dag.py:2690} INFO - Sync 1 DAGs
[2024-08-13T10:46:27.160+0000] {logging_mixin.py:137} INFO - [2024-08-13T10:46:27.159+0000] {dag.py:2711} INFO - Creating ORM DAG for example_kubernetes_executor
[2024-08-13T10:46:27.181+0000] {logging_mixin.py:137} INFO - [2024-08-13T10:46:27.181+0000] {dag.py:3441} INFO - Setting next_dagrun for example_kubernetes_executor to None, run_after=None
[2024-08-13T10:46:27.284+0000] {processor.py:175} INFO - Processing /home/airflow/.local/lib/python3.7/site-packages/airflow/example_dags/example_kubernetes_executor.py took 1.386 seconds
[2024-08-13T10:46:57.852+0000] {processor.py:153} INFO - Started process (PID=112) to work on /home/airflow/.local/lib/python3.7/site-packages/airflow/example_dags/example_kubernetes_executor.py
[2024-08-13T10:46:57.853+0000] {processor.py:743} INFO - Processing file /home/airflow/.local/lib/python3.7/site-packages/airflow/example_dags/example_kubernetes_executor.py for tasks to queue
[2024-08-13T10:46:57.854+0000] {logging_mixin.py:137} INFO - [2024-08-13T10:46:57.854+0000] {dagbag.py:538} INFO - Filling up the DagBag from /home/airflow/.local/lib/python3.7/site-packages/airflow/example_dags/example_kubernetes_executor.py
[2024-08-13T10:46:57.891+0000] {processor.py:753} INFO - DAG(s) dict_keys(['example_kubernetes_executor']) retrieved from /home/airflow/.local/lib/python3.7/site-packages/airflow/example_dags/example_kubernetes_executor.py
[2024-08-13T10:46:57.927+0000] {logging_mixin.py:137} INFO - [2024-08-13T10:46:57.927+0000] {dag.py:2690} INFO - Sync 1 DAGs
[2024-08-13T10:46:57.960+0000] {logging_mixin.py:137} INFO - [2024-08-13T10:46:57.960+0000] {dag.py:3441} INFO - Setting next_dagrun for example_kubernetes_executor to None, run_after=None
[2024-08-13T10:46:57.987+0000] {processor.py:175} INFO - Processing /home/airflow/.local/lib/python3.7/site-packages/airflow/example_dags/example_kubernetes_executor.py took 0.137 seconds
[2024-08-13T10:47:28.385+0000] {processor.py:153} INFO - Started process (PID=170) to work on /home/airflow/.local/lib/python3.7/site-packages/airflow/example_dags/example_kubernetes_executor.py
[2024-08-13T10:47:28.390+0000] {processor.py:743} INFO - Processing file /home/airflow/.local/lib/python3.7/site-packages/airflow/example_dags/example_kubernetes_executor.py for tasks to queue
[2024-08-13T10:47:28.391+0000] {logging_mixin.py:137} INFO - [2024-08-13T10:47:28.391+0000] {dagbag.py:538} INFO - Filling up the DagBag from /home/airflow/.local/lib/python3.7/site-packages/airflow/example_dags/example_kubernetes_executor.py
[2024-08-13T10:47:28.517+0000] {processor.py:753} INFO - DAG(s) dict_keys(['example_kubernetes_executor']) retrieved from /home/airflow/.local/lib/python3.7/site-packages/airflow/example_dags/example_kubernetes_executor.py
[2024-08-13T10:47:28.559+0000] {logging_mixin.py:137} INFO - [2024-08-13T10:47:28.559+0000] {dag.py:2690} INFO - Sync 1 DAGs
[2024-08-13T10:47:28.630+0000] {logging_mixin.py:137} INFO - [2024-08-13T10:47:28.630+0000] {dag.py:3441} INFO - Setting next_dagrun for example_kubernetes_executor to None, run_after=None
[2024-08-13T10:47:28.677+0000] {processor.py:175} INFO - Processing /home/airflow/.local/lib/python3.7/site-packages/airflow/example_dags/example_kubernetes_executor.py took 0.303 seconds
[2024-08-13T10:47:59.132+0000] {processor.py:153} INFO - Started process (PID=227) to work on /home/airflow/.local/lib/python3.7/site-packages/airflow/example_dags/example_kubernetes_executor.py
[2024-08-13T10:47:59.146+0000] {processor.py:743} INFO - Processing file /home/airflow/.local/lib/python3.7/site-packages/airflow/example_dags/example_kubernetes_executor.py for tasks to queue
[2024-08-13T10:47:59.146+0000] {logging_mixin.py:137} INFO - [2024-08-13T10:47:59.146+0000] {dagbag.py:538} INFO - Filling up the DagBag from /home/airflow/.local/lib/python3.7/site-packages/airflow/example_dags/example_kubernetes_executor.py
[2024-08-13T10:47:59.293+0000] {processor.py:753} INFO - DAG(s) dict_keys(['example_kubernetes_executor']) retrieved from /home/airflow/.local/lib/python3.7/site-packages/airflow/example_dags/example_kubernetes_executor.py
[2024-08-13T10:47:59.418+0000] {logging_mixin.py:137} INFO - [2024-08-13T10:47:59.417+0000] {dag.py:2690} INFO - Sync 1 DAGs
[2024-08-13T10:47:59.567+0000] {logging_mixin.py:137} INFO - [2024-08-13T10:47:59.567+0000] {dag.py:3441} INFO - Setting next_dagrun for example_kubernetes_executor to None, run_after=None
[2024-08-13T10:47:59.664+0000] {processor.py:175} INFO - Processing /home/airflow/.local/lib/python3.7/site-packages/airflow/example_dags/example_kubernetes_executor.py took 0.552 seconds
[2024-08-13T10:48:30.044+0000] {processor.py:153} INFO - Started process (PID=294) to work on /home/airflow/.local/lib/python3.7/site-packages/airflow/example_dags/example_kubernetes_executor.py
[2024-08-13T10:48:30.053+0000] {processor.py:743} INFO - Processing file /home/airflow/.local/lib/python3.7/site-packages/airflow/example_dags/example_kubernetes_executor.py for tasks to queue
[2024-08-13T10:48:30.055+0000] {logging_mixin.py:137} INFO - [2024-08-13T10:48:30.055+0000] {dagbag.py:538} INFO - Filling up the DagBag from /home/airflow/.local/lib/python3.7/site-packages/airflow/example_dags/example_kubernetes_executor.py
[2024-08-13T10:48:30.217+0000] {processor.py:753} INFO - DAG(s) dict_keys(['example_kubernetes_executor']) retrieved from /home/airflow/.local/lib/python3.7/site-packages/airflow/example_dags/example_kubernetes_executor.py
[2024-08-13T10:48:30.434+0000] {logging_mixin.py:137} INFO - [2024-08-13T10:48:30.433+0000] {dag.py:2690} INFO - Sync 1 DAGs
[2024-08-13T10:48:30.622+0000] {logging_mixin.py:137} INFO - [2024-08-13T10:48:30.622+0000] {dag.py:3441} INFO - Setting next_dagrun for example_kubernetes_executor to None, run_after=None
[2024-08-13T10:48:30.701+0000] {processor.py:175} INFO - Processing /home/airflow/.local/lib/python3.7/site-packages/airflow/example_dags/example_kubernetes_executor.py took 0.688 seconds
[2024-08-13T10:49:00.861+0000] {processor.py:153} INFO - Started process (PID=344) to work on /home/airflow/.local/lib/python3.7/site-packages/airflow/example_dags/example_kubernetes_executor.py
[2024-08-13T10:49:00.874+0000] {processor.py:743} INFO - Processing file /home/airflow/.local/lib/python3.7/site-packages/airflow/example_dags/example_kubernetes_executor.py for tasks to queue
[2024-08-13T10:49:00.881+0000] {logging_mixin.py:137} INFO - [2024-08-13T10:49:00.881+0000] {dagbag.py:538} INFO - Filling up the DagBag from /home/airflow/.local/lib/python3.7/site-packages/airflow/example_dags/example_kubernetes_executor.py
[2024-08-13T10:49:01.145+0000] {processor.py:753} INFO - DAG(s) dict_keys(['example_kubernetes_executor']) retrieved from /home/airflow/.local/lib/python3.7/site-packages/airflow/example_dags/example_kubernetes_executor.py
[2024-08-13T10:49:01.207+0000] {logging_mixin.py:137} INFO - [2024-08-13T10:49:01.207+0000] {dag.py:2690} INFO - Sync 1 DAGs
[2024-08-13T10:49:01.354+0000] {logging_mixin.py:137} INFO - [2024-08-13T10:49:01.354+0000] {dag.py:3441} INFO - Setting next_dagrun for example_kubernetes_executor to None, run_after=None
[2024-08-13T10:49:01.504+0000] {processor.py:175} INFO - Processing /home/airflow/.local/lib/python3.7/site-packages/airflow/example_dags/example_kubernetes_executor.py took 0.656 seconds
[2024-08-13T10:49:31.667+0000] {processor.py:153} INFO - Started process (PID=401) to work on /home/airflow/.local/lib/python3.7/site-packages/airflow/example_dags/example_kubernetes_executor.py
[2024-08-13T10:49:31.667+0000] {processor.py:743} INFO - Processing file /home/airflow/.local/lib/python3.7/site-packages/airflow/example_dags/example_kubernetes_executor.py for tasks to queue
[2024-08-13T10:49:31.668+0000] {logging_mixin.py:137} INFO - [2024-08-13T10:49:31.668+0000] {dagbag.py:538} INFO - Filling up the DagBag from /home/airflow/.local/lib/python3.7/site-packages/airflow/example_dags/example_kubernetes_executor.py
[2024-08-13T10:49:31.731+0000] {processor.py:753} INFO - DAG(s) dict_keys(['example_kubernetes_executor']) retrieved from /home/airflow/.local/lib/python3.7/site-packages/airflow/example_dags/example_kubernetes_executor.py
[2024-08-13T10:49:31.746+0000] {logging_mixin.py:137} INFO - [2024-08-13T10:49:31.745+0000] {dag.py:2690} INFO - Sync 1 DAGs
[2024-08-13T10:49:31.783+0000] {logging_mixin.py:137} INFO - [2024-08-13T10:49:31.782+0000] {dag.py:3441} INFO - Setting next_dagrun for example_kubernetes_executor to None, run_after=None
[2024-08-13T10:49:31.817+0000] {processor.py:175} INFO - Processing /home/airflow/.local/lib/python3.7/site-packages/airflow/example_dags/example_kubernetes_executor.py took 0.154 seconds
[2024-08-13T10:50:02.223+0000] {processor.py:153} INFO - Started process (PID=459) to work on /home/airflow/.local/lib/python3.7/site-packages/airflow/example_dags/example_kubernetes_executor.py
[2024-08-13T10:50:02.244+0000] {processor.py:743} INFO - Processing file /home/airflow/.local/lib/python3.7/site-packages/airflow/example_dags/example_kubernetes_executor.py for tasks to queue
[2024-08-13T10:50:02.251+0000] {logging_mixin.py:137} INFO - [2024-08-13T10:50:02.251+0000] {dagbag.py:538} INFO - Filling up the DagBag from /home/airflow/.local/lib/python3.7/site-packages/airflow/example_dags/example_kubernetes_executor.py
[2024-08-13T10:50:02.490+0000] {processor.py:753} INFO - DAG(s) dict_keys(['example_kubernetes_executor']) retrieved from /home/airflow/.local/lib/python3.7/site-packages/airflow/example_dags/example_kubernetes_executor.py
[2024-08-13T10:50:02.602+0000] {logging_mixin.py:137} INFO - [2024-08-13T10:50:02.601+0000] {dag.py:2690} INFO - Sync 1 DAGs
[2024-08-13T10:50:02.693+0000] {logging_mixin.py:137} INFO - [2024-08-13T10:50:02.693+0000] {dag.py:3441} INFO - Setting next_dagrun for example_kubernetes_executor to None, run_after=None
[2024-08-13T10:50:02.764+0000] {processor.py:175} INFO - Processing /home/airflow/.local/lib/python3.7/site-packages/airflow/example_dags/example_kubernetes_executor.py took 0.560 seconds
[2024-08-13T11:04:55.101+0000] {processor.py:153} INFO - Started process (PID=44) to work on /home/airflow/.local/lib/python3.7/site-packages/airflow/example_dags/example_kubernetes_executor.py
[2024-08-13T11:04:55.106+0000] {processor.py:743} INFO - Processing file /home/airflow/.local/lib/python3.7/site-packages/airflow/example_dags/example_kubernetes_executor.py for tasks to queue
[2024-08-13T11:04:55.107+0000] {logging_mixin.py:137} INFO - [2024-08-13T11:04:55.107+0000] {dagbag.py:538} INFO - Filling up the DagBag from /home/airflow/.local/lib/python3.7/site-packages/airflow/example_dags/example_kubernetes_executor.py
[2024-08-13T11:04:55.149+0000] {processor.py:753} INFO - DAG(s) dict_keys(['example_kubernetes_executor']) retrieved from /home/airflow/.local/lib/python3.7/site-packages/airflow/example_dags/example_kubernetes_executor.py
[2024-08-13T11:04:55.225+0000] {logging_mixin.py:137} INFO - [2024-08-13T11:04:55.225+0000] {dag.py:2690} INFO - Sync 1 DAGs
[2024-08-13T11:04:55.338+0000] {logging_mixin.py:137} INFO - [2024-08-13T11:04:55.336+0000] {dag.py:3441} INFO - Setting next_dagrun for example_kubernetes_executor to None, run_after=None
[2024-08-13T11:04:55.412+0000] {processor.py:175} INFO - Processing /home/airflow/.local/lib/python3.7/site-packages/airflow/example_dags/example_kubernetes_executor.py took 0.321 seconds
[2024-08-13T11:05:25.892+0000] {processor.py:153} INFO - Started process (PID=102) to work on /home/airflow/.local/lib/python3.7/site-packages/airflow/example_dags/example_kubernetes_executor.py
[2024-08-13T11:05:25.900+0000] {processor.py:743} INFO - Processing file /home/airflow/.local/lib/python3.7/site-packages/airflow/example_dags/example_kubernetes_executor.py for tasks to queue
[2024-08-13T11:05:25.904+0000] {logging_mixin.py:137} INFO - [2024-08-13T11:05:25.903+0000] {dagbag.py:538} INFO - Filling up the DagBag from /home/airflow/.local/lib/python3.7/site-packages/airflow/example_dags/example_kubernetes_executor.py
[2024-08-13T11:05:25.949+0000] {processor.py:753} INFO - DAG(s) dict_keys(['example_kubernetes_executor']) retrieved from /home/airflow/.local/lib/python3.7/site-packages/airflow/example_dags/example_kubernetes_executor.py
[2024-08-13T11:05:26.039+0000] {logging_mixin.py:137} INFO - [2024-08-13T11:05:26.038+0000] {dag.py:2690} INFO - Sync 1 DAGs
[2024-08-13T11:05:26.142+0000] {logging_mixin.py:137} INFO - [2024-08-13T11:05:26.142+0000] {dag.py:3441} INFO - Setting next_dagrun for example_kubernetes_executor to None, run_after=None
[2024-08-13T11:05:26.231+0000] {processor.py:175} INFO - Processing /home/airflow/.local/lib/python3.7/site-packages/airflow/example_dags/example_kubernetes_executor.py took 0.352 seconds
[2024-08-13T11:05:56.783+0000] {processor.py:153} INFO - Started process (PID=161) to work on /home/airflow/.local/lib/python3.7/site-packages/airflow/example_dags/example_kubernetes_executor.py
[2024-08-13T11:05:56.784+0000] {processor.py:743} INFO - Processing file /home/airflow/.local/lib/python3.7/site-packages/airflow/example_dags/example_kubernetes_executor.py for tasks to queue
[2024-08-13T11:05:56.784+0000] {logging_mixin.py:137} INFO - [2024-08-13T11:05:56.784+0000] {dagbag.py:538} INFO - Filling up the DagBag from /home/airflow/.local/lib/python3.7/site-packages/airflow/example_dags/example_kubernetes_executor.py
[2024-08-13T11:05:56.807+0000] {processor.py:753} INFO - DAG(s) dict_keys(['example_kubernetes_executor']) retrieved from /home/airflow/.local/lib/python3.7/site-packages/airflow/example_dags/example_kubernetes_executor.py
[2024-08-13T11:05:56.832+0000] {logging_mixin.py:137} INFO - [2024-08-13T11:05:56.832+0000] {dag.py:2690} INFO - Sync 1 DAGs
[2024-08-13T11:05:56.855+0000] {logging_mixin.py:137} INFO - [2024-08-13T11:05:56.855+0000] {dag.py:3441} INFO - Setting next_dagrun for example_kubernetes_executor to None, run_after=None
[2024-08-13T11:05:56.875+0000] {processor.py:175} INFO - Processing /home/airflow/.local/lib/python3.7/site-packages/airflow/example_dags/example_kubernetes_executor.py took 0.095 seconds
[2024-08-13T11:06:27.713+0000] {processor.py:153} INFO - Started process (PID=220) to work on /home/airflow/.local/lib/python3.7/site-packages/airflow/example_dags/example_kubernetes_executor.py
[2024-08-13T11:06:27.718+0000] {processor.py:743} INFO - Processing file /home/airflow/.local/lib/python3.7/site-packages/airflow/example_dags/example_kubernetes_executor.py for tasks to queue
[2024-08-13T11:06:27.719+0000] {logging_mixin.py:137} INFO - [2024-08-13T11:06:27.719+0000] {dagbag.py:538} INFO - Filling up the DagBag from /home/airflow/.local/lib/python3.7/site-packages/airflow/example_dags/example_kubernetes_executor.py
[2024-08-13T11:06:27.818+0000] {processor.py:753} INFO - DAG(s) dict_keys(['example_kubernetes_executor']) retrieved from /home/airflow/.local/lib/python3.7/site-packages/airflow/example_dags/example_kubernetes_executor.py
[2024-08-13T11:06:27.903+0000] {logging_mixin.py:137} INFO - [2024-08-13T11:06:27.902+0000] {dag.py:2690} INFO - Sync 1 DAGs
[2024-08-13T11:06:27.943+0000] {logging_mixin.py:137} INFO - [2024-08-13T11:06:27.942+0000] {dag.py:3441} INFO - Setting next_dagrun for example_kubernetes_executor to None, run_after=None
[2024-08-13T11:06:28.019+0000] {processor.py:175} INFO - Processing /home/airflow/.local/lib/python3.7/site-packages/airflow/example_dags/example_kubernetes_executor.py took 0.313 seconds
