[2024-08-13T10:46:34.885+0000] {processor.py:153} INFO - Started process (PID=74) to work on /home/airflow/.local/lib/python3.7/site-packages/airflow/example_dags/example_sensor_decorator.py
[2024-08-13T10:46:34.949+0000] {processor.py:743} INFO - Processing file /home/airflow/.local/lib/python3.7/site-packages/airflow/example_dags/example_sensor_decorator.py for tasks to queue
[2024-08-13T10:46:34.950+0000] {logging_mixin.py:137} INFO - [2024-08-13T10:46:34.950+0000] {dagbag.py:538} INFO - Filling up the DagBag from /home/airflow/.local/lib/python3.7/site-packages/airflow/example_dags/example_sensor_decorator.py
[2024-08-13T10:46:35.216+0000] {processor.py:753} INFO - DAG(s) dict_keys(['example_sensor_decorator']) retrieved from /home/airflow/.local/lib/python3.7/site-packages/airflow/example_dags/example_sensor_decorator.py
[2024-08-13T10:46:36.115+0000] {logging_mixin.py:137} INFO - [2024-08-13T10:46:36.114+0000] {manager.py:504} INFO - Created Permission View: can delete on DAG:example_sensor_decorator
[2024-08-13T10:46:36.198+0000] {logging_mixin.py:137} INFO - [2024-08-13T10:46:36.198+0000] {manager.py:504} INFO - Created Permission View: can edit on DAG:example_sensor_decorator
[2024-08-13T10:46:36.258+0000] {logging_mixin.py:137} INFO - [2024-08-13T10:46:36.257+0000] {manager.py:504} INFO - Created Permission View: can read on DAG:example_sensor_decorator
[2024-08-13T10:46:36.266+0000] {logging_mixin.py:137} INFO - [2024-08-13T10:46:36.265+0000] {dag.py:2690} INFO - Sync 1 DAGs
[2024-08-13T10:46:36.454+0000] {logging_mixin.py:137} INFO - [2024-08-13T10:46:36.454+0000] {dag.py:2711} INFO - Creating ORM DAG for example_sensor_decorator
[2024-08-13T10:46:36.579+0000] {logging_mixin.py:137} INFO - [2024-08-13T10:46:36.579+0000] {dag.py:3441} INFO - Setting next_dagrun for example_sensor_decorator to None, run_after=None
[2024-08-13T10:46:36.784+0000] {processor.py:175} INFO - Processing /home/airflow/.local/lib/python3.7/site-packages/airflow/example_dags/example_sensor_decorator.py took 1.919 seconds
[2024-08-13T10:47:07.225+0000] {processor.py:153} INFO - Started process (PID=133) to work on /home/airflow/.local/lib/python3.7/site-packages/airflow/example_dags/example_sensor_decorator.py
[2024-08-13T10:47:07.233+0000] {processor.py:743} INFO - Processing file /home/airflow/.local/lib/python3.7/site-packages/airflow/example_dags/example_sensor_decorator.py for tasks to queue
[2024-08-13T10:47:07.234+0000] {logging_mixin.py:137} INFO - [2024-08-13T10:47:07.234+0000] {dagbag.py:538} INFO - Filling up the DagBag from /home/airflow/.local/lib/python3.7/site-packages/airflow/example_dags/example_sensor_decorator.py
[2024-08-13T10:47:07.269+0000] {processor.py:753} INFO - DAG(s) dict_keys(['example_sensor_decorator']) retrieved from /home/airflow/.local/lib/python3.7/site-packages/airflow/example_dags/example_sensor_decorator.py
[2024-08-13T10:47:07.299+0000] {logging_mixin.py:137} INFO - [2024-08-13T10:47:07.299+0000] {dag.py:2690} INFO - Sync 1 DAGs
[2024-08-13T10:47:07.332+0000] {logging_mixin.py:137} INFO - [2024-08-13T10:47:07.332+0000] {dag.py:3441} INFO - Setting next_dagrun for example_sensor_decorator to None, run_after=None
[2024-08-13T10:47:07.368+0000] {processor.py:175} INFO - Processing /home/airflow/.local/lib/python3.7/site-packages/airflow/example_dags/example_sensor_decorator.py took 0.147 seconds
[2024-08-13T10:47:37.505+0000] {processor.py:153} INFO - Started process (PID=191) to work on /home/airflow/.local/lib/python3.7/site-packages/airflow/example_dags/example_sensor_decorator.py
[2024-08-13T10:47:37.506+0000] {processor.py:743} INFO - Processing file /home/airflow/.local/lib/python3.7/site-packages/airflow/example_dags/example_sensor_decorator.py for tasks to queue
[2024-08-13T10:47:37.507+0000] {logging_mixin.py:137} INFO - [2024-08-13T10:47:37.507+0000] {dagbag.py:538} INFO - Filling up the DagBag from /home/airflow/.local/lib/python3.7/site-packages/airflow/example_dags/example_sensor_decorator.py
[2024-08-13T10:47:37.532+0000] {processor.py:753} INFO - DAG(s) dict_keys(['example_sensor_decorator']) retrieved from /home/airflow/.local/lib/python3.7/site-packages/airflow/example_dags/example_sensor_decorator.py
[2024-08-13T10:47:37.547+0000] {logging_mixin.py:137} INFO - [2024-08-13T10:47:37.547+0000] {dag.py:2690} INFO - Sync 1 DAGs
[2024-08-13T10:47:37.582+0000] {logging_mixin.py:137} INFO - [2024-08-13T10:47:37.581+0000] {dag.py:3441} INFO - Setting next_dagrun for example_sensor_decorator to None, run_after=None
[2024-08-13T10:47:37.610+0000] {processor.py:175} INFO - Processing /home/airflow/.local/lib/python3.7/site-packages/airflow/example_dags/example_sensor_decorator.py took 0.108 seconds
[2024-08-13T10:48:08.423+0000] {processor.py:153} INFO - Started process (PID=250) to work on /home/airflow/.local/lib/python3.7/site-packages/airflow/example_dags/example_sensor_decorator.py
[2024-08-13T10:48:08.423+0000] {processor.py:743} INFO - Processing file /home/airflow/.local/lib/python3.7/site-packages/airflow/example_dags/example_sensor_decorator.py for tasks to queue
[2024-08-13T10:48:08.424+0000] {logging_mixin.py:137} INFO - [2024-08-13T10:48:08.424+0000] {dagbag.py:538} INFO - Filling up the DagBag from /home/airflow/.local/lib/python3.7/site-packages/airflow/example_dags/example_sensor_decorator.py
[2024-08-13T10:48:08.442+0000] {processor.py:753} INFO - DAG(s) dict_keys(['example_sensor_decorator']) retrieved from /home/airflow/.local/lib/python3.7/site-packages/airflow/example_dags/example_sensor_decorator.py
[2024-08-13T10:48:08.462+0000] {logging_mixin.py:137} INFO - [2024-08-13T10:48:08.461+0000] {dag.py:2690} INFO - Sync 1 DAGs
[2024-08-13T10:48:08.482+0000] {logging_mixin.py:137} INFO - [2024-08-13T10:48:08.482+0000] {dag.py:3441} INFO - Setting next_dagrun for example_sensor_decorator to None, run_after=None
[2024-08-13T10:48:08.504+0000] {processor.py:175} INFO - Processing /home/airflow/.local/lib/python3.7/site-packages/airflow/example_dags/example_sensor_decorator.py took 0.084 seconds
[2024-08-13T10:48:38.966+0000] {processor.py:153} INFO - Started process (PID=307) to work on /home/airflow/.local/lib/python3.7/site-packages/airflow/example_dags/example_sensor_decorator.py
[2024-08-13T10:48:38.969+0000] {processor.py:743} INFO - Processing file /home/airflow/.local/lib/python3.7/site-packages/airflow/example_dags/example_sensor_decorator.py for tasks to queue
[2024-08-13T10:48:38.969+0000] {logging_mixin.py:137} INFO - [2024-08-13T10:48:38.969+0000] {dagbag.py:538} INFO - Filling up the DagBag from /home/airflow/.local/lib/python3.7/site-packages/airflow/example_dags/example_sensor_decorator.py
[2024-08-13T10:48:39.070+0000] {processor.py:753} INFO - DAG(s) dict_keys(['example_sensor_decorator']) retrieved from /home/airflow/.local/lib/python3.7/site-packages/airflow/example_dags/example_sensor_decorator.py
[2024-08-13T10:48:39.092+0000] {logging_mixin.py:137} INFO - [2024-08-13T10:48:39.092+0000] {dag.py:2690} INFO - Sync 1 DAGs
[2024-08-13T10:48:39.154+0000] {logging_mixin.py:137} INFO - [2024-08-13T10:48:39.154+0000] {dag.py:3441} INFO - Setting next_dagrun for example_sensor_decorator to None, run_after=None
[2024-08-13T10:48:39.205+0000] {processor.py:175} INFO - Processing /home/airflow/.local/lib/python3.7/site-packages/airflow/example_dags/example_sensor_decorator.py took 0.248 seconds
[2024-08-13T10:49:09.730+0000] {processor.py:153} INFO - Started process (PID=365) to work on /home/airflow/.local/lib/python3.7/site-packages/airflow/example_dags/example_sensor_decorator.py
[2024-08-13T10:49:09.731+0000] {processor.py:743} INFO - Processing file /home/airflow/.local/lib/python3.7/site-packages/airflow/example_dags/example_sensor_decorator.py for tasks to queue
[2024-08-13T10:49:09.731+0000] {logging_mixin.py:137} INFO - [2024-08-13T10:49:09.731+0000] {dagbag.py:538} INFO - Filling up the DagBag from /home/airflow/.local/lib/python3.7/site-packages/airflow/example_dags/example_sensor_decorator.py
[2024-08-13T10:49:09.753+0000] {processor.py:753} INFO - DAG(s) dict_keys(['example_sensor_decorator']) retrieved from /home/airflow/.local/lib/python3.7/site-packages/airflow/example_dags/example_sensor_decorator.py
[2024-08-13T10:49:09.778+0000] {logging_mixin.py:137} INFO - [2024-08-13T10:49:09.778+0000] {dag.py:2690} INFO - Sync 1 DAGs
[2024-08-13T10:49:09.802+0000] {logging_mixin.py:137} INFO - [2024-08-13T10:49:09.802+0000] {dag.py:3441} INFO - Setting next_dagrun for example_sensor_decorator to None, run_after=None
[2024-08-13T10:49:09.831+0000] {processor.py:175} INFO - Processing /home/airflow/.local/lib/python3.7/site-packages/airflow/example_dags/example_sensor_decorator.py took 0.105 seconds
[2024-08-13T10:49:40.501+0000] {processor.py:153} INFO - Started process (PID=423) to work on /home/airflow/.local/lib/python3.7/site-packages/airflow/example_dags/example_sensor_decorator.py
[2024-08-13T10:49:40.506+0000] {processor.py:743} INFO - Processing file /home/airflow/.local/lib/python3.7/site-packages/airflow/example_dags/example_sensor_decorator.py for tasks to queue
[2024-08-13T10:49:40.514+0000] {logging_mixin.py:137} INFO - [2024-08-13T10:49:40.514+0000] {dagbag.py:538} INFO - Filling up the DagBag from /home/airflow/.local/lib/python3.7/site-packages/airflow/example_dags/example_sensor_decorator.py
[2024-08-13T10:49:40.598+0000] {processor.py:753} INFO - DAG(s) dict_keys(['example_sensor_decorator']) retrieved from /home/airflow/.local/lib/python3.7/site-packages/airflow/example_dags/example_sensor_decorator.py
[2024-08-13T10:49:40.628+0000] {logging_mixin.py:137} INFO - [2024-08-13T10:49:40.627+0000] {dag.py:2690} INFO - Sync 1 DAGs
[2024-08-13T10:49:40.782+0000] {logging_mixin.py:137} INFO - [2024-08-13T10:49:40.782+0000] {dag.py:3441} INFO - Setting next_dagrun for example_sensor_decorator to None, run_after=None
[2024-08-13T10:49:40.856+0000] {processor.py:175} INFO - Processing /home/airflow/.local/lib/python3.7/site-packages/airflow/example_dags/example_sensor_decorator.py took 0.367 seconds
[2024-08-13T10:50:11.143+0000] {processor.py:153} INFO - Started process (PID=481) to work on /home/airflow/.local/lib/python3.7/site-packages/airflow/example_dags/example_sensor_decorator.py
[2024-08-13T10:50:11.144+0000] {processor.py:743} INFO - Processing file /home/airflow/.local/lib/python3.7/site-packages/airflow/example_dags/example_sensor_decorator.py for tasks to queue
[2024-08-13T10:50:11.144+0000] {logging_mixin.py:137} INFO - [2024-08-13T10:50:11.144+0000] {dagbag.py:538} INFO - Filling up the DagBag from /home/airflow/.local/lib/python3.7/site-packages/airflow/example_dags/example_sensor_decorator.py
[2024-08-13T10:50:11.212+0000] {processor.py:753} INFO - DAG(s) dict_keys(['example_sensor_decorator']) retrieved from /home/airflow/.local/lib/python3.7/site-packages/airflow/example_dags/example_sensor_decorator.py
[2024-08-13T10:50:11.328+0000] {logging_mixin.py:137} INFO - [2024-08-13T10:50:11.327+0000] {dag.py:2690} INFO - Sync 1 DAGs
[2024-08-13T10:50:11.438+0000] {logging_mixin.py:137} INFO - [2024-08-13T10:50:11.438+0000] {dag.py:3441} INFO - Setting next_dagrun for example_sensor_decorator to None, run_after=None
[2024-08-13T10:50:11.502+0000] {processor.py:175} INFO - Processing /home/airflow/.local/lib/python3.7/site-packages/airflow/example_dags/example_sensor_decorator.py took 0.376 seconds
[2024-08-13T11:04:57.252+0000] {processor.py:153} INFO - Started process (PID=56) to work on /home/airflow/.local/lib/python3.7/site-packages/airflow/example_dags/example_sensor_decorator.py
[2024-08-13T11:04:57.255+0000] {processor.py:743} INFO - Processing file /home/airflow/.local/lib/python3.7/site-packages/airflow/example_dags/example_sensor_decorator.py for tasks to queue
[2024-08-13T11:04:57.255+0000] {logging_mixin.py:137} INFO - [2024-08-13T11:04:57.255+0000] {dagbag.py:538} INFO - Filling up the DagBag from /home/airflow/.local/lib/python3.7/site-packages/airflow/example_dags/example_sensor_decorator.py
[2024-08-13T11:04:57.331+0000] {processor.py:753} INFO - DAG(s) dict_keys(['example_sensor_decorator']) retrieved from /home/airflow/.local/lib/python3.7/site-packages/airflow/example_dags/example_sensor_decorator.py
[2024-08-13T11:04:57.402+0000] {logging_mixin.py:137} INFO - [2024-08-13T11:04:57.402+0000] {dag.py:2690} INFO - Sync 1 DAGs
[2024-08-13T11:04:57.562+0000] {logging_mixin.py:137} INFO - [2024-08-13T11:04:57.562+0000] {dag.py:3441} INFO - Setting next_dagrun for example_sensor_decorator to None, run_after=None
[2024-08-13T11:04:57.639+0000] {processor.py:175} INFO - Processing /home/airflow/.local/lib/python3.7/site-packages/airflow/example_dags/example_sensor_decorator.py took 0.396 seconds
[2024-08-13T11:05:28.277+0000] {processor.py:153} INFO - Started process (PID=114) to work on /home/airflow/.local/lib/python3.7/site-packages/airflow/example_dags/example_sensor_decorator.py
[2024-08-13T11:05:28.283+0000] {processor.py:743} INFO - Processing file /home/airflow/.local/lib/python3.7/site-packages/airflow/example_dags/example_sensor_decorator.py for tasks to queue
[2024-08-13T11:05:28.284+0000] {logging_mixin.py:137} INFO - [2024-08-13T11:05:28.284+0000] {dagbag.py:538} INFO - Filling up the DagBag from /home/airflow/.local/lib/python3.7/site-packages/airflow/example_dags/example_sensor_decorator.py
[2024-08-13T11:05:28.332+0000] {processor.py:753} INFO - DAG(s) dict_keys(['example_sensor_decorator']) retrieved from /home/airflow/.local/lib/python3.7/site-packages/airflow/example_dags/example_sensor_decorator.py
[2024-08-13T11:05:28.409+0000] {logging_mixin.py:137} INFO - [2024-08-13T11:05:28.408+0000] {dag.py:2690} INFO - Sync 1 DAGs
[2024-08-13T11:05:28.512+0000] {logging_mixin.py:137} INFO - [2024-08-13T11:05:28.512+0000] {dag.py:3441} INFO - Setting next_dagrun for example_sensor_decorator to None, run_after=None
[2024-08-13T11:05:28.565+0000] {processor.py:175} INFO - Processing /home/airflow/.local/lib/python3.7/site-packages/airflow/example_dags/example_sensor_decorator.py took 0.293 seconds
[2024-08-13T11:05:58.679+0000] {processor.py:153} INFO - Started process (PID=173) to work on /home/airflow/.local/lib/python3.7/site-packages/airflow/example_dags/example_sensor_decorator.py
[2024-08-13T11:05:58.679+0000] {processor.py:743} INFO - Processing file /home/airflow/.local/lib/python3.7/site-packages/airflow/example_dags/example_sensor_decorator.py for tasks to queue
[2024-08-13T11:05:58.680+0000] {logging_mixin.py:137} INFO - [2024-08-13T11:05:58.680+0000] {dagbag.py:538} INFO - Filling up the DagBag from /home/airflow/.local/lib/python3.7/site-packages/airflow/example_dags/example_sensor_decorator.py
[2024-08-13T11:05:58.698+0000] {processor.py:753} INFO - DAG(s) dict_keys(['example_sensor_decorator']) retrieved from /home/airflow/.local/lib/python3.7/site-packages/airflow/example_dags/example_sensor_decorator.py
[2024-08-13T11:05:58.718+0000] {logging_mixin.py:137} INFO - [2024-08-13T11:05:58.718+0000] {dag.py:2690} INFO - Sync 1 DAGs
[2024-08-13T11:05:58.740+0000] {logging_mixin.py:137} INFO - [2024-08-13T11:05:58.739+0000] {dag.py:3441} INFO - Setting next_dagrun for example_sensor_decorator to None, run_after=None
[2024-08-13T11:05:58.766+0000] {processor.py:175} INFO - Processing /home/airflow/.local/lib/python3.7/site-packages/airflow/example_dags/example_sensor_decorator.py took 0.091 seconds
[2024-08-13T11:06:29.024+0000] {processor.py:153} INFO - Started process (PID=232) to work on /home/airflow/.local/lib/python3.7/site-packages/airflow/example_dags/example_sensor_decorator.py
[2024-08-13T11:06:29.025+0000] {processor.py:743} INFO - Processing file /home/airflow/.local/lib/python3.7/site-packages/airflow/example_dags/example_sensor_decorator.py for tasks to queue
[2024-08-13T11:06:29.026+0000] {logging_mixin.py:137} INFO - [2024-08-13T11:06:29.026+0000] {dagbag.py:538} INFO - Filling up the DagBag from /home/airflow/.local/lib/python3.7/site-packages/airflow/example_dags/example_sensor_decorator.py
[2024-08-13T11:06:29.067+0000] {processor.py:753} INFO - DAG(s) dict_keys(['example_sensor_decorator']) retrieved from /home/airflow/.local/lib/python3.7/site-packages/airflow/example_dags/example_sensor_decorator.py
[2024-08-13T11:06:29.097+0000] {logging_mixin.py:137} INFO - [2024-08-13T11:06:29.097+0000] {dag.py:2690} INFO - Sync 1 DAGs
[2024-08-13T11:06:29.133+0000] {logging_mixin.py:137} INFO - [2024-08-13T11:06:29.133+0000] {dag.py:3441} INFO - Setting next_dagrun for example_sensor_decorator to None, run_after=None
[2024-08-13T11:06:29.164+0000] {processor.py:175} INFO - Processing /home/airflow/.local/lib/python3.7/site-packages/airflow/example_dags/example_sensor_decorator.py took 0.144 seconds
