[2024-08-13T10:46:28.319+0000] {processor.py:153} INFO - Started process (PID=57) to work on /home/airflow/.local/lib/python3.7/site-packages/airflow/example_dags/example_sensors.py
[2024-08-13T10:46:28.322+0000] {processor.py:743} INFO - Processing file /home/airflow/.local/lib/python3.7/site-packages/airflow/example_dags/example_sensors.py for tasks to queue
[2024-08-13T10:46:28.324+0000] {logging_mixin.py:137} INFO - [2024-08-13T10:46:28.324+0000] {dagbag.py:538} INFO - Filling up the DagBag from /home/airflow/.local/lib/python3.7/site-packages/airflow/example_dags/example_sensors.py
[2024-08-13T10:46:28.365+0000] {processor.py:753} INFO - DAG(s) dict_keys(['example_sensors']) retrieved from /home/airflow/.local/lib/python3.7/site-packages/airflow/example_dags/example_sensors.py
[2024-08-13T10:46:28.838+0000] {logging_mixin.py:137} INFO - [2024-08-13T10:46:28.837+0000] {manager.py:504} INFO - Created Permission View: can delete on DAG:example_sensors
[2024-08-13T10:46:28.890+0000] {logging_mixin.py:137} INFO - [2024-08-13T10:46:28.890+0000] {manager.py:504} INFO - Created Permission View: can edit on DAG:example_sensors
[2024-08-13T10:46:28.930+0000] {logging_mixin.py:137} INFO - [2024-08-13T10:46:28.929+0000] {manager.py:504} INFO - Created Permission View: can read on DAG:example_sensors
[2024-08-13T10:46:28.930+0000] {logging_mixin.py:137} INFO - [2024-08-13T10:46:28.930+0000] {dag.py:2690} INFO - Sync 1 DAGs
[2024-08-13T10:46:28.961+0000] {logging_mixin.py:137} INFO - [2024-08-13T10:46:28.961+0000] {dag.py:2711} INFO - Creating ORM DAG for example_sensors
[2024-08-13T10:46:29.011+0000] {logging_mixin.py:137} INFO - [2024-08-13T10:46:29.011+0000] {dag.py:3441} INFO - Setting next_dagrun for example_sensors to None, run_after=None
[2024-08-13T10:46:29.078+0000] {processor.py:175} INFO - Processing /home/airflow/.local/lib/python3.7/site-packages/airflow/example_dags/example_sensors.py took 0.773 seconds
[2024-08-13T10:46:59.195+0000] {processor.py:153} INFO - Started process (PID=115) to work on /home/airflow/.local/lib/python3.7/site-packages/airflow/example_dags/example_sensors.py
[2024-08-13T10:46:59.195+0000] {processor.py:743} INFO - Processing file /home/airflow/.local/lib/python3.7/site-packages/airflow/example_dags/example_sensors.py for tasks to queue
[2024-08-13T10:46:59.196+0000] {logging_mixin.py:137} INFO - [2024-08-13T10:46:59.196+0000] {dagbag.py:538} INFO - Filling up the DagBag from /home/airflow/.local/lib/python3.7/site-packages/airflow/example_dags/example_sensors.py
[2024-08-13T10:46:59.214+0000] {processor.py:753} INFO - DAG(s) dict_keys(['example_sensors']) retrieved from /home/airflow/.local/lib/python3.7/site-packages/airflow/example_dags/example_sensors.py
[2024-08-13T10:46:59.236+0000] {logging_mixin.py:137} INFO - [2024-08-13T10:46:59.236+0000] {dag.py:2690} INFO - Sync 1 DAGs
[2024-08-13T10:46:59.257+0000] {logging_mixin.py:137} INFO - [2024-08-13T10:46:59.257+0000] {dag.py:3441} INFO - Setting next_dagrun for example_sensors to None, run_after=None
[2024-08-13T10:46:59.280+0000] {processor.py:175} INFO - Processing /home/airflow/.local/lib/python3.7/site-packages/airflow/example_dags/example_sensors.py took 0.089 seconds
[2024-08-13T10:47:30.140+0000] {processor.py:153} INFO - Started process (PID=179) to work on /home/airflow/.local/lib/python3.7/site-packages/airflow/example_dags/example_sensors.py
[2024-08-13T10:47:30.165+0000] {processor.py:743} INFO - Processing file /home/airflow/.local/lib/python3.7/site-packages/airflow/example_dags/example_sensors.py for tasks to queue
[2024-08-13T10:47:30.166+0000] {logging_mixin.py:137} INFO - [2024-08-13T10:47:30.166+0000] {dagbag.py:538} INFO - Filling up the DagBag from /home/airflow/.local/lib/python3.7/site-packages/airflow/example_dags/example_sensors.py
[2024-08-13T10:47:30.330+0000] {processor.py:753} INFO - DAG(s) dict_keys(['example_sensors']) retrieved from /home/airflow/.local/lib/python3.7/site-packages/airflow/example_dags/example_sensors.py
[2024-08-13T10:47:30.419+0000] {logging_mixin.py:137} INFO - [2024-08-13T10:47:30.419+0000] {dag.py:2690} INFO - Sync 1 DAGs
[2024-08-13T10:47:30.690+0000] {logging_mixin.py:137} INFO - [2024-08-13T10:47:30.690+0000] {dag.py:3441} INFO - Setting next_dagrun for example_sensors to None, run_after=None
[2024-08-13T10:47:30.838+0000] {processor.py:175} INFO - Processing /home/airflow/.local/lib/python3.7/site-packages/airflow/example_dags/example_sensors.py took 0.755 seconds
[2024-08-13T10:48:01.755+0000] {processor.py:153} INFO - Started process (PID=241) to work on /home/airflow/.local/lib/python3.7/site-packages/airflow/example_dags/example_sensors.py
[2024-08-13T10:48:01.762+0000] {processor.py:743} INFO - Processing file /home/airflow/.local/lib/python3.7/site-packages/airflow/example_dags/example_sensors.py for tasks to queue
[2024-08-13T10:48:01.763+0000] {logging_mixin.py:137} INFO - [2024-08-13T10:48:01.763+0000] {dagbag.py:538} INFO - Filling up the DagBag from /home/airflow/.local/lib/python3.7/site-packages/airflow/example_dags/example_sensors.py
[2024-08-13T10:48:01.807+0000] {processor.py:753} INFO - DAG(s) dict_keys(['example_sensors']) retrieved from /home/airflow/.local/lib/python3.7/site-packages/airflow/example_dags/example_sensors.py
[2024-08-13T10:48:01.891+0000] {logging_mixin.py:137} INFO - [2024-08-13T10:48:01.891+0000] {dag.py:2690} INFO - Sync 1 DAGs
[2024-08-13T10:48:02.035+0000] {logging_mixin.py:137} INFO - [2024-08-13T10:48:02.034+0000] {dag.py:3441} INFO - Setting next_dagrun for example_sensors to None, run_after=None
[2024-08-13T10:48:02.097+0000] {processor.py:175} INFO - Processing /home/airflow/.local/lib/python3.7/site-packages/airflow/example_dags/example_sensors.py took 0.352 seconds
[2024-08-13T10:48:32.685+0000] {processor.py:153} INFO - Started process (PID=299) to work on /home/airflow/.local/lib/python3.7/site-packages/airflow/example_dags/example_sensors.py
[2024-08-13T10:48:32.687+0000] {processor.py:743} INFO - Processing file /home/airflow/.local/lib/python3.7/site-packages/airflow/example_dags/example_sensors.py for tasks to queue
[2024-08-13T10:48:32.702+0000] {logging_mixin.py:137} INFO - [2024-08-13T10:48:32.702+0000] {dagbag.py:538} INFO - Filling up the DagBag from /home/airflow/.local/lib/python3.7/site-packages/airflow/example_dags/example_sensors.py
[2024-08-13T10:48:32.771+0000] {processor.py:753} INFO - DAG(s) dict_keys(['example_sensors']) retrieved from /home/airflow/.local/lib/python3.7/site-packages/airflow/example_dags/example_sensors.py
[2024-08-13T10:48:32.827+0000] {logging_mixin.py:137} INFO - [2024-08-13T10:48:32.827+0000] {dag.py:2690} INFO - Sync 1 DAGs
[2024-08-13T10:48:32.890+0000] {logging_mixin.py:137} INFO - [2024-08-13T10:48:32.890+0000] {dag.py:3441} INFO - Setting next_dagrun for example_sensors to None, run_after=None
[2024-08-13T10:48:32.941+0000] {processor.py:175} INFO - Processing /home/airflow/.local/lib/python3.7/site-packages/airflow/example_dags/example_sensors.py took 0.267 seconds
[2024-08-13T10:49:03.233+0000] {processor.py:153} INFO - Started process (PID=356) to work on /home/airflow/.local/lib/python3.7/site-packages/airflow/example_dags/example_sensors.py
[2024-08-13T10:49:03.233+0000] {processor.py:743} INFO - Processing file /home/airflow/.local/lib/python3.7/site-packages/airflow/example_dags/example_sensors.py for tasks to queue
[2024-08-13T10:49:03.234+0000] {logging_mixin.py:137} INFO - [2024-08-13T10:49:03.234+0000] {dagbag.py:538} INFO - Filling up the DagBag from /home/airflow/.local/lib/python3.7/site-packages/airflow/example_dags/example_sensors.py
[2024-08-13T10:49:03.330+0000] {processor.py:753} INFO - DAG(s) dict_keys(['example_sensors']) retrieved from /home/airflow/.local/lib/python3.7/site-packages/airflow/example_dags/example_sensors.py
[2024-08-13T10:49:03.370+0000] {logging_mixin.py:137} INFO - [2024-08-13T10:49:03.370+0000] {dag.py:2690} INFO - Sync 1 DAGs
[2024-08-13T10:49:03.502+0000] {logging_mixin.py:137} INFO - [2024-08-13T10:49:03.502+0000] {dag.py:3441} INFO - Setting next_dagrun for example_sensors to None, run_after=None
[2024-08-13T10:49:03.565+0000] {processor.py:175} INFO - Processing /home/airflow/.local/lib/python3.7/site-packages/airflow/example_dags/example_sensors.py took 0.352 seconds
[2024-08-13T10:49:34.412+0000] {processor.py:153} INFO - Started process (PID=405) to work on /home/airflow/.local/lib/python3.7/site-packages/airflow/example_dags/example_sensors.py
[2024-08-13T10:49:34.418+0000] {processor.py:743} INFO - Processing file /home/airflow/.local/lib/python3.7/site-packages/airflow/example_dags/example_sensors.py for tasks to queue
[2024-08-13T10:49:34.418+0000] {logging_mixin.py:137} INFO - [2024-08-13T10:49:34.418+0000] {dagbag.py:538} INFO - Filling up the DagBag from /home/airflow/.local/lib/python3.7/site-packages/airflow/example_dags/example_sensors.py
[2024-08-13T10:49:34.467+0000] {processor.py:753} INFO - DAG(s) dict_keys(['example_sensors']) retrieved from /home/airflow/.local/lib/python3.7/site-packages/airflow/example_dags/example_sensors.py
[2024-08-13T10:49:34.503+0000] {logging_mixin.py:137} INFO - [2024-08-13T10:49:34.502+0000] {dag.py:2690} INFO - Sync 1 DAGs
[2024-08-13T10:49:34.626+0000] {logging_mixin.py:137} INFO - [2024-08-13T10:49:34.625+0000] {dag.py:3441} INFO - Setting next_dagrun for example_sensors to None, run_after=None
[2024-08-13T10:49:34.700+0000] {processor.py:175} INFO - Processing /home/airflow/.local/lib/python3.7/site-packages/airflow/example_dags/example_sensors.py took 0.300 seconds
[2024-08-13T10:50:05.247+0000] {processor.py:153} INFO - Started process (PID=463) to work on /home/airflow/.local/lib/python3.7/site-packages/airflow/example_dags/example_sensors.py
[2024-08-13T10:50:05.254+0000] {processor.py:743} INFO - Processing file /home/airflow/.local/lib/python3.7/site-packages/airflow/example_dags/example_sensors.py for tasks to queue
[2024-08-13T10:50:05.255+0000] {logging_mixin.py:137} INFO - [2024-08-13T10:50:05.255+0000] {dagbag.py:538} INFO - Filling up the DagBag from /home/airflow/.local/lib/python3.7/site-packages/airflow/example_dags/example_sensors.py
[2024-08-13T10:50:05.309+0000] {processor.py:753} INFO - DAG(s) dict_keys(['example_sensors']) retrieved from /home/airflow/.local/lib/python3.7/site-packages/airflow/example_dags/example_sensors.py
[2024-08-13T10:50:05.347+0000] {logging_mixin.py:137} INFO - [2024-08-13T10:50:05.347+0000] {dag.py:2690} INFO - Sync 1 DAGs
[2024-08-13T10:50:05.388+0000] {logging_mixin.py:137} INFO - [2024-08-13T10:50:05.388+0000] {dag.py:3441} INFO - Setting next_dagrun for example_sensors to None, run_after=None
[2024-08-13T10:50:05.418+0000] {processor.py:175} INFO - Processing /home/airflow/.local/lib/python3.7/site-packages/airflow/example_dags/example_sensors.py took 0.181 seconds
[2024-08-13T11:04:55.821+0000] {processor.py:153} INFO - Started process (PID=48) to work on /home/airflow/.local/lib/python3.7/site-packages/airflow/example_dags/example_sensors.py
[2024-08-13T11:04:55.828+0000] {processor.py:743} INFO - Processing file /home/airflow/.local/lib/python3.7/site-packages/airflow/example_dags/example_sensors.py for tasks to queue
[2024-08-13T11:04:55.828+0000] {logging_mixin.py:137} INFO - [2024-08-13T11:04:55.828+0000] {dagbag.py:538} INFO - Filling up the DagBag from /home/airflow/.local/lib/python3.7/site-packages/airflow/example_dags/example_sensors.py
[2024-08-13T11:04:55.873+0000] {processor.py:753} INFO - DAG(s) dict_keys(['example_sensors']) retrieved from /home/airflow/.local/lib/python3.7/site-packages/airflow/example_dags/example_sensors.py
[2024-08-13T11:04:55.925+0000] {logging_mixin.py:137} INFO - [2024-08-13T11:04:55.925+0000] {dag.py:2690} INFO - Sync 1 DAGs
[2024-08-13T11:04:55.981+0000] {logging_mixin.py:137} INFO - [2024-08-13T11:04:55.978+0000] {dag.py:3441} INFO - Setting next_dagrun for example_sensors to None, run_after=None
[2024-08-13T11:04:56.049+0000] {processor.py:175} INFO - Processing /home/airflow/.local/lib/python3.7/site-packages/airflow/example_dags/example_sensors.py took 0.236 seconds
[2024-08-13T11:05:26.717+0000] {processor.py:153} INFO - Started process (PID=106) to work on /home/airflow/.local/lib/python3.7/site-packages/airflow/example_dags/example_sensors.py
[2024-08-13T11:05:26.732+0000] {processor.py:743} INFO - Processing file /home/airflow/.local/lib/python3.7/site-packages/airflow/example_dags/example_sensors.py for tasks to queue
[2024-08-13T11:05:26.733+0000] {logging_mixin.py:137} INFO - [2024-08-13T11:05:26.733+0000] {dagbag.py:538} INFO - Filling up the DagBag from /home/airflow/.local/lib/python3.7/site-packages/airflow/example_dags/example_sensors.py
[2024-08-13T11:05:26.811+0000] {processor.py:753} INFO - DAG(s) dict_keys(['example_sensors']) retrieved from /home/airflow/.local/lib/python3.7/site-packages/airflow/example_dags/example_sensors.py
[2024-08-13T11:05:26.882+0000] {logging_mixin.py:137} INFO - [2024-08-13T11:05:26.882+0000] {dag.py:2690} INFO - Sync 1 DAGs
[2024-08-13T11:05:27.026+0000] {logging_mixin.py:137} INFO - [2024-08-13T11:05:27.026+0000] {dag.py:3441} INFO - Setting next_dagrun for example_sensors to None, run_after=None
[2024-08-13T11:05:27.075+0000] {processor.py:175} INFO - Processing /home/airflow/.local/lib/python3.7/site-packages/airflow/example_dags/example_sensors.py took 0.362 seconds
[2024-08-13T11:05:57.941+0000] {processor.py:153} INFO - Started process (PID=165) to work on /home/airflow/.local/lib/python3.7/site-packages/airflow/example_dags/example_sensors.py
[2024-08-13T11:05:57.946+0000] {processor.py:743} INFO - Processing file /home/airflow/.local/lib/python3.7/site-packages/airflow/example_dags/example_sensors.py for tasks to queue
[2024-08-13T11:05:57.946+0000] {logging_mixin.py:137} INFO - [2024-08-13T11:05:57.946+0000] {dagbag.py:538} INFO - Filling up the DagBag from /home/airflow/.local/lib/python3.7/site-packages/airflow/example_dags/example_sensors.py
[2024-08-13T11:05:57.982+0000] {processor.py:753} INFO - DAG(s) dict_keys(['example_sensors']) retrieved from /home/airflow/.local/lib/python3.7/site-packages/airflow/example_dags/example_sensors.py
[2024-08-13T11:05:58.018+0000] {logging_mixin.py:137} INFO - [2024-08-13T11:05:58.018+0000] {dag.py:2690} INFO - Sync 1 DAGs
[2024-08-13T11:05:58.054+0000] {logging_mixin.py:137} INFO - [2024-08-13T11:05:58.054+0000] {dag.py:3441} INFO - Setting next_dagrun for example_sensors to None, run_after=None
[2024-08-13T11:05:58.079+0000] {processor.py:175} INFO - Processing /home/airflow/.local/lib/python3.7/site-packages/airflow/example_dags/example_sensors.py took 0.145 seconds
[2024-08-13T11:06:28.260+0000] {processor.py:153} INFO - Started process (PID=224) to work on /home/airflow/.local/lib/python3.7/site-packages/airflow/example_dags/example_sensors.py
[2024-08-13T11:06:28.262+0000] {processor.py:743} INFO - Processing file /home/airflow/.local/lib/python3.7/site-packages/airflow/example_dags/example_sensors.py for tasks to queue
[2024-08-13T11:06:28.263+0000] {logging_mixin.py:137} INFO - [2024-08-13T11:06:28.263+0000] {dagbag.py:538} INFO - Filling up the DagBag from /home/airflow/.local/lib/python3.7/site-packages/airflow/example_dags/example_sensors.py
[2024-08-13T11:06:28.287+0000] {processor.py:753} INFO - DAG(s) dict_keys(['example_sensors']) retrieved from /home/airflow/.local/lib/python3.7/site-packages/airflow/example_dags/example_sensors.py
[2024-08-13T11:06:28.321+0000] {logging_mixin.py:137} INFO - [2024-08-13T11:06:28.321+0000] {dag.py:2690} INFO - Sync 1 DAGs
[2024-08-13T11:06:28.352+0000] {logging_mixin.py:137} INFO - [2024-08-13T11:06:28.352+0000] {dag.py:3441} INFO - Setting next_dagrun for example_sensors to None, run_after=None
[2024-08-13T11:06:28.378+0000] {processor.py:175} INFO - Processing /home/airflow/.local/lib/python3.7/site-packages/airflow/example_dags/example_sensors.py took 0.122 seconds
