[2024-08-13T10:46:25.837+0000] {processor.py:153} INFO - Started process (PID=52) to work on /home/airflow/.local/lib/python3.7/site-packages/airflow/example_dags/example_sla_dag.py
[2024-08-13T10:46:25.842+0000] {processor.py:743} INFO - Processing file /home/airflow/.local/lib/python3.7/site-packages/airflow/example_dags/example_sla_dag.py for tasks to queue
[2024-08-13T10:46:25.846+0000] {logging_mixin.py:137} INFO - [2024-08-13T10:46:25.846+0000] {dagbag.py:538} INFO - Filling up the DagBag from /home/airflow/.local/lib/python3.7/site-packages/airflow/example_dags/example_sla_dag.py
[2024-08-13T10:46:25.994+0000] {processor.py:753} INFO - DAG(s) dict_keys(['example_sla_dag']) retrieved from /home/airflow/.local/lib/python3.7/site-packages/airflow/example_dags/example_sla_dag.py
[2024-08-13T10:46:26.694+0000] {logging_mixin.py:137} INFO - [2024-08-13T10:46:26.693+0000] {manager.py:504} INFO - Created Permission View: can delete on DAG:example_sla_dag
[2024-08-13T10:46:26.776+0000] {logging_mixin.py:137} INFO - [2024-08-13T10:46:26.775+0000] {manager.py:504} INFO - Created Permission View: can edit on DAG:example_sla_dag
[2024-08-13T10:46:26.836+0000] {logging_mixin.py:137} INFO - [2024-08-13T10:46:26.835+0000] {manager.py:504} INFO - Created Permission View: can read on DAG:example_sla_dag
[2024-08-13T10:46:26.838+0000] {logging_mixin.py:137} INFO - [2024-08-13T10:46:26.838+0000] {dag.py:2690} INFO - Sync 1 DAGs
[2024-08-13T10:46:26.889+0000] {logging_mixin.py:137} INFO - [2024-08-13T10:46:26.889+0000] {dag.py:2711} INFO - Creating ORM DAG for example_sla_dag
[2024-08-13T10:46:26.967+0000] {logging_mixin.py:137} INFO - [2024-08-13T10:46:26.966+0000] {dag.py:3441} INFO - Setting next_dagrun for example_sla_dag to 2024-08-13T10:44:00+00:00, run_after=2024-08-13T10:46:00+00:00
[2024-08-13T10:46:27.115+0000] {processor.py:175} INFO - Processing /home/airflow/.local/lib/python3.7/site-packages/airflow/example_dags/example_sla_dag.py took 1.282 seconds
[2024-08-13T10:46:57.846+0000] {processor.py:153} INFO - Started process (PID=111) to work on /home/airflow/.local/lib/python3.7/site-packages/airflow/example_dags/example_sla_dag.py
[2024-08-13T10:46:57.848+0000] {processor.py:743} INFO - Processing file /home/airflow/.local/lib/python3.7/site-packages/airflow/example_dags/example_sla_dag.py for tasks to queue
[2024-08-13T10:46:57.849+0000] {logging_mixin.py:137} INFO - [2024-08-13T10:46:57.849+0000] {dagbag.py:538} INFO - Filling up the DagBag from /home/airflow/.local/lib/python3.7/site-packages/airflow/example_dags/example_sla_dag.py
[2024-08-13T10:46:57.877+0000] {processor.py:753} INFO - DAG(s) dict_keys(['example_sla_dag']) retrieved from /home/airflow/.local/lib/python3.7/site-packages/airflow/example_dags/example_sla_dag.py
[2024-08-13T10:46:57.907+0000] {logging_mixin.py:137} INFO - [2024-08-13T10:46:57.907+0000] {dag.py:2690} INFO - Sync 1 DAGs
[2024-08-13T10:46:57.946+0000] {logging_mixin.py:137} INFO - [2024-08-13T10:46:57.946+0000] {dag.py:3441} INFO - Setting next_dagrun for example_sla_dag to 2024-08-13T10:44:00+00:00, run_after=2024-08-13T10:46:00+00:00
[2024-08-13T10:46:57.976+0000] {processor.py:175} INFO - Processing /home/airflow/.local/lib/python3.7/site-packages/airflow/example_dags/example_sla_dag.py took 0.133 seconds
[2024-08-13T10:47:28.052+0000] {processor.py:153} INFO - Started process (PID=169) to work on /home/airflow/.local/lib/python3.7/site-packages/airflow/example_dags/example_sla_dag.py
[2024-08-13T10:47:28.056+0000] {processor.py:743} INFO - Processing file /home/airflow/.local/lib/python3.7/site-packages/airflow/example_dags/example_sla_dag.py for tasks to queue
[2024-08-13T10:47:28.057+0000] {logging_mixin.py:137} INFO - [2024-08-13T10:47:28.057+0000] {dagbag.py:538} INFO - Filling up the DagBag from /home/airflow/.local/lib/python3.7/site-packages/airflow/example_dags/example_sla_dag.py
[2024-08-13T10:47:28.136+0000] {processor.py:753} INFO - DAG(s) dict_keys(['example_sla_dag']) retrieved from /home/airflow/.local/lib/python3.7/site-packages/airflow/example_dags/example_sla_dag.py
[2024-08-13T10:47:28.171+0000] {logging_mixin.py:137} INFO - [2024-08-13T10:47:28.171+0000] {dag.py:2690} INFO - Sync 1 DAGs
[2024-08-13T10:47:28.243+0000] {logging_mixin.py:137} INFO - [2024-08-13T10:47:28.243+0000] {dag.py:3441} INFO - Setting next_dagrun for example_sla_dag to 2024-08-13T10:44:00+00:00, run_after=2024-08-13T10:46:00+00:00
[2024-08-13T10:47:28.296+0000] {processor.py:175} INFO - Processing /home/airflow/.local/lib/python3.7/site-packages/airflow/example_dags/example_sla_dag.py took 0.255 seconds
[2024-08-13T10:47:59.101+0000] {processor.py:153} INFO - Started process (PID=226) to work on /home/airflow/.local/lib/python3.7/site-packages/airflow/example_dags/example_sla_dag.py
[2024-08-13T10:47:59.114+0000] {processor.py:743} INFO - Processing file /home/airflow/.local/lib/python3.7/site-packages/airflow/example_dags/example_sla_dag.py for tasks to queue
[2024-08-13T10:47:59.115+0000] {logging_mixin.py:137} INFO - [2024-08-13T10:47:59.115+0000] {dagbag.py:538} INFO - Filling up the DagBag from /home/airflow/.local/lib/python3.7/site-packages/airflow/example_dags/example_sla_dag.py
[2024-08-13T10:47:59.215+0000] {processor.py:753} INFO - DAG(s) dict_keys(['example_sla_dag']) retrieved from /home/airflow/.local/lib/python3.7/site-packages/airflow/example_dags/example_sla_dag.py
[2024-08-13T10:47:59.342+0000] {logging_mixin.py:137} INFO - [2024-08-13T10:47:59.341+0000] {dag.py:2690} INFO - Sync 1 DAGs
[2024-08-13T10:47:59.443+0000] {logging_mixin.py:137} INFO - [2024-08-13T10:47:59.443+0000] {dag.py:3441} INFO - Setting next_dagrun for example_sla_dag to 2024-08-13T10:44:00+00:00, run_after=2024-08-13T10:46:00+00:00
[2024-08-13T10:47:59.537+0000] {processor.py:175} INFO - Processing /home/airflow/.local/lib/python3.7/site-packages/airflow/example_dags/example_sla_dag.py took 0.447 seconds
[2024-08-13T10:48:29.976+0000] {processor.py:153} INFO - Started process (PID=293) to work on /home/airflow/.local/lib/python3.7/site-packages/airflow/example_dags/example_sla_dag.py
[2024-08-13T10:48:29.988+0000] {processor.py:743} INFO - Processing file /home/airflow/.local/lib/python3.7/site-packages/airflow/example_dags/example_sla_dag.py for tasks to queue
[2024-08-13T10:48:30.002+0000] {logging_mixin.py:137} INFO - [2024-08-13T10:48:30.002+0000] {dagbag.py:538} INFO - Filling up the DagBag from /home/airflow/.local/lib/python3.7/site-packages/airflow/example_dags/example_sla_dag.py
[2024-08-13T10:48:30.117+0000] {processor.py:753} INFO - DAG(s) dict_keys(['example_sla_dag']) retrieved from /home/airflow/.local/lib/python3.7/site-packages/airflow/example_dags/example_sla_dag.py
[2024-08-13T10:48:30.279+0000] {logging_mixin.py:137} INFO - [2024-08-13T10:48:30.279+0000] {dag.py:2690} INFO - Sync 1 DAGs
[2024-08-13T10:48:30.459+0000] {logging_mixin.py:137} INFO - [2024-08-13T10:48:30.459+0000] {dag.py:3441} INFO - Setting next_dagrun for example_sla_dag to 2024-08-13T10:46:00+00:00, run_after=2024-08-13T10:48:00+00:00
[2024-08-13T10:48:30.583+0000] {processor.py:175} INFO - Processing /home/airflow/.local/lib/python3.7/site-packages/airflow/example_dags/example_sla_dag.py took 0.610 seconds
[2024-08-13T10:49:00.851+0000] {processor.py:153} INFO - Started process (PID=343) to work on /home/airflow/.local/lib/python3.7/site-packages/airflow/example_dags/example_sla_dag.py
[2024-08-13T10:49:00.857+0000] {processor.py:743} INFO - Processing file /home/airflow/.local/lib/python3.7/site-packages/airflow/example_dags/example_sla_dag.py for tasks to queue
[2024-08-13T10:49:00.858+0000] {logging_mixin.py:137} INFO - [2024-08-13T10:49:00.858+0000] {dagbag.py:538} INFO - Filling up the DagBag from /home/airflow/.local/lib/python3.7/site-packages/airflow/example_dags/example_sla_dag.py
[2024-08-13T10:49:01.056+0000] {processor.py:753} INFO - DAG(s) dict_keys(['example_sla_dag']) retrieved from /home/airflow/.local/lib/python3.7/site-packages/airflow/example_dags/example_sla_dag.py
[2024-08-13T10:49:01.125+0000] {logging_mixin.py:137} INFO - [2024-08-13T10:49:01.125+0000] {dag.py:2690} INFO - Sync 1 DAGs
[2024-08-13T10:49:01.316+0000] {logging_mixin.py:137} INFO - [2024-08-13T10:49:01.316+0000] {dag.py:3441} INFO - Setting next_dagrun for example_sla_dag to 2024-08-13T10:46:00+00:00, run_after=2024-08-13T10:48:00+00:00
[2024-08-13T10:49:01.425+0000] {processor.py:175} INFO - Processing /home/airflow/.local/lib/python3.7/site-packages/airflow/example_dags/example_sla_dag.py took 0.581 seconds
[2024-08-13T10:49:31.519+0000] {processor.py:153} INFO - Started process (PID=400) to work on /home/airflow/.local/lib/python3.7/site-packages/airflow/example_dags/example_sla_dag.py
[2024-08-13T10:49:31.525+0000] {processor.py:743} INFO - Processing file /home/airflow/.local/lib/python3.7/site-packages/airflow/example_dags/example_sla_dag.py for tasks to queue
[2024-08-13T10:49:31.526+0000] {logging_mixin.py:137} INFO - [2024-08-13T10:49:31.526+0000] {dagbag.py:538} INFO - Filling up the DagBag from /home/airflow/.local/lib/python3.7/site-packages/airflow/example_dags/example_sla_dag.py
[2024-08-13T10:49:31.551+0000] {processor.py:753} INFO - DAG(s) dict_keys(['example_sla_dag']) retrieved from /home/airflow/.local/lib/python3.7/site-packages/airflow/example_dags/example_sla_dag.py
[2024-08-13T10:49:31.565+0000] {logging_mixin.py:137} INFO - [2024-08-13T10:49:31.565+0000] {dag.py:2690} INFO - Sync 1 DAGs
[2024-08-13T10:49:31.613+0000] {logging_mixin.py:137} INFO - [2024-08-13T10:49:31.612+0000] {dag.py:3441} INFO - Setting next_dagrun for example_sla_dag to 2024-08-13T10:46:00+00:00, run_after=2024-08-13T10:48:00+00:00
[2024-08-13T10:49:31.639+0000] {processor.py:175} INFO - Processing /home/airflow/.local/lib/python3.7/site-packages/airflow/example_dags/example_sla_dag.py took 0.123 seconds
[2024-08-13T10:50:02.195+0000] {processor.py:153} INFO - Started process (PID=458) to work on /home/airflow/.local/lib/python3.7/site-packages/airflow/example_dags/example_sla_dag.py
[2024-08-13T10:50:02.202+0000] {processor.py:743} INFO - Processing file /home/airflow/.local/lib/python3.7/site-packages/airflow/example_dags/example_sla_dag.py for tasks to queue
[2024-08-13T10:50:02.209+0000] {logging_mixin.py:137} INFO - [2024-08-13T10:50:02.209+0000] {dagbag.py:538} INFO - Filling up the DagBag from /home/airflow/.local/lib/python3.7/site-packages/airflow/example_dags/example_sla_dag.py
[2024-08-13T10:50:02.353+0000] {processor.py:753} INFO - DAG(s) dict_keys(['example_sla_dag']) retrieved from /home/airflow/.local/lib/python3.7/site-packages/airflow/example_dags/example_sla_dag.py
[2024-08-13T10:50:02.549+0000] {logging_mixin.py:137} INFO - [2024-08-13T10:50:02.549+0000] {dag.py:2690} INFO - Sync 1 DAGs
[2024-08-13T10:50:02.667+0000] {logging_mixin.py:137} INFO - [2024-08-13T10:50:02.657+0000] {dag.py:3441} INFO - Setting next_dagrun for example_sla_dag to 2024-08-13T10:48:00+00:00, run_after=2024-08-13T10:50:00+00:00
[2024-08-13T10:50:02.729+0000] {processor.py:175} INFO - Processing /home/airflow/.local/lib/python3.7/site-packages/airflow/example_dags/example_sla_dag.py took 0.549 seconds
[2024-08-13T11:04:54.833+0000] {processor.py:153} INFO - Started process (PID=43) to work on /home/airflow/.local/lib/python3.7/site-packages/airflow/example_dags/example_sla_dag.py
[2024-08-13T11:04:54.843+0000] {processor.py:743} INFO - Processing file /home/airflow/.local/lib/python3.7/site-packages/airflow/example_dags/example_sla_dag.py for tasks to queue
[2024-08-13T11:04:54.844+0000] {logging_mixin.py:137} INFO - [2024-08-13T11:04:54.844+0000] {dagbag.py:538} INFO - Filling up the DagBag from /home/airflow/.local/lib/python3.7/site-packages/airflow/example_dags/example_sla_dag.py
[2024-08-13T11:04:54.912+0000] {processor.py:753} INFO - DAG(s) dict_keys(['example_sla_dag']) retrieved from /home/airflow/.local/lib/python3.7/site-packages/airflow/example_dags/example_sla_dag.py
[2024-08-13T11:04:54.965+0000] {logging_mixin.py:137} INFO - [2024-08-13T11:04:54.965+0000] {dag.py:2690} INFO - Sync 1 DAGs
[2024-08-13T11:04:55.004+0000] {logging_mixin.py:137} INFO - [2024-08-13T11:04:55.004+0000] {dag.py:3441} INFO - Setting next_dagrun for example_sla_dag to 2024-08-13T11:02:00+00:00, run_after=2024-08-13T11:04:00+00:00
[2024-08-13T11:04:55.029+0000] {processor.py:175} INFO - Processing /home/airflow/.local/lib/python3.7/site-packages/airflow/example_dags/example_sla_dag.py took 0.198 seconds
[2024-08-13T11:05:25.835+0000] {processor.py:153} INFO - Started process (PID=101) to work on /home/airflow/.local/lib/python3.7/site-packages/airflow/example_dags/example_sla_dag.py
[2024-08-13T11:05:25.836+0000] {processor.py:743} INFO - Processing file /home/airflow/.local/lib/python3.7/site-packages/airflow/example_dags/example_sla_dag.py for tasks to queue
[2024-08-13T11:05:25.838+0000] {logging_mixin.py:137} INFO - [2024-08-13T11:05:25.838+0000] {dagbag.py:538} INFO - Filling up the DagBag from /home/airflow/.local/lib/python3.7/site-packages/airflow/example_dags/example_sla_dag.py
[2024-08-13T11:05:25.884+0000] {processor.py:753} INFO - DAG(s) dict_keys(['example_sla_dag']) retrieved from /home/airflow/.local/lib/python3.7/site-packages/airflow/example_dags/example_sla_dag.py
[2024-08-13T11:05:25.954+0000] {logging_mixin.py:137} INFO - [2024-08-13T11:05:25.954+0000] {dag.py:2690} INFO - Sync 1 DAGs
[2024-08-13T11:05:26.048+0000] {logging_mixin.py:137} INFO - [2024-08-13T11:05:26.048+0000] {dag.py:3441} INFO - Setting next_dagrun for example_sla_dag to 2024-08-13T11:02:00+00:00, run_after=2024-08-13T11:04:00+00:00
[2024-08-13T11:05:26.115+0000] {processor.py:175} INFO - Processing /home/airflow/.local/lib/python3.7/site-packages/airflow/example_dags/example_sla_dag.py took 0.287 seconds
[2024-08-13T11:05:56.678+0000] {processor.py:153} INFO - Started process (PID=160) to work on /home/airflow/.local/lib/python3.7/site-packages/airflow/example_dags/example_sla_dag.py
[2024-08-13T11:05:56.679+0000] {processor.py:743} INFO - Processing file /home/airflow/.local/lib/python3.7/site-packages/airflow/example_dags/example_sla_dag.py for tasks to queue
[2024-08-13T11:05:56.680+0000] {logging_mixin.py:137} INFO - [2024-08-13T11:05:56.679+0000] {dagbag.py:538} INFO - Filling up the DagBag from /home/airflow/.local/lib/python3.7/site-packages/airflow/example_dags/example_sla_dag.py
[2024-08-13T11:05:56.699+0000] {processor.py:753} INFO - DAG(s) dict_keys(['example_sla_dag']) retrieved from /home/airflow/.local/lib/python3.7/site-packages/airflow/example_dags/example_sla_dag.py
[2024-08-13T11:05:56.720+0000] {logging_mixin.py:137} INFO - [2024-08-13T11:05:56.720+0000] {dag.py:2690} INFO - Sync 1 DAGs
[2024-08-13T11:05:56.743+0000] {logging_mixin.py:137} INFO - [2024-08-13T11:05:56.743+0000] {dag.py:3441} INFO - Setting next_dagrun for example_sla_dag to 2024-08-13T11:02:00+00:00, run_after=2024-08-13T11:04:00+00:00
[2024-08-13T11:05:56.763+0000] {processor.py:175} INFO - Processing /home/airflow/.local/lib/python3.7/site-packages/airflow/example_dags/example_sla_dag.py took 0.087 seconds
[2024-08-13T11:06:27.505+0000] {processor.py:153} INFO - Started process (PID=219) to work on /home/airflow/.local/lib/python3.7/site-packages/airflow/example_dags/example_sla_dag.py
[2024-08-13T11:06:27.506+0000] {processor.py:743} INFO - Processing file /home/airflow/.local/lib/python3.7/site-packages/airflow/example_dags/example_sla_dag.py for tasks to queue
[2024-08-13T11:06:27.507+0000] {logging_mixin.py:137} INFO - [2024-08-13T11:06:27.507+0000] {dagbag.py:538} INFO - Filling up the DagBag from /home/airflow/.local/lib/python3.7/site-packages/airflow/example_dags/example_sla_dag.py
[2024-08-13T11:06:27.574+0000] {processor.py:753} INFO - DAG(s) dict_keys(['example_sla_dag']) retrieved from /home/airflow/.local/lib/python3.7/site-packages/airflow/example_dags/example_sla_dag.py
[2024-08-13T11:06:27.690+0000] {logging_mixin.py:137} INFO - [2024-08-13T11:06:27.689+0000] {dag.py:2690} INFO - Sync 1 DAGs
[2024-08-13T11:06:27.746+0000] {logging_mixin.py:137} INFO - [2024-08-13T11:06:27.743+0000] {dag.py:3441} INFO - Setting next_dagrun for example_sla_dag to 2024-08-13T11:04:00+00:00, run_after=2024-08-13T11:06:00+00:00
[2024-08-13T11:06:27.833+0000] {processor.py:175} INFO - Processing /home/airflow/.local/lib/python3.7/site-packages/airflow/example_dags/example_sla_dag.py took 0.332 seconds
