[2024-08-13T10:46:39.696+0000] {processor.py:153} INFO - Started process (PID=81) to work on /home/airflow/.local/lib/python3.7/site-packages/airflow/example_dags/example_latest_only_with_trigger.py
[2024-08-13T10:46:39.699+0000] {processor.py:743} INFO - Processing file /home/airflow/.local/lib/python3.7/site-packages/airflow/example_dags/example_latest_only_with_trigger.py for tasks to queue
[2024-08-13T10:46:39.700+0000] {logging_mixin.py:137} INFO - [2024-08-13T10:46:39.700+0000] {dagbag.py:538} INFO - Filling up the DagBag from /home/airflow/.local/lib/python3.7/site-packages/airflow/example_dags/example_latest_only_with_trigger.py
[2024-08-13T10:46:39.737+0000] {processor.py:753} INFO - DAG(s) dict_keys(['latest_only_with_trigger']) retrieved from /home/airflow/.local/lib/python3.7/site-packages/airflow/example_dags/example_latest_only_with_trigger.py
[2024-08-13T10:46:39.998+0000] {logging_mixin.py:137} INFO - [2024-08-13T10:46:39.998+0000] {manager.py:504} INFO - Created Permission View: can delete on DAG:latest_only_with_trigger
[2024-08-13T10:46:40.031+0000] {logging_mixin.py:137} INFO - [2024-08-13T10:46:40.031+0000] {manager.py:504} INFO - Created Permission View: can edit on DAG:latest_only_with_trigger
[2024-08-13T10:46:40.056+0000] {logging_mixin.py:137} INFO - [2024-08-13T10:46:40.055+0000] {manager.py:504} INFO - Created Permission View: can read on DAG:latest_only_with_trigger
[2024-08-13T10:46:40.060+0000] {logging_mixin.py:137} INFO - [2024-08-13T10:46:40.056+0000] {dag.py:2690} INFO - Sync 1 DAGs
[2024-08-13T10:46:40.114+0000] {logging_mixin.py:137} INFO - [2024-08-13T10:46:40.114+0000] {dag.py:2711} INFO - Creating ORM DAG for latest_only_with_trigger
[2024-08-13T10:46:40.154+0000] {logging_mixin.py:137} INFO - [2024-08-13T10:46:40.154+0000] {dag.py:3441} INFO - Setting next_dagrun for latest_only_with_trigger to 2024-08-13T06:46:40.153775+00:00, run_after=2024-08-13T10:46:40.153775+00:00
[2024-08-13T10:46:40.233+0000] {processor.py:175} INFO - Processing /home/airflow/.local/lib/python3.7/site-packages/airflow/example_dags/example_latest_only_with_trigger.py took 0.545 seconds
[2024-08-13T10:47:10.701+0000] {processor.py:153} INFO - Started process (PID=139) to work on /home/airflow/.local/lib/python3.7/site-packages/airflow/example_dags/example_latest_only_with_trigger.py
[2024-08-13T10:47:10.701+0000] {processor.py:743} INFO - Processing file /home/airflow/.local/lib/python3.7/site-packages/airflow/example_dags/example_latest_only_with_trigger.py for tasks to queue
[2024-08-13T10:47:10.702+0000] {logging_mixin.py:137} INFO - [2024-08-13T10:47:10.702+0000] {dagbag.py:538} INFO - Filling up the DagBag from /home/airflow/.local/lib/python3.7/site-packages/airflow/example_dags/example_latest_only_with_trigger.py
[2024-08-13T10:47:10.718+0000] {processor.py:753} INFO - DAG(s) dict_keys(['latest_only_with_trigger']) retrieved from /home/airflow/.local/lib/python3.7/site-packages/airflow/example_dags/example_latest_only_with_trigger.py
[2024-08-13T10:47:10.748+0000] {logging_mixin.py:137} INFO - [2024-08-13T10:47:10.748+0000] {dag.py:2690} INFO - Sync 1 DAGs
[2024-08-13T10:47:10.790+0000] {logging_mixin.py:137} INFO - [2024-08-13T10:47:10.790+0000] {dag.py:3441} INFO - Setting next_dagrun for latest_only_with_trigger to 2024-08-13T06:47:10.790003+00:00, run_after=2024-08-13T10:47:10.790003+00:00
[2024-08-13T10:47:10.828+0000] {processor.py:175} INFO - Processing /home/airflow/.local/lib/python3.7/site-packages/airflow/example_dags/example_latest_only_with_trigger.py took 0.130 seconds
[2024-08-13T10:47:41.206+0000] {processor.py:153} INFO - Started process (PID=197) to work on /home/airflow/.local/lib/python3.7/site-packages/airflow/example_dags/example_latest_only_with_trigger.py
[2024-08-13T10:47:41.207+0000] {processor.py:743} INFO - Processing file /home/airflow/.local/lib/python3.7/site-packages/airflow/example_dags/example_latest_only_with_trigger.py for tasks to queue
[2024-08-13T10:47:41.208+0000] {logging_mixin.py:137} INFO - [2024-08-13T10:47:41.208+0000] {dagbag.py:538} INFO - Filling up the DagBag from /home/airflow/.local/lib/python3.7/site-packages/airflow/example_dags/example_latest_only_with_trigger.py
[2024-08-13T10:47:41.226+0000] {processor.py:753} INFO - DAG(s) dict_keys(['latest_only_with_trigger']) retrieved from /home/airflow/.local/lib/python3.7/site-packages/airflow/example_dags/example_latest_only_with_trigger.py
[2024-08-13T10:47:41.247+0000] {logging_mixin.py:137} INFO - [2024-08-13T10:47:41.247+0000] {dag.py:2690} INFO - Sync 1 DAGs
[2024-08-13T10:47:41.278+0000] {logging_mixin.py:137} INFO - [2024-08-13T10:47:41.278+0000] {dag.py:3441} INFO - Setting next_dagrun for latest_only_with_trigger to 2024-08-13T06:47:41.278502+00:00, run_after=2024-08-13T10:47:41.278502+00:00
[2024-08-13T10:47:41.314+0000] {processor.py:175} INFO - Processing /home/airflow/.local/lib/python3.7/site-packages/airflow/example_dags/example_latest_only_with_trigger.py took 0.111 seconds
[2024-08-13T10:48:11.978+0000] {processor.py:153} INFO - Started process (PID=256) to work on /home/airflow/.local/lib/python3.7/site-packages/airflow/example_dags/example_latest_only_with_trigger.py
[2024-08-13T10:48:11.986+0000] {processor.py:743} INFO - Processing file /home/airflow/.local/lib/python3.7/site-packages/airflow/example_dags/example_latest_only_with_trigger.py for tasks to queue
[2024-08-13T10:48:11.987+0000] {logging_mixin.py:137} INFO - [2024-08-13T10:48:11.986+0000] {dagbag.py:538} INFO - Filling up the DagBag from /home/airflow/.local/lib/python3.7/site-packages/airflow/example_dags/example_latest_only_with_trigger.py
[2024-08-13T10:48:12.006+0000] {processor.py:753} INFO - DAG(s) dict_keys(['latest_only_with_trigger']) retrieved from /home/airflow/.local/lib/python3.7/site-packages/airflow/example_dags/example_latest_only_with_trigger.py
[2024-08-13T10:48:12.050+0000] {logging_mixin.py:137} INFO - [2024-08-13T10:48:12.050+0000] {dag.py:2690} INFO - Sync 1 DAGs
[2024-08-13T10:48:12.086+0000] {logging_mixin.py:137} INFO - [2024-08-13T10:48:12.086+0000] {dag.py:3441} INFO - Setting next_dagrun for latest_only_with_trigger to 2024-08-13T06:48:12.085776+00:00, run_after=2024-08-13T10:48:12.085776+00:00
[2024-08-13T10:48:12.120+0000] {processor.py:175} INFO - Processing /home/airflow/.local/lib/python3.7/site-packages/airflow/example_dags/example_latest_only_with_trigger.py took 0.152 seconds
[2024-08-13T10:48:42.580+0000] {processor.py:153} INFO - Started process (PID=313) to work on /home/airflow/.local/lib/python3.7/site-packages/airflow/example_dags/example_latest_only_with_trigger.py
[2024-08-13T10:48:42.583+0000] {processor.py:743} INFO - Processing file /home/airflow/.local/lib/python3.7/site-packages/airflow/example_dags/example_latest_only_with_trigger.py for tasks to queue
[2024-08-13T10:48:42.590+0000] {logging_mixin.py:137} INFO - [2024-08-13T10:48:42.589+0000] {dagbag.py:538} INFO - Filling up the DagBag from /home/airflow/.local/lib/python3.7/site-packages/airflow/example_dags/example_latest_only_with_trigger.py
[2024-08-13T10:48:42.646+0000] {processor.py:753} INFO - DAG(s) dict_keys(['latest_only_with_trigger']) retrieved from /home/airflow/.local/lib/python3.7/site-packages/airflow/example_dags/example_latest_only_with_trigger.py
[2024-08-13T10:48:42.696+0000] {logging_mixin.py:137} INFO - [2024-08-13T10:48:42.695+0000] {dag.py:2690} INFO - Sync 1 DAGs
[2024-08-13T10:48:42.820+0000] {logging_mixin.py:137} INFO - [2024-08-13T10:48:42.820+0000] {dag.py:3441} INFO - Setting next_dagrun for latest_only_with_trigger to 2024-08-13T06:48:42.819433+00:00, run_after=2024-08-13T10:48:42.819433+00:00
[2024-08-13T10:48:42.907+0000] {processor.py:175} INFO - Processing /home/airflow/.local/lib/python3.7/site-packages/airflow/example_dags/example_latest_only_with_trigger.py took 0.335 seconds
[2024-08-13T10:49:13.805+0000] {processor.py:153} INFO - Started process (PID=371) to work on /home/airflow/.local/lib/python3.7/site-packages/airflow/example_dags/example_latest_only_with_trigger.py
[2024-08-13T10:49:13.806+0000] {processor.py:743} INFO - Processing file /home/airflow/.local/lib/python3.7/site-packages/airflow/example_dags/example_latest_only_with_trigger.py for tasks to queue
[2024-08-13T10:49:13.807+0000] {logging_mixin.py:137} INFO - [2024-08-13T10:49:13.807+0000] {dagbag.py:538} INFO - Filling up the DagBag from /home/airflow/.local/lib/python3.7/site-packages/airflow/example_dags/example_latest_only_with_trigger.py
[2024-08-13T10:49:13.826+0000] {processor.py:753} INFO - DAG(s) dict_keys(['latest_only_with_trigger']) retrieved from /home/airflow/.local/lib/python3.7/site-packages/airflow/example_dags/example_latest_only_with_trigger.py
[2024-08-13T10:49:13.859+0000] {logging_mixin.py:137} INFO - [2024-08-13T10:49:13.859+0000] {dag.py:2690} INFO - Sync 1 DAGs
[2024-08-13T10:49:13.973+0000] {logging_mixin.py:137} INFO - [2024-08-13T10:49:13.964+0000] {dag.py:3441} INFO - Setting next_dagrun for latest_only_with_trigger to 2024-08-13T06:49:13.963741+00:00, run_after=2024-08-13T10:49:13.963741+00:00
[2024-08-13T10:49:14.050+0000] {processor.py:175} INFO - Processing /home/airflow/.local/lib/python3.7/site-packages/airflow/example_dags/example_latest_only_with_trigger.py took 0.249 seconds
[2024-08-13T10:49:44.766+0000] {processor.py:153} INFO - Started process (PID=429) to work on /home/airflow/.local/lib/python3.7/site-packages/airflow/example_dags/example_latest_only_with_trigger.py
[2024-08-13T10:49:44.778+0000] {processor.py:743} INFO - Processing file /home/airflow/.local/lib/python3.7/site-packages/airflow/example_dags/example_latest_only_with_trigger.py for tasks to queue
[2024-08-13T10:49:44.779+0000] {logging_mixin.py:137} INFO - [2024-08-13T10:49:44.779+0000] {dagbag.py:538} INFO - Filling up the DagBag from /home/airflow/.local/lib/python3.7/site-packages/airflow/example_dags/example_latest_only_with_trigger.py
[2024-08-13T10:49:44.826+0000] {processor.py:753} INFO - DAG(s) dict_keys(['latest_only_with_trigger']) retrieved from /home/airflow/.local/lib/python3.7/site-packages/airflow/example_dags/example_latest_only_with_trigger.py
[2024-08-13T10:49:44.870+0000] {logging_mixin.py:137} INFO - [2024-08-13T10:49:44.870+0000] {dag.py:2690} INFO - Sync 1 DAGs
[2024-08-13T10:49:44.953+0000] {logging_mixin.py:137} INFO - [2024-08-13T10:49:44.953+0000] {dag.py:3441} INFO - Setting next_dagrun for latest_only_with_trigger to 2024-08-13T06:49:44.952993+00:00, run_after=2024-08-13T10:49:44.952993+00:00
[2024-08-13T10:49:45.026+0000] {processor.py:175} INFO - Processing /home/airflow/.local/lib/python3.7/site-packages/airflow/example_dags/example_latest_only_with_trigger.py took 0.270 seconds
[2024-08-13T10:50:15.274+0000] {processor.py:153} INFO - Started process (PID=487) to work on /home/airflow/.local/lib/python3.7/site-packages/airflow/example_dags/example_latest_only_with_trigger.py
[2024-08-13T11:04:58.746+0000] {processor.py:153} INFO - Started process (PID=62) to work on /home/airflow/.local/lib/python3.7/site-packages/airflow/example_dags/example_latest_only_with_trigger.py
[2024-08-13T11:04:58.757+0000] {processor.py:743} INFO - Processing file /home/airflow/.local/lib/python3.7/site-packages/airflow/example_dags/example_latest_only_with_trigger.py for tasks to queue
[2024-08-13T11:04:58.758+0000] {logging_mixin.py:137} INFO - [2024-08-13T11:04:58.758+0000] {dagbag.py:538} INFO - Filling up the DagBag from /home/airflow/.local/lib/python3.7/site-packages/airflow/example_dags/example_latest_only_with_trigger.py
[2024-08-13T11:04:58.823+0000] {processor.py:753} INFO - DAG(s) dict_keys(['latest_only_with_trigger']) retrieved from /home/airflow/.local/lib/python3.7/site-packages/airflow/example_dags/example_latest_only_with_trigger.py
[2024-08-13T11:04:58.919+0000] {logging_mixin.py:137} INFO - [2024-08-13T11:04:58.919+0000] {dag.py:2690} INFO - Sync 1 DAGs
[2024-08-13T11:04:59.059+0000] {logging_mixin.py:137} INFO - [2024-08-13T11:04:59.059+0000] {dag.py:3441} INFO - Setting next_dagrun for latest_only_with_trigger to 2024-08-13T07:04:59.059017+00:00, run_after=2024-08-13T11:04:59.059017+00:00
[2024-08-13T11:04:59.182+0000] {processor.py:175} INFO - Processing /home/airflow/.local/lib/python3.7/site-packages/airflow/example_dags/example_latest_only_with_trigger.py took 0.493 seconds
[2024-08-13T11:05:29.703+0000] {processor.py:153} INFO - Started process (PID=120) to work on /home/airflow/.local/lib/python3.7/site-packages/airflow/example_dags/example_latest_only_with_trigger.py
[2024-08-13T11:05:29.710+0000] {processor.py:743} INFO - Processing file /home/airflow/.local/lib/python3.7/site-packages/airflow/example_dags/example_latest_only_with_trigger.py for tasks to queue
[2024-08-13T11:05:29.711+0000] {logging_mixin.py:137} INFO - [2024-08-13T11:05:29.711+0000] {dagbag.py:538} INFO - Filling up the DagBag from /home/airflow/.local/lib/python3.7/site-packages/airflow/example_dags/example_latest_only_with_trigger.py
[2024-08-13T11:05:29.736+0000] {processor.py:753} INFO - DAG(s) dict_keys(['latest_only_with_trigger']) retrieved from /home/airflow/.local/lib/python3.7/site-packages/airflow/example_dags/example_latest_only_with_trigger.py
[2024-08-13T11:05:29.765+0000] {logging_mixin.py:137} INFO - [2024-08-13T11:05:29.765+0000] {dag.py:2690} INFO - Sync 1 DAGs
[2024-08-13T11:05:29.797+0000] {logging_mixin.py:137} INFO - [2024-08-13T11:05:29.797+0000] {dag.py:3441} INFO - Setting next_dagrun for latest_only_with_trigger to 2024-08-13T07:05:29.797059+00:00, run_after=2024-08-13T11:05:29.797059+00:00
[2024-08-13T11:05:29.823+0000] {processor.py:175} INFO - Processing /home/airflow/.local/lib/python3.7/site-packages/airflow/example_dags/example_latest_only_with_trigger.py took 0.124 seconds
[2024-08-13T11:06:00.357+0000] {processor.py:153} INFO - Started process (PID=179) to work on /home/airflow/.local/lib/python3.7/site-packages/airflow/example_dags/example_latest_only_with_trigger.py
[2024-08-13T11:06:00.359+0000] {processor.py:743} INFO - Processing file /home/airflow/.local/lib/python3.7/site-packages/airflow/example_dags/example_latest_only_with_trigger.py for tasks to queue
[2024-08-13T11:06:00.360+0000] {logging_mixin.py:137} INFO - [2024-08-13T11:06:00.359+0000] {dagbag.py:538} INFO - Filling up the DagBag from /home/airflow/.local/lib/python3.7/site-packages/airflow/example_dags/example_latest_only_with_trigger.py
[2024-08-13T11:06:00.376+0000] {processor.py:753} INFO - DAG(s) dict_keys(['latest_only_with_trigger']) retrieved from /home/airflow/.local/lib/python3.7/site-packages/airflow/example_dags/example_latest_only_with_trigger.py
[2024-08-13T11:06:00.407+0000] {logging_mixin.py:137} INFO - [2024-08-13T11:06:00.407+0000] {dag.py:2690} INFO - Sync 1 DAGs
[2024-08-13T11:06:00.440+0000] {logging_mixin.py:137} INFO - [2024-08-13T11:06:00.440+0000] {dag.py:3441} INFO - Setting next_dagrun for latest_only_with_trigger to 2024-08-13T07:06:00.440117+00:00, run_after=2024-08-13T11:06:00.440117+00:00
[2024-08-13T11:06:00.467+0000] {processor.py:175} INFO - Processing /home/airflow/.local/lib/python3.7/site-packages/airflow/example_dags/example_latest_only_with_trigger.py took 0.119 seconds
[2024-08-13T11:06:30.556+0000] {processor.py:153} INFO - Started process (PID=238) to work on /home/airflow/.local/lib/python3.7/site-packages/airflow/example_dags/example_latest_only_with_trigger.py
[2024-08-13T11:06:30.557+0000] {processor.py:743} INFO - Processing file /home/airflow/.local/lib/python3.7/site-packages/airflow/example_dags/example_latest_only_with_trigger.py for tasks to queue
[2024-08-13T11:06:30.557+0000] {logging_mixin.py:137} INFO - [2024-08-13T11:06:30.557+0000] {dagbag.py:538} INFO - Filling up the DagBag from /home/airflow/.local/lib/python3.7/site-packages/airflow/example_dags/example_latest_only_with_trigger.py
[2024-08-13T11:06:30.575+0000] {processor.py:753} INFO - DAG(s) dict_keys(['latest_only_with_trigger']) retrieved from /home/airflow/.local/lib/python3.7/site-packages/airflow/example_dags/example_latest_only_with_trigger.py
[2024-08-13T11:06:30.607+0000] {logging_mixin.py:137} INFO - [2024-08-13T11:06:30.607+0000] {dag.py:2690} INFO - Sync 1 DAGs
[2024-08-13T11:06:30.657+0000] {logging_mixin.py:137} INFO - [2024-08-13T11:06:30.657+0000] {dag.py:3441} INFO - Setting next_dagrun for latest_only_with_trigger to 2024-08-13T07:06:30.656726+00:00, run_after=2024-08-13T11:06:30.656726+00:00
[2024-08-13T11:06:30.683+0000] {processor.py:175} INFO - Processing /home/airflow/.local/lib/python3.7/site-packages/airflow/example_dags/example_latest_only_with_trigger.py took 0.130 seconds
