[2024-08-13T10:46:31.890+0000] {processor.py:153} INFO - Started process (PID=69) to work on /home/airflow/.local/lib/python3.7/site-packages/airflow/example_dags/example_nested_branch_dag.py
[2024-08-13T10:46:31.910+0000] {processor.py:743} INFO - Processing file /home/airflow/.local/lib/python3.7/site-packages/airflow/example_dags/example_nested_branch_dag.py for tasks to queue
[2024-08-13T10:46:31.918+0000] {logging_mixin.py:137} INFO - [2024-08-13T10:46:31.913+0000] {dagbag.py:538} INFO - Filling up the DagBag from /home/airflow/.local/lib/python3.7/site-packages/airflow/example_dags/example_nested_branch_dag.py
[2024-08-13T10:46:32.128+0000] {processor.py:753} INFO - DAG(s) dict_keys(['example_nested_branch_dag']) retrieved from /home/airflow/.local/lib/python3.7/site-packages/airflow/example_dags/example_nested_branch_dag.py
[2024-08-13T10:46:33.062+0000] {logging_mixin.py:137} INFO - [2024-08-13T10:46:33.062+0000] {manager.py:504} INFO - Created Permission View: can delete on DAG:example_nested_branch_dag
[2024-08-13T10:46:33.130+0000] {logging_mixin.py:137} INFO - [2024-08-13T10:46:33.129+0000] {manager.py:504} INFO - Created Permission View: can edit on DAG:example_nested_branch_dag
[2024-08-13T10:46:33.172+0000] {logging_mixin.py:137} INFO - [2024-08-13T10:46:33.172+0000] {manager.py:504} INFO - Created Permission View: can read on DAG:example_nested_branch_dag
[2024-08-13T10:46:33.173+0000] {logging_mixin.py:137} INFO - [2024-08-13T10:46:33.173+0000] {dag.py:2690} INFO - Sync 1 DAGs
[2024-08-13T10:46:33.261+0000] {logging_mixin.py:137} INFO - [2024-08-13T10:46:33.261+0000] {dag.py:2711} INFO - Creating ORM DAG for example_nested_branch_dag
[2024-08-13T10:46:33.395+0000] {logging_mixin.py:137} INFO - [2024-08-13T10:46:33.394+0000] {dag.py:3441} INFO - Setting next_dagrun for example_nested_branch_dag to 2024-08-12T00:00:00+00:00, run_after=2024-08-13T00:00:00+00:00
[2024-08-13T10:46:33.621+0000] {processor.py:175} INFO - Processing /home/airflow/.local/lib/python3.7/site-packages/airflow/example_dags/example_nested_branch_dag.py took 1.753 seconds
[2024-08-13T10:47:03.948+0000] {processor.py:153} INFO - Started process (PID=121) to work on /home/airflow/.local/lib/python3.7/site-packages/airflow/example_dags/example_nested_branch_dag.py
[2024-08-13T10:47:03.949+0000] {processor.py:743} INFO - Processing file /home/airflow/.local/lib/python3.7/site-packages/airflow/example_dags/example_nested_branch_dag.py for tasks to queue
[2024-08-13T10:47:03.950+0000] {logging_mixin.py:137} INFO - [2024-08-13T10:47:03.950+0000] {dagbag.py:538} INFO - Filling up the DagBag from /home/airflow/.local/lib/python3.7/site-packages/airflow/example_dags/example_nested_branch_dag.py
[2024-08-13T10:47:04.003+0000] {processor.py:753} INFO - DAG(s) dict_keys(['example_nested_branch_dag']) retrieved from /home/airflow/.local/lib/python3.7/site-packages/airflow/example_dags/example_nested_branch_dag.py
[2024-08-13T10:47:04.040+0000] {logging_mixin.py:137} INFO - [2024-08-13T10:47:04.040+0000] {dag.py:2690} INFO - Sync 1 DAGs
[2024-08-13T10:47:04.078+0000] {logging_mixin.py:137} INFO - [2024-08-13T10:47:04.078+0000] {dag.py:3441} INFO - Setting next_dagrun for example_nested_branch_dag to 2024-08-12T00:00:00+00:00, run_after=2024-08-13T00:00:00+00:00
[2024-08-13T10:47:04.195+0000] {processor.py:175} INFO - Processing /home/airflow/.local/lib/python3.7/site-packages/airflow/example_dags/example_nested_branch_dag.py took 0.251 seconds
[2024-08-13T10:47:34.404+0000] {processor.py:153} INFO - Started process (PID=187) to work on /home/airflow/.local/lib/python3.7/site-packages/airflow/example_dags/example_nested_branch_dag.py
[2024-08-13T10:47:34.413+0000] {processor.py:743} INFO - Processing file /home/airflow/.local/lib/python3.7/site-packages/airflow/example_dags/example_nested_branch_dag.py for tasks to queue
[2024-08-13T10:47:34.415+0000] {logging_mixin.py:137} INFO - [2024-08-13T10:47:34.414+0000] {dagbag.py:538} INFO - Filling up the DagBag from /home/airflow/.local/lib/python3.7/site-packages/airflow/example_dags/example_nested_branch_dag.py
[2024-08-13T10:47:34.557+0000] {processor.py:753} INFO - DAG(s) dict_keys(['example_nested_branch_dag']) retrieved from /home/airflow/.local/lib/python3.7/site-packages/airflow/example_dags/example_nested_branch_dag.py
[2024-08-13T10:47:34.588+0000] {logging_mixin.py:137} INFO - [2024-08-13T10:47:34.588+0000] {dag.py:2690} INFO - Sync 1 DAGs
[2024-08-13T10:47:34.679+0000] {logging_mixin.py:137} INFO - [2024-08-13T10:47:34.679+0000] {dag.py:3441} INFO - Setting next_dagrun for example_nested_branch_dag to 2024-08-12T00:00:00+00:00, run_after=2024-08-13T00:00:00+00:00
[2024-08-13T10:47:34.768+0000] {processor.py:175} INFO - Processing /home/airflow/.local/lib/python3.7/site-packages/airflow/example_dags/example_nested_branch_dag.py took 0.382 seconds
[2024-08-13T10:48:05.204+0000] {processor.py:153} INFO - Started process (PID=247) to work on /home/airflow/.local/lib/python3.7/site-packages/airflow/example_dags/example_nested_branch_dag.py
[2024-08-13T10:48:05.205+0000] {processor.py:743} INFO - Processing file /home/airflow/.local/lib/python3.7/site-packages/airflow/example_dags/example_nested_branch_dag.py for tasks to queue
[2024-08-13T10:48:05.206+0000] {logging_mixin.py:137} INFO - [2024-08-13T10:48:05.206+0000] {dagbag.py:538} INFO - Filling up the DagBag from /home/airflow/.local/lib/python3.7/site-packages/airflow/example_dags/example_nested_branch_dag.py
[2024-08-13T10:48:05.238+0000] {processor.py:753} INFO - DAG(s) dict_keys(['example_nested_branch_dag']) retrieved from /home/airflow/.local/lib/python3.7/site-packages/airflow/example_dags/example_nested_branch_dag.py
[2024-08-13T10:48:05.267+0000] {logging_mixin.py:137} INFO - [2024-08-13T10:48:05.267+0000] {dag.py:2690} INFO - Sync 1 DAGs
[2024-08-13T10:48:05.308+0000] {logging_mixin.py:137} INFO - [2024-08-13T10:48:05.308+0000] {dag.py:3441} INFO - Setting next_dagrun for example_nested_branch_dag to 2024-08-12T00:00:00+00:00, run_after=2024-08-13T00:00:00+00:00
[2024-08-13T10:48:05.334+0000] {processor.py:175} INFO - Processing /home/airflow/.local/lib/python3.7/site-packages/airflow/example_dags/example_nested_branch_dag.py took 0.134 seconds
[2024-08-13T10:48:35.441+0000] {processor.py:153} INFO - Started process (PID=304) to work on /home/airflow/.local/lib/python3.7/site-packages/airflow/example_dags/example_nested_branch_dag.py
[2024-08-13T10:48:35.442+0000] {processor.py:743} INFO - Processing file /home/airflow/.local/lib/python3.7/site-packages/airflow/example_dags/example_nested_branch_dag.py for tasks to queue
[2024-08-13T10:48:35.443+0000] {logging_mixin.py:137} INFO - [2024-08-13T10:48:35.442+0000] {dagbag.py:538} INFO - Filling up the DagBag from /home/airflow/.local/lib/python3.7/site-packages/airflow/example_dags/example_nested_branch_dag.py
[2024-08-13T10:48:35.479+0000] {processor.py:753} INFO - DAG(s) dict_keys(['example_nested_branch_dag']) retrieved from /home/airflow/.local/lib/python3.7/site-packages/airflow/example_dags/example_nested_branch_dag.py
[2024-08-13T10:48:35.493+0000] {logging_mixin.py:137} INFO - [2024-08-13T10:48:35.493+0000] {dag.py:2690} INFO - Sync 1 DAGs
[2024-08-13T10:48:35.534+0000] {logging_mixin.py:137} INFO - [2024-08-13T10:48:35.533+0000] {dag.py:3441} INFO - Setting next_dagrun for example_nested_branch_dag to 2024-08-12T00:00:00+00:00, run_after=2024-08-13T00:00:00+00:00
[2024-08-13T10:48:35.632+0000] {processor.py:175} INFO - Processing /home/airflow/.local/lib/python3.7/site-packages/airflow/example_dags/example_nested_branch_dag.py took 0.194 seconds
[2024-08-13T10:49:06.405+0000] {processor.py:153} INFO - Started process (PID=362) to work on /home/airflow/.local/lib/python3.7/site-packages/airflow/example_dags/example_nested_branch_dag.py
[2024-08-13T10:49:06.413+0000] {processor.py:743} INFO - Processing file /home/airflow/.local/lib/python3.7/site-packages/airflow/example_dags/example_nested_branch_dag.py for tasks to queue
[2024-08-13T10:49:06.426+0000] {logging_mixin.py:137} INFO - [2024-08-13T10:49:06.426+0000] {dagbag.py:538} INFO - Filling up the DagBag from /home/airflow/.local/lib/python3.7/site-packages/airflow/example_dags/example_nested_branch_dag.py
[2024-08-13T10:49:06.667+0000] {processor.py:753} INFO - DAG(s) dict_keys(['example_nested_branch_dag']) retrieved from /home/airflow/.local/lib/python3.7/site-packages/airflow/example_dags/example_nested_branch_dag.py
[2024-08-13T10:49:06.888+0000] {logging_mixin.py:137} INFO - [2024-08-13T10:49:06.888+0000] {dag.py:2690} INFO - Sync 1 DAGs
[2024-08-13T10:49:07.077+0000] {logging_mixin.py:137} INFO - [2024-08-13T10:49:07.076+0000] {dag.py:3441} INFO - Setting next_dagrun for example_nested_branch_dag to 2024-08-12T00:00:00+00:00, run_after=2024-08-13T00:00:00+00:00
[2024-08-13T10:49:07.190+0000] {processor.py:175} INFO - Processing /home/airflow/.local/lib/python3.7/site-packages/airflow/example_dags/example_nested_branch_dag.py took 0.808 seconds
[2024-08-13T10:49:37.618+0000] {processor.py:153} INFO - Started process (PID=419) to work on /home/airflow/.local/lib/python3.7/site-packages/airflow/example_dags/example_nested_branch_dag.py
[2024-08-13T10:49:37.638+0000] {processor.py:743} INFO - Processing file /home/airflow/.local/lib/python3.7/site-packages/airflow/example_dags/example_nested_branch_dag.py for tasks to queue
[2024-08-13T10:49:37.640+0000] {logging_mixin.py:137} INFO - [2024-08-13T10:49:37.639+0000] {dagbag.py:538} INFO - Filling up the DagBag from /home/airflow/.local/lib/python3.7/site-packages/airflow/example_dags/example_nested_branch_dag.py
[2024-08-13T10:49:37.841+0000] {processor.py:753} INFO - DAG(s) dict_keys(['example_nested_branch_dag']) retrieved from /home/airflow/.local/lib/python3.7/site-packages/airflow/example_dags/example_nested_branch_dag.py
[2024-08-13T10:49:37.872+0000] {logging_mixin.py:137} INFO - [2024-08-13T10:49:37.871+0000] {dag.py:2690} INFO - Sync 1 DAGs
[2024-08-13T10:49:37.970+0000] {logging_mixin.py:137} INFO - [2024-08-13T10:49:37.970+0000] {dag.py:3441} INFO - Setting next_dagrun for example_nested_branch_dag to 2024-08-12T00:00:00+00:00, run_after=2024-08-13T00:00:00+00:00
[2024-08-13T10:49:38.106+0000] {processor.py:175} INFO - Processing /home/airflow/.local/lib/python3.7/site-packages/airflow/example_dags/example_nested_branch_dag.py took 0.518 seconds
[2024-08-13T10:50:08.848+0000] {processor.py:153} INFO - Started process (PID=478) to work on /home/airflow/.local/lib/python3.7/site-packages/airflow/example_dags/example_nested_branch_dag.py
[2024-08-13T10:50:08.857+0000] {processor.py:743} INFO - Processing file /home/airflow/.local/lib/python3.7/site-packages/airflow/example_dags/example_nested_branch_dag.py for tasks to queue
[2024-08-13T10:50:08.862+0000] {logging_mixin.py:137} INFO - [2024-08-13T10:50:08.861+0000] {dagbag.py:538} INFO - Filling up the DagBag from /home/airflow/.local/lib/python3.7/site-packages/airflow/example_dags/example_nested_branch_dag.py
[2024-08-13T10:50:08.973+0000] {processor.py:753} INFO - DAG(s) dict_keys(['example_nested_branch_dag']) retrieved from /home/airflow/.local/lib/python3.7/site-packages/airflow/example_dags/example_nested_branch_dag.py
[2024-08-13T10:50:09.108+0000] {logging_mixin.py:137} INFO - [2024-08-13T10:50:09.107+0000] {dag.py:2690} INFO - Sync 1 DAGs
[2024-08-13T10:50:09.403+0000] {logging_mixin.py:137} INFO - [2024-08-13T10:50:09.403+0000] {dag.py:3441} INFO - Setting next_dagrun for example_nested_branch_dag to 2024-08-12T00:00:00+00:00, run_after=2024-08-13T00:00:00+00:00
[2024-08-13T10:50:09.502+0000] {processor.py:175} INFO - Processing /home/airflow/.local/lib/python3.7/site-packages/airflow/example_dags/example_nested_branch_dag.py took 0.674 seconds
[2024-08-13T11:04:56.572+0000] {processor.py:153} INFO - Started process (PID=53) to work on /home/airflow/.local/lib/python3.7/site-packages/airflow/example_dags/example_nested_branch_dag.py
[2024-08-13T11:04:56.579+0000] {processor.py:743} INFO - Processing file /home/airflow/.local/lib/python3.7/site-packages/airflow/example_dags/example_nested_branch_dag.py for tasks to queue
[2024-08-13T11:04:56.587+0000] {logging_mixin.py:137} INFO - [2024-08-13T11:04:56.586+0000] {dagbag.py:538} INFO - Filling up the DagBag from /home/airflow/.local/lib/python3.7/site-packages/airflow/example_dags/example_nested_branch_dag.py
[2024-08-13T11:04:56.617+0000] {processor.py:753} INFO - DAG(s) dict_keys(['example_nested_branch_dag']) retrieved from /home/airflow/.local/lib/python3.7/site-packages/airflow/example_dags/example_nested_branch_dag.py
[2024-08-13T11:04:56.668+0000] {logging_mixin.py:137} INFO - [2024-08-13T11:04:56.668+0000] {dag.py:2690} INFO - Sync 1 DAGs
[2024-08-13T11:04:56.737+0000] {logging_mixin.py:137} INFO - [2024-08-13T11:04:56.737+0000] {dag.py:3441} INFO - Setting next_dagrun for example_nested_branch_dag to 2024-08-12T00:00:00+00:00, run_after=2024-08-13T00:00:00+00:00
[2024-08-13T11:04:56.777+0000] {processor.py:175} INFO - Processing /home/airflow/.local/lib/python3.7/site-packages/airflow/example_dags/example_nested_branch_dag.py took 0.224 seconds
[2024-08-13T11:05:27.645+0000] {processor.py:153} INFO - Started process (PID=111) to work on /home/airflow/.local/lib/python3.7/site-packages/airflow/example_dags/example_nested_branch_dag.py
[2024-08-13T11:05:27.646+0000] {processor.py:743} INFO - Processing file /home/airflow/.local/lib/python3.7/site-packages/airflow/example_dags/example_nested_branch_dag.py for tasks to queue
[2024-08-13T11:05:27.647+0000] {logging_mixin.py:137} INFO - [2024-08-13T11:05:27.647+0000] {dagbag.py:538} INFO - Filling up the DagBag from /home/airflow/.local/lib/python3.7/site-packages/airflow/example_dags/example_nested_branch_dag.py
[2024-08-13T11:05:27.679+0000] {processor.py:753} INFO - DAG(s) dict_keys(['example_nested_branch_dag']) retrieved from /home/airflow/.local/lib/python3.7/site-packages/airflow/example_dags/example_nested_branch_dag.py
[2024-08-13T11:05:27.716+0000] {logging_mixin.py:137} INFO - [2024-08-13T11:05:27.715+0000] {dag.py:2690} INFO - Sync 1 DAGs
[2024-08-13T11:05:27.749+0000] {logging_mixin.py:137} INFO - [2024-08-13T11:05:27.749+0000] {dag.py:3441} INFO - Setting next_dagrun for example_nested_branch_dag to 2024-08-12T00:00:00+00:00, run_after=2024-08-13T00:00:00+00:00
[2024-08-13T11:05:27.774+0000] {processor.py:175} INFO - Processing /home/airflow/.local/lib/python3.7/site-packages/airflow/example_dags/example_nested_branch_dag.py took 0.133 seconds
[2024-08-13T11:05:58.385+0000] {processor.py:153} INFO - Started process (PID=170) to work on /home/airflow/.local/lib/python3.7/site-packages/airflow/example_dags/example_nested_branch_dag.py
[2024-08-13T11:05:58.385+0000] {processor.py:743} INFO - Processing file /home/airflow/.local/lib/python3.7/site-packages/airflow/example_dags/example_nested_branch_dag.py for tasks to queue
[2024-08-13T11:05:58.386+0000] {logging_mixin.py:137} INFO - [2024-08-13T11:05:58.386+0000] {dagbag.py:538} INFO - Filling up the DagBag from /home/airflow/.local/lib/python3.7/site-packages/airflow/example_dags/example_nested_branch_dag.py
[2024-08-13T11:05:58.416+0000] {processor.py:753} INFO - DAG(s) dict_keys(['example_nested_branch_dag']) retrieved from /home/airflow/.local/lib/python3.7/site-packages/airflow/example_dags/example_nested_branch_dag.py
[2024-08-13T11:05:58.449+0000] {logging_mixin.py:137} INFO - [2024-08-13T11:05:58.448+0000] {dag.py:2690} INFO - Sync 1 DAGs
[2024-08-13T11:05:58.483+0000] {logging_mixin.py:137} INFO - [2024-08-13T11:05:58.483+0000] {dag.py:3441} INFO - Setting next_dagrun for example_nested_branch_dag to 2024-08-12T00:00:00+00:00, run_after=2024-08-13T00:00:00+00:00
[2024-08-13T11:05:58.518+0000] {processor.py:175} INFO - Processing /home/airflow/.local/lib/python3.7/site-packages/airflow/example_dags/example_nested_branch_dag.py took 0.137 seconds
[2024-08-13T11:06:28.685+0000] {processor.py:153} INFO - Started process (PID=229) to work on /home/airflow/.local/lib/python3.7/site-packages/airflow/example_dags/example_nested_branch_dag.py
[2024-08-13T11:06:28.692+0000] {processor.py:743} INFO - Processing file /home/airflow/.local/lib/python3.7/site-packages/airflow/example_dags/example_nested_branch_dag.py for tasks to queue
[2024-08-13T11:06:28.693+0000] {logging_mixin.py:137} INFO - [2024-08-13T11:06:28.692+0000] {dagbag.py:538} INFO - Filling up the DagBag from /home/airflow/.local/lib/python3.7/site-packages/airflow/example_dags/example_nested_branch_dag.py
[2024-08-13T11:06:28.727+0000] {processor.py:753} INFO - DAG(s) dict_keys(['example_nested_branch_dag']) retrieved from /home/airflow/.local/lib/python3.7/site-packages/airflow/example_dags/example_nested_branch_dag.py
[2024-08-13T11:06:28.757+0000] {logging_mixin.py:137} INFO - [2024-08-13T11:06:28.757+0000] {dag.py:2690} INFO - Sync 1 DAGs
[2024-08-13T11:06:28.791+0000] {logging_mixin.py:137} INFO - [2024-08-13T11:06:28.791+0000] {dag.py:3441} INFO - Setting next_dagrun for example_nested_branch_dag to 2024-08-12T00:00:00+00:00, run_after=2024-08-13T00:00:00+00:00
[2024-08-13T11:06:28.819+0000] {processor.py:175} INFO - Processing /home/airflow/.local/lib/python3.7/site-packages/airflow/example_dags/example_nested_branch_dag.py took 0.138 seconds
