[2024-08-13T10:46:37.011+0000] {processor.py:153} INFO - Started process (PID=76) to work on /home/airflow/.local/lib/python3.7/site-packages/airflow/example_dags/example_skip_dag.py
[2024-08-13T10:46:37.015+0000] {processor.py:743} INFO - Processing file /home/airflow/.local/lib/python3.7/site-packages/airflow/example_dags/example_skip_dag.py for tasks to queue
[2024-08-13T10:46:37.018+0000] {logging_mixin.py:137} INFO - [2024-08-13T10:46:37.018+0000] {dagbag.py:538} INFO - Filling up the DagBag from /home/airflow/.local/lib/python3.7/site-packages/airflow/example_dags/example_skip_dag.py
[2024-08-13T10:46:37.059+0000] {processor.py:753} INFO - DAG(s) dict_keys(['example_skip_dag']) retrieved from /home/airflow/.local/lib/python3.7/site-packages/airflow/example_dags/example_skip_dag.py
[2024-08-13T10:46:38.083+0000] {logging_mixin.py:137} INFO - [2024-08-13T10:46:38.083+0000] {manager.py:504} INFO - Created Permission View: can delete on DAG:example_skip_dag
[2024-08-13T10:46:38.137+0000] {logging_mixin.py:137} INFO - [2024-08-13T10:46:38.137+0000] {manager.py:504} INFO - Created Permission View: can edit on DAG:example_skip_dag
[2024-08-13T10:46:38.166+0000] {logging_mixin.py:137} INFO - [2024-08-13T10:46:38.166+0000] {manager.py:504} INFO - Created Permission View: can read on DAG:example_skip_dag
[2024-08-13T10:46:38.166+0000] {logging_mixin.py:137} INFO - [2024-08-13T10:46:38.166+0000] {dag.py:2690} INFO - Sync 1 DAGs
[2024-08-13T10:46:38.232+0000] {logging_mixin.py:137} INFO - [2024-08-13T10:46:38.232+0000] {dag.py:2711} INFO - Creating ORM DAG for example_skip_dag
[2024-08-13T10:46:38.306+0000] {logging_mixin.py:137} INFO - [2024-08-13T10:46:38.306+0000] {dag.py:3441} INFO - Setting next_dagrun for example_skip_dag to 2024-08-12T10:46:38.306096+00:00, run_after=2024-08-13T10:46:38.306096+00:00
[2024-08-13T10:46:38.413+0000] {processor.py:175} INFO - Processing /home/airflow/.local/lib/python3.7/site-packages/airflow/example_dags/example_skip_dag.py took 1.407 seconds
[2024-08-13T10:47:09.330+0000] {processor.py:153} INFO - Started process (PID=135) to work on /home/airflow/.local/lib/python3.7/site-packages/airflow/example_dags/example_skip_dag.py
[2024-08-13T10:47:09.331+0000] {processor.py:743} INFO - Processing file /home/airflow/.local/lib/python3.7/site-packages/airflow/example_dags/example_skip_dag.py for tasks to queue
[2024-08-13T10:47:09.331+0000] {logging_mixin.py:137} INFO - [2024-08-13T10:47:09.331+0000] {dagbag.py:538} INFO - Filling up the DagBag from /home/airflow/.local/lib/python3.7/site-packages/airflow/example_dags/example_skip_dag.py
[2024-08-13T10:47:09.351+0000] {processor.py:753} INFO - DAG(s) dict_keys(['example_skip_dag']) retrieved from /home/airflow/.local/lib/python3.7/site-packages/airflow/example_dags/example_skip_dag.py
[2024-08-13T10:47:09.391+0000] {logging_mixin.py:137} INFO - [2024-08-13T10:47:09.391+0000] {dag.py:2690} INFO - Sync 1 DAGs
[2024-08-13T10:47:09.454+0000] {logging_mixin.py:137} INFO - [2024-08-13T10:47:09.454+0000] {dag.py:3441} INFO - Setting next_dagrun for example_skip_dag to 2024-08-12T10:47:09.454543+00:00, run_after=2024-08-13T10:47:09.454543+00:00
[2024-08-13T10:47:09.492+0000] {processor.py:175} INFO - Processing /home/airflow/.local/lib/python3.7/site-packages/airflow/example_dags/example_skip_dag.py took 0.167 seconds
[2024-08-13T10:47:39.655+0000] {processor.py:153} INFO - Started process (PID=193) to work on /home/airflow/.local/lib/python3.7/site-packages/airflow/example_dags/example_skip_dag.py
[2024-08-13T10:47:39.659+0000] {processor.py:743} INFO - Processing file /home/airflow/.local/lib/python3.7/site-packages/airflow/example_dags/example_skip_dag.py for tasks to queue
[2024-08-13T10:47:39.662+0000] {logging_mixin.py:137} INFO - [2024-08-13T10:47:39.662+0000] {dagbag.py:538} INFO - Filling up the DagBag from /home/airflow/.local/lib/python3.7/site-packages/airflow/example_dags/example_skip_dag.py
[2024-08-13T10:47:39.713+0000] {processor.py:753} INFO - DAG(s) dict_keys(['example_skip_dag']) retrieved from /home/airflow/.local/lib/python3.7/site-packages/airflow/example_dags/example_skip_dag.py
[2024-08-13T10:47:39.750+0000] {logging_mixin.py:137} INFO - [2024-08-13T10:47:39.749+0000] {dag.py:2690} INFO - Sync 1 DAGs
[2024-08-13T10:47:39.810+0000] {logging_mixin.py:137} INFO - [2024-08-13T10:47:39.810+0000] {dag.py:3441} INFO - Setting next_dagrun for example_skip_dag to 2024-08-12T10:47:39.810232+00:00, run_after=2024-08-13T10:47:39.810232+00:00
[2024-08-13T10:47:39.878+0000] {processor.py:175} INFO - Processing /home/airflow/.local/lib/python3.7/site-packages/airflow/example_dags/example_skip_dag.py took 0.226 seconds
[2024-08-13T10:48:10.536+0000] {processor.py:153} INFO - Started process (PID=252) to work on /home/airflow/.local/lib/python3.7/site-packages/airflow/example_dags/example_skip_dag.py
[2024-08-13T10:48:10.536+0000] {processor.py:743} INFO - Processing file /home/airflow/.local/lib/python3.7/site-packages/airflow/example_dags/example_skip_dag.py for tasks to queue
[2024-08-13T10:48:10.537+0000] {logging_mixin.py:137} INFO - [2024-08-13T10:48:10.537+0000] {dagbag.py:538} INFO - Filling up the DagBag from /home/airflow/.local/lib/python3.7/site-packages/airflow/example_dags/example_skip_dag.py
[2024-08-13T10:48:10.555+0000] {processor.py:753} INFO - DAG(s) dict_keys(['example_skip_dag']) retrieved from /home/airflow/.local/lib/python3.7/site-packages/airflow/example_dags/example_skip_dag.py
[2024-08-13T10:48:10.591+0000] {logging_mixin.py:137} INFO - [2024-08-13T10:48:10.591+0000] {dag.py:2690} INFO - Sync 1 DAGs
[2024-08-13T10:48:10.626+0000] {logging_mixin.py:137} INFO - [2024-08-13T10:48:10.625+0000] {dag.py:3441} INFO - Setting next_dagrun for example_skip_dag to 2024-08-12T10:48:10.625571+00:00, run_after=2024-08-13T10:48:10.625571+00:00
[2024-08-13T10:48:10.657+0000] {processor.py:175} INFO - Processing /home/airflow/.local/lib/python3.7/site-packages/airflow/example_dags/example_skip_dag.py took 0.124 seconds
[2024-08-13T10:48:41.016+0000] {processor.py:153} INFO - Started process (PID=309) to work on /home/airflow/.local/lib/python3.7/site-packages/airflow/example_dags/example_skip_dag.py
[2024-08-13T10:48:41.023+0000] {processor.py:743} INFO - Processing file /home/airflow/.local/lib/python3.7/site-packages/airflow/example_dags/example_skip_dag.py for tasks to queue
[2024-08-13T10:48:41.024+0000] {logging_mixin.py:137} INFO - [2024-08-13T10:48:41.024+0000] {dagbag.py:538} INFO - Filling up the DagBag from /home/airflow/.local/lib/python3.7/site-packages/airflow/example_dags/example_skip_dag.py
[2024-08-13T10:48:41.086+0000] {processor.py:753} INFO - DAG(s) dict_keys(['example_skip_dag']) retrieved from /home/airflow/.local/lib/python3.7/site-packages/airflow/example_dags/example_skip_dag.py
[2024-08-13T10:48:41.148+0000] {logging_mixin.py:137} INFO - [2024-08-13T10:48:41.148+0000] {dag.py:2690} INFO - Sync 1 DAGs
[2024-08-13T10:48:41.264+0000] {logging_mixin.py:137} INFO - [2024-08-13T10:48:41.264+0000] {dag.py:3441} INFO - Setting next_dagrun for example_skip_dag to 2024-08-12T10:48:41.264098+00:00, run_after=2024-08-13T10:48:41.264098+00:00
[2024-08-13T10:48:41.316+0000] {processor.py:175} INFO - Processing /home/airflow/.local/lib/python3.7/site-packages/airflow/example_dags/example_skip_dag.py took 0.304 seconds
[2024-08-13T10:49:11.928+0000] {processor.py:153} INFO - Started process (PID=367) to work on /home/airflow/.local/lib/python3.7/site-packages/airflow/example_dags/example_skip_dag.py
[2024-08-13T10:49:11.929+0000] {processor.py:743} INFO - Processing file /home/airflow/.local/lib/python3.7/site-packages/airflow/example_dags/example_skip_dag.py for tasks to queue
[2024-08-13T10:49:11.930+0000] {logging_mixin.py:137} INFO - [2024-08-13T10:49:11.930+0000] {dagbag.py:538} INFO - Filling up the DagBag from /home/airflow/.local/lib/python3.7/site-packages/airflow/example_dags/example_skip_dag.py
[2024-08-13T10:49:11.983+0000] {processor.py:753} INFO - DAG(s) dict_keys(['example_skip_dag']) retrieved from /home/airflow/.local/lib/python3.7/site-packages/airflow/example_dags/example_skip_dag.py
[2024-08-13T10:49:12.134+0000] {logging_mixin.py:137} INFO - [2024-08-13T10:49:12.134+0000] {dag.py:2690} INFO - Sync 1 DAGs
[2024-08-13T10:49:12.234+0000] {logging_mixin.py:137} INFO - [2024-08-13T10:49:12.234+0000] {dag.py:3441} INFO - Setting next_dagrun for example_skip_dag to 2024-08-12T10:49:12.234213+00:00, run_after=2024-08-13T10:49:12.234213+00:00
[2024-08-13T10:49:12.323+0000] {processor.py:175} INFO - Processing /home/airflow/.local/lib/python3.7/site-packages/airflow/example_dags/example_skip_dag.py took 0.416 seconds
[2024-08-13T10:49:42.968+0000] {processor.py:153} INFO - Started process (PID=425) to work on /home/airflow/.local/lib/python3.7/site-packages/airflow/example_dags/example_skip_dag.py
[2024-08-13T10:49:42.974+0000] {processor.py:743} INFO - Processing file /home/airflow/.local/lib/python3.7/site-packages/airflow/example_dags/example_skip_dag.py for tasks to queue
[2024-08-13T10:49:42.975+0000] {logging_mixin.py:137} INFO - [2024-08-13T10:49:42.975+0000] {dagbag.py:538} INFO - Filling up the DagBag from /home/airflow/.local/lib/python3.7/site-packages/airflow/example_dags/example_skip_dag.py
[2024-08-13T10:49:43.043+0000] {processor.py:753} INFO - DAG(s) dict_keys(['example_skip_dag']) retrieved from /home/airflow/.local/lib/python3.7/site-packages/airflow/example_dags/example_skip_dag.py
[2024-08-13T10:49:43.091+0000] {logging_mixin.py:137} INFO - [2024-08-13T10:49:43.090+0000] {dag.py:2690} INFO - Sync 1 DAGs
[2024-08-13T10:49:43.220+0000] {logging_mixin.py:137} INFO - [2024-08-13T10:49:43.219+0000] {dag.py:3441} INFO - Setting next_dagrun for example_skip_dag to 2024-08-12T10:49:43.219589+00:00, run_after=2024-08-13T10:49:43.219589+00:00
[2024-08-13T10:49:43.317+0000] {processor.py:175} INFO - Processing /home/airflow/.local/lib/python3.7/site-packages/airflow/example_dags/example_skip_dag.py took 0.352 seconds
[2024-08-13T10:50:13.489+0000] {processor.py:153} INFO - Started process (PID=483) to work on /home/airflow/.local/lib/python3.7/site-packages/airflow/example_dags/example_skip_dag.py
[2024-08-13T10:50:13.497+0000] {processor.py:743} INFO - Processing file /home/airflow/.local/lib/python3.7/site-packages/airflow/example_dags/example_skip_dag.py for tasks to queue
[2024-08-13T10:50:13.498+0000] {logging_mixin.py:137} INFO - [2024-08-13T10:50:13.498+0000] {dagbag.py:538} INFO - Filling up the DagBag from /home/airflow/.local/lib/python3.7/site-packages/airflow/example_dags/example_skip_dag.py
[2024-08-13T10:50:13.529+0000] {processor.py:753} INFO - DAG(s) dict_keys(['example_skip_dag']) retrieved from /home/airflow/.local/lib/python3.7/site-packages/airflow/example_dags/example_skip_dag.py
[2024-08-13T10:50:13.599+0000] {logging_mixin.py:137} INFO - [2024-08-13T10:50:13.598+0000] {dag.py:2690} INFO - Sync 1 DAGs
[2024-08-13T10:50:13.698+0000] {logging_mixin.py:137} INFO - [2024-08-13T10:50:13.698+0000] {dag.py:3441} INFO - Setting next_dagrun for example_skip_dag to 2024-08-12T10:50:13.698130+00:00, run_after=2024-08-13T10:50:13.698130+00:00
[2024-08-13T10:50:13.773+0000] {processor.py:175} INFO - Processing /home/airflow/.local/lib/python3.7/site-packages/airflow/example_dags/example_skip_dag.py took 0.287 seconds
[2024-08-13T11:04:57.678+0000] {processor.py:153} INFO - Started process (PID=58) to work on /home/airflow/.local/lib/python3.7/site-packages/airflow/example_dags/example_skip_dag.py
[2024-08-13T11:04:57.685+0000] {processor.py:743} INFO - Processing file /home/airflow/.local/lib/python3.7/site-packages/airflow/example_dags/example_skip_dag.py for tasks to queue
[2024-08-13T11:04:57.687+0000] {logging_mixin.py:137} INFO - [2024-08-13T11:04:57.686+0000] {dagbag.py:538} INFO - Filling up the DagBag from /home/airflow/.local/lib/python3.7/site-packages/airflow/example_dags/example_skip_dag.py
[2024-08-13T11:04:57.739+0000] {processor.py:753} INFO - DAG(s) dict_keys(['example_skip_dag']) retrieved from /home/airflow/.local/lib/python3.7/site-packages/airflow/example_dags/example_skip_dag.py
[2024-08-13T11:04:57.796+0000] {logging_mixin.py:137} INFO - [2024-08-13T11:04:57.796+0000] {dag.py:2690} INFO - Sync 1 DAGs
[2024-08-13T11:04:57.868+0000] {logging_mixin.py:137} INFO - [2024-08-13T11:04:57.868+0000] {dag.py:3441} INFO - Setting next_dagrun for example_skip_dag to 2024-08-12T11:04:57.868000+00:00, run_after=2024-08-13T11:04:57.868000+00:00
[2024-08-13T11:04:57.966+0000] {processor.py:175} INFO - Processing /home/airflow/.local/lib/python3.7/site-packages/airflow/example_dags/example_skip_dag.py took 0.292 seconds
[2024-08-13T11:05:28.659+0000] {processor.py:153} INFO - Started process (PID=116) to work on /home/airflow/.local/lib/python3.7/site-packages/airflow/example_dags/example_skip_dag.py
[2024-08-13T11:05:28.666+0000] {processor.py:743} INFO - Processing file /home/airflow/.local/lib/python3.7/site-packages/airflow/example_dags/example_skip_dag.py for tasks to queue
[2024-08-13T11:05:28.667+0000] {logging_mixin.py:137} INFO - [2024-08-13T11:05:28.667+0000] {dagbag.py:538} INFO - Filling up the DagBag from /home/airflow/.local/lib/python3.7/site-packages/airflow/example_dags/example_skip_dag.py
[2024-08-13T11:05:28.699+0000] {processor.py:753} INFO - DAG(s) dict_keys(['example_skip_dag']) retrieved from /home/airflow/.local/lib/python3.7/site-packages/airflow/example_dags/example_skip_dag.py
[2024-08-13T11:05:28.751+0000] {logging_mixin.py:137} INFO - [2024-08-13T11:05:28.751+0000] {dag.py:2690} INFO - Sync 1 DAGs
[2024-08-13T11:05:28.889+0000] {logging_mixin.py:137} INFO - [2024-08-13T11:05:28.888+0000] {dag.py:3441} INFO - Setting next_dagrun for example_skip_dag to 2024-08-12T11:05:28.888523+00:00, run_after=2024-08-13T11:05:28.888523+00:00
[2024-08-13T11:05:29.045+0000] {processor.py:175} INFO - Processing /home/airflow/.local/lib/python3.7/site-packages/airflow/example_dags/example_skip_dag.py took 0.398 seconds
[2024-08-13T11:05:59.806+0000] {processor.py:153} INFO - Started process (PID=175) to work on /home/airflow/.local/lib/python3.7/site-packages/airflow/example_dags/example_skip_dag.py
[2024-08-13T11:05:59.807+0000] {processor.py:743} INFO - Processing file /home/airflow/.local/lib/python3.7/site-packages/airflow/example_dags/example_skip_dag.py for tasks to queue
[2024-08-13T11:05:59.807+0000] {logging_mixin.py:137} INFO - [2024-08-13T11:05:59.807+0000] {dagbag.py:538} INFO - Filling up the DagBag from /home/airflow/.local/lib/python3.7/site-packages/airflow/example_dags/example_skip_dag.py
[2024-08-13T11:05:59.823+0000] {processor.py:753} INFO - DAG(s) dict_keys(['example_skip_dag']) retrieved from /home/airflow/.local/lib/python3.7/site-packages/airflow/example_dags/example_skip_dag.py
[2024-08-13T11:05:59.855+0000] {logging_mixin.py:137} INFO - [2024-08-13T11:05:59.855+0000] {dag.py:2690} INFO - Sync 1 DAGs
[2024-08-13T11:05:59.889+0000] {logging_mixin.py:137} INFO - [2024-08-13T11:05:59.889+0000] {dag.py:3441} INFO - Setting next_dagrun for example_skip_dag to 2024-08-12T11:05:59.889189+00:00, run_after=2024-08-13T11:05:59.889189+00:00
[2024-08-13T11:05:59.915+0000] {processor.py:175} INFO - Processing /home/airflow/.local/lib/python3.7/site-packages/airflow/example_dags/example_skip_dag.py took 0.112 seconds
[2024-08-13T11:06:30.197+0000] {processor.py:153} INFO - Started process (PID=234) to work on /home/airflow/.local/lib/python3.7/site-packages/airflow/example_dags/example_skip_dag.py
[2024-08-13T11:06:30.201+0000] {processor.py:743} INFO - Processing file /home/airflow/.local/lib/python3.7/site-packages/airflow/example_dags/example_skip_dag.py for tasks to queue
[2024-08-13T11:06:30.202+0000] {logging_mixin.py:137} INFO - [2024-08-13T11:06:30.202+0000] {dagbag.py:538} INFO - Filling up the DagBag from /home/airflow/.local/lib/python3.7/site-packages/airflow/example_dags/example_skip_dag.py
[2024-08-13T11:06:30.223+0000] {processor.py:753} INFO - DAG(s) dict_keys(['example_skip_dag']) retrieved from /home/airflow/.local/lib/python3.7/site-packages/airflow/example_dags/example_skip_dag.py
[2024-08-13T11:06:30.253+0000] {logging_mixin.py:137} INFO - [2024-08-13T11:06:30.253+0000] {dag.py:2690} INFO - Sync 1 DAGs
[2024-08-13T11:06:30.286+0000] {logging_mixin.py:137} INFO - [2024-08-13T11:06:30.286+0000] {dag.py:3441} INFO - Setting next_dagrun for example_skip_dag to 2024-08-12T11:06:30.285864+00:00, run_after=2024-08-13T11:06:30.285864+00:00
[2024-08-13T11:06:30.317+0000] {processor.py:175} INFO - Processing /home/airflow/.local/lib/python3.7/site-packages/airflow/example_dags/example_skip_dag.py took 0.125 seconds
