[2024-08-13T10:46:40.269+0000] {processor.py:153} INFO - Started process (PID=83) to work on /home/airflow/.local/lib/python3.7/site-packages/airflow/example_dags/example_python_operator.py
[2024-08-13T10:46:40.270+0000] {processor.py:743} INFO - Processing file /home/airflow/.local/lib/python3.7/site-packages/airflow/example_dags/example_python_operator.py for tasks to queue
[2024-08-13T10:46:40.271+0000] {logging_mixin.py:137} INFO - [2024-08-13T10:46:40.271+0000] {dagbag.py:538} INFO - Filling up the DagBag from /home/airflow/.local/lib/python3.7/site-packages/airflow/example_dags/example_python_operator.py
[2024-08-13T10:46:40.307+0000] {logging_mixin.py:137} INFO - [2024-08-13T10:46:40.307+0000] {taskmixin.py:205} WARNING - Dependency <Task(_PythonDecoratedOperator): print_the_context>, log_sql_query already registered for DAG: example_python_operator
[2024-08-13T10:46:40.308+0000] {logging_mixin.py:137} INFO - [2024-08-13T10:46:40.308+0000] {taskmixin.py:205} WARNING - Dependency <Task(_PythonDecoratedOperator): log_sql_query>, print_the_context already registered for DAG: example_python_operator
[2024-08-13T10:46:40.309+0000] {logging_mixin.py:137} INFO - [2024-08-13T10:46:40.308+0000] {taskmixin.py:205} WARNING - Dependency <Task(_PythonDecoratedOperator): print_the_context>, log_sql_query already registered for DAG: example_python_operator
[2024-08-13T10:46:40.309+0000] {logging_mixin.py:137} INFO - [2024-08-13T10:46:40.309+0000] {taskmixin.py:205} WARNING - Dependency <Task(_PythonDecoratedOperator): log_sql_query>, print_the_context already registered for DAG: example_python_operator
[2024-08-13T10:46:40.310+0000] {logging_mixin.py:137} INFO - [2024-08-13T10:46:40.310+0000] {taskmixin.py:205} WARNING - Dependency <Task(_PythonDecoratedOperator): print_the_context>, log_sql_query already registered for DAG: example_python_operator
[2024-08-13T10:46:40.310+0000] {logging_mixin.py:137} INFO - [2024-08-13T10:46:40.310+0000] {taskmixin.py:205} WARNING - Dependency <Task(_PythonDecoratedOperator): log_sql_query>, print_the_context already registered for DAG: example_python_operator
[2024-08-13T10:46:40.311+0000] {logging_mixin.py:137} INFO - [2024-08-13T10:46:40.311+0000] {taskmixin.py:205} WARNING - Dependency <Task(_PythonDecoratedOperator): print_the_context>, log_sql_query already registered for DAG: example_python_operator
[2024-08-13T10:46:40.312+0000] {logging_mixin.py:137} INFO - [2024-08-13T10:46:40.312+0000] {taskmixin.py:205} WARNING - Dependency <Task(_PythonDecoratedOperator): log_sql_query>, print_the_context already registered for DAG: example_python_operator
[2024-08-13T10:46:40.337+0000] {processor.py:753} INFO - DAG(s) dict_keys(['example_python_operator']) retrieved from /home/airflow/.local/lib/python3.7/site-packages/airflow/example_dags/example_python_operator.py
[2024-08-13T10:46:40.675+0000] {logging_mixin.py:137} INFO - [2024-08-13T10:46:40.675+0000] {manager.py:504} INFO - Created Permission View: can delete on DAG:example_python_operator
[2024-08-13T10:46:40.700+0000] {logging_mixin.py:137} INFO - [2024-08-13T10:46:40.700+0000] {manager.py:504} INFO - Created Permission View: can edit on DAG:example_python_operator
[2024-08-13T10:46:40.715+0000] {logging_mixin.py:137} INFO - [2024-08-13T10:46:40.715+0000] {manager.py:504} INFO - Created Permission View: can read on DAG:example_python_operator
[2024-08-13T10:46:40.715+0000] {logging_mixin.py:137} INFO - [2024-08-13T10:46:40.715+0000] {dag.py:2690} INFO - Sync 1 DAGs
[2024-08-13T10:46:40.734+0000] {logging_mixin.py:137} INFO - [2024-08-13T10:46:40.734+0000] {dag.py:2711} INFO - Creating ORM DAG for example_python_operator
[2024-08-13T10:46:40.751+0000] {logging_mixin.py:137} INFO - [2024-08-13T10:46:40.751+0000] {dag.py:3441} INFO - Setting next_dagrun for example_python_operator to None, run_after=None
[2024-08-13T10:46:40.784+0000] {processor.py:175} INFO - Processing /home/airflow/.local/lib/python3.7/site-packages/airflow/example_dags/example_python_operator.py took 0.518 seconds
[2024-08-13T10:47:10.865+0000] {processor.py:153} INFO - Started process (PID=141) to work on /home/airflow/.local/lib/python3.7/site-packages/airflow/example_dags/example_python_operator.py
[2024-08-13T10:47:10.884+0000] {processor.py:743} INFO - Processing file /home/airflow/.local/lib/python3.7/site-packages/airflow/example_dags/example_python_operator.py for tasks to queue
[2024-08-13T10:47:10.886+0000] {logging_mixin.py:137} INFO - [2024-08-13T10:47:10.885+0000] {dagbag.py:538} INFO - Filling up the DagBag from /home/airflow/.local/lib/python3.7/site-packages/airflow/example_dags/example_python_operator.py
[2024-08-13T10:47:10.908+0000] {logging_mixin.py:137} INFO - [2024-08-13T10:47:10.908+0000] {taskmixin.py:205} WARNING - Dependency <Task(_PythonDecoratedOperator): print_the_context>, log_sql_query already registered for DAG: example_python_operator
[2024-08-13T10:47:10.908+0000] {logging_mixin.py:137} INFO - [2024-08-13T10:47:10.908+0000] {taskmixin.py:205} WARNING - Dependency <Task(_PythonDecoratedOperator): log_sql_query>, print_the_context already registered for DAG: example_python_operator
[2024-08-13T10:47:10.910+0000] {logging_mixin.py:137} INFO - [2024-08-13T10:47:10.909+0000] {taskmixin.py:205} WARNING - Dependency <Task(_PythonDecoratedOperator): print_the_context>, log_sql_query already registered for DAG: example_python_operator
[2024-08-13T10:47:10.910+0000] {logging_mixin.py:137} INFO - [2024-08-13T10:47:10.910+0000] {taskmixin.py:205} WARNING - Dependency <Task(_PythonDecoratedOperator): log_sql_query>, print_the_context already registered for DAG: example_python_operator
[2024-08-13T10:47:10.911+0000] {logging_mixin.py:137} INFO - [2024-08-13T10:47:10.911+0000] {taskmixin.py:205} WARNING - Dependency <Task(_PythonDecoratedOperator): print_the_context>, log_sql_query already registered for DAG: example_python_operator
[2024-08-13T10:47:10.913+0000] {logging_mixin.py:137} INFO - [2024-08-13T10:47:10.913+0000] {taskmixin.py:205} WARNING - Dependency <Task(_PythonDecoratedOperator): log_sql_query>, print_the_context already registered for DAG: example_python_operator
[2024-08-13T10:47:10.914+0000] {logging_mixin.py:137} INFO - [2024-08-13T10:47:10.914+0000] {taskmixin.py:205} WARNING - Dependency <Task(_PythonDecoratedOperator): print_the_context>, log_sql_query already registered for DAG: example_python_operator
[2024-08-13T10:47:10.915+0000] {logging_mixin.py:137} INFO - [2024-08-13T10:47:10.915+0000] {taskmixin.py:205} WARNING - Dependency <Task(_PythonDecoratedOperator): log_sql_query>, print_the_context already registered for DAG: example_python_operator
[2024-08-13T10:47:10.921+0000] {processor.py:753} INFO - DAG(s) dict_keys(['example_python_operator']) retrieved from /home/airflow/.local/lib/python3.7/site-packages/airflow/example_dags/example_python_operator.py
[2024-08-13T10:47:10.943+0000] {logging_mixin.py:137} INFO - [2024-08-13T10:47:10.943+0000] {dag.py:2690} INFO - Sync 1 DAGs
[2024-08-13T10:47:10.969+0000] {logging_mixin.py:137} INFO - [2024-08-13T10:47:10.969+0000] {dag.py:3441} INFO - Setting next_dagrun for example_python_operator to None, run_after=None
[2024-08-13T10:47:11.000+0000] {processor.py:175} INFO - Processing /home/airflow/.local/lib/python3.7/site-packages/airflow/example_dags/example_python_operator.py took 0.146 seconds
[2024-08-13T10:47:41.372+0000] {processor.py:153} INFO - Started process (PID=199) to work on /home/airflow/.local/lib/python3.7/site-packages/airflow/example_dags/example_python_operator.py
[2024-08-13T10:47:41.381+0000] {processor.py:743} INFO - Processing file /home/airflow/.local/lib/python3.7/site-packages/airflow/example_dags/example_python_operator.py for tasks to queue
[2024-08-13T10:47:41.385+0000] {logging_mixin.py:137} INFO - [2024-08-13T10:47:41.385+0000] {dagbag.py:538} INFO - Filling up the DagBag from /home/airflow/.local/lib/python3.7/site-packages/airflow/example_dags/example_python_operator.py
[2024-08-13T10:47:41.435+0000] {logging_mixin.py:137} INFO - [2024-08-13T10:47:41.435+0000] {taskmixin.py:205} WARNING - Dependency <Task(_PythonDecoratedOperator): print_the_context>, log_sql_query already registered for DAG: example_python_operator
[2024-08-13T10:47:41.441+0000] {logging_mixin.py:137} INFO - [2024-08-13T10:47:41.441+0000] {taskmixin.py:205} WARNING - Dependency <Task(_PythonDecoratedOperator): log_sql_query>, print_the_context already registered for DAG: example_python_operator
[2024-08-13T10:47:41.442+0000] {logging_mixin.py:137} INFO - [2024-08-13T10:47:41.442+0000] {taskmixin.py:205} WARNING - Dependency <Task(_PythonDecoratedOperator): print_the_context>, log_sql_query already registered for DAG: example_python_operator
[2024-08-13T10:47:41.442+0000] {logging_mixin.py:137} INFO - [2024-08-13T10:47:41.442+0000] {taskmixin.py:205} WARNING - Dependency <Task(_PythonDecoratedOperator): log_sql_query>, print_the_context already registered for DAG: example_python_operator
[2024-08-13T10:47:41.443+0000] {logging_mixin.py:137} INFO - [2024-08-13T10:47:41.443+0000] {taskmixin.py:205} WARNING - Dependency <Task(_PythonDecoratedOperator): print_the_context>, log_sql_query already registered for DAG: example_python_operator
[2024-08-13T10:47:41.452+0000] {logging_mixin.py:137} INFO - [2024-08-13T10:47:41.452+0000] {taskmixin.py:205} WARNING - Dependency <Task(_PythonDecoratedOperator): log_sql_query>, print_the_context already registered for DAG: example_python_operator
[2024-08-13T10:47:41.453+0000] {logging_mixin.py:137} INFO - [2024-08-13T10:47:41.453+0000] {taskmixin.py:205} WARNING - Dependency <Task(_PythonDecoratedOperator): print_the_context>, log_sql_query already registered for DAG: example_python_operator
[2024-08-13T10:47:41.454+0000] {logging_mixin.py:137} INFO - [2024-08-13T10:47:41.453+0000] {taskmixin.py:205} WARNING - Dependency <Task(_PythonDecoratedOperator): log_sql_query>, print_the_context already registered for DAG: example_python_operator
[2024-08-13T10:47:41.462+0000] {processor.py:753} INFO - DAG(s) dict_keys(['example_python_operator']) retrieved from /home/airflow/.local/lib/python3.7/site-packages/airflow/example_dags/example_python_operator.py
[2024-08-13T10:47:41.491+0000] {logging_mixin.py:137} INFO - [2024-08-13T10:47:41.491+0000] {dag.py:2690} INFO - Sync 1 DAGs
[2024-08-13T10:47:41.544+0000] {logging_mixin.py:137} INFO - [2024-08-13T10:47:41.543+0000] {dag.py:3441} INFO - Setting next_dagrun for example_python_operator to None, run_after=None
[2024-08-13T10:47:41.576+0000] {processor.py:175} INFO - Processing /home/airflow/.local/lib/python3.7/site-packages/airflow/example_dags/example_python_operator.py took 0.213 seconds
[2024-08-13T10:48:12.188+0000] {processor.py:153} INFO - Started process (PID=258) to work on /home/airflow/.local/lib/python3.7/site-packages/airflow/example_dags/example_python_operator.py
[2024-08-13T10:48:12.194+0000] {processor.py:743} INFO - Processing file /home/airflow/.local/lib/python3.7/site-packages/airflow/example_dags/example_python_operator.py for tasks to queue
[2024-08-13T10:48:12.195+0000] {logging_mixin.py:137} INFO - [2024-08-13T10:48:12.194+0000] {dagbag.py:538} INFO - Filling up the DagBag from /home/airflow/.local/lib/python3.7/site-packages/airflow/example_dags/example_python_operator.py
[2024-08-13T10:48:12.232+0000] {logging_mixin.py:137} INFO - [2024-08-13T10:48:12.232+0000] {taskmixin.py:205} WARNING - Dependency <Task(_PythonDecoratedOperator): print_the_context>, log_sql_query already registered for DAG: example_python_operator
[2024-08-13T10:48:12.235+0000] {logging_mixin.py:137} INFO - [2024-08-13T10:48:12.235+0000] {taskmixin.py:205} WARNING - Dependency <Task(_PythonDecoratedOperator): log_sql_query>, print_the_context already registered for DAG: example_python_operator
[2024-08-13T10:48:12.236+0000] {logging_mixin.py:137} INFO - [2024-08-13T10:48:12.236+0000] {taskmixin.py:205} WARNING - Dependency <Task(_PythonDecoratedOperator): print_the_context>, log_sql_query already registered for DAG: example_python_operator
[2024-08-13T10:48:12.237+0000] {logging_mixin.py:137} INFO - [2024-08-13T10:48:12.236+0000] {taskmixin.py:205} WARNING - Dependency <Task(_PythonDecoratedOperator): log_sql_query>, print_the_context already registered for DAG: example_python_operator
[2024-08-13T10:48:12.239+0000] {logging_mixin.py:137} INFO - [2024-08-13T10:48:12.238+0000] {taskmixin.py:205} WARNING - Dependency <Task(_PythonDecoratedOperator): print_the_context>, log_sql_query already registered for DAG: example_python_operator
[2024-08-13T10:48:12.243+0000] {logging_mixin.py:137} INFO - [2024-08-13T10:48:12.243+0000] {taskmixin.py:205} WARNING - Dependency <Task(_PythonDecoratedOperator): log_sql_query>, print_the_context already registered for DAG: example_python_operator
[2024-08-13T10:48:12.244+0000] {logging_mixin.py:137} INFO - [2024-08-13T10:48:12.244+0000] {taskmixin.py:205} WARNING - Dependency <Task(_PythonDecoratedOperator): print_the_context>, log_sql_query already registered for DAG: example_python_operator
[2024-08-13T10:48:12.245+0000] {logging_mixin.py:137} INFO - [2024-08-13T10:48:12.245+0000] {taskmixin.py:205} WARNING - Dependency <Task(_PythonDecoratedOperator): log_sql_query>, print_the_context already registered for DAG: example_python_operator
[2024-08-13T10:48:12.264+0000] {processor.py:753} INFO - DAG(s) dict_keys(['example_python_operator']) retrieved from /home/airflow/.local/lib/python3.7/site-packages/airflow/example_dags/example_python_operator.py
[2024-08-13T10:48:12.440+0000] {logging_mixin.py:137} INFO - [2024-08-13T10:48:12.439+0000] {dag.py:2690} INFO - Sync 1 DAGs
[2024-08-13T10:48:12.506+0000] {logging_mixin.py:137} INFO - [2024-08-13T10:48:12.505+0000] {dag.py:3441} INFO - Setting next_dagrun for example_python_operator to None, run_after=None
[2024-08-13T10:48:12.570+0000] {processor.py:175} INFO - Processing /home/airflow/.local/lib/python3.7/site-packages/airflow/example_dags/example_python_operator.py took 0.385 seconds
[2024-08-13T10:48:42.984+0000] {processor.py:153} INFO - Started process (PID=315) to work on /home/airflow/.local/lib/python3.7/site-packages/airflow/example_dags/example_python_operator.py
[2024-08-13T10:48:42.997+0000] {processor.py:743} INFO - Processing file /home/airflow/.local/lib/python3.7/site-packages/airflow/example_dags/example_python_operator.py for tasks to queue
[2024-08-13T10:48:42.998+0000] {logging_mixin.py:137} INFO - [2024-08-13T10:48:42.998+0000] {dagbag.py:538} INFO - Filling up the DagBag from /home/airflow/.local/lib/python3.7/site-packages/airflow/example_dags/example_python_operator.py
[2024-08-13T10:48:43.050+0000] {logging_mixin.py:137} INFO - [2024-08-13T10:48:43.050+0000] {taskmixin.py:205} WARNING - Dependency <Task(_PythonDecoratedOperator): print_the_context>, log_sql_query already registered for DAG: example_python_operator
[2024-08-13T10:48:43.057+0000] {logging_mixin.py:137} INFO - [2024-08-13T10:48:43.057+0000] {taskmixin.py:205} WARNING - Dependency <Task(_PythonDecoratedOperator): log_sql_query>, print_the_context already registered for DAG: example_python_operator
[2024-08-13T10:48:43.059+0000] {logging_mixin.py:137} INFO - [2024-08-13T10:48:43.059+0000] {taskmixin.py:205} WARNING - Dependency <Task(_PythonDecoratedOperator): print_the_context>, log_sql_query already registered for DAG: example_python_operator
[2024-08-13T10:48:43.059+0000] {logging_mixin.py:137} INFO - [2024-08-13T10:48:43.059+0000] {taskmixin.py:205} WARNING - Dependency <Task(_PythonDecoratedOperator): log_sql_query>, print_the_context already registered for DAG: example_python_operator
[2024-08-13T10:48:43.060+0000] {logging_mixin.py:137} INFO - [2024-08-13T10:48:43.060+0000] {taskmixin.py:205} WARNING - Dependency <Task(_PythonDecoratedOperator): print_the_context>, log_sql_query already registered for DAG: example_python_operator
[2024-08-13T10:48:43.061+0000] {logging_mixin.py:137} INFO - [2024-08-13T10:48:43.061+0000] {taskmixin.py:205} WARNING - Dependency <Task(_PythonDecoratedOperator): log_sql_query>, print_the_context already registered for DAG: example_python_operator
[2024-08-13T10:48:43.069+0000] {logging_mixin.py:137} INFO - [2024-08-13T10:48:43.069+0000] {taskmixin.py:205} WARNING - Dependency <Task(_PythonDecoratedOperator): print_the_context>, log_sql_query already registered for DAG: example_python_operator
[2024-08-13T10:48:43.069+0000] {logging_mixin.py:137} INFO - [2024-08-13T10:48:43.069+0000] {taskmixin.py:205} WARNING - Dependency <Task(_PythonDecoratedOperator): log_sql_query>, print_the_context already registered for DAG: example_python_operator
[2024-08-13T10:48:43.091+0000] {processor.py:753} INFO - DAG(s) dict_keys(['example_python_operator']) retrieved from /home/airflow/.local/lib/python3.7/site-packages/airflow/example_dags/example_python_operator.py
[2024-08-13T10:48:43.149+0000] {logging_mixin.py:137} INFO - [2024-08-13T10:48:43.136+0000] {dag.py:2690} INFO - Sync 1 DAGs
[2024-08-13T10:48:43.220+0000] {logging_mixin.py:137} INFO - [2024-08-13T10:48:43.220+0000] {dag.py:3441} INFO - Setting next_dagrun for example_python_operator to None, run_after=None
[2024-08-13T10:48:43.364+0000] {processor.py:175} INFO - Processing /home/airflow/.local/lib/python3.7/site-packages/airflow/example_dags/example_python_operator.py took 0.388 seconds
[2024-08-13T10:49:14.131+0000] {processor.py:153} INFO - Started process (PID=373) to work on /home/airflow/.local/lib/python3.7/site-packages/airflow/example_dags/example_python_operator.py
[2024-08-13T10:49:14.141+0000] {processor.py:743} INFO - Processing file /home/airflow/.local/lib/python3.7/site-packages/airflow/example_dags/example_python_operator.py for tasks to queue
[2024-08-13T10:49:14.144+0000] {logging_mixin.py:137} INFO - [2024-08-13T10:49:14.143+0000] {dagbag.py:538} INFO - Filling up the DagBag from /home/airflow/.local/lib/python3.7/site-packages/airflow/example_dags/example_python_operator.py
[2024-08-13T10:49:14.198+0000] {logging_mixin.py:137} INFO - [2024-08-13T10:49:14.198+0000] {taskmixin.py:205} WARNING - Dependency <Task(_PythonDecoratedOperator): print_the_context>, log_sql_query already registered for DAG: example_python_operator
[2024-08-13T10:49:14.199+0000] {logging_mixin.py:137} INFO - [2024-08-13T10:49:14.198+0000] {taskmixin.py:205} WARNING - Dependency <Task(_PythonDecoratedOperator): log_sql_query>, print_the_context already registered for DAG: example_python_operator
[2024-08-13T10:49:14.201+0000] {logging_mixin.py:137} INFO - [2024-08-13T10:49:14.200+0000] {taskmixin.py:205} WARNING - Dependency <Task(_PythonDecoratedOperator): print_the_context>, log_sql_query already registered for DAG: example_python_operator
[2024-08-13T10:49:14.202+0000] {logging_mixin.py:137} INFO - [2024-08-13T10:49:14.201+0000] {taskmixin.py:205} WARNING - Dependency <Task(_PythonDecoratedOperator): log_sql_query>, print_the_context already registered for DAG: example_python_operator
[2024-08-13T10:49:14.203+0000] {logging_mixin.py:137} INFO - [2024-08-13T10:49:14.203+0000] {taskmixin.py:205} WARNING - Dependency <Task(_PythonDecoratedOperator): print_the_context>, log_sql_query already registered for DAG: example_python_operator
[2024-08-13T10:49:14.204+0000] {logging_mixin.py:137} INFO - [2024-08-13T10:49:14.204+0000] {taskmixin.py:205} WARNING - Dependency <Task(_PythonDecoratedOperator): log_sql_query>, print_the_context already registered for DAG: example_python_operator
[2024-08-13T10:49:14.207+0000] {logging_mixin.py:137} INFO - [2024-08-13T10:49:14.205+0000] {taskmixin.py:205} WARNING - Dependency <Task(_PythonDecoratedOperator): print_the_context>, log_sql_query already registered for DAG: example_python_operator
[2024-08-13T10:49:14.208+0000] {logging_mixin.py:137} INFO - [2024-08-13T10:49:14.208+0000] {taskmixin.py:205} WARNING - Dependency <Task(_PythonDecoratedOperator): log_sql_query>, print_the_context already registered for DAG: example_python_operator
[2024-08-13T10:49:14.252+0000] {processor.py:753} INFO - DAG(s) dict_keys(['example_python_operator']) retrieved from /home/airflow/.local/lib/python3.7/site-packages/airflow/example_dags/example_python_operator.py
[2024-08-13T10:49:14.583+0000] {logging_mixin.py:137} INFO - [2024-08-13T10:49:14.583+0000] {dag.py:2690} INFO - Sync 1 DAGs
[2024-08-13T10:49:14.694+0000] {logging_mixin.py:137} INFO - [2024-08-13T10:49:14.694+0000] {dag.py:3441} INFO - Setting next_dagrun for example_python_operator to None, run_after=None
[2024-08-13T10:49:14.800+0000] {processor.py:175} INFO - Processing /home/airflow/.local/lib/python3.7/site-packages/airflow/example_dags/example_python_operator.py took 0.673 seconds
[2024-08-13T10:49:45.171+0000] {processor.py:153} INFO - Started process (PID=431) to work on /home/airflow/.local/lib/python3.7/site-packages/airflow/example_dags/example_python_operator.py
[2024-08-13T10:49:45.184+0000] {processor.py:743} INFO - Processing file /home/airflow/.local/lib/python3.7/site-packages/airflow/example_dags/example_python_operator.py for tasks to queue
[2024-08-13T10:49:45.185+0000] {logging_mixin.py:137} INFO - [2024-08-13T10:49:45.185+0000] {dagbag.py:538} INFO - Filling up the DagBag from /home/airflow/.local/lib/python3.7/site-packages/airflow/example_dags/example_python_operator.py
[2024-08-13T10:49:45.255+0000] {logging_mixin.py:137} INFO - [2024-08-13T10:49:45.255+0000] {taskmixin.py:205} WARNING - Dependency <Task(_PythonDecoratedOperator): print_the_context>, log_sql_query already registered for DAG: example_python_operator
[2024-08-13T10:49:45.256+0000] {logging_mixin.py:137} INFO - [2024-08-13T10:49:45.256+0000] {taskmixin.py:205} WARNING - Dependency <Task(_PythonDecoratedOperator): log_sql_query>, print_the_context already registered for DAG: example_python_operator
[2024-08-13T10:49:45.257+0000] {logging_mixin.py:137} INFO - [2024-08-13T10:49:45.257+0000] {taskmixin.py:205} WARNING - Dependency <Task(_PythonDecoratedOperator): print_the_context>, log_sql_query already registered for DAG: example_python_operator
[2024-08-13T10:49:45.260+0000] {logging_mixin.py:137} INFO - [2024-08-13T10:49:45.260+0000] {taskmixin.py:205} WARNING - Dependency <Task(_PythonDecoratedOperator): log_sql_query>, print_the_context already registered for DAG: example_python_operator
[2024-08-13T10:49:45.261+0000] {logging_mixin.py:137} INFO - [2024-08-13T10:49:45.261+0000] {taskmixin.py:205} WARNING - Dependency <Task(_PythonDecoratedOperator): print_the_context>, log_sql_query already registered for DAG: example_python_operator
[2024-08-13T10:49:45.267+0000] {logging_mixin.py:137} INFO - [2024-08-13T10:49:45.266+0000] {taskmixin.py:205} WARNING - Dependency <Task(_PythonDecoratedOperator): log_sql_query>, print_the_context already registered for DAG: example_python_operator
[2024-08-13T10:49:45.268+0000] {logging_mixin.py:137} INFO - [2024-08-13T10:49:45.268+0000] {taskmixin.py:205} WARNING - Dependency <Task(_PythonDecoratedOperator): print_the_context>, log_sql_query already registered for DAG: example_python_operator
[2024-08-13T10:49:45.268+0000] {logging_mixin.py:137} INFO - [2024-08-13T10:49:45.268+0000] {taskmixin.py:205} WARNING - Dependency <Task(_PythonDecoratedOperator): log_sql_query>, print_the_context already registered for DAG: example_python_operator
[2024-08-13T10:49:45.296+0000] {processor.py:753} INFO - DAG(s) dict_keys(['example_python_operator']) retrieved from /home/airflow/.local/lib/python3.7/site-packages/airflow/example_dags/example_python_operator.py
[2024-08-13T10:49:45.313+0000] {logging_mixin.py:137} INFO - [2024-08-13T10:49:45.313+0000] {dag.py:2690} INFO - Sync 1 DAGs
[2024-08-13T10:49:45.417+0000] {logging_mixin.py:137} INFO - [2024-08-13T10:49:45.417+0000] {dag.py:3441} INFO - Setting next_dagrun for example_python_operator to None, run_after=None
[2024-08-13T10:49:45.445+0000] {processor.py:175} INFO - Processing /home/airflow/.local/lib/python3.7/site-packages/airflow/example_dags/example_python_operator.py took 0.315 seconds
[2024-08-13T11:04:59.237+0000] {processor.py:153} INFO - Started process (PID=64) to work on /home/airflow/.local/lib/python3.7/site-packages/airflow/example_dags/example_python_operator.py
[2024-08-13T11:04:59.246+0000] {processor.py:743} INFO - Processing file /home/airflow/.local/lib/python3.7/site-packages/airflow/example_dags/example_python_operator.py for tasks to queue
[2024-08-13T11:04:59.247+0000] {logging_mixin.py:137} INFO - [2024-08-13T11:04:59.247+0000] {dagbag.py:538} INFO - Filling up the DagBag from /home/airflow/.local/lib/python3.7/site-packages/airflow/example_dags/example_python_operator.py
[2024-08-13T11:04:59.282+0000] {logging_mixin.py:137} INFO - [2024-08-13T11:04:59.282+0000] {taskmixin.py:205} WARNING - Dependency <Task(_PythonDecoratedOperator): print_the_context>, log_sql_query already registered for DAG: example_python_operator
[2024-08-13T11:04:59.283+0000] {logging_mixin.py:137} INFO - [2024-08-13T11:04:59.282+0000] {taskmixin.py:205} WARNING - Dependency <Task(_PythonDecoratedOperator): log_sql_query>, print_the_context already registered for DAG: example_python_operator
[2024-08-13T11:04:59.284+0000] {logging_mixin.py:137} INFO - [2024-08-13T11:04:59.283+0000] {taskmixin.py:205} WARNING - Dependency <Task(_PythonDecoratedOperator): print_the_context>, log_sql_query already registered for DAG: example_python_operator
[2024-08-13T11:04:59.284+0000] {logging_mixin.py:137} INFO - [2024-08-13T11:04:59.284+0000] {taskmixin.py:205} WARNING - Dependency <Task(_PythonDecoratedOperator): log_sql_query>, print_the_context already registered for DAG: example_python_operator
[2024-08-13T11:04:59.285+0000] {logging_mixin.py:137} INFO - [2024-08-13T11:04:59.285+0000] {taskmixin.py:205} WARNING - Dependency <Task(_PythonDecoratedOperator): print_the_context>, log_sql_query already registered for DAG: example_python_operator
[2024-08-13T11:04:59.292+0000] {logging_mixin.py:137} INFO - [2024-08-13T11:04:59.292+0000] {taskmixin.py:205} WARNING - Dependency <Task(_PythonDecoratedOperator): log_sql_query>, print_the_context already registered for DAG: example_python_operator
[2024-08-13T11:04:59.293+0000] {logging_mixin.py:137} INFO - [2024-08-13T11:04:59.293+0000] {taskmixin.py:205} WARNING - Dependency <Task(_PythonDecoratedOperator): print_the_context>, log_sql_query already registered for DAG: example_python_operator
[2024-08-13T11:04:59.294+0000] {logging_mixin.py:137} INFO - [2024-08-13T11:04:59.294+0000] {taskmixin.py:205} WARNING - Dependency <Task(_PythonDecoratedOperator): log_sql_query>, print_the_context already registered for DAG: example_python_operator
[2024-08-13T11:04:59.310+0000] {processor.py:753} INFO - DAG(s) dict_keys(['example_python_operator']) retrieved from /home/airflow/.local/lib/python3.7/site-packages/airflow/example_dags/example_python_operator.py
[2024-08-13T11:04:59.454+0000] {logging_mixin.py:137} INFO - [2024-08-13T11:04:59.454+0000] {dag.py:2690} INFO - Sync 1 DAGs
[2024-08-13T11:04:59.498+0000] {logging_mixin.py:137} INFO - [2024-08-13T11:04:59.498+0000] {dag.py:3441} INFO - Setting next_dagrun for example_python_operator to None, run_after=None
[2024-08-13T11:04:59.548+0000] {processor.py:175} INFO - Processing /home/airflow/.local/lib/python3.7/site-packages/airflow/example_dags/example_python_operator.py took 0.314 seconds
[2024-08-13T11:05:29.856+0000] {processor.py:153} INFO - Started process (PID=122) to work on /home/airflow/.local/lib/python3.7/site-packages/airflow/example_dags/example_python_operator.py
[2024-08-13T11:05:29.857+0000] {processor.py:743} INFO - Processing file /home/airflow/.local/lib/python3.7/site-packages/airflow/example_dags/example_python_operator.py for tasks to queue
[2024-08-13T11:05:29.858+0000] {logging_mixin.py:137} INFO - [2024-08-13T11:05:29.858+0000] {dagbag.py:538} INFO - Filling up the DagBag from /home/airflow/.local/lib/python3.7/site-packages/airflow/example_dags/example_python_operator.py
[2024-08-13T11:05:29.879+0000] {logging_mixin.py:137} INFO - [2024-08-13T11:05:29.879+0000] {taskmixin.py:205} WARNING - Dependency <Task(_PythonDecoratedOperator): print_the_context>, log_sql_query already registered for DAG: example_python_operator
[2024-08-13T11:05:29.880+0000] {logging_mixin.py:137} INFO - [2024-08-13T11:05:29.879+0000] {taskmixin.py:205} WARNING - Dependency <Task(_PythonDecoratedOperator): log_sql_query>, print_the_context already registered for DAG: example_python_operator
[2024-08-13T11:05:29.881+0000] {logging_mixin.py:137} INFO - [2024-08-13T11:05:29.881+0000] {taskmixin.py:205} WARNING - Dependency <Task(_PythonDecoratedOperator): print_the_context>, log_sql_query already registered for DAG: example_python_operator
[2024-08-13T11:05:29.881+0000] {logging_mixin.py:137} INFO - [2024-08-13T11:05:29.881+0000] {taskmixin.py:205} WARNING - Dependency <Task(_PythonDecoratedOperator): log_sql_query>, print_the_context already registered for DAG: example_python_operator
[2024-08-13T11:05:29.882+0000] {logging_mixin.py:137} INFO - [2024-08-13T11:05:29.882+0000] {taskmixin.py:205} WARNING - Dependency <Task(_PythonDecoratedOperator): print_the_context>, log_sql_query already registered for DAG: example_python_operator
[2024-08-13T11:05:29.883+0000] {logging_mixin.py:137} INFO - [2024-08-13T11:05:29.882+0000] {taskmixin.py:205} WARNING - Dependency <Task(_PythonDecoratedOperator): log_sql_query>, print_the_context already registered for DAG: example_python_operator
[2024-08-13T11:05:29.884+0000] {logging_mixin.py:137} INFO - [2024-08-13T11:05:29.883+0000] {taskmixin.py:205} WARNING - Dependency <Task(_PythonDecoratedOperator): print_the_context>, log_sql_query already registered for DAG: example_python_operator
[2024-08-13T11:05:29.884+0000] {logging_mixin.py:137} INFO - [2024-08-13T11:05:29.884+0000] {taskmixin.py:205} WARNING - Dependency <Task(_PythonDecoratedOperator): log_sql_query>, print_the_context already registered for DAG: example_python_operator
[2024-08-13T11:05:29.893+0000] {processor.py:753} INFO - DAG(s) dict_keys(['example_python_operator']) retrieved from /home/airflow/.local/lib/python3.7/site-packages/airflow/example_dags/example_python_operator.py
[2024-08-13T11:05:29.923+0000] {logging_mixin.py:137} INFO - [2024-08-13T11:05:29.923+0000] {dag.py:2690} INFO - Sync 1 DAGs
[2024-08-13T11:05:29.951+0000] {logging_mixin.py:137} INFO - [2024-08-13T11:05:29.951+0000] {dag.py:3441} INFO - Setting next_dagrun for example_python_operator to None, run_after=None
[2024-08-13T11:05:29.972+0000] {processor.py:175} INFO - Processing /home/airflow/.local/lib/python3.7/site-packages/airflow/example_dags/example_python_operator.py took 0.119 seconds
[2024-08-13T11:06:00.497+0000] {processor.py:153} INFO - Started process (PID=181) to work on /home/airflow/.local/lib/python3.7/site-packages/airflow/example_dags/example_python_operator.py
[2024-08-13T11:06:00.499+0000] {processor.py:743} INFO - Processing file /home/airflow/.local/lib/python3.7/site-packages/airflow/example_dags/example_python_operator.py for tasks to queue
[2024-08-13T11:06:00.500+0000] {logging_mixin.py:137} INFO - [2024-08-13T11:06:00.500+0000] {dagbag.py:538} INFO - Filling up the DagBag from /home/airflow/.local/lib/python3.7/site-packages/airflow/example_dags/example_python_operator.py
[2024-08-13T11:06:00.530+0000] {logging_mixin.py:137} INFO - [2024-08-13T11:06:00.530+0000] {taskmixin.py:205} WARNING - Dependency <Task(_PythonDecoratedOperator): print_the_context>, log_sql_query already registered for DAG: example_python_operator
[2024-08-13T11:06:00.530+0000] {logging_mixin.py:137} INFO - [2024-08-13T11:06:00.530+0000] {taskmixin.py:205} WARNING - Dependency <Task(_PythonDecoratedOperator): log_sql_query>, print_the_context already registered for DAG: example_python_operator
[2024-08-13T11:06:00.531+0000] {logging_mixin.py:137} INFO - [2024-08-13T11:06:00.531+0000] {taskmixin.py:205} WARNING - Dependency <Task(_PythonDecoratedOperator): print_the_context>, log_sql_query already registered for DAG: example_python_operator
[2024-08-13T11:06:00.531+0000] {logging_mixin.py:137} INFO - [2024-08-13T11:06:00.531+0000] {taskmixin.py:205} WARNING - Dependency <Task(_PythonDecoratedOperator): log_sql_query>, print_the_context already registered for DAG: example_python_operator
[2024-08-13T11:06:00.532+0000] {logging_mixin.py:137} INFO - [2024-08-13T11:06:00.532+0000] {taskmixin.py:205} WARNING - Dependency <Task(_PythonDecoratedOperator): print_the_context>, log_sql_query already registered for DAG: example_python_operator
[2024-08-13T11:06:00.532+0000] {logging_mixin.py:137} INFO - [2024-08-13T11:06:00.532+0000] {taskmixin.py:205} WARNING - Dependency <Task(_PythonDecoratedOperator): log_sql_query>, print_the_context already registered for DAG: example_python_operator
[2024-08-13T11:06:00.533+0000] {logging_mixin.py:137} INFO - [2024-08-13T11:06:00.533+0000] {taskmixin.py:205} WARNING - Dependency <Task(_PythonDecoratedOperator): print_the_context>, log_sql_query already registered for DAG: example_python_operator
[2024-08-13T11:06:00.534+0000] {logging_mixin.py:137} INFO - [2024-08-13T11:06:00.533+0000] {taskmixin.py:205} WARNING - Dependency <Task(_PythonDecoratedOperator): log_sql_query>, print_the_context already registered for DAG: example_python_operator
[2024-08-13T11:06:00.552+0000] {processor.py:753} INFO - DAG(s) dict_keys(['example_python_operator']) retrieved from /home/airflow/.local/lib/python3.7/site-packages/airflow/example_dags/example_python_operator.py
[2024-08-13T11:06:00.590+0000] {logging_mixin.py:137} INFO - [2024-08-13T11:06:00.590+0000] {dag.py:2690} INFO - Sync 1 DAGs
[2024-08-13T11:06:00.627+0000] {logging_mixin.py:137} INFO - [2024-08-13T11:06:00.626+0000] {dag.py:3441} INFO - Setting next_dagrun for example_python_operator to None, run_after=None
[2024-08-13T11:06:00.659+0000] {processor.py:175} INFO - Processing /home/airflow/.local/lib/python3.7/site-packages/airflow/example_dags/example_python_operator.py took 0.166 seconds
[2024-08-13T11:06:30.711+0000] {processor.py:153} INFO - Started process (PID=240) to work on /home/airflow/.local/lib/python3.7/site-packages/airflow/example_dags/example_python_operator.py
[2024-08-13T11:06:30.711+0000] {processor.py:743} INFO - Processing file /home/airflow/.local/lib/python3.7/site-packages/airflow/example_dags/example_python_operator.py for tasks to queue
[2024-08-13T11:06:30.712+0000] {logging_mixin.py:137} INFO - [2024-08-13T11:06:30.712+0000] {dagbag.py:538} INFO - Filling up the DagBag from /home/airflow/.local/lib/python3.7/site-packages/airflow/example_dags/example_python_operator.py
[2024-08-13T11:06:30.730+0000] {logging_mixin.py:137} INFO - [2024-08-13T11:06:30.730+0000] {taskmixin.py:205} WARNING - Dependency <Task(_PythonDecoratedOperator): print_the_context>, log_sql_query already registered for DAG: example_python_operator
[2024-08-13T11:06:30.731+0000] {logging_mixin.py:137} INFO - [2024-08-13T11:06:30.731+0000] {taskmixin.py:205} WARNING - Dependency <Task(_PythonDecoratedOperator): log_sql_query>, print_the_context already registered for DAG: example_python_operator
[2024-08-13T11:06:30.732+0000] {logging_mixin.py:137} INFO - [2024-08-13T11:06:30.732+0000] {taskmixin.py:205} WARNING - Dependency <Task(_PythonDecoratedOperator): print_the_context>, log_sql_query already registered for DAG: example_python_operator
[2024-08-13T11:06:30.732+0000] {logging_mixin.py:137} INFO - [2024-08-13T11:06:30.732+0000] {taskmixin.py:205} WARNING - Dependency <Task(_PythonDecoratedOperator): log_sql_query>, print_the_context already registered for DAG: example_python_operator
[2024-08-13T11:06:30.733+0000] {logging_mixin.py:137} INFO - [2024-08-13T11:06:30.733+0000] {taskmixin.py:205} WARNING - Dependency <Task(_PythonDecoratedOperator): print_the_context>, log_sql_query already registered for DAG: example_python_operator
[2024-08-13T11:06:30.734+0000] {logging_mixin.py:137} INFO - [2024-08-13T11:06:30.733+0000] {taskmixin.py:205} WARNING - Dependency <Task(_PythonDecoratedOperator): log_sql_query>, print_the_context already registered for DAG: example_python_operator
[2024-08-13T11:06:30.735+0000] {logging_mixin.py:137} INFO - [2024-08-13T11:06:30.734+0000] {taskmixin.py:205} WARNING - Dependency <Task(_PythonDecoratedOperator): print_the_context>, log_sql_query already registered for DAG: example_python_operator
[2024-08-13T11:06:30.735+0000] {logging_mixin.py:137} INFO - [2024-08-13T11:06:30.735+0000] {taskmixin.py:205} WARNING - Dependency <Task(_PythonDecoratedOperator): log_sql_query>, print_the_context already registered for DAG: example_python_operator
[2024-08-13T11:06:30.744+0000] {processor.py:753} INFO - DAG(s) dict_keys(['example_python_operator']) retrieved from /home/airflow/.local/lib/python3.7/site-packages/airflow/example_dags/example_python_operator.py
[2024-08-13T11:06:30.775+0000] {logging_mixin.py:137} INFO - [2024-08-13T11:06:30.774+0000] {dag.py:2690} INFO - Sync 1 DAGs
[2024-08-13T11:06:30.807+0000] {logging_mixin.py:137} INFO - [2024-08-13T11:06:30.807+0000] {dag.py:3441} INFO - Setting next_dagrun for example_python_operator to None, run_after=None
[2024-08-13T11:06:30.834+0000] {processor.py:175} INFO - Processing /home/airflow/.local/lib/python3.7/site-packages/airflow/example_dags/example_python_operator.py took 0.126 seconds
