[2024-08-13T10:46:43.081+0000] {processor.py:153} INFO - Started process (PID=94) to work on /home/airflow/.local/lib/python3.7/site-packages/airflow/example_dags/example_short_circuit_operator.py
[2024-08-13T10:46:43.082+0000] {processor.py:743} INFO - Processing file /home/airflow/.local/lib/python3.7/site-packages/airflow/example_dags/example_short_circuit_operator.py for tasks to queue
[2024-08-13T10:46:43.083+0000] {logging_mixin.py:137} INFO - [2024-08-13T10:46:43.083+0000] {dagbag.py:538} INFO - Filling up the DagBag from /home/airflow/.local/lib/python3.7/site-packages/airflow/example_dags/example_short_circuit_operator.py
[2024-08-13T10:46:43.103+0000] {processor.py:753} INFO - DAG(s) dict_keys(['example_short_circuit_operator']) retrieved from /home/airflow/.local/lib/python3.7/site-packages/airflow/example_dags/example_short_circuit_operator.py
[2024-08-13T10:46:43.261+0000] {logging_mixin.py:137} INFO - [2024-08-13T10:46:43.261+0000] {manager.py:504} INFO - Created Permission View: can delete on DAG:example_short_circuit_operator
[2024-08-13T10:46:43.279+0000] {logging_mixin.py:137} INFO - [2024-08-13T10:46:43.278+0000] {manager.py:504} INFO - Created Permission View: can edit on DAG:example_short_circuit_operator
[2024-08-13T10:46:43.294+0000] {logging_mixin.py:137} INFO - [2024-08-13T10:46:43.294+0000] {manager.py:504} INFO - Created Permission View: can read on DAG:example_short_circuit_operator
[2024-08-13T10:46:43.294+0000] {logging_mixin.py:137} INFO - [2024-08-13T10:46:43.294+0000] {dag.py:2690} INFO - Sync 1 DAGs
[2024-08-13T10:46:43.324+0000] {logging_mixin.py:137} INFO - [2024-08-13T10:46:43.323+0000] {dag.py:2711} INFO - Creating ORM DAG for example_short_circuit_operator
[2024-08-13T10:46:43.336+0000] {logging_mixin.py:137} INFO - [2024-08-13T10:46:43.336+0000] {dag.py:3441} INFO - Setting next_dagrun for example_short_circuit_operator to 2024-08-12T10:46:43.336550+00:00, run_after=2024-08-13T10:46:43.336550+00:00
[2024-08-13T10:46:43.361+0000] {processor.py:175} INFO - Processing /home/airflow/.local/lib/python3.7/site-packages/airflow/example_dags/example_short_circuit_operator.py took 0.283 seconds
[2024-08-13T10:47:13.763+0000] {processor.py:153} INFO - Started process (PID=152) to work on /home/airflow/.local/lib/python3.7/site-packages/airflow/example_dags/example_short_circuit_operator.py
[2024-08-13T10:47:13.770+0000] {processor.py:743} INFO - Processing file /home/airflow/.local/lib/python3.7/site-packages/airflow/example_dags/example_short_circuit_operator.py for tasks to queue
[2024-08-13T10:47:13.771+0000] {logging_mixin.py:137} INFO - [2024-08-13T10:47:13.771+0000] {dagbag.py:538} INFO - Filling up the DagBag from /home/airflow/.local/lib/python3.7/site-packages/airflow/example_dags/example_short_circuit_operator.py
[2024-08-13T10:47:13.802+0000] {processor.py:753} INFO - DAG(s) dict_keys(['example_short_circuit_operator']) retrieved from /home/airflow/.local/lib/python3.7/site-packages/airflow/example_dags/example_short_circuit_operator.py
[2024-08-13T10:47:13.837+0000] {logging_mixin.py:137} INFO - [2024-08-13T10:47:13.837+0000] {dag.py:2690} INFO - Sync 1 DAGs
[2024-08-13T10:47:13.891+0000] {logging_mixin.py:137} INFO - [2024-08-13T10:47:13.889+0000] {dag.py:3441} INFO - Setting next_dagrun for example_short_circuit_operator to 2024-08-12T10:47:13.889283+00:00, run_after=2024-08-13T10:47:13.889283+00:00
[2024-08-13T10:47:13.942+0000] {processor.py:175} INFO - Processing /home/airflow/.local/lib/python3.7/site-packages/airflow/example_dags/example_short_circuit_operator.py took 0.182 seconds
[2024-08-13T10:47:44.318+0000] {processor.py:153} INFO - Started process (PID=209) to work on /home/airflow/.local/lib/python3.7/site-packages/airflow/example_dags/example_short_circuit_operator.py
[2024-08-13T10:47:44.319+0000] {processor.py:743} INFO - Processing file /home/airflow/.local/lib/python3.7/site-packages/airflow/example_dags/example_short_circuit_operator.py for tasks to queue
[2024-08-13T10:47:44.319+0000] {logging_mixin.py:137} INFO - [2024-08-13T10:47:44.319+0000] {dagbag.py:538} INFO - Filling up the DagBag from /home/airflow/.local/lib/python3.7/site-packages/airflow/example_dags/example_short_circuit_operator.py
[2024-08-13T10:47:44.339+0000] {processor.py:753} INFO - DAG(s) dict_keys(['example_short_circuit_operator']) retrieved from /home/airflow/.local/lib/python3.7/site-packages/airflow/example_dags/example_short_circuit_operator.py
[2024-08-13T10:47:44.352+0000] {logging_mixin.py:137} INFO - [2024-08-13T10:47:44.352+0000] {dag.py:2690} INFO - Sync 1 DAGs
[2024-08-13T10:47:44.387+0000] {logging_mixin.py:137} INFO - [2024-08-13T10:47:44.387+0000] {dag.py:3441} INFO - Setting next_dagrun for example_short_circuit_operator to 2024-08-12T10:47:44.386840+00:00, run_after=2024-08-13T10:47:44.386840+00:00
[2024-08-13T10:47:44.415+0000] {processor.py:175} INFO - Processing /home/airflow/.local/lib/python3.7/site-packages/airflow/example_dags/example_short_circuit_operator.py took 0.099 seconds
[2024-08-13T10:48:16.060+0000] {processor.py:153} INFO - Started process (PID=277) to work on /home/airflow/.local/lib/python3.7/site-packages/airflow/example_dags/example_short_circuit_operator.py
[2024-08-13T10:48:16.070+0000] {processor.py:743} INFO - Processing file /home/airflow/.local/lib/python3.7/site-packages/airflow/example_dags/example_short_circuit_operator.py for tasks to queue
[2024-08-13T10:48:16.071+0000] {logging_mixin.py:137} INFO - [2024-08-13T10:48:16.070+0000] {dagbag.py:538} INFO - Filling up the DagBag from /home/airflow/.local/lib/python3.7/site-packages/airflow/example_dags/example_short_circuit_operator.py
[2024-08-13T10:48:16.190+0000] {processor.py:753} INFO - DAG(s) dict_keys(['example_short_circuit_operator']) retrieved from /home/airflow/.local/lib/python3.7/site-packages/airflow/example_dags/example_short_circuit_operator.py
[2024-08-13T10:48:16.346+0000] {logging_mixin.py:137} INFO - [2024-08-13T10:48:16.345+0000] {dag.py:2690} INFO - Sync 1 DAGs
[2024-08-13T10:48:16.510+0000] {logging_mixin.py:137} INFO - [2024-08-13T10:48:16.510+0000] {dag.py:3441} INFO - Setting next_dagrun for example_short_circuit_operator to 2024-08-12T10:48:16.510074+00:00, run_after=2024-08-13T10:48:16.510074+00:00
[2024-08-13T10:48:16.636+0000] {processor.py:175} INFO - Processing /home/airflow/.local/lib/python3.7/site-packages/airflow/example_dags/example_short_circuit_operator.py took 0.590 seconds
[2024-08-13T10:48:47.056+0000] {processor.py:153} INFO - Started process (PID=335) to work on /home/airflow/.local/lib/python3.7/site-packages/airflow/example_dags/example_short_circuit_operator.py
[2024-08-13T10:48:47.071+0000] {processor.py:743} INFO - Processing file /home/airflow/.local/lib/python3.7/site-packages/airflow/example_dags/example_short_circuit_operator.py for tasks to queue
[2024-08-13T10:48:47.073+0000] {logging_mixin.py:137} INFO - [2024-08-13T10:48:47.073+0000] {dagbag.py:538} INFO - Filling up the DagBag from /home/airflow/.local/lib/python3.7/site-packages/airflow/example_dags/example_short_circuit_operator.py
[2024-08-13T10:48:47.250+0000] {processor.py:753} INFO - DAG(s) dict_keys(['example_short_circuit_operator']) retrieved from /home/airflow/.local/lib/python3.7/site-packages/airflow/example_dags/example_short_circuit_operator.py
[2024-08-13T10:48:47.314+0000] {logging_mixin.py:137} INFO - [2024-08-13T10:48:47.313+0000] {dag.py:2690} INFO - Sync 1 DAGs
[2024-08-13T10:48:47.506+0000] {logging_mixin.py:137} INFO - [2024-08-13T10:48:47.506+0000] {dag.py:3441} INFO - Setting next_dagrun for example_short_circuit_operator to 2024-08-12T10:48:47.506160+00:00, run_after=2024-08-13T10:48:47.506160+00:00
[2024-08-13T10:48:47.624+0000] {processor.py:175} INFO - Processing /home/airflow/.local/lib/python3.7/site-packages/airflow/example_dags/example_short_circuit_operator.py took 0.592 seconds
[2024-08-13T10:49:18.358+0000] {processor.py:153} INFO - Started process (PID=384) to work on /home/airflow/.local/lib/python3.7/site-packages/airflow/example_dags/example_short_circuit_operator.py
[2024-08-13T10:49:18.366+0000] {processor.py:743} INFO - Processing file /home/airflow/.local/lib/python3.7/site-packages/airflow/example_dags/example_short_circuit_operator.py for tasks to queue
[2024-08-13T10:49:18.367+0000] {logging_mixin.py:137} INFO - [2024-08-13T10:49:18.366+0000] {dagbag.py:538} INFO - Filling up the DagBag from /home/airflow/.local/lib/python3.7/site-packages/airflow/example_dags/example_short_circuit_operator.py
[2024-08-13T10:49:18.402+0000] {processor.py:753} INFO - DAG(s) dict_keys(['example_short_circuit_operator']) retrieved from /home/airflow/.local/lib/python3.7/site-packages/airflow/example_dags/example_short_circuit_operator.py
[2024-08-13T10:49:18.470+0000] {logging_mixin.py:137} INFO - [2024-08-13T10:49:18.469+0000] {dag.py:2690} INFO - Sync 1 DAGs
[2024-08-13T10:49:18.556+0000] {logging_mixin.py:137} INFO - [2024-08-13T10:49:18.555+0000] {dag.py:3441} INFO - Setting next_dagrun for example_short_circuit_operator to 2024-08-12T10:49:18.545985+00:00, run_after=2024-08-13T10:49:18.545985+00:00
[2024-08-13T10:49:18.626+0000] {processor.py:175} INFO - Processing /home/airflow/.local/lib/python3.7/site-packages/airflow/example_dags/example_short_circuit_operator.py took 0.287 seconds
[2024-08-13T10:49:49.609+0000] {processor.py:153} INFO - Started process (PID=442) to work on /home/airflow/.local/lib/python3.7/site-packages/airflow/example_dags/example_short_circuit_operator.py
[2024-08-13T10:49:49.614+0000] {processor.py:743} INFO - Processing file /home/airflow/.local/lib/python3.7/site-packages/airflow/example_dags/example_short_circuit_operator.py for tasks to queue
[2024-08-13T10:49:49.616+0000] {logging_mixin.py:137} INFO - [2024-08-13T10:49:49.616+0000] {dagbag.py:538} INFO - Filling up the DagBag from /home/airflow/.local/lib/python3.7/site-packages/airflow/example_dags/example_short_circuit_operator.py
[2024-08-13T10:49:49.699+0000] {processor.py:753} INFO - DAG(s) dict_keys(['example_short_circuit_operator']) retrieved from /home/airflow/.local/lib/python3.7/site-packages/airflow/example_dags/example_short_circuit_operator.py
[2024-08-13T10:49:49.759+0000] {logging_mixin.py:137} INFO - [2024-08-13T10:49:49.759+0000] {dag.py:2690} INFO - Sync 1 DAGs
[2024-08-13T10:49:49.910+0000] {logging_mixin.py:137} INFO - [2024-08-13T10:49:49.909+0000] {dag.py:3441} INFO - Setting next_dagrun for example_short_circuit_operator to 2024-08-12T10:49:49.909693+00:00, run_after=2024-08-13T10:49:49.909693+00:00
[2024-08-13T10:49:50.018+0000] {processor.py:175} INFO - Processing /home/airflow/.local/lib/python3.7/site-packages/airflow/example_dags/example_short_circuit_operator.py took 0.418 seconds
[2024-08-13T11:05:03.273+0000] {processor.py:153} INFO - Started process (PID=83) to work on /home/airflow/.local/lib/python3.7/site-packages/airflow/example_dags/example_short_circuit_operator.py
[2024-08-13T11:05:03.276+0000] {processor.py:743} INFO - Processing file /home/airflow/.local/lib/python3.7/site-packages/airflow/example_dags/example_short_circuit_operator.py for tasks to queue
[2024-08-13T11:05:03.276+0000] {logging_mixin.py:137} INFO - [2024-08-13T11:05:03.276+0000] {dagbag.py:538} INFO - Filling up the DagBag from /home/airflow/.local/lib/python3.7/site-packages/airflow/example_dags/example_short_circuit_operator.py
[2024-08-13T11:05:03.407+0000] {processor.py:753} INFO - DAG(s) dict_keys(['example_short_circuit_operator']) retrieved from /home/airflow/.local/lib/python3.7/site-packages/airflow/example_dags/example_short_circuit_operator.py
[2024-08-13T11:05:03.601+0000] {logging_mixin.py:137} INFO - [2024-08-13T11:05:03.600+0000] {dag.py:2690} INFO - Sync 1 DAGs
[2024-08-13T11:05:03.869+0000] {logging_mixin.py:137} INFO - [2024-08-13T11:05:03.869+0000] {dag.py:3441} INFO - Setting next_dagrun for example_short_circuit_operator to 2024-08-12T11:05:03.869493+00:00, run_after=2024-08-13T11:05:03.869493+00:00
[2024-08-13T11:05:04.037+0000] {processor.py:175} INFO - Processing /home/airflow/.local/lib/python3.7/site-packages/airflow/example_dags/example_short_circuit_operator.py took 0.787 seconds
[2024-08-13T11:05:34.762+0000] {processor.py:153} INFO - Started process (PID=133) to work on /home/airflow/.local/lib/python3.7/site-packages/airflow/example_dags/example_short_circuit_operator.py
[2024-08-13T11:05:34.770+0000] {processor.py:743} INFO - Processing file /home/airflow/.local/lib/python3.7/site-packages/airflow/example_dags/example_short_circuit_operator.py for tasks to queue
[2024-08-13T11:05:34.773+0000] {logging_mixin.py:137} INFO - [2024-08-13T11:05:34.773+0000] {dagbag.py:538} INFO - Filling up the DagBag from /home/airflow/.local/lib/python3.7/site-packages/airflow/example_dags/example_short_circuit_operator.py
[2024-08-13T11:05:34.831+0000] {processor.py:753} INFO - DAG(s) dict_keys(['example_short_circuit_operator']) retrieved from /home/airflow/.local/lib/python3.7/site-packages/airflow/example_dags/example_short_circuit_operator.py
[2024-08-13T11:05:34.882+0000] {logging_mixin.py:137} INFO - [2024-08-13T11:05:34.881+0000] {dag.py:2690} INFO - Sync 1 DAGs
[2024-08-13T11:05:34.918+0000] {logging_mixin.py:137} INFO - [2024-08-13T11:05:34.917+0000] {dag.py:3441} INFO - Setting next_dagrun for example_short_circuit_operator to 2024-08-12T11:05:34.917622+00:00, run_after=2024-08-13T11:05:34.917622+00:00
[2024-08-13T11:05:34.944+0000] {processor.py:175} INFO - Processing /home/airflow/.local/lib/python3.7/site-packages/airflow/example_dags/example_short_circuit_operator.py took 0.192 seconds
[2024-08-13T11:06:05.021+0000] {processor.py:153} INFO - Started process (PID=201) to work on /home/airflow/.local/lib/python3.7/site-packages/airflow/example_dags/example_short_circuit_operator.py
[2024-08-13T11:06:05.022+0000] {processor.py:743} INFO - Processing file /home/airflow/.local/lib/python3.7/site-packages/airflow/example_dags/example_short_circuit_operator.py for tasks to queue
[2024-08-13T11:06:05.030+0000] {logging_mixin.py:137} INFO - [2024-08-13T11:06:05.030+0000] {dagbag.py:538} INFO - Filling up the DagBag from /home/airflow/.local/lib/python3.7/site-packages/airflow/example_dags/example_short_circuit_operator.py
[2024-08-13T11:06:05.066+0000] {processor.py:753} INFO - DAG(s) dict_keys(['example_short_circuit_operator']) retrieved from /home/airflow/.local/lib/python3.7/site-packages/airflow/example_dags/example_short_circuit_operator.py
[2024-08-13T11:06:05.108+0000] {logging_mixin.py:137} INFO - [2024-08-13T11:06:05.107+0000] {dag.py:2690} INFO - Sync 1 DAGs
[2024-08-13T11:06:05.159+0000] {logging_mixin.py:137} INFO - [2024-08-13T11:06:05.159+0000] {dag.py:3441} INFO - Setting next_dagrun for example_short_circuit_operator to 2024-08-12T11:06:05.159097+00:00, run_after=2024-08-13T11:06:05.159097+00:00
[2024-08-13T11:06:05.203+0000] {processor.py:175} INFO - Processing /home/airflow/.local/lib/python3.7/site-packages/airflow/example_dags/example_short_circuit_operator.py took 0.193 seconds
[2024-08-13T11:06:35.705+0000] {processor.py:153} INFO - Started process (PID=260) to work on /home/airflow/.local/lib/python3.7/site-packages/airflow/example_dags/example_short_circuit_operator.py
[2024-08-13T11:06:35.706+0000] {processor.py:743} INFO - Processing file /home/airflow/.local/lib/python3.7/site-packages/airflow/example_dags/example_short_circuit_operator.py for tasks to queue
[2024-08-13T11:06:35.707+0000] {logging_mixin.py:137} INFO - [2024-08-13T11:06:35.707+0000] {dagbag.py:538} INFO - Filling up the DagBag from /home/airflow/.local/lib/python3.7/site-packages/airflow/example_dags/example_short_circuit_operator.py
[2024-08-13T11:06:35.727+0000] {processor.py:753} INFO - DAG(s) dict_keys(['example_short_circuit_operator']) retrieved from /home/airflow/.local/lib/python3.7/site-packages/airflow/example_dags/example_short_circuit_operator.py
[2024-08-13T11:06:35.765+0000] {logging_mixin.py:137} INFO - [2024-08-13T11:06:35.765+0000] {dag.py:2690} INFO - Sync 1 DAGs
[2024-08-13T11:06:35.808+0000] {logging_mixin.py:137} INFO - [2024-08-13T11:06:35.808+0000] {dag.py:3441} INFO - Setting next_dagrun for example_short_circuit_operator to 2024-08-12T11:06:35.807892+00:00, run_after=2024-08-13T11:06:35.807892+00:00
[2024-08-13T11:06:35.865+0000] {processor.py:175} INFO - Processing /home/airflow/.local/lib/python3.7/site-packages/airflow/example_dags/example_short_circuit_operator.py took 0.163 seconds
