[2024-08-13T10:46:27.351+0000] {processor.py:153} INFO - Started process (PID=55) to work on /home/airflow/.local/lib/python3.7/site-packages/airflow/example_dags/example_branch_python_dop_operator_3.py
[2024-08-13T10:46:27.355+0000] {processor.py:743} INFO - Processing file /home/airflow/.local/lib/python3.7/site-packages/airflow/example_dags/example_branch_python_dop_operator_3.py for tasks to queue
[2024-08-13T10:46:27.357+0000] {logging_mixin.py:137} INFO - [2024-08-13T10:46:27.357+0000] {dagbag.py:538} INFO - Filling up the DagBag from /home/airflow/.local/lib/python3.7/site-packages/airflow/example_dags/example_branch_python_dop_operator_3.py
[2024-08-13T10:46:27.437+0000] {processor.py:753} INFO - DAG(s) dict_keys(['example_branch_dop_operator_v3']) retrieved from /home/airflow/.local/lib/python3.7/site-packages/airflow/example_dags/example_branch_python_dop_operator_3.py
[2024-08-13T10:46:27.910+0000] {logging_mixin.py:137} INFO - [2024-08-13T10:46:27.909+0000] {manager.py:504} INFO - Created Permission View: can delete on DAG:example_branch_dop_operator_v3
[2024-08-13T10:46:27.954+0000] {logging_mixin.py:137} INFO - [2024-08-13T10:46:27.954+0000] {manager.py:504} INFO - Created Permission View: can edit on DAG:example_branch_dop_operator_v3
[2024-08-13T10:46:27.986+0000] {logging_mixin.py:137} INFO - [2024-08-13T10:46:27.986+0000] {manager.py:504} INFO - Created Permission View: can read on DAG:example_branch_dop_operator_v3
[2024-08-13T10:46:27.987+0000] {logging_mixin.py:137} INFO - [2024-08-13T10:46:27.987+0000] {dag.py:2690} INFO - Sync 1 DAGs
[2024-08-13T10:46:28.019+0000] {logging_mixin.py:137} INFO - [2024-08-13T10:46:28.019+0000] {dag.py:2711} INFO - Creating ORM DAG for example_branch_dop_operator_v3
[2024-08-13T10:46:28.093+0000] {logging_mixin.py:137} INFO - [2024-08-13T10:46:28.093+0000] {dag.py:3441} INFO - Setting next_dagrun for example_branch_dop_operator_v3 to 2024-08-13T10:45:00+00:00, run_after=2024-08-13T10:46:00+00:00
[2024-08-13T10:46:28.182+0000] {processor.py:175} INFO - Processing /home/airflow/.local/lib/python3.7/site-packages/airflow/example_dags/example_branch_python_dop_operator_3.py took 0.838 seconds
[2024-08-13T10:46:59.027+0000] {processor.py:153} INFO - Started process (PID=114) to work on /home/airflow/.local/lib/python3.7/site-packages/airflow/example_dags/example_branch_python_dop_operator_3.py
[2024-08-13T10:46:59.028+0000] {processor.py:743} INFO - Processing file /home/airflow/.local/lib/python3.7/site-packages/airflow/example_dags/example_branch_python_dop_operator_3.py for tasks to queue
[2024-08-13T10:46:59.029+0000] {logging_mixin.py:137} INFO - [2024-08-13T10:46:59.029+0000] {dagbag.py:538} INFO - Filling up the DagBag from /home/airflow/.local/lib/python3.7/site-packages/airflow/example_dags/example_branch_python_dop_operator_3.py
[2024-08-13T10:46:59.061+0000] {processor.py:753} INFO - DAG(s) dict_keys(['example_branch_dop_operator_v3']) retrieved from /home/airflow/.local/lib/python3.7/site-packages/airflow/example_dags/example_branch_python_dop_operator_3.py
[2024-08-13T10:46:59.093+0000] {logging_mixin.py:137} INFO - [2024-08-13T10:46:59.093+0000] {dag.py:2690} INFO - Sync 1 DAGs
[2024-08-13T10:46:59.142+0000] {logging_mixin.py:137} INFO - [2024-08-13T10:46:59.142+0000] {dag.py:3441} INFO - Setting next_dagrun for example_branch_dop_operator_v3 to 2024-08-13T10:45:00+00:00, run_after=2024-08-13T10:46:00+00:00
[2024-08-13T10:46:59.168+0000] {processor.py:175} INFO - Processing /home/airflow/.local/lib/python3.7/site-packages/airflow/example_dags/example_branch_python_dop_operator_3.py took 0.143 seconds
[2024-08-13T10:47:29.463+0000] {processor.py:153} INFO - Started process (PID=172) to work on /home/airflow/.local/lib/python3.7/site-packages/airflow/example_dags/example_branch_python_dop_operator_3.py
[2024-08-13T10:47:29.469+0000] {processor.py:743} INFO - Processing file /home/airflow/.local/lib/python3.7/site-packages/airflow/example_dags/example_branch_python_dop_operator_3.py for tasks to queue
[2024-08-13T10:47:29.474+0000] {logging_mixin.py:137} INFO - [2024-08-13T10:47:29.474+0000] {dagbag.py:538} INFO - Filling up the DagBag from /home/airflow/.local/lib/python3.7/site-packages/airflow/example_dags/example_branch_python_dop_operator_3.py
[2024-08-13T10:47:29.612+0000] {processor.py:753} INFO - DAG(s) dict_keys(['example_branch_dop_operator_v3']) retrieved from /home/airflow/.local/lib/python3.7/site-packages/airflow/example_dags/example_branch_python_dop_operator_3.py
[2024-08-13T10:47:29.686+0000] {logging_mixin.py:137} INFO - [2024-08-13T10:47:29.686+0000] {dag.py:2690} INFO - Sync 1 DAGs
[2024-08-13T10:47:30.167+0000] {logging_mixin.py:137} INFO - [2024-08-13T10:47:30.166+0000] {dag.py:3441} INFO - Setting next_dagrun for example_branch_dop_operator_v3 to 2024-08-13T10:46:00+00:00, run_after=2024-08-13T10:47:00+00:00
[2024-08-13T10:47:30.323+0000] {processor.py:175} INFO - Processing /home/airflow/.local/lib/python3.7/site-packages/airflow/example_dags/example_branch_python_dop_operator_3.py took 0.888 seconds
[2024-08-13T10:48:00.667+0000] {processor.py:153} INFO - Started process (PID=239) to work on /home/airflow/.local/lib/python3.7/site-packages/airflow/example_dags/example_branch_python_dop_operator_3.py
[2024-08-13T10:48:00.685+0000] {processor.py:743} INFO - Processing file /home/airflow/.local/lib/python3.7/site-packages/airflow/example_dags/example_branch_python_dop_operator_3.py for tasks to queue
[2024-08-13T10:48:00.686+0000] {logging_mixin.py:137} INFO - [2024-08-13T10:48:00.686+0000] {dagbag.py:538} INFO - Filling up the DagBag from /home/airflow/.local/lib/python3.7/site-packages/airflow/example_dags/example_branch_python_dop_operator_3.py
[2024-08-13T10:48:00.821+0000] {processor.py:753} INFO - DAG(s) dict_keys(['example_branch_dop_operator_v3']) retrieved from /home/airflow/.local/lib/python3.7/site-packages/airflow/example_dags/example_branch_python_dop_operator_3.py
[2024-08-13T10:48:00.962+0000] {logging_mixin.py:137} INFO - [2024-08-13T10:48:00.962+0000] {dag.py:2690} INFO - Sync 1 DAGs
[2024-08-13T10:48:01.126+0000] {logging_mixin.py:137} INFO - [2024-08-13T10:48:01.126+0000] {dag.py:3441} INFO - Setting next_dagrun for example_branch_dop_operator_v3 to 2024-08-13T10:47:00+00:00, run_after=2024-08-13T10:48:00+00:00
[2024-08-13T10:48:01.265+0000] {processor.py:175} INFO - Processing /home/airflow/.local/lib/python3.7/site-packages/airflow/example_dags/example_branch_python_dop_operator_3.py took 0.618 seconds
[2024-08-13T10:48:31.766+0000] {processor.py:153} INFO - Started process (PID=297) to work on /home/airflow/.local/lib/python3.7/site-packages/airflow/example_dags/example_branch_python_dop_operator_3.py
[2024-08-13T10:48:31.768+0000] {processor.py:743} INFO - Processing file /home/airflow/.local/lib/python3.7/site-packages/airflow/example_dags/example_branch_python_dop_operator_3.py for tasks to queue
[2024-08-13T10:48:31.769+0000] {logging_mixin.py:137} INFO - [2024-08-13T10:48:31.769+0000] {dagbag.py:538} INFO - Filling up the DagBag from /home/airflow/.local/lib/python3.7/site-packages/airflow/example_dags/example_branch_python_dop_operator_3.py
[2024-08-13T10:48:31.954+0000] {processor.py:753} INFO - DAG(s) dict_keys(['example_branch_dop_operator_v3']) retrieved from /home/airflow/.local/lib/python3.7/site-packages/airflow/example_dags/example_branch_python_dop_operator_3.py
[2024-08-13T10:48:32.122+0000] {logging_mixin.py:137} INFO - [2024-08-13T10:48:32.121+0000] {dag.py:2690} INFO - Sync 1 DAGs
[2024-08-13T10:48:32.336+0000] {logging_mixin.py:137} INFO - [2024-08-13T10:48:32.335+0000] {dag.py:3441} INFO - Setting next_dagrun for example_branch_dop_operator_v3 to 2024-08-13T10:47:00+00:00, run_after=2024-08-13T10:48:00+00:00
[2024-08-13T10:48:32.511+0000] {processor.py:175} INFO - Processing /home/airflow/.local/lib/python3.7/site-packages/airflow/example_dags/example_branch_python_dop_operator_3.py took 0.791 seconds
[2024-08-13T10:49:02.899+0000] {processor.py:153} INFO - Started process (PID=354) to work on /home/airflow/.local/lib/python3.7/site-packages/airflow/example_dags/example_branch_python_dop_operator_3.py
[2024-08-13T10:49:02.900+0000] {processor.py:743} INFO - Processing file /home/airflow/.local/lib/python3.7/site-packages/airflow/example_dags/example_branch_python_dop_operator_3.py for tasks to queue
[2024-08-13T10:49:02.902+0000] {logging_mixin.py:137} INFO - [2024-08-13T10:49:02.902+0000] {dagbag.py:538} INFO - Filling up the DagBag from /home/airflow/.local/lib/python3.7/site-packages/airflow/example_dags/example_branch_python_dop_operator_3.py
[2024-08-13T10:49:02.966+0000] {processor.py:753} INFO - DAG(s) dict_keys(['example_branch_dop_operator_v3']) retrieved from /home/airflow/.local/lib/python3.7/site-packages/airflow/example_dags/example_branch_python_dop_operator_3.py
[2024-08-13T10:49:02.999+0000] {logging_mixin.py:137} INFO - [2024-08-13T10:49:02.999+0000] {dag.py:2690} INFO - Sync 1 DAGs
[2024-08-13T10:49:03.103+0000] {logging_mixin.py:137} INFO - [2024-08-13T10:49:03.103+0000] {dag.py:3441} INFO - Setting next_dagrun for example_branch_dop_operator_v3 to 2024-08-13T10:48:00+00:00, run_after=2024-08-13T10:49:00+00:00
[2024-08-13T10:49:03.148+0000] {processor.py:175} INFO - Processing /home/airflow/.local/lib/python3.7/site-packages/airflow/example_dags/example_branch_python_dop_operator_3.py took 0.261 seconds
[2024-08-13T10:49:33.907+0000] {processor.py:153} INFO - Started process (PID=403) to work on /home/airflow/.local/lib/python3.7/site-packages/airflow/example_dags/example_branch_python_dop_operator_3.py
[2024-08-13T10:49:33.921+0000] {processor.py:743} INFO - Processing file /home/airflow/.local/lib/python3.7/site-packages/airflow/example_dags/example_branch_python_dop_operator_3.py for tasks to queue
[2024-08-13T10:49:33.922+0000] {logging_mixin.py:137} INFO - [2024-08-13T10:49:33.922+0000] {dagbag.py:538} INFO - Filling up the DagBag from /home/airflow/.local/lib/python3.7/site-packages/airflow/example_dags/example_branch_python_dop_operator_3.py
[2024-08-13T10:49:34.026+0000] {processor.py:753} INFO - DAG(s) dict_keys(['example_branch_dop_operator_v3']) retrieved from /home/airflow/.local/lib/python3.7/site-packages/airflow/example_dags/example_branch_python_dop_operator_3.py
[2024-08-13T10:49:34.076+0000] {logging_mixin.py:137} INFO - [2024-08-13T10:49:34.075+0000] {dag.py:2690} INFO - Sync 1 DAGs
[2024-08-13T10:49:34.238+0000] {logging_mixin.py:137} INFO - [2024-08-13T10:49:34.237+0000] {dag.py:3441} INFO - Setting next_dagrun for example_branch_dop_operator_v3 to 2024-08-13T10:48:00+00:00, run_after=2024-08-13T10:49:00+00:00
[2024-08-13T10:49:34.333+0000] {processor.py:175} INFO - Processing /home/airflow/.local/lib/python3.7/site-packages/airflow/example_dags/example_branch_python_dop_operator_3.py took 0.441 seconds
[2024-08-13T10:50:04.856+0000] {processor.py:153} INFO - Started process (PID=461) to work on /home/airflow/.local/lib/python3.7/site-packages/airflow/example_dags/example_branch_python_dop_operator_3.py
[2024-08-13T10:50:04.864+0000] {processor.py:743} INFO - Processing file /home/airflow/.local/lib/python3.7/site-packages/airflow/example_dags/example_branch_python_dop_operator_3.py for tasks to queue
[2024-08-13T10:50:04.865+0000] {logging_mixin.py:137} INFO - [2024-08-13T10:50:04.865+0000] {dagbag.py:538} INFO - Filling up the DagBag from /home/airflow/.local/lib/python3.7/site-packages/airflow/example_dags/example_branch_python_dop_operator_3.py
[2024-08-13T10:50:04.966+0000] {processor.py:753} INFO - DAG(s) dict_keys(['example_branch_dop_operator_v3']) retrieved from /home/airflow/.local/lib/python3.7/site-packages/airflow/example_dags/example_branch_python_dop_operator_3.py
[2024-08-13T10:50:05.042+0000] {logging_mixin.py:137} INFO - [2024-08-13T10:50:05.041+0000] {dag.py:2690} INFO - Sync 1 DAGs
[2024-08-13T10:50:05.142+0000] {logging_mixin.py:137} INFO - [2024-08-13T10:50:05.142+0000] {dag.py:3441} INFO - Setting next_dagrun for example_branch_dop_operator_v3 to 2024-08-13T10:49:00+00:00, run_after=2024-08-13T10:50:00+00:00
[2024-08-13T10:50:05.194+0000] {processor.py:175} INFO - Processing /home/airflow/.local/lib/python3.7/site-packages/airflow/example_dags/example_branch_python_dop_operator_3.py took 0.342 seconds
[2024-08-13T11:04:55.462+0000] {processor.py:153} INFO - Started process (PID=46) to work on /home/airflow/.local/lib/python3.7/site-packages/airflow/example_dags/example_branch_python_dop_operator_3.py
[2024-08-13T11:04:55.463+0000] {processor.py:743} INFO - Processing file /home/airflow/.local/lib/python3.7/site-packages/airflow/example_dags/example_branch_python_dop_operator_3.py for tasks to queue
[2024-08-13T11:04:55.464+0000] {logging_mixin.py:137} INFO - [2024-08-13T11:04:55.464+0000] {dagbag.py:538} INFO - Filling up the DagBag from /home/airflow/.local/lib/python3.7/site-packages/airflow/example_dags/example_branch_python_dop_operator_3.py
[2024-08-13T11:04:55.507+0000] {processor.py:753} INFO - DAG(s) dict_keys(['example_branch_dop_operator_v3']) retrieved from /home/airflow/.local/lib/python3.7/site-packages/airflow/example_dags/example_branch_python_dop_operator_3.py
[2024-08-13T11:04:55.550+0000] {logging_mixin.py:137} INFO - [2024-08-13T11:04:55.549+0000] {dag.py:2690} INFO - Sync 1 DAGs
[2024-08-13T11:04:55.636+0000] {logging_mixin.py:137} INFO - [2024-08-13T11:04:55.636+0000] {dag.py:3441} INFO - Setting next_dagrun for example_branch_dop_operator_v3 to 2024-08-13T11:03:00+00:00, run_after=2024-08-13T11:04:00+00:00
[2024-08-13T11:04:55.711+0000] {processor.py:175} INFO - Processing /home/airflow/.local/lib/python3.7/site-packages/airflow/example_dags/example_branch_python_dop_operator_3.py took 0.252 seconds
[2024-08-13T11:05:26.330+0000] {processor.py:153} INFO - Started process (PID=104) to work on /home/airflow/.local/lib/python3.7/site-packages/airflow/example_dags/example_branch_python_dop_operator_3.py
[2024-08-13T11:05:26.333+0000] {processor.py:743} INFO - Processing file /home/airflow/.local/lib/python3.7/site-packages/airflow/example_dags/example_branch_python_dop_operator_3.py for tasks to queue
[2024-08-13T11:05:26.334+0000] {logging_mixin.py:137} INFO - [2024-08-13T11:05:26.334+0000] {dagbag.py:538} INFO - Filling up the DagBag from /home/airflow/.local/lib/python3.7/site-packages/airflow/example_dags/example_branch_python_dop_operator_3.py
[2024-08-13T11:05:26.401+0000] {processor.py:753} INFO - DAG(s) dict_keys(['example_branch_dop_operator_v3']) retrieved from /home/airflow/.local/lib/python3.7/site-packages/airflow/example_dags/example_branch_python_dop_operator_3.py
[2024-08-13T11:05:26.519+0000] {logging_mixin.py:137} INFO - [2024-08-13T11:05:26.519+0000] {dag.py:2690} INFO - Sync 1 DAGs
[2024-08-13T11:05:26.611+0000] {logging_mixin.py:137} INFO - [2024-08-13T11:05:26.611+0000] {dag.py:3441} INFO - Setting next_dagrun for example_branch_dop_operator_v3 to 2024-08-13T11:04:00+00:00, run_after=2024-08-13T11:05:00+00:00
[2024-08-13T11:05:26.644+0000] {processor.py:175} INFO - Processing /home/airflow/.local/lib/python3.7/site-packages/airflow/example_dags/example_branch_python_dop_operator_3.py took 0.327 seconds
[2024-08-13T11:05:56.904+0000] {processor.py:153} INFO - Started process (PID=163) to work on /home/airflow/.local/lib/python3.7/site-packages/airflow/example_dags/example_branch_python_dop_operator_3.py
[2024-08-13T11:05:56.905+0000] {processor.py:743} INFO - Processing file /home/airflow/.local/lib/python3.7/site-packages/airflow/example_dags/example_branch_python_dop_operator_3.py for tasks to queue
[2024-08-13T11:05:56.906+0000] {logging_mixin.py:137} INFO - [2024-08-13T11:05:56.906+0000] {dagbag.py:538} INFO - Filling up the DagBag from /home/airflow/.local/lib/python3.7/site-packages/airflow/example_dags/example_branch_python_dop_operator_3.py
[2024-08-13T11:05:56.936+0000] {processor.py:753} INFO - DAG(s) dict_keys(['example_branch_dop_operator_v3']) retrieved from /home/airflow/.local/lib/python3.7/site-packages/airflow/example_dags/example_branch_python_dop_operator_3.py
[2024-08-13T11:05:56.965+0000] {logging_mixin.py:137} INFO - [2024-08-13T11:05:56.965+0000] {dag.py:2690} INFO - Sync 1 DAGs
[2024-08-13T11:05:57.003+0000] {logging_mixin.py:137} INFO - [2024-08-13T11:05:57.003+0000] {dag.py:3441} INFO - Setting next_dagrun for example_branch_dop_operator_v3 to 2024-08-13T11:04:00+00:00, run_after=2024-08-13T11:05:00+00:00
[2024-08-13T11:05:57.026+0000] {processor.py:175} INFO - Processing /home/airflow/.local/lib/python3.7/site-packages/airflow/example_dags/example_branch_python_dop_operator_3.py took 0.126 seconds
[2024-08-13T11:06:28.113+0000] {processor.py:153} INFO - Started process (PID=222) to work on /home/airflow/.local/lib/python3.7/site-packages/airflow/example_dags/example_branch_python_dop_operator_3.py
[2024-08-13T11:06:28.114+0000] {processor.py:743} INFO - Processing file /home/airflow/.local/lib/python3.7/site-packages/airflow/example_dags/example_branch_python_dop_operator_3.py for tasks to queue
[2024-08-13T11:06:28.115+0000] {logging_mixin.py:137} INFO - [2024-08-13T11:06:28.114+0000] {dagbag.py:538} INFO - Filling up the DagBag from /home/airflow/.local/lib/python3.7/site-packages/airflow/example_dags/example_branch_python_dop_operator_3.py
[2024-08-13T11:06:28.146+0000] {processor.py:753} INFO - DAG(s) dict_keys(['example_branch_dop_operator_v3']) retrieved from /home/airflow/.local/lib/python3.7/site-packages/airflow/example_dags/example_branch_python_dop_operator_3.py
[2024-08-13T11:06:28.175+0000] {logging_mixin.py:137} INFO - [2024-08-13T11:06:28.175+0000] {dag.py:2690} INFO - Sync 1 DAGs
[2024-08-13T11:06:28.208+0000] {logging_mixin.py:137} INFO - [2024-08-13T11:06:28.208+0000] {dag.py:3441} INFO - Setting next_dagrun for example_branch_dop_operator_v3 to 2024-08-13T11:05:00+00:00, run_after=2024-08-13T11:06:00+00:00
[2024-08-13T11:06:28.230+0000] {processor.py:175} INFO - Processing /home/airflow/.local/lib/python3.7/site-packages/airflow/example_dags/example_branch_python_dop_operator_3.py took 0.121 seconds
