[2024-08-13T10:46:42.832+0000] {processor.py:153} INFO - Started process (PID=93) to work on /home/airflow/.local/lib/python3.7/site-packages/airflow/example_dags/example_task_group_decorator.py
[2024-08-13T10:46:42.833+0000] {processor.py:743} INFO - Processing file /home/airflow/.local/lib/python3.7/site-packages/airflow/example_dags/example_task_group_decorator.py for tasks to queue
[2024-08-13T10:46:42.834+0000] {logging_mixin.py:137} INFO - [2024-08-13T10:46:42.834+0000] {dagbag.py:538} INFO - Filling up the DagBag from /home/airflow/.local/lib/python3.7/site-packages/airflow/example_dags/example_task_group_decorator.py
[2024-08-13T10:46:42.873+0000] {processor.py:753} INFO - DAG(s) dict_keys(['example_task_group_decorator']) retrieved from /home/airflow/.local/lib/python3.7/site-packages/airflow/example_dags/example_task_group_decorator.py
[2024-08-13T10:46:43.021+0000] {logging_mixin.py:137} INFO - [2024-08-13T10:46:43.020+0000] {manager.py:504} INFO - Created Permission View: can delete on DAG:example_task_group_decorator
[2024-08-13T10:46:43.038+0000] {logging_mixin.py:137} INFO - [2024-08-13T10:46:43.038+0000] {manager.py:504} INFO - Created Permission View: can edit on DAG:example_task_group_decorator
[2024-08-13T10:46:43.055+0000] {logging_mixin.py:137} INFO - [2024-08-13T10:46:43.055+0000] {manager.py:504} INFO - Created Permission View: can read on DAG:example_task_group_decorator
[2024-08-13T10:46:43.056+0000] {logging_mixin.py:137} INFO - [2024-08-13T10:46:43.056+0000] {dag.py:2690} INFO - Sync 1 DAGs
[2024-08-13T10:46:43.072+0000] {logging_mixin.py:137} INFO - [2024-08-13T10:46:43.072+0000] {dag.py:2711} INFO - Creating ORM DAG for example_task_group_decorator
[2024-08-13T10:46:43.088+0000] {logging_mixin.py:137} INFO - [2024-08-13T10:46:43.088+0000] {dag.py:3441} INFO - Setting next_dagrun for example_task_group_decorator to 2024-08-12T10:46:43.088172+00:00, run_after=2024-08-13T10:46:43.088172+00:00
[2024-08-13T10:46:43.116+0000] {processor.py:175} INFO - Processing /home/airflow/.local/lib/python3.7/site-packages/airflow/example_dags/example_task_group_decorator.py took 0.287 seconds
[2024-08-13T10:47:13.712+0000] {processor.py:153} INFO - Started process (PID=151) to work on /home/airflow/.local/lib/python3.7/site-packages/airflow/example_dags/example_task_group_decorator.py
[2024-08-13T10:47:13.713+0000] {processor.py:743} INFO - Processing file /home/airflow/.local/lib/python3.7/site-packages/airflow/example_dags/example_task_group_decorator.py for tasks to queue
[2024-08-13T10:47:13.714+0000] {logging_mixin.py:137} INFO - [2024-08-13T10:47:13.714+0000] {dagbag.py:538} INFO - Filling up the DagBag from /home/airflow/.local/lib/python3.7/site-packages/airflow/example_dags/example_task_group_decorator.py
[2024-08-13T10:47:13.784+0000] {processor.py:753} INFO - DAG(s) dict_keys(['example_task_group_decorator']) retrieved from /home/airflow/.local/lib/python3.7/site-packages/airflow/example_dags/example_task_group_decorator.py
[2024-08-13T10:47:13.890+0000] {logging_mixin.py:137} INFO - [2024-08-13T10:47:13.890+0000] {dag.py:2690} INFO - Sync 1 DAGs
[2024-08-13T10:47:13.970+0000] {logging_mixin.py:137} INFO - [2024-08-13T10:47:13.970+0000] {dag.py:3441} INFO - Setting next_dagrun for example_task_group_decorator to 2024-08-12T10:47:13.970287+00:00, run_after=2024-08-13T10:47:13.970287+00:00
[2024-08-13T10:47:14.070+0000] {processor.py:175} INFO - Processing /home/airflow/.local/lib/python3.7/site-packages/airflow/example_dags/example_task_group_decorator.py took 0.366 seconds
[2024-08-13T10:47:44.362+0000] {processor.py:153} INFO - Started process (PID=210) to work on /home/airflow/.local/lib/python3.7/site-packages/airflow/example_dags/example_task_group_decorator.py
[2024-08-13T10:47:44.363+0000] {processor.py:743} INFO - Processing file /home/airflow/.local/lib/python3.7/site-packages/airflow/example_dags/example_task_group_decorator.py for tasks to queue
[2024-08-13T10:47:44.363+0000] {logging_mixin.py:137} INFO - [2024-08-13T10:47:44.363+0000] {dagbag.py:538} INFO - Filling up the DagBag from /home/airflow/.local/lib/python3.7/site-packages/airflow/example_dags/example_task_group_decorator.py
[2024-08-13T10:47:44.399+0000] {processor.py:753} INFO - DAG(s) dict_keys(['example_task_group_decorator']) retrieved from /home/airflow/.local/lib/python3.7/site-packages/airflow/example_dags/example_task_group_decorator.py
[2024-08-13T10:47:44.411+0000] {logging_mixin.py:137} INFO - [2024-08-13T10:47:44.411+0000] {dag.py:2690} INFO - Sync 1 DAGs
[2024-08-13T10:47:44.443+0000] {logging_mixin.py:137} INFO - [2024-08-13T10:47:44.442+0000] {dag.py:3441} INFO - Setting next_dagrun for example_task_group_decorator to 2024-08-12T10:47:44.442605+00:00, run_after=2024-08-13T10:47:44.442605+00:00
[2024-08-13T10:47:44.473+0000] {processor.py:175} INFO - Processing /home/airflow/.local/lib/python3.7/site-packages/airflow/example_dags/example_task_group_decorator.py took 0.114 seconds
[2024-08-13T10:48:15.892+0000] {processor.py:153} INFO - Started process (PID=276) to work on /home/airflow/.local/lib/python3.7/site-packages/airflow/example_dags/example_task_group_decorator.py
[2024-08-13T10:48:15.898+0000] {processor.py:743} INFO - Processing file /home/airflow/.local/lib/python3.7/site-packages/airflow/example_dags/example_task_group_decorator.py for tasks to queue
[2024-08-13T10:48:15.899+0000] {logging_mixin.py:137} INFO - [2024-08-13T10:48:15.899+0000] {dagbag.py:538} INFO - Filling up the DagBag from /home/airflow/.local/lib/python3.7/site-packages/airflow/example_dags/example_task_group_decorator.py
[2024-08-13T10:48:16.020+0000] {processor.py:753} INFO - DAG(s) dict_keys(['example_task_group_decorator']) retrieved from /home/airflow/.local/lib/python3.7/site-packages/airflow/example_dags/example_task_group_decorator.py
[2024-08-13T10:48:16.218+0000] {logging_mixin.py:137} INFO - [2024-08-13T10:48:16.217+0000] {dag.py:2690} INFO - Sync 1 DAGs
[2024-08-13T10:48:16.365+0000] {logging_mixin.py:137} INFO - [2024-08-13T10:48:16.365+0000] {dag.py:3441} INFO - Setting next_dagrun for example_task_group_decorator to 2024-08-12T10:48:16.362105+00:00, run_after=2024-08-13T10:48:16.362105+00:00
[2024-08-13T10:48:16.477+0000] {processor.py:175} INFO - Processing /home/airflow/.local/lib/python3.7/site-packages/airflow/example_dags/example_task_group_decorator.py took 0.613 seconds
[2024-08-13T10:48:46.967+0000] {processor.py:153} INFO - Started process (PID=334) to work on /home/airflow/.local/lib/python3.7/site-packages/airflow/example_dags/example_task_group_decorator.py
[2024-08-13T10:48:46.982+0000] {processor.py:743} INFO - Processing file /home/airflow/.local/lib/python3.7/site-packages/airflow/example_dags/example_task_group_decorator.py for tasks to queue
[2024-08-13T10:48:47.001+0000] {logging_mixin.py:137} INFO - [2024-08-13T10:48:47.000+0000] {dagbag.py:538} INFO - Filling up the DagBag from /home/airflow/.local/lib/python3.7/site-packages/airflow/example_dags/example_task_group_decorator.py
[2024-08-13T10:48:47.164+0000] {processor.py:753} INFO - DAG(s) dict_keys(['example_task_group_decorator']) retrieved from /home/airflow/.local/lib/python3.7/site-packages/airflow/example_dags/example_task_group_decorator.py
[2024-08-13T10:48:47.241+0000] {logging_mixin.py:137} INFO - [2024-08-13T10:48:47.240+0000] {dag.py:2690} INFO - Sync 1 DAGs
[2024-08-13T10:48:47.377+0000] {logging_mixin.py:137} INFO - [2024-08-13T10:48:47.377+0000] {dag.py:3441} INFO - Setting next_dagrun for example_task_group_decorator to 2024-08-12T10:48:47.376996+00:00, run_after=2024-08-13T10:48:47.376996+00:00
[2024-08-13T10:48:47.545+0000] {processor.py:175} INFO - Processing /home/airflow/.local/lib/python3.7/site-packages/airflow/example_dags/example_task_group_decorator.py took 0.597 seconds
[2024-08-13T10:49:18.343+0000] {processor.py:153} INFO - Started process (PID=383) to work on /home/airflow/.local/lib/python3.7/site-packages/airflow/example_dags/example_task_group_decorator.py
[2024-08-13T10:49:18.344+0000] {processor.py:743} INFO - Processing file /home/airflow/.local/lib/python3.7/site-packages/airflow/example_dags/example_task_group_decorator.py for tasks to queue
[2024-08-13T10:49:18.345+0000] {logging_mixin.py:137} INFO - [2024-08-13T10:49:18.345+0000] {dagbag.py:538} INFO - Filling up the DagBag from /home/airflow/.local/lib/python3.7/site-packages/airflow/example_dags/example_task_group_decorator.py
[2024-08-13T10:49:18.409+0000] {processor.py:753} INFO - DAG(s) dict_keys(['example_task_group_decorator']) retrieved from /home/airflow/.local/lib/python3.7/site-packages/airflow/example_dags/example_task_group_decorator.py
[2024-08-13T10:49:18.476+0000] {logging_mixin.py:137} INFO - [2024-08-13T10:49:18.476+0000] {dag.py:2690} INFO - Sync 1 DAGs
[2024-08-13T10:49:18.563+0000] {logging_mixin.py:137} INFO - [2024-08-13T10:49:18.563+0000] {dag.py:3441} INFO - Setting next_dagrun for example_task_group_decorator to 2024-08-12T10:49:18.562787+00:00, run_after=2024-08-13T10:49:18.562787+00:00
[2024-08-13T10:49:18.645+0000] {processor.py:175} INFO - Processing /home/airflow/.local/lib/python3.7/site-packages/airflow/example_dags/example_task_group_decorator.py took 0.306 seconds
[2024-08-13T10:49:49.580+0000] {processor.py:153} INFO - Started process (PID=441) to work on /home/airflow/.local/lib/python3.7/site-packages/airflow/example_dags/example_task_group_decorator.py
[2024-08-13T10:49:49.593+0000] {processor.py:743} INFO - Processing file /home/airflow/.local/lib/python3.7/site-packages/airflow/example_dags/example_task_group_decorator.py for tasks to queue
[2024-08-13T10:49:49.594+0000] {logging_mixin.py:137} INFO - [2024-08-13T10:49:49.594+0000] {dagbag.py:538} INFO - Filling up the DagBag from /home/airflow/.local/lib/python3.7/site-packages/airflow/example_dags/example_task_group_decorator.py
[2024-08-13T10:49:49.752+0000] {processor.py:753} INFO - DAG(s) dict_keys(['example_task_group_decorator']) retrieved from /home/airflow/.local/lib/python3.7/site-packages/airflow/example_dags/example_task_group_decorator.py
[2024-08-13T10:49:49.816+0000] {logging_mixin.py:137} INFO - [2024-08-13T10:49:49.816+0000] {dag.py:2690} INFO - Sync 1 DAGs
[2024-08-13T10:49:50.051+0000] {logging_mixin.py:137} INFO - [2024-08-13T10:49:50.044+0000] {dag.py:3441} INFO - Setting next_dagrun for example_task_group_decorator to 2024-08-12T10:49:50.043741+00:00, run_after=2024-08-13T10:49:50.043741+00:00
[2024-08-13T10:49:50.178+0000] {processor.py:175} INFO - Processing /home/airflow/.local/lib/python3.7/site-packages/airflow/example_dags/example_task_group_decorator.py took 0.601 seconds
[2024-08-13T11:05:03.202+0000] {processor.py:153} INFO - Started process (PID=82) to work on /home/airflow/.local/lib/python3.7/site-packages/airflow/example_dags/example_task_group_decorator.py
[2024-08-13T11:05:03.218+0000] {processor.py:743} INFO - Processing file /home/airflow/.local/lib/python3.7/site-packages/airflow/example_dags/example_task_group_decorator.py for tasks to queue
[2024-08-13T11:05:03.219+0000] {logging_mixin.py:137} INFO - [2024-08-13T11:05:03.219+0000] {dagbag.py:538} INFO - Filling up the DagBag from /home/airflow/.local/lib/python3.7/site-packages/airflow/example_dags/example_task_group_decorator.py
[2024-08-13T11:05:03.426+0000] {processor.py:753} INFO - DAG(s) dict_keys(['example_task_group_decorator']) retrieved from /home/airflow/.local/lib/python3.7/site-packages/airflow/example_dags/example_task_group_decorator.py
[2024-08-13T11:05:03.647+0000] {logging_mixin.py:137} INFO - [2024-08-13T11:05:03.647+0000] {dag.py:2690} INFO - Sync 1 DAGs
[2024-08-13T11:05:03.833+0000] {logging_mixin.py:137} INFO - [2024-08-13T11:05:03.833+0000] {dag.py:3441} INFO - Setting next_dagrun for example_task_group_decorator to 2024-08-12T11:05:03.832925+00:00, run_after=2024-08-13T11:05:03.832925+00:00
[2024-08-13T11:05:03.976+0000] {processor.py:175} INFO - Processing /home/airflow/.local/lib/python3.7/site-packages/airflow/example_dags/example_task_group_decorator.py took 0.814 seconds
[2024-08-13T11:05:34.744+0000] {processor.py:153} INFO - Started process (PID=132) to work on /home/airflow/.local/lib/python3.7/site-packages/airflow/example_dags/example_task_group_decorator.py
[2024-08-13T11:05:34.758+0000] {processor.py:743} INFO - Processing file /home/airflow/.local/lib/python3.7/site-packages/airflow/example_dags/example_task_group_decorator.py for tasks to queue
[2024-08-13T11:05:34.759+0000] {logging_mixin.py:137} INFO - [2024-08-13T11:05:34.759+0000] {dagbag.py:538} INFO - Filling up the DagBag from /home/airflow/.local/lib/python3.7/site-packages/airflow/example_dags/example_task_group_decorator.py
[2024-08-13T11:05:34.857+0000] {processor.py:753} INFO - DAG(s) dict_keys(['example_task_group_decorator']) retrieved from /home/airflow/.local/lib/python3.7/site-packages/airflow/example_dags/example_task_group_decorator.py
[2024-08-13T11:05:34.961+0000] {logging_mixin.py:137} INFO - [2024-08-13T11:05:34.961+0000] {dag.py:2690} INFO - Sync 1 DAGs
[2024-08-13T11:05:34.998+0000] {logging_mixin.py:137} INFO - [2024-08-13T11:05:34.998+0000] {dag.py:3441} INFO - Setting next_dagrun for example_task_group_decorator to 2024-08-12T11:05:34.997769+00:00, run_after=2024-08-13T11:05:34.997769+00:00
[2024-08-13T11:05:35.031+0000] {processor.py:175} INFO - Processing /home/airflow/.local/lib/python3.7/site-packages/airflow/example_dags/example_task_group_decorator.py took 0.290 seconds
[2024-08-13T11:06:05.258+0000] {processor.py:153} INFO - Started process (PID=202) to work on /home/airflow/.local/lib/python3.7/site-packages/airflow/example_dags/example_task_group_decorator.py
[2024-08-13T11:06:05.259+0000] {processor.py:743} INFO - Processing file /home/airflow/.local/lib/python3.7/site-packages/airflow/example_dags/example_task_group_decorator.py for tasks to queue
[2024-08-13T11:06:05.262+0000] {logging_mixin.py:137} INFO - [2024-08-13T11:06:05.262+0000] {dagbag.py:538} INFO - Filling up the DagBag from /home/airflow/.local/lib/python3.7/site-packages/airflow/example_dags/example_task_group_decorator.py
[2024-08-13T11:06:05.406+0000] {processor.py:753} INFO - DAG(s) dict_keys(['example_task_group_decorator']) retrieved from /home/airflow/.local/lib/python3.7/site-packages/airflow/example_dags/example_task_group_decorator.py
[2024-08-13T11:06:05.554+0000] {logging_mixin.py:137} INFO - [2024-08-13T11:06:05.554+0000] {dag.py:2690} INFO - Sync 1 DAGs
[2024-08-13T11:06:05.710+0000] {logging_mixin.py:137} INFO - [2024-08-13T11:06:05.706+0000] {dag.py:3441} INFO - Setting next_dagrun for example_task_group_decorator to 2024-08-12T11:06:05.705902+00:00, run_after=2024-08-13T11:06:05.705902+00:00
[2024-08-13T11:06:05.829+0000] {processor.py:175} INFO - Processing /home/airflow/.local/lib/python3.7/site-packages/airflow/example_dags/example_task_group_decorator.py took 0.590 seconds
[2024-08-13T11:06:35.905+0000] {processor.py:153} INFO - Started process (PID=262) to work on /home/airflow/.local/lib/python3.7/site-packages/airflow/example_dags/example_task_group_decorator.py
[2024-08-13T11:06:35.906+0000] {processor.py:743} INFO - Processing file /home/airflow/.local/lib/python3.7/site-packages/airflow/example_dags/example_task_group_decorator.py for tasks to queue
[2024-08-13T11:06:35.907+0000] {logging_mixin.py:137} INFO - [2024-08-13T11:06:35.906+0000] {dagbag.py:538} INFO - Filling up the DagBag from /home/airflow/.local/lib/python3.7/site-packages/airflow/example_dags/example_task_group_decorator.py
[2024-08-13T11:06:35.933+0000] {processor.py:753} INFO - DAG(s) dict_keys(['example_task_group_decorator']) retrieved from /home/airflow/.local/lib/python3.7/site-packages/airflow/example_dags/example_task_group_decorator.py
[2024-08-13T11:06:35.959+0000] {logging_mixin.py:137} INFO - [2024-08-13T11:06:35.959+0000] {dag.py:2690} INFO - Sync 1 DAGs
[2024-08-13T11:06:35.983+0000] {logging_mixin.py:137} INFO - [2024-08-13T11:06:35.983+0000] {dag.py:3441} INFO - Setting next_dagrun for example_task_group_decorator to 2024-08-12T11:06:35.982891+00:00, run_after=2024-08-13T11:06:35.982891+00:00
[2024-08-13T11:06:36.003+0000] {processor.py:175} INFO - Processing /home/airflow/.local/lib/python3.7/site-packages/airflow/example_dags/example_task_group_decorator.py took 0.103 seconds
