[2024-08-13T10:46:23.652+0000] {processor.py:153} INFO - Started process (PID=51) to work on /home/airflow/.local/lib/python3.7/site-packages/airflow/example_dags/example_branch_day_of_week_operator.py
[2024-08-13T10:46:23.686+0000] {processor.py:743} INFO - Processing file /home/airflow/.local/lib/python3.7/site-packages/airflow/example_dags/example_branch_day_of_week_operator.py for tasks to queue
[2024-08-13T10:46:23.687+0000] {logging_mixin.py:137} INFO - [2024-08-13T10:46:23.687+0000] {dagbag.py:538} INFO - Filling up the DagBag from /home/airflow/.local/lib/python3.7/site-packages/airflow/example_dags/example_branch_day_of_week_operator.py
[2024-08-13T10:46:23.888+0000] {processor.py:753} INFO - DAG(s) dict_keys(['example_weekday_branch_operator']) retrieved from /home/airflow/.local/lib/python3.7/site-packages/airflow/example_dags/example_branch_day_of_week_operator.py
[2024-08-13T10:46:25.272+0000] {logging_mixin.py:137} INFO - [2024-08-13T10:46:25.272+0000] {manager.py:504} INFO - Created Permission View: can delete on DAG:example_weekday_branch_operator
[2024-08-13T10:46:25.362+0000] {logging_mixin.py:137} INFO - [2024-08-13T10:46:25.361+0000] {manager.py:504} INFO - Created Permission View: can edit on DAG:example_weekday_branch_operator
[2024-08-13T10:46:25.413+0000] {logging_mixin.py:137} INFO - [2024-08-13T10:46:25.412+0000] {manager.py:504} INFO - Created Permission View: can read on DAG:example_weekday_branch_operator
[2024-08-13T10:46:25.413+0000] {logging_mixin.py:137} INFO - [2024-08-13T10:46:25.413+0000] {dag.py:2690} INFO - Sync 1 DAGs
[2024-08-13T10:46:25.495+0000] {logging_mixin.py:137} INFO - [2024-08-13T10:46:25.495+0000] {dag.py:2711} INFO - Creating ORM DAG for example_weekday_branch_operator
[2024-08-13T10:46:25.660+0000] {logging_mixin.py:137} INFO - [2024-08-13T10:46:25.660+0000] {dag.py:3441} INFO - Setting next_dagrun for example_weekday_branch_operator to 2024-08-12T00:00:00+00:00, run_after=2024-08-13T00:00:00+00:00
[2024-08-13T10:46:25.774+0000] {processor.py:175} INFO - Processing /home/airflow/.local/lib/python3.7/site-packages/airflow/example_dags/example_branch_day_of_week_operator.py took 2.140 seconds
[2024-08-13T10:46:56.705+0000] {processor.py:153} INFO - Started process (PID=110) to work on /home/airflow/.local/lib/python3.7/site-packages/airflow/example_dags/example_branch_day_of_week_operator.py
[2024-08-13T10:46:56.706+0000] {processor.py:743} INFO - Processing file /home/airflow/.local/lib/python3.7/site-packages/airflow/example_dags/example_branch_day_of_week_operator.py for tasks to queue
[2024-08-13T10:46:56.707+0000] {logging_mixin.py:137} INFO - [2024-08-13T10:46:56.707+0000] {dagbag.py:538} INFO - Filling up the DagBag from /home/airflow/.local/lib/python3.7/site-packages/airflow/example_dags/example_branch_day_of_week_operator.py
[2024-08-13T10:46:56.726+0000] {processor.py:753} INFO - DAG(s) dict_keys(['example_weekday_branch_operator']) retrieved from /home/airflow/.local/lib/python3.7/site-packages/airflow/example_dags/example_branch_day_of_week_operator.py
[2024-08-13T10:46:56.756+0000] {logging_mixin.py:137} INFO - [2024-08-13T10:46:56.756+0000] {dag.py:2690} INFO - Sync 1 DAGs
[2024-08-13T10:46:56.796+0000] {logging_mixin.py:137} INFO - [2024-08-13T10:46:56.795+0000] {dag.py:3441} INFO - Setting next_dagrun for example_weekday_branch_operator to 2024-08-12T00:00:00+00:00, run_after=2024-08-13T00:00:00+00:00
[2024-08-13T10:46:56.821+0000] {processor.py:175} INFO - Processing /home/airflow/.local/lib/python3.7/site-packages/airflow/example_dags/example_branch_day_of_week_operator.py took 0.119 seconds
[2024-08-13T10:47:27.590+0000] {processor.py:153} INFO - Started process (PID=168) to work on /home/airflow/.local/lib/python3.7/site-packages/airflow/example_dags/example_branch_day_of_week_operator.py
[2024-08-13T10:47:27.594+0000] {processor.py:743} INFO - Processing file /home/airflow/.local/lib/python3.7/site-packages/airflow/example_dags/example_branch_day_of_week_operator.py for tasks to queue
[2024-08-13T10:47:27.595+0000] {logging_mixin.py:137} INFO - [2024-08-13T10:47:27.594+0000] {dagbag.py:538} INFO - Filling up the DagBag from /home/airflow/.local/lib/python3.7/site-packages/airflow/example_dags/example_branch_day_of_week_operator.py
[2024-08-13T10:47:27.664+0000] {processor.py:753} INFO - DAG(s) dict_keys(['example_weekday_branch_operator']) retrieved from /home/airflow/.local/lib/python3.7/site-packages/airflow/example_dags/example_branch_day_of_week_operator.py
[2024-08-13T10:47:27.715+0000] {logging_mixin.py:137} INFO - [2024-08-13T10:47:27.715+0000] {dag.py:2690} INFO - Sync 1 DAGs
[2024-08-13T10:47:27.842+0000] {logging_mixin.py:137} INFO - [2024-08-13T10:47:27.842+0000] {dag.py:3441} INFO - Setting next_dagrun for example_weekday_branch_operator to 2024-08-12T00:00:00+00:00, run_after=2024-08-13T00:00:00+00:00
[2024-08-13T10:47:27.959+0000] {processor.py:175} INFO - Processing /home/airflow/.local/lib/python3.7/site-packages/airflow/example_dags/example_branch_day_of_week_operator.py took 0.387 seconds
[2024-08-13T10:47:58.046+0000] {processor.py:153} INFO - Started process (PID=225) to work on /home/airflow/.local/lib/python3.7/site-packages/airflow/example_dags/example_branch_day_of_week_operator.py
[2024-08-13T10:47:58.047+0000] {processor.py:743} INFO - Processing file /home/airflow/.local/lib/python3.7/site-packages/airflow/example_dags/example_branch_day_of_week_operator.py for tasks to queue
[2024-08-13T10:47:58.047+0000] {logging_mixin.py:137} INFO - [2024-08-13T10:47:58.047+0000] {dagbag.py:538} INFO - Filling up the DagBag from /home/airflow/.local/lib/python3.7/site-packages/airflow/example_dags/example_branch_day_of_week_operator.py
[2024-08-13T10:47:58.067+0000] {processor.py:753} INFO - DAG(s) dict_keys(['example_weekday_branch_operator']) retrieved from /home/airflow/.local/lib/python3.7/site-packages/airflow/example_dags/example_branch_day_of_week_operator.py
[2024-08-13T10:47:58.099+0000] {logging_mixin.py:137} INFO - [2024-08-13T10:47:58.099+0000] {dag.py:2690} INFO - Sync 1 DAGs
[2024-08-13T10:47:58.134+0000] {logging_mixin.py:137} INFO - [2024-08-13T10:47:58.134+0000] {dag.py:3441} INFO - Setting next_dagrun for example_weekday_branch_operator to 2024-08-12T00:00:00+00:00, run_after=2024-08-13T00:00:00+00:00
[2024-08-13T10:47:58.161+0000] {processor.py:175} INFO - Processing /home/airflow/.local/lib/python3.7/site-packages/airflow/example_dags/example_branch_day_of_week_operator.py took 0.118 seconds
[2024-08-13T10:48:28.492+0000] {processor.py:153} INFO - Started process (PID=284) to work on /home/airflow/.local/lib/python3.7/site-packages/airflow/example_dags/example_branch_day_of_week_operator.py
[2024-08-13T10:48:28.499+0000] {processor.py:743} INFO - Processing file /home/airflow/.local/lib/python3.7/site-packages/airflow/example_dags/example_branch_day_of_week_operator.py for tasks to queue
[2024-08-13T10:48:28.502+0000] {logging_mixin.py:137} INFO - [2024-08-13T10:48:28.502+0000] {dagbag.py:538} INFO - Filling up the DagBag from /home/airflow/.local/lib/python3.7/site-packages/airflow/example_dags/example_branch_day_of_week_operator.py
[2024-08-13T10:48:28.595+0000] {processor.py:753} INFO - DAG(s) dict_keys(['example_weekday_branch_operator']) retrieved from /home/airflow/.local/lib/python3.7/site-packages/airflow/example_dags/example_branch_day_of_week_operator.py
[2024-08-13T10:48:28.702+0000] {logging_mixin.py:137} INFO - [2024-08-13T10:48:28.702+0000] {dag.py:2690} INFO - Sync 1 DAGs
[2024-08-13T10:48:28.824+0000] {logging_mixin.py:137} INFO - [2024-08-13T10:48:28.824+0000] {dag.py:3441} INFO - Setting next_dagrun for example_weekday_branch_operator to 2024-08-12T00:00:00+00:00, run_after=2024-08-13T00:00:00+00:00
[2024-08-13T10:48:28.887+0000] {processor.py:175} INFO - Processing /home/airflow/.local/lib/python3.7/site-packages/airflow/example_dags/example_branch_day_of_week_operator.py took 0.401 seconds
[2024-08-13T10:48:59.504+0000] {processor.py:153} INFO - Started process (PID=342) to work on /home/airflow/.local/lib/python3.7/site-packages/airflow/example_dags/example_branch_day_of_week_operator.py
[2024-08-13T10:48:59.507+0000] {processor.py:743} INFO - Processing file /home/airflow/.local/lib/python3.7/site-packages/airflow/example_dags/example_branch_day_of_week_operator.py for tasks to queue
[2024-08-13T10:48:59.508+0000] {logging_mixin.py:137} INFO - [2024-08-13T10:48:59.508+0000] {dagbag.py:538} INFO - Filling up the DagBag from /home/airflow/.local/lib/python3.7/site-packages/airflow/example_dags/example_branch_day_of_week_operator.py
[2024-08-13T10:48:59.545+0000] {processor.py:753} INFO - DAG(s) dict_keys(['example_weekday_branch_operator']) retrieved from /home/airflow/.local/lib/python3.7/site-packages/airflow/example_dags/example_branch_day_of_week_operator.py
[2024-08-13T10:48:59.597+0000] {logging_mixin.py:137} INFO - [2024-08-13T10:48:59.596+0000] {dag.py:2690} INFO - Sync 1 DAGs
[2024-08-13T10:48:59.722+0000] {logging_mixin.py:137} INFO - [2024-08-13T10:48:59.722+0000] {dag.py:3441} INFO - Setting next_dagrun for example_weekday_branch_operator to 2024-08-12T00:00:00+00:00, run_after=2024-08-13T00:00:00+00:00
[2024-08-13T10:48:59.796+0000] {processor.py:175} INFO - Processing /home/airflow/.local/lib/python3.7/site-packages/airflow/example_dags/example_branch_day_of_week_operator.py took 0.297 seconds
[2024-08-13T10:49:30.318+0000] {processor.py:153} INFO - Started process (PID=399) to work on /home/airflow/.local/lib/python3.7/site-packages/airflow/example_dags/example_branch_day_of_week_operator.py
[2024-08-13T10:49:30.329+0000] {processor.py:743} INFO - Processing file /home/airflow/.local/lib/python3.7/site-packages/airflow/example_dags/example_branch_day_of_week_operator.py for tasks to queue
[2024-08-13T10:49:30.330+0000] {logging_mixin.py:137} INFO - [2024-08-13T10:49:30.330+0000] {dagbag.py:538} INFO - Filling up the DagBag from /home/airflow/.local/lib/python3.7/site-packages/airflow/example_dags/example_branch_day_of_week_operator.py
[2024-08-13T10:49:30.354+0000] {processor.py:753} INFO - DAG(s) dict_keys(['example_weekday_branch_operator']) retrieved from /home/airflow/.local/lib/python3.7/site-packages/airflow/example_dags/example_branch_day_of_week_operator.py
[2024-08-13T10:49:30.388+0000] {logging_mixin.py:137} INFO - [2024-08-13T10:49:30.387+0000] {dag.py:2690} INFO - Sync 1 DAGs
[2024-08-13T10:49:30.448+0000] {logging_mixin.py:137} INFO - [2024-08-13T10:49:30.448+0000] {dag.py:3441} INFO - Setting next_dagrun for example_weekday_branch_operator to 2024-08-12T00:00:00+00:00, run_after=2024-08-13T00:00:00+00:00
[2024-08-13T10:49:30.485+0000] {processor.py:175} INFO - Processing /home/airflow/.local/lib/python3.7/site-packages/airflow/example_dags/example_branch_day_of_week_operator.py took 0.171 seconds
[2024-08-13T10:50:01.085+0000] {processor.py:153} INFO - Started process (PID=457) to work on /home/airflow/.local/lib/python3.7/site-packages/airflow/example_dags/example_branch_day_of_week_operator.py
[2024-08-13T10:50:01.086+0000] {processor.py:743} INFO - Processing file /home/airflow/.local/lib/python3.7/site-packages/airflow/example_dags/example_branch_day_of_week_operator.py for tasks to queue
[2024-08-13T10:50:01.087+0000] {logging_mixin.py:137} INFO - [2024-08-13T10:50:01.087+0000] {dagbag.py:538} INFO - Filling up the DagBag from /home/airflow/.local/lib/python3.7/site-packages/airflow/example_dags/example_branch_day_of_week_operator.py
[2024-08-13T10:50:01.105+0000] {processor.py:753} INFO - DAG(s) dict_keys(['example_weekday_branch_operator']) retrieved from /home/airflow/.local/lib/python3.7/site-packages/airflow/example_dags/example_branch_day_of_week_operator.py
[2024-08-13T10:50:01.139+0000] {logging_mixin.py:137} INFO - [2024-08-13T10:50:01.139+0000] {dag.py:2690} INFO - Sync 1 DAGs
[2024-08-13T10:50:01.173+0000] {logging_mixin.py:137} INFO - [2024-08-13T10:50:01.173+0000] {dag.py:3441} INFO - Setting next_dagrun for example_weekday_branch_operator to 2024-08-12T00:00:00+00:00, run_after=2024-08-13T00:00:00+00:00
[2024-08-13T10:50:01.210+0000] {processor.py:175} INFO - Processing /home/airflow/.local/lib/python3.7/site-packages/airflow/example_dags/example_branch_day_of_week_operator.py took 0.128 seconds
[2024-08-13T11:04:54.349+0000] {processor.py:153} INFO - Started process (PID=42) to work on /home/airflow/.local/lib/python3.7/site-packages/airflow/example_dags/example_branch_day_of_week_operator.py
[2024-08-13T11:04:54.362+0000] {processor.py:743} INFO - Processing file /home/airflow/.local/lib/python3.7/site-packages/airflow/example_dags/example_branch_day_of_week_operator.py for tasks to queue
[2024-08-13T11:04:54.364+0000] {logging_mixin.py:137} INFO - [2024-08-13T11:04:54.364+0000] {dagbag.py:538} INFO - Filling up the DagBag from /home/airflow/.local/lib/python3.7/site-packages/airflow/example_dags/example_branch_day_of_week_operator.py
[2024-08-13T11:04:54.464+0000] {processor.py:753} INFO - DAG(s) dict_keys(['example_weekday_branch_operator']) retrieved from /home/airflow/.local/lib/python3.7/site-packages/airflow/example_dags/example_branch_day_of_week_operator.py
[2024-08-13T11:04:54.610+0000] {logging_mixin.py:137} INFO - [2024-08-13T11:04:54.610+0000] {dag.py:2690} INFO - Sync 1 DAGs
[2024-08-13T11:04:54.709+0000] {logging_mixin.py:137} INFO - [2024-08-13T11:04:54.709+0000] {dag.py:3441} INFO - Setting next_dagrun for example_weekday_branch_operator to 2024-08-12T00:00:00+00:00, run_after=2024-08-13T00:00:00+00:00
[2024-08-13T11:04:54.778+0000] {processor.py:175} INFO - Processing /home/airflow/.local/lib/python3.7/site-packages/airflow/example_dags/example_branch_day_of_week_operator.py took 0.432 seconds
[2024-08-13T11:05:25.428+0000] {processor.py:153} INFO - Started process (PID=100) to work on /home/airflow/.local/lib/python3.7/site-packages/airflow/example_dags/example_branch_day_of_week_operator.py
[2024-08-13T11:05:25.431+0000] {processor.py:743} INFO - Processing file /home/airflow/.local/lib/python3.7/site-packages/airflow/example_dags/example_branch_day_of_week_operator.py for tasks to queue
[2024-08-13T11:05:25.434+0000] {logging_mixin.py:137} INFO - [2024-08-13T11:05:25.434+0000] {dagbag.py:538} INFO - Filling up the DagBag from /home/airflow/.local/lib/python3.7/site-packages/airflow/example_dags/example_branch_day_of_week_operator.py
[2024-08-13T11:05:25.545+0000] {processor.py:753} INFO - DAG(s) dict_keys(['example_weekday_branch_operator']) retrieved from /home/airflow/.local/lib/python3.7/site-packages/airflow/example_dags/example_branch_day_of_week_operator.py
[2024-08-13T11:05:25.668+0000] {logging_mixin.py:137} INFO - [2024-08-13T11:05:25.668+0000] {dag.py:2690} INFO - Sync 1 DAGs
[2024-08-13T11:05:25.759+0000] {logging_mixin.py:137} INFO - [2024-08-13T11:05:25.759+0000] {dag.py:3441} INFO - Setting next_dagrun for example_weekday_branch_operator to 2024-08-12T00:00:00+00:00, run_after=2024-08-13T00:00:00+00:00
[2024-08-13T11:05:25.819+0000] {processor.py:175} INFO - Processing /home/airflow/.local/lib/python3.7/site-packages/airflow/example_dags/example_branch_day_of_week_operator.py took 0.429 seconds
[2024-08-13T11:05:56.517+0000] {processor.py:153} INFO - Started process (PID=159) to work on /home/airflow/.local/lib/python3.7/site-packages/airflow/example_dags/example_branch_day_of_week_operator.py
[2024-08-13T11:05:56.518+0000] {processor.py:743} INFO - Processing file /home/airflow/.local/lib/python3.7/site-packages/airflow/example_dags/example_branch_day_of_week_operator.py for tasks to queue
[2024-08-13T11:05:56.519+0000] {logging_mixin.py:137} INFO - [2024-08-13T11:05:56.518+0000] {dagbag.py:538} INFO - Filling up the DagBag from /home/airflow/.local/lib/python3.7/site-packages/airflow/example_dags/example_branch_day_of_week_operator.py
[2024-08-13T11:05:56.538+0000] {processor.py:753} INFO - DAG(s) dict_keys(['example_weekday_branch_operator']) retrieved from /home/airflow/.local/lib/python3.7/site-packages/airflow/example_dags/example_branch_day_of_week_operator.py
[2024-08-13T11:05:56.566+0000] {logging_mixin.py:137} INFO - [2024-08-13T11:05:56.566+0000] {dag.py:2690} INFO - Sync 1 DAGs
[2024-08-13T11:05:56.620+0000] {logging_mixin.py:137} INFO - [2024-08-13T11:05:56.620+0000] {dag.py:3441} INFO - Setting next_dagrun for example_weekday_branch_operator to 2024-08-12T00:00:00+00:00, run_after=2024-08-13T00:00:00+00:00
[2024-08-13T11:05:56.654+0000] {processor.py:175} INFO - Processing /home/airflow/.local/lib/python3.7/site-packages/airflow/example_dags/example_branch_day_of_week_operator.py took 0.141 seconds
[2024-08-13T11:06:27.288+0000] {processor.py:153} INFO - Started process (PID=218) to work on /home/airflow/.local/lib/python3.7/site-packages/airflow/example_dags/example_branch_day_of_week_operator.py
[2024-08-13T11:06:27.289+0000] {processor.py:743} INFO - Processing file /home/airflow/.local/lib/python3.7/site-packages/airflow/example_dags/example_branch_day_of_week_operator.py for tasks to queue
[2024-08-13T11:06:27.298+0000] {logging_mixin.py:137} INFO - [2024-08-13T11:06:27.298+0000] {dagbag.py:538} INFO - Filling up the DagBag from /home/airflow/.local/lib/python3.7/site-packages/airflow/example_dags/example_branch_day_of_week_operator.py
[2024-08-13T11:06:27.335+0000] {processor.py:753} INFO - DAG(s) dict_keys(['example_weekday_branch_operator']) retrieved from /home/airflow/.local/lib/python3.7/site-packages/airflow/example_dags/example_branch_day_of_week_operator.py
[2024-08-13T11:06:27.413+0000] {logging_mixin.py:137} INFO - [2024-08-13T11:06:27.413+0000] {dag.py:2690} INFO - Sync 1 DAGs
[2024-08-13T11:06:27.484+0000] {logging_mixin.py:137} INFO - [2024-08-13T11:06:27.484+0000] {dag.py:3441} INFO - Setting next_dagrun for example_weekday_branch_operator to 2024-08-12T00:00:00+00:00, run_after=2024-08-13T00:00:00+00:00
[2024-08-13T11:06:27.611+0000] {processor.py:175} INFO - Processing /home/airflow/.local/lib/python3.7/site-packages/airflow/example_dags/example_branch_day_of_week_operator.py took 0.334 seconds
