[2024-08-13T10:46:41.866+0000] {processor.py:153} INFO - Started process (PID=89) to work on /home/airflow/.local/lib/python3.7/site-packages/airflow/example_dags/example_time_delta_sensor_async.py
[2024-08-13T10:46:41.869+0000] {processor.py:743} INFO - Processing file /home/airflow/.local/lib/python3.7/site-packages/airflow/example_dags/example_time_delta_sensor_async.py for tasks to queue
[2024-08-13T10:46:41.871+0000] {logging_mixin.py:137} INFO - [2024-08-13T10:46:41.871+0000] {dagbag.py:538} INFO - Filling up the DagBag from /home/airflow/.local/lib/python3.7/site-packages/airflow/example_dags/example_time_delta_sensor_async.py
[2024-08-13T10:46:41.922+0000] {processor.py:753} INFO - DAG(s) dict_keys(['example_time_delta_sensor_async']) retrieved from /home/airflow/.local/lib/python3.7/site-packages/airflow/example_dags/example_time_delta_sensor_async.py
[2024-08-13T10:46:42.225+0000] {logging_mixin.py:137} INFO - [2024-08-13T10:46:42.225+0000] {manager.py:504} INFO - Created Permission View: can delete on DAG:example_time_delta_sensor_async
[2024-08-13T10:46:42.244+0000] {logging_mixin.py:137} INFO - [2024-08-13T10:46:42.244+0000] {manager.py:504} INFO - Created Permission View: can edit on DAG:example_time_delta_sensor_async
[2024-08-13T10:46:42.259+0000] {logging_mixin.py:137} INFO - [2024-08-13T10:46:42.259+0000] {manager.py:504} INFO - Created Permission View: can read on DAG:example_time_delta_sensor_async
[2024-08-13T10:46:42.259+0000] {logging_mixin.py:137} INFO - [2024-08-13T10:46:42.259+0000] {dag.py:2690} INFO - Sync 1 DAGs
[2024-08-13T10:46:42.277+0000] {logging_mixin.py:137} INFO - [2024-08-13T10:46:42.277+0000] {dag.py:2711} INFO - Creating ORM DAG for example_time_delta_sensor_async
[2024-08-13T10:46:42.291+0000] {logging_mixin.py:137} INFO - [2024-08-13T10:46:42.291+0000] {dag.py:3441} INFO - Setting next_dagrun for example_time_delta_sensor_async to None, run_after=None
[2024-08-13T10:46:42.335+0000] {processor.py:175} INFO - Processing /home/airflow/.local/lib/python3.7/site-packages/airflow/example_dags/example_time_delta_sensor_async.py took 0.489 seconds
[2024-08-13T10:47:13.349+0000] {processor.py:153} INFO - Started process (PID=147) to work on /home/airflow/.local/lib/python3.7/site-packages/airflow/example_dags/example_time_delta_sensor_async.py
[2024-08-13T10:47:13.350+0000] {processor.py:743} INFO - Processing file /home/airflow/.local/lib/python3.7/site-packages/airflow/example_dags/example_time_delta_sensor_async.py for tasks to queue
[2024-08-13T10:47:13.351+0000] {logging_mixin.py:137} INFO - [2024-08-13T10:47:13.351+0000] {dagbag.py:538} INFO - Filling up the DagBag from /home/airflow/.local/lib/python3.7/site-packages/airflow/example_dags/example_time_delta_sensor_async.py
[2024-08-13T10:47:13.365+0000] {processor.py:753} INFO - DAG(s) dict_keys(['example_time_delta_sensor_async']) retrieved from /home/airflow/.local/lib/python3.7/site-packages/airflow/example_dags/example_time_delta_sensor_async.py
[2024-08-13T10:47:13.395+0000] {logging_mixin.py:137} INFO - [2024-08-13T10:47:13.394+0000] {dag.py:2690} INFO - Sync 1 DAGs
[2024-08-13T10:47:13.429+0000] {logging_mixin.py:137} INFO - [2024-08-13T10:47:13.429+0000] {dag.py:3441} INFO - Setting next_dagrun for example_time_delta_sensor_async to None, run_after=None
[2024-08-13T10:47:13.461+0000] {processor.py:175} INFO - Processing /home/airflow/.local/lib/python3.7/site-packages/airflow/example_dags/example_time_delta_sensor_async.py took 0.115 seconds
[2024-08-13T10:47:44.046+0000] {processor.py:153} INFO - Started process (PID=205) to work on /home/airflow/.local/lib/python3.7/site-packages/airflow/example_dags/example_time_delta_sensor_async.py
[2024-08-13T10:47:44.047+0000] {processor.py:743} INFO - Processing file /home/airflow/.local/lib/python3.7/site-packages/airflow/example_dags/example_time_delta_sensor_async.py for tasks to queue
[2024-08-13T10:47:44.048+0000] {logging_mixin.py:137} INFO - [2024-08-13T10:47:44.048+0000] {dagbag.py:538} INFO - Filling up the DagBag from /home/airflow/.local/lib/python3.7/site-packages/airflow/example_dags/example_time_delta_sensor_async.py
[2024-08-13T10:47:44.063+0000] {processor.py:753} INFO - DAG(s) dict_keys(['example_time_delta_sensor_async']) retrieved from /home/airflow/.local/lib/python3.7/site-packages/airflow/example_dags/example_time_delta_sensor_async.py
[2024-08-13T10:47:44.077+0000] {logging_mixin.py:137} INFO - [2024-08-13T10:47:44.077+0000] {dag.py:2690} INFO - Sync 1 DAGs
[2024-08-13T10:47:44.119+0000] {logging_mixin.py:137} INFO - [2024-08-13T10:47:44.119+0000] {dag.py:3441} INFO - Setting next_dagrun for example_time_delta_sensor_async to None, run_after=None
[2024-08-13T10:47:44.151+0000] {processor.py:175} INFO - Processing /home/airflow/.local/lib/python3.7/site-packages/airflow/example_dags/example_time_delta_sensor_async.py took 0.108 seconds
[2024-08-13T10:48:15.083+0000] {processor.py:153} INFO - Started process (PID=270) to work on /home/airflow/.local/lib/python3.7/site-packages/airflow/example_dags/example_time_delta_sensor_async.py
[2024-08-13T10:48:15.102+0000] {processor.py:743} INFO - Processing file /home/airflow/.local/lib/python3.7/site-packages/airflow/example_dags/example_time_delta_sensor_async.py for tasks to queue
[2024-08-13T10:48:15.102+0000] {logging_mixin.py:137} INFO - [2024-08-13T10:48:15.102+0000] {dagbag.py:538} INFO - Filling up the DagBag from /home/airflow/.local/lib/python3.7/site-packages/airflow/example_dags/example_time_delta_sensor_async.py
[2024-08-13T10:48:15.131+0000] {processor.py:753} INFO - DAG(s) dict_keys(['example_time_delta_sensor_async']) retrieved from /home/airflow/.local/lib/python3.7/site-packages/airflow/example_dags/example_time_delta_sensor_async.py
[2024-08-13T10:48:15.181+0000] {logging_mixin.py:137} INFO - [2024-08-13T10:48:15.181+0000] {dag.py:2690} INFO - Sync 1 DAGs
[2024-08-13T10:48:15.246+0000] {logging_mixin.py:137} INFO - [2024-08-13T10:48:15.246+0000] {dag.py:3441} INFO - Setting next_dagrun for example_time_delta_sensor_async to None, run_after=None
[2024-08-13T10:48:15.294+0000] {processor.py:175} INFO - Processing /home/airflow/.local/lib/python3.7/site-packages/airflow/example_dags/example_time_delta_sensor_async.py took 0.214 seconds
[2024-08-13T10:48:45.780+0000] {processor.py:153} INFO - Started process (PID=328) to work on /home/airflow/.local/lib/python3.7/site-packages/airflow/example_dags/example_time_delta_sensor_async.py
[2024-08-13T10:48:45.794+0000] {processor.py:743} INFO - Processing file /home/airflow/.local/lib/python3.7/site-packages/airflow/example_dags/example_time_delta_sensor_async.py for tasks to queue
[2024-08-13T10:48:45.794+0000] {logging_mixin.py:137} INFO - [2024-08-13T10:48:45.794+0000] {dagbag.py:538} INFO - Filling up the DagBag from /home/airflow/.local/lib/python3.7/site-packages/airflow/example_dags/example_time_delta_sensor_async.py
[2024-08-13T10:48:45.883+0000] {processor.py:753} INFO - DAG(s) dict_keys(['example_time_delta_sensor_async']) retrieved from /home/airflow/.local/lib/python3.7/site-packages/airflow/example_dags/example_time_delta_sensor_async.py
[2024-08-13T10:48:45.981+0000] {logging_mixin.py:137} INFO - [2024-08-13T10:48:45.980+0000] {dag.py:2690} INFO - Sync 1 DAGs
[2024-08-13T10:48:46.154+0000] {logging_mixin.py:137} INFO - [2024-08-13T10:48:46.153+0000] {dag.py:3441} INFO - Setting next_dagrun for example_time_delta_sensor_async to None, run_after=None
[2024-08-13T10:48:46.328+0000] {processor.py:175} INFO - Processing /home/airflow/.local/lib/python3.7/site-packages/airflow/example_dags/example_time_delta_sensor_async.py took 0.572 seconds
[2024-08-13T10:49:16.542+0000] {processor.py:153} INFO - Started process (PID=379) to work on /home/airflow/.local/lib/python3.7/site-packages/airflow/example_dags/example_time_delta_sensor_async.py
[2024-08-13T10:49:16.549+0000] {processor.py:743} INFO - Processing file /home/airflow/.local/lib/python3.7/site-packages/airflow/example_dags/example_time_delta_sensor_async.py for tasks to queue
[2024-08-13T10:49:16.550+0000] {logging_mixin.py:137} INFO - [2024-08-13T10:49:16.550+0000] {dagbag.py:538} INFO - Filling up the DagBag from /home/airflow/.local/lib/python3.7/site-packages/airflow/example_dags/example_time_delta_sensor_async.py
[2024-08-13T10:49:16.571+0000] {processor.py:753} INFO - DAG(s) dict_keys(['example_time_delta_sensor_async']) retrieved from /home/airflow/.local/lib/python3.7/site-packages/airflow/example_dags/example_time_delta_sensor_async.py
[2024-08-13T10:49:16.702+0000] {logging_mixin.py:137} INFO - [2024-08-13T10:49:16.702+0000] {dag.py:2690} INFO - Sync 1 DAGs
[2024-08-13T10:49:16.865+0000] {logging_mixin.py:137} INFO - [2024-08-13T10:49:16.864+0000] {dag.py:3441} INFO - Setting next_dagrun for example_time_delta_sensor_async to None, run_after=None
[2024-08-13T10:49:16.926+0000] {processor.py:175} INFO - Processing /home/airflow/.local/lib/python3.7/site-packages/airflow/example_dags/example_time_delta_sensor_async.py took 0.388 seconds
[2024-08-13T10:49:47.076+0000] {processor.py:153} INFO - Started process (PID=437) to work on /home/airflow/.local/lib/python3.7/site-packages/airflow/example_dags/example_time_delta_sensor_async.py
[2024-08-13T10:49:47.085+0000] {processor.py:743} INFO - Processing file /home/airflow/.local/lib/python3.7/site-packages/airflow/example_dags/example_time_delta_sensor_async.py for tasks to queue
[2024-08-13T10:49:47.086+0000] {logging_mixin.py:137} INFO - [2024-08-13T10:49:47.086+0000] {dagbag.py:538} INFO - Filling up the DagBag from /home/airflow/.local/lib/python3.7/site-packages/airflow/example_dags/example_time_delta_sensor_async.py
[2024-08-13T10:49:47.108+0000] {processor.py:753} INFO - DAG(s) dict_keys(['example_time_delta_sensor_async']) retrieved from /home/airflow/.local/lib/python3.7/site-packages/airflow/example_dags/example_time_delta_sensor_async.py
[2024-08-13T10:49:47.138+0000] {logging_mixin.py:137} INFO - [2024-08-13T10:49:47.138+0000] {dag.py:2690} INFO - Sync 1 DAGs
[2024-08-13T10:49:47.210+0000] {logging_mixin.py:137} INFO - [2024-08-13T10:49:47.210+0000] {dag.py:3441} INFO - Setting next_dagrun for example_time_delta_sensor_async to None, run_after=None
[2024-08-13T10:49:47.248+0000] {processor.py:175} INFO - Processing /home/airflow/.local/lib/python3.7/site-packages/airflow/example_dags/example_time_delta_sensor_async.py took 0.175 seconds
[2024-08-13T11:05:01.299+0000] {processor.py:153} INFO - Started process (PID=76) to work on /home/airflow/.local/lib/python3.7/site-packages/airflow/example_dags/example_time_delta_sensor_async.py
[2024-08-13T11:05:01.304+0000] {processor.py:743} INFO - Processing file /home/airflow/.local/lib/python3.7/site-packages/airflow/example_dags/example_time_delta_sensor_async.py for tasks to queue
[2024-08-13T11:05:01.307+0000] {logging_mixin.py:137} INFO - [2024-08-13T11:05:01.307+0000] {dagbag.py:538} INFO - Filling up the DagBag from /home/airflow/.local/lib/python3.7/site-packages/airflow/example_dags/example_time_delta_sensor_async.py
[2024-08-13T11:05:01.437+0000] {processor.py:753} INFO - DAG(s) dict_keys(['example_time_delta_sensor_async']) retrieved from /home/airflow/.local/lib/python3.7/site-packages/airflow/example_dags/example_time_delta_sensor_async.py
[2024-08-13T11:05:01.730+0000] {logging_mixin.py:137} INFO - [2024-08-13T11:05:01.729+0000] {dag.py:2690} INFO - Sync 1 DAGs
[2024-08-13T11:05:01.891+0000] {logging_mixin.py:137} INFO - [2024-08-13T11:05:01.890+0000] {dag.py:3441} INFO - Setting next_dagrun for example_time_delta_sensor_async to None, run_after=None
[2024-08-13T11:05:02.090+0000] {processor.py:175} INFO - Processing /home/airflow/.local/lib/python3.7/site-packages/airflow/example_dags/example_time_delta_sensor_async.py took 0.823 seconds
[2024-08-13T11:05:32.407+0000] {processor.py:153} INFO - Started process (PID=128) to work on /home/airflow/.local/lib/python3.7/site-packages/airflow/example_dags/example_time_delta_sensor_async.py
[2024-08-13T11:05:32.409+0000] {processor.py:743} INFO - Processing file /home/airflow/.local/lib/python3.7/site-packages/airflow/example_dags/example_time_delta_sensor_async.py for tasks to queue
[2024-08-13T11:05:32.410+0000] {logging_mixin.py:137} INFO - [2024-08-13T11:05:32.410+0000] {dagbag.py:538} INFO - Filling up the DagBag from /home/airflow/.local/lib/python3.7/site-packages/airflow/example_dags/example_time_delta_sensor_async.py
[2024-08-13T11:05:32.424+0000] {processor.py:753} INFO - DAG(s) dict_keys(['example_time_delta_sensor_async']) retrieved from /home/airflow/.local/lib/python3.7/site-packages/airflow/example_dags/example_time_delta_sensor_async.py
[2024-08-13T11:05:32.454+0000] {logging_mixin.py:137} INFO - [2024-08-13T11:05:32.454+0000] {dag.py:2690} INFO - Sync 1 DAGs
[2024-08-13T11:05:32.489+0000] {logging_mixin.py:137} INFO - [2024-08-13T11:05:32.489+0000] {dag.py:3441} INFO - Setting next_dagrun for example_time_delta_sensor_async to None, run_after=None
[2024-08-13T11:05:32.524+0000] {processor.py:175} INFO - Processing /home/airflow/.local/lib/python3.7/site-packages/airflow/example_dags/example_time_delta_sensor_async.py took 0.121 seconds
[2024-08-13T11:06:03.326+0000] {processor.py:153} INFO - Started process (PID=196) to work on /home/airflow/.local/lib/python3.7/site-packages/airflow/example_dags/example_time_delta_sensor_async.py
[2024-08-13T11:06:03.330+0000] {processor.py:743} INFO - Processing file /home/airflow/.local/lib/python3.7/site-packages/airflow/example_dags/example_time_delta_sensor_async.py for tasks to queue
[2024-08-13T11:06:03.335+0000] {logging_mixin.py:137} INFO - [2024-08-13T11:06:03.335+0000] {dagbag.py:538} INFO - Filling up the DagBag from /home/airflow/.local/lib/python3.7/site-packages/airflow/example_dags/example_time_delta_sensor_async.py
[2024-08-13T11:06:03.372+0000] {processor.py:753} INFO - DAG(s) dict_keys(['example_time_delta_sensor_async']) retrieved from /home/airflow/.local/lib/python3.7/site-packages/airflow/example_dags/example_time_delta_sensor_async.py
[2024-08-13T11:06:03.442+0000] {logging_mixin.py:137} INFO - [2024-08-13T11:06:03.442+0000] {dag.py:2690} INFO - Sync 1 DAGs
[2024-08-13T11:06:03.522+0000] {logging_mixin.py:137} INFO - [2024-08-13T11:06:03.522+0000] {dag.py:3441} INFO - Setting next_dagrun for example_time_delta_sensor_async to None, run_after=None
[2024-08-13T11:06:03.563+0000] {processor.py:175} INFO - Processing /home/airflow/.local/lib/python3.7/site-packages/airflow/example_dags/example_time_delta_sensor_async.py took 0.241 seconds
[2024-08-13T11:06:34.306+0000] {processor.py:153} INFO - Started process (PID=256) to work on /home/airflow/.local/lib/python3.7/site-packages/airflow/example_dags/example_time_delta_sensor_async.py
[2024-08-13T11:06:34.307+0000] {processor.py:743} INFO - Processing file /home/airflow/.local/lib/python3.7/site-packages/airflow/example_dags/example_time_delta_sensor_async.py for tasks to queue
[2024-08-13T11:06:34.308+0000] {logging_mixin.py:137} INFO - [2024-08-13T11:06:34.308+0000] {dagbag.py:538} INFO - Filling up the DagBag from /home/airflow/.local/lib/python3.7/site-packages/airflow/example_dags/example_time_delta_sensor_async.py
[2024-08-13T11:06:34.334+0000] {processor.py:753} INFO - DAG(s) dict_keys(['example_time_delta_sensor_async']) retrieved from /home/airflow/.local/lib/python3.7/site-packages/airflow/example_dags/example_time_delta_sensor_async.py
[2024-08-13T11:06:34.385+0000] {logging_mixin.py:137} INFO - [2024-08-13T11:06:34.384+0000] {dag.py:2690} INFO - Sync 1 DAGs
[2024-08-13T11:06:34.461+0000] {logging_mixin.py:137} INFO - [2024-08-13T11:06:34.460+0000] {dag.py:3441} INFO - Setting next_dagrun for example_time_delta_sensor_async to None, run_after=None
[2024-08-13T11:06:34.517+0000] {processor.py:175} INFO - Processing /home/airflow/.local/lib/python3.7/site-packages/airflow/example_dags/example_time_delta_sensor_async.py took 0.221 seconds
