[2024-08-13T10:46:42.133+0000] {processor.py:153} INFO - Started process (PID=90) to work on /home/airflow/.local/lib/python3.7/site-packages/airflow/example_dags/example_xcomargs.py
[2024-08-13T10:46:42.142+0000] {processor.py:743} INFO - Processing file /home/airflow/.local/lib/python3.7/site-packages/airflow/example_dags/example_xcomargs.py for tasks to queue
[2024-08-13T10:46:42.142+0000] {logging_mixin.py:137} INFO - [2024-08-13T10:46:42.142+0000] {dagbag.py:538} INFO - Filling up the DagBag from /home/airflow/.local/lib/python3.7/site-packages/airflow/example_dags/example_xcomargs.py
[2024-08-13T10:46:42.204+0000] {processor.py:753} INFO - DAG(s) dict_keys(['example_xcom_args', 'example_xcom_args_with_operators']) retrieved from /home/airflow/.local/lib/python3.7/site-packages/airflow/example_dags/example_xcomargs.py
[2024-08-13T10:46:42.478+0000] {logging_mixin.py:137} INFO - [2024-08-13T10:46:42.478+0000] {manager.py:504} INFO - Created Permission View: can delete on DAG:example_xcom_args
[2024-08-13T10:46:42.509+0000] {logging_mixin.py:137} INFO - [2024-08-13T10:46:42.509+0000] {manager.py:504} INFO - Created Permission View: can edit on DAG:example_xcom_args
[2024-08-13T10:46:42.525+0000] {logging_mixin.py:137} INFO - [2024-08-13T10:46:42.525+0000] {manager.py:504} INFO - Created Permission View: can read on DAG:example_xcom_args
[2024-08-13T10:46:42.562+0000] {logging_mixin.py:137} INFO - [2024-08-13T10:46:42.561+0000] {manager.py:504} INFO - Created Permission View: can delete on DAG:example_xcom_args_with_operators
[2024-08-13T10:46:42.580+0000] {logging_mixin.py:137} INFO - [2024-08-13T10:46:42.580+0000] {manager.py:504} INFO - Created Permission View: can edit on DAG:example_xcom_args_with_operators
[2024-08-13T10:46:42.599+0000] {logging_mixin.py:137} INFO - [2024-08-13T10:46:42.599+0000] {manager.py:504} INFO - Created Permission View: can read on DAG:example_xcom_args_with_operators
[2024-08-13T10:46:42.600+0000] {logging_mixin.py:137} INFO - [2024-08-13T10:46:42.599+0000] {dag.py:2690} INFO - Sync 2 DAGs
[2024-08-13T10:46:42.626+0000] {logging_mixin.py:137} INFO - [2024-08-13T10:46:42.626+0000] {dag.py:2711} INFO - Creating ORM DAG for example_xcom_args_with_operators
[2024-08-13T10:46:42.631+0000] {logging_mixin.py:137} INFO - [2024-08-13T10:46:42.631+0000] {dag.py:2711} INFO - Creating ORM DAG for example_xcom_args
[2024-08-13T10:46:42.663+0000] {logging_mixin.py:137} INFO - [2024-08-13T10:46:42.663+0000] {dag.py:3441} INFO - Setting next_dagrun for example_xcom_args to None, run_after=None
[2024-08-13T10:46:42.667+0000] {logging_mixin.py:137} INFO - [2024-08-13T10:46:42.667+0000] {dag.py:3441} INFO - Setting next_dagrun for example_xcom_args_with_operators to None, run_after=None
[2024-08-13T10:46:42.731+0000] {processor.py:175} INFO - Processing /home/airflow/.local/lib/python3.7/site-packages/airflow/example_dags/example_xcomargs.py took 0.603 seconds
[2024-08-13T10:47:13.363+0000] {processor.py:153} INFO - Started process (PID=148) to work on /home/airflow/.local/lib/python3.7/site-packages/airflow/example_dags/example_xcomargs.py
[2024-08-13T10:47:13.364+0000] {processor.py:743} INFO - Processing file /home/airflow/.local/lib/python3.7/site-packages/airflow/example_dags/example_xcomargs.py for tasks to queue
[2024-08-13T10:47:13.364+0000] {logging_mixin.py:137} INFO - [2024-08-13T10:47:13.364+0000] {dagbag.py:538} INFO - Filling up the DagBag from /home/airflow/.local/lib/python3.7/site-packages/airflow/example_dags/example_xcomargs.py
[2024-08-13T10:47:13.395+0000] {processor.py:753} INFO - DAG(s) dict_keys(['example_xcom_args_with_operators', 'example_xcom_args']) retrieved from /home/airflow/.local/lib/python3.7/site-packages/airflow/example_dags/example_xcomargs.py
[2024-08-13T10:47:13.448+0000] {logging_mixin.py:137} INFO - [2024-08-13T10:47:13.448+0000] {dag.py:2690} INFO - Sync 2 DAGs
[2024-08-13T10:47:13.480+0000] {logging_mixin.py:137} INFO - [2024-08-13T10:47:13.480+0000] {dag.py:3441} INFO - Setting next_dagrun for example_xcom_args to None, run_after=None
[2024-08-13T10:47:13.484+0000] {logging_mixin.py:137} INFO - [2024-08-13T10:47:13.484+0000] {dag.py:3441} INFO - Setting next_dagrun for example_xcom_args_with_operators to None, run_after=None
[2024-08-13T10:47:13.510+0000] {processor.py:175} INFO - Processing /home/airflow/.local/lib/python3.7/site-packages/airflow/example_dags/example_xcomargs.py took 0.150 seconds
[2024-08-13T10:47:44.055+0000] {processor.py:153} INFO - Started process (PID=206) to work on /home/airflow/.local/lib/python3.7/site-packages/airflow/example_dags/example_xcomargs.py
[2024-08-13T10:47:44.057+0000] {processor.py:743} INFO - Processing file /home/airflow/.local/lib/python3.7/site-packages/airflow/example_dags/example_xcomargs.py for tasks to queue
[2024-08-13T10:47:44.057+0000] {logging_mixin.py:137} INFO - [2024-08-13T10:47:44.057+0000] {dagbag.py:538} INFO - Filling up the DagBag from /home/airflow/.local/lib/python3.7/site-packages/airflow/example_dags/example_xcomargs.py
[2024-08-13T10:47:44.088+0000] {processor.py:753} INFO - DAG(s) dict_keys(['example_xcom_args', 'example_xcom_args_with_operators']) retrieved from /home/airflow/.local/lib/python3.7/site-packages/airflow/example_dags/example_xcomargs.py
[2024-08-13T10:47:44.103+0000] {logging_mixin.py:137} INFO - [2024-08-13T10:47:44.103+0000] {dag.py:2690} INFO - Sync 2 DAGs
[2024-08-13T10:47:44.147+0000] {logging_mixin.py:137} INFO - [2024-08-13T10:47:44.147+0000] {dag.py:3441} INFO - Setting next_dagrun for example_xcom_args to None, run_after=None
[2024-08-13T10:47:44.154+0000] {logging_mixin.py:137} INFO - [2024-08-13T10:47:44.154+0000] {dag.py:3441} INFO - Setting next_dagrun for example_xcom_args_with_operators to None, run_after=None
[2024-08-13T10:47:44.180+0000] {processor.py:175} INFO - Processing /home/airflow/.local/lib/python3.7/site-packages/airflow/example_dags/example_xcomargs.py took 0.129 seconds
[2024-08-13T10:48:15.134+0000] {processor.py:153} INFO - Started process (PID=271) to work on /home/airflow/.local/lib/python3.7/site-packages/airflow/example_dags/example_xcomargs.py
[2024-08-13T10:48:15.143+0000] {processor.py:743} INFO - Processing file /home/airflow/.local/lib/python3.7/site-packages/airflow/example_dags/example_xcomargs.py for tasks to queue
[2024-08-13T10:48:15.143+0000] {logging_mixin.py:137} INFO - [2024-08-13T10:48:15.143+0000] {dagbag.py:538} INFO - Filling up the DagBag from /home/airflow/.local/lib/python3.7/site-packages/airflow/example_dags/example_xcomargs.py
[2024-08-13T10:48:15.250+0000] {processor.py:753} INFO - DAG(s) dict_keys(['example_xcom_args', 'example_xcom_args_with_operators']) retrieved from /home/airflow/.local/lib/python3.7/site-packages/airflow/example_dags/example_xcomargs.py
[2024-08-13T10:48:15.379+0000] {logging_mixin.py:137} INFO - [2024-08-13T10:48:15.379+0000] {dag.py:2690} INFO - Sync 2 DAGs
[2024-08-13T10:48:15.534+0000] {logging_mixin.py:137} INFO - [2024-08-13T10:48:15.534+0000] {dag.py:3441} INFO - Setting next_dagrun for example_xcom_args to None, run_after=None
[2024-08-13T10:48:15.555+0000] {logging_mixin.py:137} INFO - [2024-08-13T10:48:15.555+0000] {dag.py:3441} INFO - Setting next_dagrun for example_xcom_args_with_operators to None, run_after=None
[2024-08-13T10:48:15.618+0000] {processor.py:175} INFO - Processing /home/airflow/.local/lib/python3.7/site-packages/airflow/example_dags/example_xcomargs.py took 0.494 seconds
[2024-08-13T10:48:45.810+0000] {processor.py:153} INFO - Started process (PID=329) to work on /home/airflow/.local/lib/python3.7/site-packages/airflow/example_dags/example_xcomargs.py
[2024-08-13T10:48:45.820+0000] {processor.py:743} INFO - Processing file /home/airflow/.local/lib/python3.7/site-packages/airflow/example_dags/example_xcomargs.py for tasks to queue
[2024-08-13T10:48:45.830+0000] {logging_mixin.py:137} INFO - [2024-08-13T10:48:45.830+0000] {dagbag.py:538} INFO - Filling up the DagBag from /home/airflow/.local/lib/python3.7/site-packages/airflow/example_dags/example_xcomargs.py
[2024-08-13T10:48:45.935+0000] {processor.py:753} INFO - DAG(s) dict_keys(['example_xcom_args', 'example_xcom_args_with_operators']) retrieved from /home/airflow/.local/lib/python3.7/site-packages/airflow/example_dags/example_xcomargs.py
[2024-08-13T10:48:46.012+0000] {logging_mixin.py:137} INFO - [2024-08-13T10:48:46.011+0000] {dag.py:2690} INFO - Sync 2 DAGs
[2024-08-13T10:48:46.173+0000] {logging_mixin.py:137} INFO - [2024-08-13T10:48:46.173+0000] {dag.py:3441} INFO - Setting next_dagrun for example_xcom_args to None, run_after=None
[2024-08-13T10:48:46.200+0000] {logging_mixin.py:137} INFO - [2024-08-13T10:48:46.200+0000] {dag.py:3441} INFO - Setting next_dagrun for example_xcom_args_with_operators to None, run_after=None
[2024-08-13T10:48:46.305+0000] {processor.py:175} INFO - Processing /home/airflow/.local/lib/python3.7/site-packages/airflow/example_dags/example_xcomargs.py took 0.523 seconds
[2024-08-13T10:49:16.548+0000] {processor.py:153} INFO - Started process (PID=380) to work on /home/airflow/.local/lib/python3.7/site-packages/airflow/example_dags/example_xcomargs.py
[2024-08-13T10:49:16.558+0000] {processor.py:743} INFO - Processing file /home/airflow/.local/lib/python3.7/site-packages/airflow/example_dags/example_xcomargs.py for tasks to queue
[2024-08-13T10:49:16.558+0000] {logging_mixin.py:137} INFO - [2024-08-13T10:49:16.558+0000] {dagbag.py:538} INFO - Filling up the DagBag from /home/airflow/.local/lib/python3.7/site-packages/airflow/example_dags/example_xcomargs.py
[2024-08-13T10:49:16.653+0000] {processor.py:753} INFO - DAG(s) dict_keys(['example_xcom_args_with_operators', 'example_xcom_args']) retrieved from /home/airflow/.local/lib/python3.7/site-packages/airflow/example_dags/example_xcomargs.py
[2024-08-13T10:49:16.783+0000] {logging_mixin.py:137} INFO - [2024-08-13T10:49:16.783+0000] {dag.py:2690} INFO - Sync 2 DAGs
[2024-08-13T10:49:16.900+0000] {logging_mixin.py:137} INFO - [2024-08-13T10:49:16.899+0000] {dag.py:3441} INFO - Setting next_dagrun for example_xcom_args to None, run_after=None
[2024-08-13T10:49:16.904+0000] {logging_mixin.py:137} INFO - [2024-08-13T10:49:16.904+0000] {dag.py:3441} INFO - Setting next_dagrun for example_xcom_args_with_operators to None, run_after=None
[2024-08-13T10:49:16.963+0000] {processor.py:175} INFO - Processing /home/airflow/.local/lib/python3.7/site-packages/airflow/example_dags/example_xcomargs.py took 0.418 seconds
[2024-08-13T10:49:47.279+0000] {processor.py:153} INFO - Started process (PID=438) to work on /home/airflow/.local/lib/python3.7/site-packages/airflow/example_dags/example_xcomargs.py
[2024-08-13T10:49:47.285+0000] {processor.py:743} INFO - Processing file /home/airflow/.local/lib/python3.7/site-packages/airflow/example_dags/example_xcomargs.py for tasks to queue
[2024-08-13T10:49:47.285+0000] {logging_mixin.py:137} INFO - [2024-08-13T10:49:47.285+0000] {dagbag.py:538} INFO - Filling up the DagBag from /home/airflow/.local/lib/python3.7/site-packages/airflow/example_dags/example_xcomargs.py
[2024-08-13T10:49:47.352+0000] {processor.py:753} INFO - DAG(s) dict_keys(['example_xcom_args', 'example_xcom_args_with_operators']) retrieved from /home/airflow/.local/lib/python3.7/site-packages/airflow/example_dags/example_xcomargs.py
[2024-08-13T10:49:47.378+0000] {logging_mixin.py:137} INFO - [2024-08-13T10:49:47.377+0000] {dag.py:2690} INFO - Sync 2 DAGs
[2024-08-13T10:49:47.462+0000] {logging_mixin.py:137} INFO - [2024-08-13T10:49:47.462+0000] {dag.py:3441} INFO - Setting next_dagrun for example_xcom_args to None, run_after=None
[2024-08-13T10:49:47.472+0000] {logging_mixin.py:137} INFO - [2024-08-13T10:49:47.472+0000] {dag.py:3441} INFO - Setting next_dagrun for example_xcom_args_with_operators to None, run_after=None
[2024-08-13T10:49:47.513+0000] {processor.py:175} INFO - Processing /home/airflow/.local/lib/python3.7/site-packages/airflow/example_dags/example_xcomargs.py took 0.239 seconds
[2024-08-13T11:05:01.404+0000] {processor.py:153} INFO - Started process (PID=77) to work on /home/airflow/.local/lib/python3.7/site-packages/airflow/example_dags/example_xcomargs.py
[2024-08-13T11:05:01.436+0000] {processor.py:743} INFO - Processing file /home/airflow/.local/lib/python3.7/site-packages/airflow/example_dags/example_xcomargs.py for tasks to queue
[2024-08-13T11:05:01.441+0000] {logging_mixin.py:137} INFO - [2024-08-13T11:05:01.440+0000] {dagbag.py:538} INFO - Filling up the DagBag from /home/airflow/.local/lib/python3.7/site-packages/airflow/example_dags/example_xcomargs.py
[2024-08-13T11:05:01.665+0000] {processor.py:753} INFO - DAG(s) dict_keys(['example_xcom_args', 'example_xcom_args_with_operators']) retrieved from /home/airflow/.local/lib/python3.7/site-packages/airflow/example_dags/example_xcomargs.py
[2024-08-13T11:05:01.884+0000] {logging_mixin.py:137} INFO - [2024-08-13T11:05:01.884+0000] {dag.py:2690} INFO - Sync 2 DAGs
[2024-08-13T11:05:02.152+0000] {logging_mixin.py:137} INFO - [2024-08-13T11:05:02.152+0000] {dag.py:3441} INFO - Setting next_dagrun for example_xcom_args to None, run_after=None
[2024-08-13T11:05:02.185+0000] {logging_mixin.py:137} INFO - [2024-08-13T11:05:02.185+0000] {dag.py:3441} INFO - Setting next_dagrun for example_xcom_args_with_operators to None, run_after=None
[2024-08-13T11:05:02.306+0000] {processor.py:175} INFO - Processing /home/airflow/.local/lib/python3.7/site-packages/airflow/example_dags/example_xcomargs.py took 0.921 seconds
[2024-08-13T11:05:32.415+0000] {processor.py:153} INFO - Started process (PID=129) to work on /home/airflow/.local/lib/python3.7/site-packages/airflow/example_dags/example_xcomargs.py
[2024-08-13T11:05:32.416+0000] {processor.py:743} INFO - Processing file /home/airflow/.local/lib/python3.7/site-packages/airflow/example_dags/example_xcomargs.py for tasks to queue
[2024-08-13T11:05:32.417+0000] {logging_mixin.py:137} INFO - [2024-08-13T11:05:32.416+0000] {dagbag.py:538} INFO - Filling up the DagBag from /home/airflow/.local/lib/python3.7/site-packages/airflow/example_dags/example_xcomargs.py
[2024-08-13T11:05:32.446+0000] {processor.py:753} INFO - DAG(s) dict_keys(['example_xcom_args', 'example_xcom_args_with_operators']) retrieved from /home/airflow/.local/lib/python3.7/site-packages/airflow/example_dags/example_xcomargs.py
[2024-08-13T11:05:32.482+0000] {logging_mixin.py:137} INFO - [2024-08-13T11:05:32.481+0000] {dag.py:2690} INFO - Sync 2 DAGs
[2024-08-13T11:05:32.518+0000] {logging_mixin.py:137} INFO - [2024-08-13T11:05:32.518+0000] {dag.py:3441} INFO - Setting next_dagrun for example_xcom_args to None, run_after=None
[2024-08-13T11:05:32.522+0000] {logging_mixin.py:137} INFO - [2024-08-13T11:05:32.522+0000] {dag.py:3441} INFO - Setting next_dagrun for example_xcom_args_with_operators to None, run_after=None
[2024-08-13T11:05:32.558+0000] {processor.py:175} INFO - Processing /home/airflow/.local/lib/python3.7/site-packages/airflow/example_dags/example_xcomargs.py took 0.146 seconds
[2024-08-13T11:06:03.334+0000] {processor.py:153} INFO - Started process (PID=197) to work on /home/airflow/.local/lib/python3.7/site-packages/airflow/example_dags/example_xcomargs.py
[2024-08-13T11:06:03.345+0000] {processor.py:743} INFO - Processing file /home/airflow/.local/lib/python3.7/site-packages/airflow/example_dags/example_xcomargs.py for tasks to queue
[2024-08-13T11:06:03.346+0000] {logging_mixin.py:137} INFO - [2024-08-13T11:06:03.345+0000] {dagbag.py:538} INFO - Filling up the DagBag from /home/airflow/.local/lib/python3.7/site-packages/airflow/example_dags/example_xcomargs.py
[2024-08-13T11:06:03.416+0000] {processor.py:753} INFO - DAG(s) dict_keys(['example_xcom_args_with_operators', 'example_xcom_args']) retrieved from /home/airflow/.local/lib/python3.7/site-packages/airflow/example_dags/example_xcomargs.py
[2024-08-13T11:06:03.503+0000] {logging_mixin.py:137} INFO - [2024-08-13T11:06:03.503+0000] {dag.py:2690} INFO - Sync 2 DAGs
[2024-08-13T11:06:03.548+0000] {logging_mixin.py:137} INFO - [2024-08-13T11:06:03.548+0000] {dag.py:3441} INFO - Setting next_dagrun for example_xcom_args to None, run_after=None
[2024-08-13T11:06:03.553+0000] {logging_mixin.py:137} INFO - [2024-08-13T11:06:03.553+0000] {dag.py:3441} INFO - Setting next_dagrun for example_xcom_args_with_operators to None, run_after=None
[2024-08-13T11:06:03.586+0000] {processor.py:175} INFO - Processing /home/airflow/.local/lib/python3.7/site-packages/airflow/example_dags/example_xcomargs.py took 0.256 seconds
[2024-08-13T11:06:34.304+0000] {processor.py:153} INFO - Started process (PID=257) to work on /home/airflow/.local/lib/python3.7/site-packages/airflow/example_dags/example_xcomargs.py
[2024-08-13T11:06:34.315+0000] {processor.py:743} INFO - Processing file /home/airflow/.local/lib/python3.7/site-packages/airflow/example_dags/example_xcomargs.py for tasks to queue
[2024-08-13T11:06:34.315+0000] {logging_mixin.py:137} INFO - [2024-08-13T11:06:34.315+0000] {dagbag.py:538} INFO - Filling up the DagBag from /home/airflow/.local/lib/python3.7/site-packages/airflow/example_dags/example_xcomargs.py
[2024-08-13T11:06:34.370+0000] {processor.py:753} INFO - DAG(s) dict_keys(['example_xcom_args_with_operators', 'example_xcom_args']) retrieved from /home/airflow/.local/lib/python3.7/site-packages/airflow/example_dags/example_xcomargs.py
[2024-08-13T11:06:34.435+0000] {logging_mixin.py:137} INFO - [2024-08-13T11:06:34.435+0000] {dag.py:2690} INFO - Sync 2 DAGs
[2024-08-13T11:06:34.543+0000] {logging_mixin.py:137} INFO - [2024-08-13T11:06:34.543+0000] {dag.py:3441} INFO - Setting next_dagrun for example_xcom_args to None, run_after=None
[2024-08-13T11:06:34.548+0000] {logging_mixin.py:137} INFO - [2024-08-13T11:06:34.547+0000] {dag.py:3441} INFO - Setting next_dagrun for example_xcom_args_with_operators to None, run_after=None
[2024-08-13T11:06:34.572+0000] {processor.py:175} INFO - Processing /home/airflow/.local/lib/python3.7/site-packages/airflow/example_dags/example_xcomargs.py took 0.271 seconds
