[2024-08-13T10:46:37.769+0000] {processor.py:153} INFO - Started process (PID=77) to work on /home/airflow/.local/lib/python3.7/site-packages/airflow/example_dags/example_subdag_operator.py
[2024-08-13T10:46:37.791+0000] {processor.py:743} INFO - Processing file /home/airflow/.local/lib/python3.7/site-packages/airflow/example_dags/example_subdag_operator.py for tasks to queue
[2024-08-13T10:46:37.803+0000] {logging_mixin.py:137} INFO - [2024-08-13T10:46:37.802+0000] {dagbag.py:538} INFO - Filling up the DagBag from /home/airflow/.local/lib/python3.7/site-packages/airflow/example_dags/example_subdag_operator.py
[2024-08-13T10:46:38.045+0000] {processor.py:753} INFO - DAG(s) dict_keys(['example_subdag_operator.section-1', 'example_subdag_operator.section-2', 'example_subdag_operator']) retrieved from /home/airflow/.local/lib/python3.7/site-packages/airflow/example_dags/example_subdag_operator.py
[2024-08-13T10:46:38.707+0000] {logging_mixin.py:137} INFO - [2024-08-13T10:46:38.707+0000] {manager.py:504} INFO - Created Permission View: can delete on DAG:example_subdag_operator
[2024-08-13T10:46:38.778+0000] {logging_mixin.py:137} INFO - [2024-08-13T10:46:38.778+0000] {manager.py:504} INFO - Created Permission View: can edit on DAG:example_subdag_operator
[2024-08-13T10:46:38.801+0000] {logging_mixin.py:137} INFO - [2024-08-13T10:46:38.800+0000] {manager.py:504} INFO - Created Permission View: can read on DAG:example_subdag_operator
[2024-08-13T10:46:38.801+0000] {logging_mixin.py:137} INFO - [2024-08-13T10:46:38.801+0000] {dag.py:2690} INFO - Sync 3 DAGs
[2024-08-13T10:46:38.867+0000] {logging_mixin.py:137} INFO - [2024-08-13T10:46:38.866+0000] {dag.py:2711} INFO - Creating ORM DAG for example_subdag_operator.section-1
[2024-08-13T10:46:38.867+0000] {logging_mixin.py:137} INFO - [2024-08-13T10:46:38.867+0000] {dag.py:2711} INFO - Creating ORM DAG for example_subdag_operator.section-2
[2024-08-13T10:46:38.868+0000] {logging_mixin.py:137} INFO - [2024-08-13T10:46:38.868+0000] {dag.py:2711} INFO - Creating ORM DAG for example_subdag_operator
[2024-08-13T10:46:38.882+0000] {logging_mixin.py:137} INFO - [2024-08-13T10:46:38.882+0000] {dag.py:3441} INFO - Setting next_dagrun for example_subdag_operator to 2022-01-01T00:00:00+00:00, run_after=2022-01-01T00:00:00+00:00
[2024-08-13T10:46:38.883+0000] {logging_mixin.py:137} INFO - [2024-08-13T10:46:38.883+0000] {dag.py:3441} INFO - Setting next_dagrun for example_subdag_operator.section-1 to None, run_after=None
[2024-08-13T10:46:38.883+0000] {logging_mixin.py:137} INFO - [2024-08-13T10:46:38.883+0000] {dag.py:3441} INFO - Setting next_dagrun for example_subdag_operator.section-2 to None, run_after=None
[2024-08-13T10:46:38.909+0000] {logging_mixin.py:137} INFO - [2024-08-13T10:46:38.909+0000] {dag.py:2690} INFO - Sync 2 DAGs
[2024-08-13T10:46:38.918+0000] {logging_mixin.py:137} INFO - [2024-08-13T10:46:38.918+0000] {dag.py:3441} INFO - Setting next_dagrun for example_subdag_operator.section-1 to None, run_after=None
[2024-08-13T10:46:38.922+0000] {logging_mixin.py:137} INFO - [2024-08-13T10:46:38.922+0000] {dag.py:3441} INFO - Setting next_dagrun for example_subdag_operator.section-2 to None, run_after=None
[2024-08-13T10:46:38.969+0000] {processor.py:175} INFO - Processing /home/airflow/.local/lib/python3.7/site-packages/airflow/example_dags/example_subdag_operator.py took 1.211 seconds
[2024-08-13T10:47:09.344+0000] {processor.py:153} INFO - Started process (PID=136) to work on /home/airflow/.local/lib/python3.7/site-packages/airflow/example_dags/example_subdag_operator.py
[2024-08-13T10:47:09.345+0000] {processor.py:743} INFO - Processing file /home/airflow/.local/lib/python3.7/site-packages/airflow/example_dags/example_subdag_operator.py for tasks to queue
[2024-08-13T10:47:09.346+0000] {logging_mixin.py:137} INFO - [2024-08-13T10:47:09.346+0000] {dagbag.py:538} INFO - Filling up the DagBag from /home/airflow/.local/lib/python3.7/site-packages/airflow/example_dags/example_subdag_operator.py
[2024-08-13T10:47:09.425+0000] {processor.py:753} INFO - DAG(s) dict_keys(['example_subdag_operator.section-1', 'example_subdag_operator.section-2', 'example_subdag_operator']) retrieved from /home/airflow/.local/lib/python3.7/site-packages/airflow/example_dags/example_subdag_operator.py
[2024-08-13T10:47:09.454+0000] {logging_mixin.py:137} INFO - [2024-08-13T10:47:09.454+0000] {dag.py:2690} INFO - Sync 3 DAGs
[2024-08-13T10:47:09.506+0000] {logging_mixin.py:137} INFO - [2024-08-13T10:47:09.506+0000] {dag.py:3441} INFO - Setting next_dagrun for example_subdag_operator to 2022-01-01T00:00:00+00:00, run_after=2022-01-01T00:00:00+00:00
[2024-08-13T10:47:09.511+0000] {logging_mixin.py:137} INFO - [2024-08-13T10:47:09.510+0000] {dag.py:3441} INFO - Setting next_dagrun for example_subdag_operator.section-1 to None, run_after=None
[2024-08-13T10:47:09.512+0000] {logging_mixin.py:137} INFO - [2024-08-13T10:47:09.512+0000] {dag.py:3441} INFO - Setting next_dagrun for example_subdag_operator.section-2 to None, run_after=None
[2024-08-13T10:47:09.518+0000] {logging_mixin.py:137} INFO - [2024-08-13T10:47:09.518+0000] {dag.py:2690} INFO - Sync 2 DAGs
[2024-08-13T10:47:09.523+0000] {logging_mixin.py:137} INFO - [2024-08-13T10:47:09.523+0000] {dag.py:3441} INFO - Setting next_dagrun for example_subdag_operator.section-1 to None, run_after=None
[2024-08-13T10:47:09.524+0000] {logging_mixin.py:137} INFO - [2024-08-13T10:47:09.524+0000] {dag.py:3441} INFO - Setting next_dagrun for example_subdag_operator.section-2 to None, run_after=None
[2024-08-13T10:47:09.549+0000] {processor.py:175} INFO - Processing /home/airflow/.local/lib/python3.7/site-packages/airflow/example_dags/example_subdag_operator.py took 0.209 seconds
[2024-08-13T10:47:39.669+0000] {processor.py:153} INFO - Started process (PID=194) to work on /home/airflow/.local/lib/python3.7/site-packages/airflow/example_dags/example_subdag_operator.py
[2024-08-13T10:47:39.670+0000] {processor.py:743} INFO - Processing file /home/airflow/.local/lib/python3.7/site-packages/airflow/example_dags/example_subdag_operator.py for tasks to queue
[2024-08-13T10:47:39.671+0000] {logging_mixin.py:137} INFO - [2024-08-13T10:47:39.671+0000] {dagbag.py:538} INFO - Filling up the DagBag from /home/airflow/.local/lib/python3.7/site-packages/airflow/example_dags/example_subdag_operator.py
[2024-08-13T10:47:39.738+0000] {processor.py:753} INFO - DAG(s) dict_keys(['example_subdag_operator.section-1', 'example_subdag_operator.section-2', 'example_subdag_operator']) retrieved from /home/airflow/.local/lib/python3.7/site-packages/airflow/example_dags/example_subdag_operator.py
[2024-08-13T10:47:39.742+0000] {logging_mixin.py:137} INFO - [2024-08-13T10:47:39.742+0000] {dag.py:2690} INFO - Sync 3 DAGs
[2024-08-13T10:47:39.784+0000] {logging_mixin.py:137} INFO - [2024-08-13T10:47:39.784+0000] {dag.py:3441} INFO - Setting next_dagrun for example_subdag_operator to 2022-01-01T00:00:00+00:00, run_after=2022-01-01T00:00:00+00:00
[2024-08-13T10:47:39.796+0000] {logging_mixin.py:137} INFO - [2024-08-13T10:47:39.795+0000] {dag.py:3441} INFO - Setting next_dagrun for example_subdag_operator.section-1 to None, run_after=None
[2024-08-13T10:47:39.800+0000] {logging_mixin.py:137} INFO - [2024-08-13T10:47:39.800+0000] {dag.py:3441} INFO - Setting next_dagrun for example_subdag_operator.section-2 to None, run_after=None
[2024-08-13T10:47:39.817+0000] {logging_mixin.py:137} INFO - [2024-08-13T10:47:39.816+0000] {dag.py:2690} INFO - Sync 2 DAGs
[2024-08-13T10:47:39.826+0000] {logging_mixin.py:137} INFO - [2024-08-13T10:47:39.826+0000] {dag.py:3441} INFO - Setting next_dagrun for example_subdag_operator.section-1 to None, run_after=None
[2024-08-13T10:47:39.827+0000] {logging_mixin.py:137} INFO - [2024-08-13T10:47:39.827+0000] {dag.py:3441} INFO - Setting next_dagrun for example_subdag_operator.section-2 to None, run_after=None
[2024-08-13T10:47:39.851+0000] {processor.py:175} INFO - Processing /home/airflow/.local/lib/python3.7/site-packages/airflow/example_dags/example_subdag_operator.py took 0.184 seconds
[2024-08-13T10:48:10.545+0000] {processor.py:153} INFO - Started process (PID=253) to work on /home/airflow/.local/lib/python3.7/site-packages/airflow/example_dags/example_subdag_operator.py
[2024-08-13T10:48:10.546+0000] {processor.py:743} INFO - Processing file /home/airflow/.local/lib/python3.7/site-packages/airflow/example_dags/example_subdag_operator.py for tasks to queue
[2024-08-13T10:48:10.547+0000] {logging_mixin.py:137} INFO - [2024-08-13T10:48:10.547+0000] {dagbag.py:538} INFO - Filling up the DagBag from /home/airflow/.local/lib/python3.7/site-packages/airflow/example_dags/example_subdag_operator.py
[2024-08-13T10:48:10.605+0000] {processor.py:753} INFO - DAG(s) dict_keys(['example_subdag_operator.section-1', 'example_subdag_operator.section-2', 'example_subdag_operator']) retrieved from /home/airflow/.local/lib/python3.7/site-packages/airflow/example_dags/example_subdag_operator.py
[2024-08-13T10:48:10.645+0000] {logging_mixin.py:137} INFO - [2024-08-13T10:48:10.645+0000] {dag.py:2690} INFO - Sync 3 DAGs
[2024-08-13T10:48:10.683+0000] {logging_mixin.py:137} INFO - [2024-08-13T10:48:10.683+0000] {dag.py:3441} INFO - Setting next_dagrun for example_subdag_operator to 2022-01-01T00:00:00+00:00, run_after=2022-01-01T00:00:00+00:00
[2024-08-13T10:48:10.687+0000] {logging_mixin.py:137} INFO - [2024-08-13T10:48:10.687+0000] {dag.py:3441} INFO - Setting next_dagrun for example_subdag_operator.section-1 to None, run_after=None
[2024-08-13T10:48:10.688+0000] {logging_mixin.py:137} INFO - [2024-08-13T10:48:10.688+0000] {dag.py:3441} INFO - Setting next_dagrun for example_subdag_operator.section-2 to None, run_after=None
[2024-08-13T10:48:10.694+0000] {logging_mixin.py:137} INFO - [2024-08-13T10:48:10.694+0000] {dag.py:2690} INFO - Sync 2 DAGs
[2024-08-13T10:48:10.699+0000] {logging_mixin.py:137} INFO - [2024-08-13T10:48:10.699+0000] {dag.py:3441} INFO - Setting next_dagrun for example_subdag_operator.section-1 to None, run_after=None
[2024-08-13T10:48:10.699+0000] {logging_mixin.py:137} INFO - [2024-08-13T10:48:10.699+0000] {dag.py:3441} INFO - Setting next_dagrun for example_subdag_operator.section-2 to None, run_after=None
[2024-08-13T10:48:10.715+0000] {processor.py:175} INFO - Processing /home/airflow/.local/lib/python3.7/site-packages/airflow/example_dags/example_subdag_operator.py took 0.173 seconds
[2024-08-13T10:48:41.044+0000] {processor.py:153} INFO - Started process (PID=310) to work on /home/airflow/.local/lib/python3.7/site-packages/airflow/example_dags/example_subdag_operator.py
[2024-08-13T10:48:41.061+0000] {processor.py:743} INFO - Processing file /home/airflow/.local/lib/python3.7/site-packages/airflow/example_dags/example_subdag_operator.py for tasks to queue
[2024-08-13T10:48:41.062+0000] {logging_mixin.py:137} INFO - [2024-08-13T10:48:41.062+0000] {dagbag.py:538} INFO - Filling up the DagBag from /home/airflow/.local/lib/python3.7/site-packages/airflow/example_dags/example_subdag_operator.py
[2024-08-13T10:48:41.182+0000] {processor.py:753} INFO - DAG(s) dict_keys(['example_subdag_operator.section-1', 'example_subdag_operator.section-2', 'example_subdag_operator']) retrieved from /home/airflow/.local/lib/python3.7/site-packages/airflow/example_dags/example_subdag_operator.py
[2024-08-13T10:48:41.187+0000] {logging_mixin.py:137} INFO - [2024-08-13T10:48:41.187+0000] {dag.py:2690} INFO - Sync 3 DAGs
[2024-08-13T10:48:41.233+0000] {logging_mixin.py:137} INFO - [2024-08-13T10:48:41.233+0000] {dag.py:3441} INFO - Setting next_dagrun for example_subdag_operator to 2022-01-01T00:00:00+00:00, run_after=2022-01-01T00:00:00+00:00
[2024-08-13T10:48:41.237+0000] {logging_mixin.py:137} INFO - [2024-08-13T10:48:41.237+0000] {dag.py:3441} INFO - Setting next_dagrun for example_subdag_operator.section-1 to None, run_after=None
[2024-08-13T10:48:41.238+0000] {logging_mixin.py:137} INFO - [2024-08-13T10:48:41.238+0000] {dag.py:3441} INFO - Setting next_dagrun for example_subdag_operator.section-2 to None, run_after=None
[2024-08-13T10:48:41.247+0000] {logging_mixin.py:137} INFO - [2024-08-13T10:48:41.247+0000] {dag.py:2690} INFO - Sync 2 DAGs
[2024-08-13T10:48:41.254+0000] {logging_mixin.py:137} INFO - [2024-08-13T10:48:41.254+0000] {dag.py:3441} INFO - Setting next_dagrun for example_subdag_operator.section-1 to None, run_after=None
[2024-08-13T10:48:41.254+0000] {logging_mixin.py:137} INFO - [2024-08-13T10:48:41.254+0000] {dag.py:3441} INFO - Setting next_dagrun for example_subdag_operator.section-2 to None, run_after=None
[2024-08-13T10:48:41.275+0000] {processor.py:175} INFO - Processing /home/airflow/.local/lib/python3.7/site-packages/airflow/example_dags/example_subdag_operator.py took 0.238 seconds
[2024-08-13T10:49:11.935+0000] {processor.py:153} INFO - Started process (PID=368) to work on /home/airflow/.local/lib/python3.7/site-packages/airflow/example_dags/example_subdag_operator.py
[2024-08-13T10:49:11.944+0000] {processor.py:743} INFO - Processing file /home/airflow/.local/lib/python3.7/site-packages/airflow/example_dags/example_subdag_operator.py for tasks to queue
[2024-08-13T10:49:11.945+0000] {logging_mixin.py:137} INFO - [2024-08-13T10:49:11.944+0000] {dagbag.py:538} INFO - Filling up the DagBag from /home/airflow/.local/lib/python3.7/site-packages/airflow/example_dags/example_subdag_operator.py
[2024-08-13T10:49:12.053+0000] {processor.py:753} INFO - DAG(s) dict_keys(['example_subdag_operator.section-1', 'example_subdag_operator.section-2', 'example_subdag_operator']) retrieved from /home/airflow/.local/lib/python3.7/site-packages/airflow/example_dags/example_subdag_operator.py
[2024-08-13T10:49:12.107+0000] {logging_mixin.py:137} INFO - [2024-08-13T10:49:12.106+0000] {dag.py:2690} INFO - Sync 3 DAGs
[2024-08-13T10:49:12.184+0000] {logging_mixin.py:137} INFO - [2024-08-13T10:49:12.184+0000] {dag.py:3441} INFO - Setting next_dagrun for example_subdag_operator to 2022-01-01T00:00:00+00:00, run_after=2022-01-01T00:00:00+00:00
[2024-08-13T10:49:12.197+0000] {logging_mixin.py:137} INFO - [2024-08-13T10:49:12.197+0000] {dag.py:3441} INFO - Setting next_dagrun for example_subdag_operator.section-1 to None, run_after=None
[2024-08-13T10:49:12.206+0000] {logging_mixin.py:137} INFO - [2024-08-13T10:49:12.206+0000] {dag.py:3441} INFO - Setting next_dagrun for example_subdag_operator.section-2 to None, run_after=None
[2024-08-13T10:49:12.224+0000] {logging_mixin.py:137} INFO - [2024-08-13T10:49:12.224+0000] {dag.py:2690} INFO - Sync 2 DAGs
[2024-08-13T10:49:12.250+0000] {logging_mixin.py:137} INFO - [2024-08-13T10:49:12.250+0000] {dag.py:3441} INFO - Setting next_dagrun for example_subdag_operator.section-1 to None, run_after=None
[2024-08-13T10:49:12.251+0000] {logging_mixin.py:137} INFO - [2024-08-13T10:49:12.251+0000] {dag.py:3441} INFO - Setting next_dagrun for example_subdag_operator.section-2 to None, run_after=None
[2024-08-13T10:49:12.304+0000] {processor.py:175} INFO - Processing /home/airflow/.local/lib/python3.7/site-packages/airflow/example_dags/example_subdag_operator.py took 0.392 seconds
[2024-08-13T10:49:42.999+0000] {processor.py:153} INFO - Started process (PID=426) to work on /home/airflow/.local/lib/python3.7/site-packages/airflow/example_dags/example_subdag_operator.py
[2024-08-13T10:49:43.000+0000] {processor.py:743} INFO - Processing file /home/airflow/.local/lib/python3.7/site-packages/airflow/example_dags/example_subdag_operator.py for tasks to queue
[2024-08-13T10:49:43.001+0000] {logging_mixin.py:137} INFO - [2024-08-13T10:49:43.001+0000] {dagbag.py:538} INFO - Filling up the DagBag from /home/airflow/.local/lib/python3.7/site-packages/airflow/example_dags/example_subdag_operator.py
[2024-08-13T10:49:43.108+0000] {processor.py:753} INFO - DAG(s) dict_keys(['example_subdag_operator.section-1', 'example_subdag_operator.section-2', 'example_subdag_operator']) retrieved from /home/airflow/.local/lib/python3.7/site-packages/airflow/example_dags/example_subdag_operator.py
[2024-08-13T10:49:43.118+0000] {logging_mixin.py:137} INFO - [2024-08-13T10:49:43.118+0000] {dag.py:2690} INFO - Sync 3 DAGs
[2024-08-13T10:49:43.275+0000] {logging_mixin.py:137} INFO - [2024-08-13T10:49:43.275+0000] {dag.py:3441} INFO - Setting next_dagrun for example_subdag_operator to 2022-01-01T00:00:00+00:00, run_after=2022-01-01T00:00:00+00:00
[2024-08-13T10:49:43.283+0000] {logging_mixin.py:137} INFO - [2024-08-13T10:49:43.282+0000] {dag.py:3441} INFO - Setting next_dagrun for example_subdag_operator.section-1 to None, run_after=None
[2024-08-13T10:49:43.294+0000] {logging_mixin.py:137} INFO - [2024-08-13T10:49:43.293+0000] {dag.py:3441} INFO - Setting next_dagrun for example_subdag_operator.section-2 to None, run_after=None
[2024-08-13T10:49:43.326+0000] {logging_mixin.py:137} INFO - [2024-08-13T10:49:43.326+0000] {dag.py:2690} INFO - Sync 2 DAGs
[2024-08-13T10:49:43.354+0000] {logging_mixin.py:137} INFO - [2024-08-13T10:49:43.353+0000] {dag.py:3441} INFO - Setting next_dagrun for example_subdag_operator.section-1 to None, run_after=None
[2024-08-13T10:49:43.354+0000] {logging_mixin.py:137} INFO - [2024-08-13T10:49:43.354+0000] {dag.py:3441} INFO - Setting next_dagrun for example_subdag_operator.section-2 to None, run_after=None
[2024-08-13T10:49:43.380+0000] {processor.py:175} INFO - Processing /home/airflow/.local/lib/python3.7/site-packages/airflow/example_dags/example_subdag_operator.py took 0.396 seconds
[2024-08-13T10:50:13.495+0000] {processor.py:153} INFO - Started process (PID=484) to work on /home/airflow/.local/lib/python3.7/site-packages/airflow/example_dags/example_subdag_operator.py
[2024-08-13T10:50:13.506+0000] {processor.py:743} INFO - Processing file /home/airflow/.local/lib/python3.7/site-packages/airflow/example_dags/example_subdag_operator.py for tasks to queue
[2024-08-13T10:50:13.506+0000] {logging_mixin.py:137} INFO - [2024-08-13T10:50:13.506+0000] {dagbag.py:538} INFO - Filling up the DagBag from /home/airflow/.local/lib/python3.7/site-packages/airflow/example_dags/example_subdag_operator.py
[2024-08-13T10:50:13.586+0000] {processor.py:753} INFO - DAG(s) dict_keys(['example_subdag_operator.section-1', 'example_subdag_operator.section-2', 'example_subdag_operator']) retrieved from /home/airflow/.local/lib/python3.7/site-packages/airflow/example_dags/example_subdag_operator.py
[2024-08-13T10:50:13.662+0000] {logging_mixin.py:137} INFO - [2024-08-13T10:50:13.661+0000] {dag.py:2690} INFO - Sync 3 DAGs
[2024-08-13T10:50:13.728+0000] {logging_mixin.py:137} INFO - [2024-08-13T10:50:13.727+0000] {dag.py:3441} INFO - Setting next_dagrun for example_subdag_operator to 2022-01-01T00:00:00+00:00, run_after=2022-01-01T00:00:00+00:00
[2024-08-13T10:50:13.739+0000] {logging_mixin.py:137} INFO - [2024-08-13T10:50:13.739+0000] {dag.py:3441} INFO - Setting next_dagrun for example_subdag_operator.section-1 to None, run_after=None
[2024-08-13T10:50:13.744+0000] {logging_mixin.py:137} INFO - [2024-08-13T10:50:13.744+0000] {dag.py:3441} INFO - Setting next_dagrun for example_subdag_operator.section-2 to None, run_after=None
[2024-08-13T10:50:13.798+0000] {logging_mixin.py:137} INFO - [2024-08-13T10:50:13.798+0000] {dag.py:2690} INFO - Sync 2 DAGs
[2024-08-13T10:50:13.811+0000] {logging_mixin.py:137} INFO - [2024-08-13T10:50:13.811+0000] {dag.py:3441} INFO - Setting next_dagrun for example_subdag_operator.section-1 to None, run_after=None
[2024-08-13T10:50:13.812+0000] {logging_mixin.py:137} INFO - [2024-08-13T10:50:13.812+0000] {dag.py:3441} INFO - Setting next_dagrun for example_subdag_operator.section-2 to None, run_after=None
[2024-08-13T10:50:13.858+0000] {processor.py:175} INFO - Processing /home/airflow/.local/lib/python3.7/site-packages/airflow/example_dags/example_subdag_operator.py took 0.366 seconds
[2024-08-13T11:04:57.749+0000] {processor.py:153} INFO - Started process (PID=59) to work on /home/airflow/.local/lib/python3.7/site-packages/airflow/example_dags/example_subdag_operator.py
[2024-08-13T11:04:57.750+0000] {processor.py:743} INFO - Processing file /home/airflow/.local/lib/python3.7/site-packages/airflow/example_dags/example_subdag_operator.py for tasks to queue
[2024-08-13T11:04:57.751+0000] {logging_mixin.py:137} INFO - [2024-08-13T11:04:57.751+0000] {dagbag.py:538} INFO - Filling up the DagBag from /home/airflow/.local/lib/python3.7/site-packages/airflow/example_dags/example_subdag_operator.py
[2024-08-13T11:04:57.823+0000] {processor.py:753} INFO - DAG(s) dict_keys(['example_subdag_operator.section-1', 'example_subdag_operator.section-2', 'example_subdag_operator']) retrieved from /home/airflow/.local/lib/python3.7/site-packages/airflow/example_dags/example_subdag_operator.py
[2024-08-13T11:04:57.899+0000] {logging_mixin.py:137} INFO - [2024-08-13T11:04:57.899+0000] {dag.py:2690} INFO - Sync 3 DAGs
[2024-08-13T11:04:57.935+0000] {logging_mixin.py:137} INFO - [2024-08-13T11:04:57.935+0000] {dag.py:3441} INFO - Setting next_dagrun for example_subdag_operator to 2022-01-01T00:00:00+00:00, run_after=2022-01-01T00:00:00+00:00
[2024-08-13T11:04:57.939+0000] {logging_mixin.py:137} INFO - [2024-08-13T11:04:57.939+0000] {dag.py:3441} INFO - Setting next_dagrun for example_subdag_operator.section-1 to None, run_after=None
[2024-08-13T11:04:57.940+0000] {logging_mixin.py:137} INFO - [2024-08-13T11:04:57.940+0000] {dag.py:3441} INFO - Setting next_dagrun for example_subdag_operator.section-2 to None, run_after=None
[2024-08-13T11:04:57.949+0000] {logging_mixin.py:137} INFO - [2024-08-13T11:04:57.949+0000] {dag.py:2690} INFO - Sync 2 DAGs
[2024-08-13T11:04:57.959+0000] {logging_mixin.py:137} INFO - [2024-08-13T11:04:57.959+0000] {dag.py:3441} INFO - Setting next_dagrun for example_subdag_operator.section-1 to None, run_after=None
[2024-08-13T11:04:57.959+0000] {logging_mixin.py:137} INFO - [2024-08-13T11:04:57.959+0000] {dag.py:3441} INFO - Setting next_dagrun for example_subdag_operator.section-2 to None, run_after=None
[2024-08-13T11:04:57.987+0000] {processor.py:175} INFO - Processing /home/airflow/.local/lib/python3.7/site-packages/airflow/example_dags/example_subdag_operator.py took 0.244 seconds
[2024-08-13T11:05:28.813+0000] {processor.py:153} INFO - Started process (PID=117) to work on /home/airflow/.local/lib/python3.7/site-packages/airflow/example_dags/example_subdag_operator.py
[2024-08-13T11:05:28.826+0000] {processor.py:743} INFO - Processing file /home/airflow/.local/lib/python3.7/site-packages/airflow/example_dags/example_subdag_operator.py for tasks to queue
[2024-08-13T11:05:28.827+0000] {logging_mixin.py:137} INFO - [2024-08-13T11:05:28.826+0000] {dagbag.py:538} INFO - Filling up the DagBag from /home/airflow/.local/lib/python3.7/site-packages/airflow/example_dags/example_subdag_operator.py
[2024-08-13T11:05:28.975+0000] {processor.py:753} INFO - DAG(s) dict_keys(['example_subdag_operator.section-1', 'example_subdag_operator.section-2', 'example_subdag_operator']) retrieved from /home/airflow/.local/lib/python3.7/site-packages/airflow/example_dags/example_subdag_operator.py
[2024-08-13T11:05:29.136+0000] {logging_mixin.py:137} INFO - [2024-08-13T11:05:29.136+0000] {dag.py:2690} INFO - Sync 3 DAGs
[2024-08-13T11:05:29.346+0000] {logging_mixin.py:137} INFO - [2024-08-13T11:05:29.346+0000] {dag.py:3441} INFO - Setting next_dagrun for example_subdag_operator to 2022-01-01T00:00:00+00:00, run_after=2022-01-01T00:00:00+00:00
[2024-08-13T11:05:29.357+0000] {logging_mixin.py:137} INFO - [2024-08-13T11:05:29.357+0000] {dag.py:3441} INFO - Setting next_dagrun for example_subdag_operator.section-1 to None, run_after=None
[2024-08-13T11:05:29.377+0000] {logging_mixin.py:137} INFO - [2024-08-13T11:05:29.377+0000] {dag.py:3441} INFO - Setting next_dagrun for example_subdag_operator.section-2 to None, run_after=None
[2024-08-13T11:05:29.438+0000] {logging_mixin.py:137} INFO - [2024-08-13T11:05:29.432+0000] {dag.py:2690} INFO - Sync 2 DAGs
[2024-08-13T11:05:29.466+0000] {logging_mixin.py:137} INFO - [2024-08-13T11:05:29.466+0000] {dag.py:3441} INFO - Setting next_dagrun for example_subdag_operator.section-1 to None, run_after=None
[2024-08-13T11:05:29.467+0000] {logging_mixin.py:137} INFO - [2024-08-13T11:05:29.467+0000] {dag.py:3441} INFO - Setting next_dagrun for example_subdag_operator.section-2 to None, run_after=None
[2024-08-13T11:05:29.517+0000] {processor.py:175} INFO - Processing /home/airflow/.local/lib/python3.7/site-packages/airflow/example_dags/example_subdag_operator.py took 0.708 seconds
[2024-08-13T11:05:59.815+0000] {processor.py:153} INFO - Started process (PID=176) to work on /home/airflow/.local/lib/python3.7/site-packages/airflow/example_dags/example_subdag_operator.py
[2024-08-13T11:05:59.816+0000] {processor.py:743} INFO - Processing file /home/airflow/.local/lib/python3.7/site-packages/airflow/example_dags/example_subdag_operator.py for tasks to queue
[2024-08-13T11:05:59.816+0000] {logging_mixin.py:137} INFO - [2024-08-13T11:05:59.816+0000] {dagbag.py:538} INFO - Filling up the DagBag from /home/airflow/.local/lib/python3.7/site-packages/airflow/example_dags/example_subdag_operator.py
[2024-08-13T11:05:59.852+0000] {processor.py:753} INFO - DAG(s) dict_keys(['example_subdag_operator.section-1', 'example_subdag_operator.section-2', 'example_subdag_operator']) retrieved from /home/airflow/.local/lib/python3.7/site-packages/airflow/example_dags/example_subdag_operator.py
[2024-08-13T11:05:59.874+0000] {logging_mixin.py:137} INFO - [2024-08-13T11:05:59.874+0000] {dag.py:2690} INFO - Sync 3 DAGs
[2024-08-13T11:05:59.909+0000] {logging_mixin.py:137} INFO - [2024-08-13T11:05:59.908+0000] {dag.py:3441} INFO - Setting next_dagrun for example_subdag_operator to 2022-01-01T00:00:00+00:00, run_after=2022-01-01T00:00:00+00:00
[2024-08-13T11:05:59.913+0000] {logging_mixin.py:137} INFO - [2024-08-13T11:05:59.913+0000] {dag.py:3441} INFO - Setting next_dagrun for example_subdag_operator.section-1 to None, run_after=None
[2024-08-13T11:05:59.914+0000] {logging_mixin.py:137} INFO - [2024-08-13T11:05:59.914+0000] {dag.py:3441} INFO - Setting next_dagrun for example_subdag_operator.section-2 to None, run_after=None
[2024-08-13T11:05:59.922+0000] {logging_mixin.py:137} INFO - [2024-08-13T11:05:59.922+0000] {dag.py:2690} INFO - Sync 2 DAGs
[2024-08-13T11:05:59.939+0000] {logging_mixin.py:137} INFO - [2024-08-13T11:05:59.938+0000] {dag.py:3441} INFO - Setting next_dagrun for example_subdag_operator.section-1 to None, run_after=None
[2024-08-13T11:05:59.939+0000] {logging_mixin.py:137} INFO - [2024-08-13T11:05:59.939+0000] {dag.py:3441} INFO - Setting next_dagrun for example_subdag_operator.section-2 to None, run_after=None
[2024-08-13T11:05:59.989+0000] {processor.py:175} INFO - Processing /home/airflow/.local/lib/python3.7/site-packages/airflow/example_dags/example_subdag_operator.py took 0.177 seconds
[2024-08-13T11:06:30.203+0000] {processor.py:153} INFO - Started process (PID=235) to work on /home/airflow/.local/lib/python3.7/site-packages/airflow/example_dags/example_subdag_operator.py
[2024-08-13T11:06:30.204+0000] {processor.py:743} INFO - Processing file /home/airflow/.local/lib/python3.7/site-packages/airflow/example_dags/example_subdag_operator.py for tasks to queue
[2024-08-13T11:06:30.205+0000] {logging_mixin.py:137} INFO - [2024-08-13T11:06:30.205+0000] {dagbag.py:538} INFO - Filling up the DagBag from /home/airflow/.local/lib/python3.7/site-packages/airflow/example_dags/example_subdag_operator.py
[2024-08-13T11:06:30.244+0000] {processor.py:753} INFO - DAG(s) dict_keys(['example_subdag_operator.section-1', 'example_subdag_operator.section-2', 'example_subdag_operator']) retrieved from /home/airflow/.local/lib/python3.7/site-packages/airflow/example_dags/example_subdag_operator.py
[2024-08-13T11:06:30.265+0000] {logging_mixin.py:137} INFO - [2024-08-13T11:06:30.265+0000] {dag.py:2690} INFO - Sync 3 DAGs
[2024-08-13T11:06:30.298+0000] {logging_mixin.py:137} INFO - [2024-08-13T11:06:30.297+0000] {dag.py:3441} INFO - Setting next_dagrun for example_subdag_operator to 2022-01-01T00:00:00+00:00, run_after=2022-01-01T00:00:00+00:00
[2024-08-13T11:06:30.301+0000] {logging_mixin.py:137} INFO - [2024-08-13T11:06:30.301+0000] {dag.py:3441} INFO - Setting next_dagrun for example_subdag_operator.section-1 to None, run_after=None
[2024-08-13T11:06:30.302+0000] {logging_mixin.py:137} INFO - [2024-08-13T11:06:30.302+0000] {dag.py:3441} INFO - Setting next_dagrun for example_subdag_operator.section-2 to None, run_after=None
[2024-08-13T11:06:30.309+0000] {logging_mixin.py:137} INFO - [2024-08-13T11:06:30.309+0000] {dag.py:2690} INFO - Sync 2 DAGs
[2024-08-13T11:06:30.317+0000] {logging_mixin.py:137} INFO - [2024-08-13T11:06:30.317+0000] {dag.py:3441} INFO - Setting next_dagrun for example_subdag_operator.section-1 to None, run_after=None
[2024-08-13T11:06:30.317+0000] {logging_mixin.py:137} INFO - [2024-08-13T11:06:30.317+0000] {dag.py:3441} INFO - Setting next_dagrun for example_subdag_operator.section-2 to None, run_after=None
[2024-08-13T11:06:30.334+0000] {processor.py:175} INFO - Processing /home/airflow/.local/lib/python3.7/site-packages/airflow/example_dags/example_subdag_operator.py took 0.134 seconds
