[2024-08-13T10:46:28.054+0000] {processor.py:153} INFO - Started process (PID=56) to work on /home/airflow/.local/lib/python3.7/site-packages/airflow/example_dags/example_datasets.py
[2024-08-13T10:46:28.061+0000] {processor.py:743} INFO - Processing file /home/airflow/.local/lib/python3.7/site-packages/airflow/example_dags/example_datasets.py for tasks to queue
[2024-08-13T10:46:28.062+0000] {logging_mixin.py:137} INFO - [2024-08-13T10:46:28.062+0000] {dagbag.py:538} INFO - Filling up the DagBag from /home/airflow/.local/lib/python3.7/site-packages/airflow/example_dags/example_datasets.py
[2024-08-13T10:46:28.103+0000] {processor.py:753} INFO - DAG(s) dict_keys(['dataset_consumes_1_never_scheduled', 'dataset_produces_1', 'dataset_consumes_unknown_never_scheduled', 'dataset_consumes_1_and_2', 'dataset_produces_2', 'dataset_consumes_1']) retrieved from /home/airflow/.local/lib/python3.7/site-packages/airflow/example_dags/example_datasets.py
[2024-08-13T10:46:28.575+0000] {logging_mixin.py:137} INFO - [2024-08-13T10:46:28.574+0000] {manager.py:504} INFO - Created Permission View: can delete on DAG:dataset_consumes_1_never_scheduled
[2024-08-13T10:46:28.618+0000] {logging_mixin.py:137} INFO - [2024-08-13T10:46:28.618+0000] {manager.py:504} INFO - Created Permission View: can edit on DAG:dataset_consumes_1_never_scheduled
[2024-08-13T10:46:28.635+0000] {logging_mixin.py:137} INFO - [2024-08-13T10:46:28.635+0000] {manager.py:504} INFO - Created Permission View: can read on DAG:dataset_consumes_1_never_scheduled
[2024-08-13T10:46:28.680+0000] {logging_mixin.py:137} INFO - [2024-08-13T10:46:28.680+0000] {manager.py:504} INFO - Created Permission View: can delete on DAG:dataset_produces_1
[2024-08-13T10:46:28.701+0000] {logging_mixin.py:137} INFO - [2024-08-13T10:46:28.701+0000] {manager.py:504} INFO - Created Permission View: can edit on DAG:dataset_produces_1
[2024-08-13T10:46:28.728+0000] {logging_mixin.py:137} INFO - [2024-08-13T10:46:28.727+0000] {manager.py:504} INFO - Created Permission View: can read on DAG:dataset_produces_1
[2024-08-13T10:46:28.829+0000] {logging_mixin.py:137} INFO - [2024-08-13T10:46:28.829+0000] {manager.py:504} INFO - Created Permission View: can delete on DAG:dataset_consumes_unknown_never_scheduled
[2024-08-13T10:46:28.846+0000] {logging_mixin.py:137} INFO - [2024-08-13T10:46:28.846+0000] {manager.py:504} INFO - Created Permission View: can edit on DAG:dataset_consumes_unknown_never_scheduled
[2024-08-13T10:46:28.874+0000] {logging_mixin.py:137} INFO - [2024-08-13T10:46:28.874+0000] {manager.py:504} INFO - Created Permission View: can read on DAG:dataset_consumes_unknown_never_scheduled
[2024-08-13T10:46:28.961+0000] {logging_mixin.py:137} INFO - [2024-08-13T10:46:28.961+0000] {manager.py:504} INFO - Created Permission View: can delete on DAG:dataset_consumes_1_and_2
[2024-08-13T10:46:28.995+0000] {logging_mixin.py:137} INFO - [2024-08-13T10:46:28.995+0000] {manager.py:504} INFO - Created Permission View: can edit on DAG:dataset_consumes_1_and_2
[2024-08-13T10:46:29.023+0000] {logging_mixin.py:137} INFO - [2024-08-13T10:46:29.023+0000] {manager.py:504} INFO - Created Permission View: can read on DAG:dataset_consumes_1_and_2
[2024-08-13T10:46:29.072+0000] {logging_mixin.py:137} INFO - [2024-08-13T10:46:29.071+0000] {manager.py:504} INFO - Created Permission View: can delete on DAG:dataset_produces_2
[2024-08-13T10:46:29.099+0000] {logging_mixin.py:137} INFO - [2024-08-13T10:46:29.099+0000] {manager.py:504} INFO - Created Permission View: can edit on DAG:dataset_produces_2
[2024-08-13T10:46:29.142+0000] {logging_mixin.py:137} INFO - [2024-08-13T10:46:29.142+0000] {manager.py:504} INFO - Created Permission View: can read on DAG:dataset_produces_2
[2024-08-13T10:46:29.198+0000] {logging_mixin.py:137} INFO - [2024-08-13T10:46:29.197+0000] {manager.py:504} INFO - Created Permission View: can delete on DAG:dataset_consumes_1
[2024-08-13T10:46:29.239+0000] {logging_mixin.py:137} INFO - [2024-08-13T10:46:29.239+0000] {manager.py:504} INFO - Created Permission View: can edit on DAG:dataset_consumes_1
[2024-08-13T10:46:29.267+0000] {logging_mixin.py:137} INFO - [2024-08-13T10:46:29.267+0000] {manager.py:504} INFO - Created Permission View: can read on DAG:dataset_consumes_1
[2024-08-13T10:46:29.267+0000] {logging_mixin.py:137} INFO - [2024-08-13T10:46:29.267+0000] {dag.py:2690} INFO - Sync 6 DAGs
[2024-08-13T10:46:29.301+0000] {logging_mixin.py:137} INFO - [2024-08-13T10:46:29.301+0000] {dag.py:2711} INFO - Creating ORM DAG for dataset_consumes_1_never_scheduled
[2024-08-13T10:46:29.302+0000] {logging_mixin.py:137} INFO - [2024-08-13T10:46:29.302+0000] {dag.py:2711} INFO - Creating ORM DAG for dataset_consumes_1_and_2
[2024-08-13T10:46:29.302+0000] {logging_mixin.py:137} INFO - [2024-08-13T10:46:29.302+0000] {dag.py:2711} INFO - Creating ORM DAG for dataset_produces_2
[2024-08-13T10:46:29.303+0000] {logging_mixin.py:137} INFO - [2024-08-13T10:46:29.303+0000] {dag.py:2711} INFO - Creating ORM DAG for dataset_produces_1
[2024-08-13T10:46:29.303+0000] {logging_mixin.py:137} INFO - [2024-08-13T10:46:29.303+0000] {dag.py:2711} INFO - Creating ORM DAG for dataset_consumes_1
[2024-08-13T10:46:29.304+0000] {logging_mixin.py:137} INFO - [2024-08-13T10:46:29.304+0000] {dag.py:2711} INFO - Creating ORM DAG for dataset_consumes_unknown_never_scheduled
[2024-08-13T10:46:29.334+0000] {logging_mixin.py:137} INFO - [2024-08-13T10:46:29.333+0000] {dag.py:3441} INFO - Setting next_dagrun for dataset_consumes_1 to None, run_after=None
[2024-08-13T10:46:29.334+0000] {logging_mixin.py:137} INFO - [2024-08-13T10:46:29.334+0000] {dag.py:3441} INFO - Setting next_dagrun for dataset_consumes_1_and_2 to None, run_after=None
[2024-08-13T10:46:29.335+0000] {logging_mixin.py:137} INFO - [2024-08-13T10:46:29.335+0000] {dag.py:3441} INFO - Setting next_dagrun for dataset_consumes_1_never_scheduled to None, run_after=None
[2024-08-13T10:46:29.336+0000] {logging_mixin.py:137} INFO - [2024-08-13T10:46:29.335+0000] {dag.py:3441} INFO - Setting next_dagrun for dataset_consumes_unknown_never_scheduled to None, run_after=None
[2024-08-13T10:46:29.338+0000] {logging_mixin.py:137} INFO - [2024-08-13T10:46:29.338+0000] {dag.py:3441} INFO - Setting next_dagrun for dataset_produces_1 to 2024-08-12T00:00:00+00:00, run_after=2024-08-13T00:00:00+00:00
[2024-08-13T10:46:29.340+0000] {logging_mixin.py:137} INFO - [2024-08-13T10:46:29.340+0000] {dag.py:3441} INFO - Setting next_dagrun for dataset_produces_2 to None, run_after=None
[2024-08-13T10:46:29.494+0000] {processor.py:175} INFO - Processing /home/airflow/.local/lib/python3.7/site-packages/airflow/example_dags/example_datasets.py took 1.443 seconds
[2024-08-13T10:47:00.212+0000] {processor.py:153} INFO - Started process (PID=116) to work on /home/airflow/.local/lib/python3.7/site-packages/airflow/example_dags/example_datasets.py
[2024-08-13T10:47:00.213+0000] {processor.py:743} INFO - Processing file /home/airflow/.local/lib/python3.7/site-packages/airflow/example_dags/example_datasets.py for tasks to queue
[2024-08-13T10:47:00.214+0000] {logging_mixin.py:137} INFO - [2024-08-13T10:47:00.214+0000] {dagbag.py:538} INFO - Filling up the DagBag from /home/airflow/.local/lib/python3.7/site-packages/airflow/example_dags/example_datasets.py
[2024-08-13T10:47:00.234+0000] {processor.py:753} INFO - DAG(s) dict_keys(['dataset_consumes_1_never_scheduled', 'dataset_consumes_1_and_2', 'dataset_consumes_1', 'dataset_consumes_unknown_never_scheduled', 'dataset_produces_2', 'dataset_produces_1']) retrieved from /home/airflow/.local/lib/python3.7/site-packages/airflow/example_dags/example_datasets.py
[2024-08-13T10:47:00.295+0000] {logging_mixin.py:137} INFO - [2024-08-13T10:47:00.294+0000] {dag.py:2690} INFO - Sync 6 DAGs
[2024-08-13T10:47:00.343+0000] {logging_mixin.py:137} INFO - [2024-08-13T10:47:00.343+0000] {dag.py:3441} INFO - Setting next_dagrun for dataset_consumes_1 to None, run_after=None
[2024-08-13T10:47:00.347+0000] {logging_mixin.py:137} INFO - [2024-08-13T10:47:00.347+0000] {dag.py:3441} INFO - Setting next_dagrun for dataset_consumes_1_and_2 to None, run_after=None
[2024-08-13T10:47:00.348+0000] {logging_mixin.py:137} INFO - [2024-08-13T10:47:00.348+0000] {dag.py:3441} INFO - Setting next_dagrun for dataset_consumes_1_never_scheduled to None, run_after=None
[2024-08-13T10:47:00.350+0000] {logging_mixin.py:137} INFO - [2024-08-13T10:47:00.350+0000] {dag.py:3441} INFO - Setting next_dagrun for dataset_consumes_unknown_never_scheduled to None, run_after=None
[2024-08-13T10:47:00.353+0000] {logging_mixin.py:137} INFO - [2024-08-13T10:47:00.353+0000] {dag.py:3441} INFO - Setting next_dagrun for dataset_produces_1 to 2024-08-12T00:00:00+00:00, run_after=2024-08-13T00:00:00+00:00
[2024-08-13T10:47:00.354+0000] {logging_mixin.py:137} INFO - [2024-08-13T10:47:00.354+0000] {dag.py:3441} INFO - Setting next_dagrun for dataset_produces_2 to None, run_after=None
[2024-08-13T10:47:00.407+0000] {processor.py:175} INFO - Processing /home/airflow/.local/lib/python3.7/site-packages/airflow/example_dags/example_datasets.py took 0.198 seconds
[2024-08-13T10:47:30.512+0000] {processor.py:153} INFO - Started process (PID=180) to work on /home/airflow/.local/lib/python3.7/site-packages/airflow/example_dags/example_datasets.py
[2024-08-13T10:47:30.513+0000] {processor.py:743} INFO - Processing file /home/airflow/.local/lib/python3.7/site-packages/airflow/example_dags/example_datasets.py for tasks to queue
[2024-08-13T10:47:30.514+0000] {logging_mixin.py:137} INFO - [2024-08-13T10:47:30.514+0000] {dagbag.py:538} INFO - Filling up the DagBag from /home/airflow/.local/lib/python3.7/site-packages/airflow/example_dags/example_datasets.py
[2024-08-13T10:47:30.723+0000] {processor.py:753} INFO - DAG(s) dict_keys(['dataset_consumes_1', 'dataset_consumes_1_and_2', 'dataset_consumes_1_never_scheduled', 'dataset_produces_2', 'dataset_produces_1', 'dataset_consumes_unknown_never_scheduled']) retrieved from /home/airflow/.local/lib/python3.7/site-packages/airflow/example_dags/example_datasets.py
[2024-08-13T10:47:30.835+0000] {logging_mixin.py:137} INFO - [2024-08-13T10:47:30.835+0000] {dag.py:2690} INFO - Sync 6 DAGs
[2024-08-13T10:47:30.998+0000] {logging_mixin.py:137} INFO - [2024-08-13T10:47:30.998+0000] {dag.py:3441} INFO - Setting next_dagrun for dataset_consumes_1 to None, run_after=None
[2024-08-13T10:47:31.006+0000] {logging_mixin.py:137} INFO - [2024-08-13T10:47:31.006+0000] {dag.py:3441} INFO - Setting next_dagrun for dataset_consumes_1_and_2 to None, run_after=None
[2024-08-13T10:47:31.014+0000] {logging_mixin.py:137} INFO - [2024-08-13T10:47:31.014+0000] {dag.py:3441} INFO - Setting next_dagrun for dataset_consumes_1_never_scheduled to None, run_after=None
[2024-08-13T10:47:31.020+0000] {logging_mixin.py:137} INFO - [2024-08-13T10:47:31.020+0000] {dag.py:3441} INFO - Setting next_dagrun for dataset_consumes_unknown_never_scheduled to None, run_after=None
[2024-08-13T10:47:31.028+0000] {logging_mixin.py:137} INFO - [2024-08-13T10:47:31.028+0000] {dag.py:3441} INFO - Setting next_dagrun for dataset_produces_1 to 2024-08-12T00:00:00+00:00, run_after=2024-08-13T00:00:00+00:00
[2024-08-13T10:47:31.034+0000] {logging_mixin.py:137} INFO - [2024-08-13T10:47:31.033+0000] {dag.py:3441} INFO - Setting next_dagrun for dataset_produces_2 to None, run_after=None
[2024-08-13T10:47:31.130+0000] {processor.py:175} INFO - Processing /home/airflow/.local/lib/python3.7/site-packages/airflow/example_dags/example_datasets.py took 0.646 seconds
[2024-08-13T10:48:01.349+0000] {processor.py:153} INFO - Started process (PID=240) to work on /home/airflow/.local/lib/python3.7/site-packages/airflow/example_dags/example_datasets.py
[2024-08-13T10:48:01.366+0000] {processor.py:743} INFO - Processing file /home/airflow/.local/lib/python3.7/site-packages/airflow/example_dags/example_datasets.py for tasks to queue
[2024-08-13T10:48:01.367+0000] {logging_mixin.py:137} INFO - [2024-08-13T10:48:01.366+0000] {dagbag.py:538} INFO - Filling up the DagBag from /home/airflow/.local/lib/python3.7/site-packages/airflow/example_dags/example_datasets.py
[2024-08-13T10:48:01.413+0000] {processor.py:753} INFO - DAG(s) dict_keys(['dataset_produces_2', 'dataset_consumes_unknown_never_scheduled', 'dataset_produces_1', 'dataset_consumes_1', 'dataset_consumes_1_and_2', 'dataset_consumes_1_never_scheduled']) retrieved from /home/airflow/.local/lib/python3.7/site-packages/airflow/example_dags/example_datasets.py
[2024-08-13T10:48:01.585+0000] {logging_mixin.py:137} INFO - [2024-08-13T10:48:01.585+0000] {dag.py:2690} INFO - Sync 6 DAGs
[2024-08-13T10:48:01.663+0000] {logging_mixin.py:137} INFO - [2024-08-13T10:48:01.663+0000] {dag.py:3441} INFO - Setting next_dagrun for dataset_consumes_1 to None, run_after=None
[2024-08-13T10:48:01.679+0000] {logging_mixin.py:137} INFO - [2024-08-13T10:48:01.679+0000] {dag.py:3441} INFO - Setting next_dagrun for dataset_consumes_1_and_2 to None, run_after=None
[2024-08-13T10:48:01.680+0000] {logging_mixin.py:137} INFO - [2024-08-13T10:48:01.680+0000] {dag.py:3441} INFO - Setting next_dagrun for dataset_consumes_1_never_scheduled to None, run_after=None
[2024-08-13T10:48:01.682+0000] {logging_mixin.py:137} INFO - [2024-08-13T10:48:01.682+0000] {dag.py:3441} INFO - Setting next_dagrun for dataset_consumes_unknown_never_scheduled to None, run_after=None
[2024-08-13T10:48:01.695+0000] {logging_mixin.py:137} INFO - [2024-08-13T10:48:01.695+0000] {dag.py:3441} INFO - Setting next_dagrun for dataset_produces_1 to 2024-08-12T00:00:00+00:00, run_after=2024-08-13T00:00:00+00:00
[2024-08-13T10:48:01.702+0000] {logging_mixin.py:137} INFO - [2024-08-13T10:48:01.702+0000] {dag.py:3441} INFO - Setting next_dagrun for dataset_produces_2 to None, run_after=None
[2024-08-13T10:48:01.892+0000] {processor.py:175} INFO - Processing /home/airflow/.local/lib/python3.7/site-packages/airflow/example_dags/example_datasets.py took 0.548 seconds
[2024-08-13T10:48:32.623+0000] {processor.py:153} INFO - Started process (PID=298) to work on /home/airflow/.local/lib/python3.7/site-packages/airflow/example_dags/example_datasets.py
[2024-08-13T10:48:32.625+0000] {processor.py:743} INFO - Processing file /home/airflow/.local/lib/python3.7/site-packages/airflow/example_dags/example_datasets.py for tasks to queue
[2024-08-13T10:48:32.634+0000] {logging_mixin.py:137} INFO - [2024-08-13T10:48:32.634+0000] {dagbag.py:538} INFO - Filling up the DagBag from /home/airflow/.local/lib/python3.7/site-packages/airflow/example_dags/example_datasets.py
[2024-08-13T10:48:32.720+0000] {processor.py:753} INFO - DAG(s) dict_keys(['dataset_consumes_1', 'dataset_consumes_1_and_2', 'dataset_consumes_unknown_never_scheduled', 'dataset_produces_2', 'dataset_consumes_1_never_scheduled', 'dataset_produces_1']) retrieved from /home/airflow/.local/lib/python3.7/site-packages/airflow/example_dags/example_datasets.py
[2024-08-13T10:48:32.870+0000] {logging_mixin.py:137} INFO - [2024-08-13T10:48:32.869+0000] {dag.py:2690} INFO - Sync 6 DAGs
[2024-08-13T10:48:32.948+0000] {logging_mixin.py:137} INFO - [2024-08-13T10:48:32.948+0000] {dag.py:3441} INFO - Setting next_dagrun for dataset_consumes_1 to None, run_after=None
[2024-08-13T10:48:32.958+0000] {logging_mixin.py:137} INFO - [2024-08-13T10:48:32.958+0000] {dag.py:3441} INFO - Setting next_dagrun for dataset_consumes_1_and_2 to None, run_after=None
[2024-08-13T10:48:32.966+0000] {logging_mixin.py:137} INFO - [2024-08-13T10:48:32.966+0000] {dag.py:3441} INFO - Setting next_dagrun for dataset_consumes_1_never_scheduled to None, run_after=None
[2024-08-13T10:48:32.967+0000] {logging_mixin.py:137} INFO - [2024-08-13T10:48:32.967+0000] {dag.py:3441} INFO - Setting next_dagrun for dataset_consumes_unknown_never_scheduled to None, run_after=None
[2024-08-13T10:48:32.972+0000] {logging_mixin.py:137} INFO - [2024-08-13T10:48:32.971+0000] {dag.py:3441} INFO - Setting next_dagrun for dataset_produces_1 to 2024-08-12T00:00:00+00:00, run_after=2024-08-13T00:00:00+00:00
[2024-08-13T10:48:32.982+0000] {logging_mixin.py:137} INFO - [2024-08-13T10:48:32.982+0000] {dag.py:3441} INFO - Setting next_dagrun for dataset_produces_2 to None, run_after=None
[2024-08-13T10:48:33.084+0000] {processor.py:175} INFO - Processing /home/airflow/.local/lib/python3.7/site-packages/airflow/example_dags/example_datasets.py took 0.530 seconds
[2024-08-13T10:49:03.202+0000] {processor.py:153} INFO - Started process (PID=355) to work on /home/airflow/.local/lib/python3.7/site-packages/airflow/example_dags/example_datasets.py
[2024-08-13T10:49:03.206+0000] {processor.py:743} INFO - Processing file /home/airflow/.local/lib/python3.7/site-packages/airflow/example_dags/example_datasets.py for tasks to queue
[2024-08-13T10:49:03.207+0000] {logging_mixin.py:137} INFO - [2024-08-13T10:49:03.206+0000] {dagbag.py:538} INFO - Filling up the DagBag from /home/airflow/.local/lib/python3.7/site-packages/airflow/example_dags/example_datasets.py
[2024-08-13T10:49:03.260+0000] {processor.py:753} INFO - DAG(s) dict_keys(['dataset_consumes_1_and_2', 'dataset_consumes_1', 'dataset_produces_2', 'dataset_produces_1', 'dataset_consumes_1_never_scheduled', 'dataset_consumes_unknown_never_scheduled']) retrieved from /home/airflow/.local/lib/python3.7/site-packages/airflow/example_dags/example_datasets.py
[2024-08-13T10:49:03.315+0000] {logging_mixin.py:137} INFO - [2024-08-13T10:49:03.314+0000] {dag.py:2690} INFO - Sync 6 DAGs
[2024-08-13T10:49:03.406+0000] {logging_mixin.py:137} INFO - [2024-08-13T10:49:03.406+0000] {dag.py:3441} INFO - Setting next_dagrun for dataset_consumes_1 to None, run_after=None
[2024-08-13T10:49:03.418+0000] {logging_mixin.py:137} INFO - [2024-08-13T10:49:03.418+0000] {dag.py:3441} INFO - Setting next_dagrun for dataset_consumes_1_and_2 to None, run_after=None
[2024-08-13T10:49:03.427+0000] {logging_mixin.py:137} INFO - [2024-08-13T10:49:03.427+0000] {dag.py:3441} INFO - Setting next_dagrun for dataset_consumes_1_never_scheduled to None, run_after=None
[2024-08-13T10:49:03.431+0000] {logging_mixin.py:137} INFO - [2024-08-13T10:49:03.431+0000] {dag.py:3441} INFO - Setting next_dagrun for dataset_consumes_unknown_never_scheduled to None, run_after=None
[2024-08-13T10:49:03.438+0000] {logging_mixin.py:137} INFO - [2024-08-13T10:49:03.438+0000] {dag.py:3441} INFO - Setting next_dagrun for dataset_produces_1 to 2024-08-12T00:00:00+00:00, run_after=2024-08-13T00:00:00+00:00
[2024-08-13T10:49:03.445+0000] {logging_mixin.py:137} INFO - [2024-08-13T10:49:03.445+0000] {dag.py:3441} INFO - Setting next_dagrun for dataset_produces_2 to None, run_after=None
[2024-08-13T10:49:03.616+0000] {processor.py:175} INFO - Processing /home/airflow/.local/lib/python3.7/site-packages/airflow/example_dags/example_datasets.py took 0.424 seconds
[2024-08-13T10:49:33.935+0000] {processor.py:153} INFO - Started process (PID=404) to work on /home/airflow/.local/lib/python3.7/site-packages/airflow/example_dags/example_datasets.py
[2024-08-13T10:49:33.949+0000] {processor.py:743} INFO - Processing file /home/airflow/.local/lib/python3.7/site-packages/airflow/example_dags/example_datasets.py for tasks to queue
[2024-08-13T10:49:33.950+0000] {logging_mixin.py:137} INFO - [2024-08-13T10:49:33.950+0000] {dagbag.py:538} INFO - Filling up the DagBag from /home/airflow/.local/lib/python3.7/site-packages/airflow/example_dags/example_datasets.py
[2024-08-13T10:49:34.010+0000] {processor.py:753} INFO - DAG(s) dict_keys(['dataset_consumes_1_never_scheduled', 'dataset_produces_2', 'dataset_consumes_1', 'dataset_consumes_1_and_2', 'dataset_consumes_unknown_never_scheduled', 'dataset_produces_1']) retrieved from /home/airflow/.local/lib/python3.7/site-packages/airflow/example_dags/example_datasets.py
[2024-08-13T10:49:34.086+0000] {logging_mixin.py:137} INFO - [2024-08-13T10:49:34.086+0000] {dag.py:2690} INFO - Sync 6 DAGs
[2024-08-13T10:49:34.259+0000] {logging_mixin.py:137} INFO - [2024-08-13T10:49:34.259+0000] {dag.py:3441} INFO - Setting next_dagrun for dataset_consumes_1 to None, run_after=None
[2024-08-13T10:49:34.269+0000] {logging_mixin.py:137} INFO - [2024-08-13T10:49:34.269+0000] {dag.py:3441} INFO - Setting next_dagrun for dataset_consumes_1_and_2 to None, run_after=None
[2024-08-13T10:49:34.286+0000] {logging_mixin.py:137} INFO - [2024-08-13T10:49:34.286+0000] {dag.py:3441} INFO - Setting next_dagrun for dataset_consumes_1_never_scheduled to None, run_after=None
[2024-08-13T10:49:34.287+0000] {logging_mixin.py:137} INFO - [2024-08-13T10:49:34.287+0000] {dag.py:3441} INFO - Setting next_dagrun for dataset_consumes_unknown_never_scheduled to None, run_after=None
[2024-08-13T10:49:34.292+0000] {logging_mixin.py:137} INFO - [2024-08-13T10:49:34.292+0000] {dag.py:3441} INFO - Setting next_dagrun for dataset_produces_1 to 2024-08-12T00:00:00+00:00, run_after=2024-08-13T00:00:00+00:00
[2024-08-13T10:49:34.294+0000] {logging_mixin.py:137} INFO - [2024-08-13T10:49:34.294+0000] {dag.py:3441} INFO - Setting next_dagrun for dataset_produces_2 to None, run_after=None
[2024-08-13T10:49:34.476+0000] {processor.py:175} INFO - Processing /home/airflow/.local/lib/python3.7/site-packages/airflow/example_dags/example_datasets.py took 0.565 seconds
[2024-08-13T10:50:04.888+0000] {processor.py:153} INFO - Started process (PID=462) to work on /home/airflow/.local/lib/python3.7/site-packages/airflow/example_dags/example_datasets.py
[2024-08-13T10:50:04.898+0000] {processor.py:743} INFO - Processing file /home/airflow/.local/lib/python3.7/site-packages/airflow/example_dags/example_datasets.py for tasks to queue
[2024-08-13T10:50:04.899+0000] {logging_mixin.py:137} INFO - [2024-08-13T10:50:04.899+0000] {dagbag.py:538} INFO - Filling up the DagBag from /home/airflow/.local/lib/python3.7/site-packages/airflow/example_dags/example_datasets.py
[2024-08-13T10:50:04.966+0000] {processor.py:753} INFO - DAG(s) dict_keys(['dataset_consumes_1_and_2', 'dataset_consumes_1', 'dataset_consumes_1_never_scheduled', 'dataset_produces_2', 'dataset_consumes_unknown_never_scheduled', 'dataset_produces_1']) retrieved from /home/airflow/.local/lib/python3.7/site-packages/airflow/example_dags/example_datasets.py
[2024-08-13T10:50:05.190+0000] {logging_mixin.py:137} INFO - [2024-08-13T10:50:05.189+0000] {dag.py:2690} INFO - Sync 6 DAGs
[2024-08-13T10:50:05.251+0000] {logging_mixin.py:137} INFO - [2024-08-13T10:50:05.251+0000] {dag.py:3441} INFO - Setting next_dagrun for dataset_consumes_1 to None, run_after=None
[2024-08-13T10:50:05.279+0000] {logging_mixin.py:137} INFO - [2024-08-13T10:50:05.279+0000] {dag.py:3441} INFO - Setting next_dagrun for dataset_consumes_1_and_2 to None, run_after=None
[2024-08-13T10:50:05.281+0000] {logging_mixin.py:137} INFO - [2024-08-13T10:50:05.281+0000] {dag.py:3441} INFO - Setting next_dagrun for dataset_consumes_1_never_scheduled to None, run_after=None
[2024-08-13T10:50:05.293+0000] {logging_mixin.py:137} INFO - [2024-08-13T10:50:05.293+0000] {dag.py:3441} INFO - Setting next_dagrun for dataset_consumes_unknown_never_scheduled to None, run_after=None
[2024-08-13T10:50:05.299+0000] {logging_mixin.py:137} INFO - [2024-08-13T10:50:05.299+0000] {dag.py:3441} INFO - Setting next_dagrun for dataset_produces_1 to 2024-08-12T00:00:00+00:00, run_after=2024-08-13T00:00:00+00:00
[2024-08-13T10:50:05.302+0000] {logging_mixin.py:137} INFO - [2024-08-13T10:50:05.302+0000] {dag.py:3441} INFO - Setting next_dagrun for dataset_produces_2 to None, run_after=None
[2024-08-13T10:50:05.408+0000] {processor.py:175} INFO - Processing /home/airflow/.local/lib/python3.7/site-packages/airflow/example_dags/example_datasets.py took 0.531 seconds
[2024-08-13T11:04:55.497+0000] {processor.py:153} INFO - Started process (PID=47) to work on /home/airflow/.local/lib/python3.7/site-packages/airflow/example_dags/example_datasets.py
[2024-08-13T11:04:55.502+0000] {processor.py:743} INFO - Processing file /home/airflow/.local/lib/python3.7/site-packages/airflow/example_dags/example_datasets.py for tasks to queue
[2024-08-13T11:04:55.503+0000] {logging_mixin.py:137} INFO - [2024-08-13T11:04:55.503+0000] {dagbag.py:538} INFO - Filling up the DagBag from /home/airflow/.local/lib/python3.7/site-packages/airflow/example_dags/example_datasets.py
[2024-08-13T11:04:55.572+0000] {processor.py:753} INFO - DAG(s) dict_keys(['dataset_consumes_1_never_scheduled', 'dataset_consumes_1_and_2', 'dataset_consumes_unknown_never_scheduled', 'dataset_produces_2', 'dataset_consumes_1', 'dataset_produces_1']) retrieved from /home/airflow/.local/lib/python3.7/site-packages/airflow/example_dags/example_datasets.py
[2024-08-13T11:04:55.753+0000] {logging_mixin.py:137} INFO - [2024-08-13T11:04:55.753+0000] {dag.py:2690} INFO - Sync 6 DAGs
[2024-08-13T11:04:55.817+0000] {logging_mixin.py:137} INFO - [2024-08-13T11:04:55.816+0000] {dag.py:3441} INFO - Setting next_dagrun for dataset_consumes_1 to None, run_after=None
[2024-08-13T11:04:55.823+0000] {logging_mixin.py:137} INFO - [2024-08-13T11:04:55.823+0000] {dag.py:3441} INFO - Setting next_dagrun for dataset_consumes_1_and_2 to None, run_after=None
[2024-08-13T11:04:55.824+0000] {logging_mixin.py:137} INFO - [2024-08-13T11:04:55.824+0000] {dag.py:3441} INFO - Setting next_dagrun for dataset_consumes_1_never_scheduled to None, run_after=None
[2024-08-13T11:04:55.826+0000] {logging_mixin.py:137} INFO - [2024-08-13T11:04:55.825+0000] {dag.py:3441} INFO - Setting next_dagrun for dataset_consumes_unknown_never_scheduled to None, run_after=None
[2024-08-13T11:04:55.838+0000] {logging_mixin.py:137} INFO - [2024-08-13T11:04:55.834+0000] {dag.py:3441} INFO - Setting next_dagrun for dataset_produces_1 to 2024-08-12T00:00:00+00:00, run_after=2024-08-13T00:00:00+00:00
[2024-08-13T11:04:55.847+0000] {logging_mixin.py:137} INFO - [2024-08-13T11:04:55.847+0000] {dag.py:3441} INFO - Setting next_dagrun for dataset_produces_2 to None, run_after=None
[2024-08-13T11:04:55.954+0000] {processor.py:175} INFO - Processing /home/airflow/.local/lib/python3.7/site-packages/airflow/example_dags/example_datasets.py took 0.467 seconds
[2024-08-13T11:05:26.675+0000] {processor.py:153} INFO - Started process (PID=105) to work on /home/airflow/.local/lib/python3.7/site-packages/airflow/example_dags/example_datasets.py
[2024-08-13T11:05:26.678+0000] {processor.py:743} INFO - Processing file /home/airflow/.local/lib/python3.7/site-packages/airflow/example_dags/example_datasets.py for tasks to queue
[2024-08-13T11:05:26.679+0000] {logging_mixin.py:137} INFO - [2024-08-13T11:05:26.679+0000] {dagbag.py:538} INFO - Filling up the DagBag from /home/airflow/.local/lib/python3.7/site-packages/airflow/example_dags/example_datasets.py
[2024-08-13T11:05:26.727+0000] {processor.py:753} INFO - DAG(s) dict_keys(['dataset_consumes_1_and_2', 'dataset_produces_2', 'dataset_consumes_unknown_never_scheduled', 'dataset_consumes_1_never_scheduled', 'dataset_consumes_1', 'dataset_produces_1']) retrieved from /home/airflow/.local/lib/python3.7/site-packages/airflow/example_dags/example_datasets.py
[2024-08-13T11:05:26.815+0000] {logging_mixin.py:137} INFO - [2024-08-13T11:05:26.815+0000] {dag.py:2690} INFO - Sync 6 DAGs
[2024-08-13T11:05:26.877+0000] {logging_mixin.py:137} INFO - [2024-08-13T11:05:26.877+0000] {dag.py:3441} INFO - Setting next_dagrun for dataset_consumes_1 to None, run_after=None
[2024-08-13T11:05:26.885+0000] {logging_mixin.py:137} INFO - [2024-08-13T11:05:26.885+0000] {dag.py:3441} INFO - Setting next_dagrun for dataset_consumes_1_and_2 to None, run_after=None
[2024-08-13T11:05:26.886+0000] {logging_mixin.py:137} INFO - [2024-08-13T11:05:26.886+0000] {dag.py:3441} INFO - Setting next_dagrun for dataset_consumes_1_never_scheduled to None, run_after=None
[2024-08-13T11:05:26.888+0000] {logging_mixin.py:137} INFO - [2024-08-13T11:05:26.887+0000] {dag.py:3441} INFO - Setting next_dagrun for dataset_consumes_unknown_never_scheduled to None, run_after=None
[2024-08-13T11:05:26.893+0000] {logging_mixin.py:137} INFO - [2024-08-13T11:05:26.893+0000] {dag.py:3441} INFO - Setting next_dagrun for dataset_produces_1 to 2024-08-12T00:00:00+00:00, run_after=2024-08-13T00:00:00+00:00
[2024-08-13T11:05:26.897+0000] {logging_mixin.py:137} INFO - [2024-08-13T11:05:26.897+0000] {dag.py:3441} INFO - Setting next_dagrun for dataset_produces_2 to None, run_after=None
[2024-08-13T11:05:27.062+0000] {processor.py:175} INFO - Processing /home/airflow/.local/lib/python3.7/site-packages/airflow/example_dags/example_datasets.py took 0.393 seconds
[2024-08-13T11:05:57.911+0000] {processor.py:153} INFO - Started process (PID=164) to work on /home/airflow/.local/lib/python3.7/site-packages/airflow/example_dags/example_datasets.py
[2024-08-13T11:05:57.912+0000] {processor.py:743} INFO - Processing file /home/airflow/.local/lib/python3.7/site-packages/airflow/example_dags/example_datasets.py for tasks to queue
[2024-08-13T11:05:57.913+0000] {logging_mixin.py:137} INFO - [2024-08-13T11:05:57.913+0000] {dagbag.py:538} INFO - Filling up the DagBag from /home/airflow/.local/lib/python3.7/site-packages/airflow/example_dags/example_datasets.py
[2024-08-13T11:05:57.942+0000] {processor.py:753} INFO - DAG(s) dict_keys(['dataset_consumes_1', 'dataset_produces_2', 'dataset_produces_1', 'dataset_consumes_1_and_2', 'dataset_consumes_1_never_scheduled', 'dataset_consumes_unknown_never_scheduled']) retrieved from /home/airflow/.local/lib/python3.7/site-packages/airflow/example_dags/example_datasets.py
[2024-08-13T11:05:58.002+0000] {logging_mixin.py:137} INFO - [2024-08-13T11:05:58.002+0000] {dag.py:2690} INFO - Sync 6 DAGs
[2024-08-13T11:05:58.037+0000] {logging_mixin.py:137} INFO - [2024-08-13T11:05:58.037+0000] {dag.py:3441} INFO - Setting next_dagrun for dataset_consumes_1 to None, run_after=None
[2024-08-13T11:05:58.041+0000] {logging_mixin.py:137} INFO - [2024-08-13T11:05:58.041+0000] {dag.py:3441} INFO - Setting next_dagrun for dataset_consumes_1_and_2 to None, run_after=None
[2024-08-13T11:05:58.043+0000] {logging_mixin.py:137} INFO - [2024-08-13T11:05:58.043+0000] {dag.py:3441} INFO - Setting next_dagrun for dataset_consumes_1_never_scheduled to None, run_after=None
[2024-08-13T11:05:58.045+0000] {logging_mixin.py:137} INFO - [2024-08-13T11:05:58.044+0000] {dag.py:3441} INFO - Setting next_dagrun for dataset_consumes_unknown_never_scheduled to None, run_after=None
[2024-08-13T11:05:58.048+0000] {logging_mixin.py:137} INFO - [2024-08-13T11:05:58.048+0000] {dag.py:3441} INFO - Setting next_dagrun for dataset_produces_1 to 2024-08-12T00:00:00+00:00, run_after=2024-08-13T00:00:00+00:00
[2024-08-13T11:05:58.049+0000] {logging_mixin.py:137} INFO - [2024-08-13T11:05:58.049+0000] {dag.py:3441} INFO - Setting next_dagrun for dataset_produces_2 to None, run_after=None
[2024-08-13T11:05:58.090+0000] {processor.py:175} INFO - Processing /home/airflow/.local/lib/python3.7/site-packages/airflow/example_dags/example_datasets.py took 0.182 seconds
[2024-08-13T11:06:28.251+0000] {processor.py:153} INFO - Started process (PID=223) to work on /home/airflow/.local/lib/python3.7/site-packages/airflow/example_dags/example_datasets.py
[2024-08-13T11:06:28.252+0000] {processor.py:743} INFO - Processing file /home/airflow/.local/lib/python3.7/site-packages/airflow/example_dags/example_datasets.py for tasks to queue
[2024-08-13T11:06:28.253+0000] {logging_mixin.py:137} INFO - [2024-08-13T11:06:28.253+0000] {dagbag.py:538} INFO - Filling up the DagBag from /home/airflow/.local/lib/python3.7/site-packages/airflow/example_dags/example_datasets.py
[2024-08-13T11:06:28.272+0000] {processor.py:753} INFO - DAG(s) dict_keys(['dataset_consumes_1', 'dataset_consumes_unknown_never_scheduled', 'dataset_consumes_1_never_scheduled', 'dataset_consumes_1_and_2', 'dataset_produces_2', 'dataset_produces_1']) retrieved from /home/airflow/.local/lib/python3.7/site-packages/airflow/example_dags/example_datasets.py
[2024-08-13T11:06:28.320+0000] {logging_mixin.py:137} INFO - [2024-08-13T11:06:28.319+0000] {dag.py:2690} INFO - Sync 6 DAGs
[2024-08-13T11:06:28.353+0000] {logging_mixin.py:137} INFO - [2024-08-13T11:06:28.353+0000] {dag.py:3441} INFO - Setting next_dagrun for dataset_consumes_1 to None, run_after=None
[2024-08-13T11:06:28.357+0000] {logging_mixin.py:137} INFO - [2024-08-13T11:06:28.357+0000] {dag.py:3441} INFO - Setting next_dagrun for dataset_consumes_1_and_2 to None, run_after=None
[2024-08-13T11:06:28.359+0000] {logging_mixin.py:137} INFO - [2024-08-13T11:06:28.359+0000] {dag.py:3441} INFO - Setting next_dagrun for dataset_consumes_1_never_scheduled to None, run_after=None
[2024-08-13T11:06:28.360+0000] {logging_mixin.py:137} INFO - [2024-08-13T11:06:28.360+0000] {dag.py:3441} INFO - Setting next_dagrun for dataset_consumes_unknown_never_scheduled to None, run_after=None
[2024-08-13T11:06:28.364+0000] {logging_mixin.py:137} INFO - [2024-08-13T11:06:28.363+0000] {dag.py:3441} INFO - Setting next_dagrun for dataset_produces_1 to 2024-08-12T00:00:00+00:00, run_after=2024-08-13T00:00:00+00:00
[2024-08-13T11:06:28.365+0000] {logging_mixin.py:137} INFO - [2024-08-13T11:06:28.364+0000] {dag.py:3441} INFO - Setting next_dagrun for dataset_produces_2 to None, run_after=None
[2024-08-13T11:06:28.404+0000] {processor.py:175} INFO - Processing /home/airflow/.local/lib/python3.7/site-packages/airflow/example_dags/example_datasets.py took 0.156 seconds
