[2024-08-13T10:46:40.848+0000] {processor.py:153} INFO - Started process (PID=85) to work on /home/airflow/.local/lib/python3.7/site-packages/airflow/example_dags/example_task_group.py
[2024-08-13T10:46:40.849+0000] {processor.py:743} INFO - Processing file /home/airflow/.local/lib/python3.7/site-packages/airflow/example_dags/example_task_group.py for tasks to queue
[2024-08-13T10:46:40.856+0000] {logging_mixin.py:137} INFO - [2024-08-13T10:46:40.856+0000] {dagbag.py:538} INFO - Filling up the DagBag from /home/airflow/.local/lib/python3.7/site-packages/airflow/example_dags/example_task_group.py
[2024-08-13T10:46:40.892+0000] {processor.py:753} INFO - DAG(s) dict_keys(['example_task_group']) retrieved from /home/airflow/.local/lib/python3.7/site-packages/airflow/example_dags/example_task_group.py
[2024-08-13T10:46:41.188+0000] {logging_mixin.py:137} INFO - [2024-08-13T10:46:41.187+0000] {manager.py:504} INFO - Created Permission View: can delete on DAG:example_task_group
[2024-08-13T10:46:41.214+0000] {logging_mixin.py:137} INFO - [2024-08-13T10:46:41.214+0000] {manager.py:504} INFO - Created Permission View: can edit on DAG:example_task_group
[2024-08-13T10:46:41.229+0000] {logging_mixin.py:137} INFO - [2024-08-13T10:46:41.229+0000] {manager.py:504} INFO - Created Permission View: can read on DAG:example_task_group
[2024-08-13T10:46:41.230+0000] {logging_mixin.py:137} INFO - [2024-08-13T10:46:41.229+0000] {dag.py:2690} INFO - Sync 1 DAGs
[2024-08-13T10:46:41.270+0000] {logging_mixin.py:137} INFO - [2024-08-13T10:46:41.270+0000] {dag.py:2711} INFO - Creating ORM DAG for example_task_group
[2024-08-13T10:46:41.286+0000] {logging_mixin.py:137} INFO - [2024-08-13T10:46:41.285+0000] {dag.py:3441} INFO - Setting next_dagrun for example_task_group to 2024-08-12T10:46:41.285647+00:00, run_after=2024-08-13T10:46:41.285647+00:00
[2024-08-13T10:46:41.315+0000] {processor.py:175} INFO - Processing /home/airflow/.local/lib/python3.7/site-packages/airflow/example_dags/example_task_group.py took 0.470 seconds
[2024-08-13T10:47:12.032+0000] {processor.py:153} INFO - Started process (PID=143) to work on /home/airflow/.local/lib/python3.7/site-packages/airflow/example_dags/example_task_group.py
[2024-08-13T10:47:12.034+0000] {processor.py:743} INFO - Processing file /home/airflow/.local/lib/python3.7/site-packages/airflow/example_dags/example_task_group.py for tasks to queue
[2024-08-13T10:47:12.035+0000] {logging_mixin.py:137} INFO - [2024-08-13T10:47:12.035+0000] {dagbag.py:538} INFO - Filling up the DagBag from /home/airflow/.local/lib/python3.7/site-packages/airflow/example_dags/example_task_group.py
[2024-08-13T10:47:12.054+0000] {processor.py:753} INFO - DAG(s) dict_keys(['example_task_group']) retrieved from /home/airflow/.local/lib/python3.7/site-packages/airflow/example_dags/example_task_group.py
[2024-08-13T10:47:12.085+0000] {logging_mixin.py:137} INFO - [2024-08-13T10:47:12.084+0000] {dag.py:2690} INFO - Sync 1 DAGs
[2024-08-13T10:47:12.123+0000] {logging_mixin.py:137} INFO - [2024-08-13T10:47:12.122+0000] {dag.py:3441} INFO - Setting next_dagrun for example_task_group to 2024-08-12T10:47:12.122617+00:00, run_after=2024-08-13T10:47:12.122617+00:00
[2024-08-13T10:47:12.151+0000] {processor.py:175} INFO - Processing /home/airflow/.local/lib/python3.7/site-packages/airflow/example_dags/example_task_group.py took 0.123 seconds
[2024-08-13T10:47:42.617+0000] {processor.py:153} INFO - Started process (PID=201) to work on /home/airflow/.local/lib/python3.7/site-packages/airflow/example_dags/example_task_group.py
[2024-08-13T10:47:42.618+0000] {processor.py:743} INFO - Processing file /home/airflow/.local/lib/python3.7/site-packages/airflow/example_dags/example_task_group.py for tasks to queue
[2024-08-13T10:47:42.619+0000] {logging_mixin.py:137} INFO - [2024-08-13T10:47:42.619+0000] {dagbag.py:538} INFO - Filling up the DagBag from /home/airflow/.local/lib/python3.7/site-packages/airflow/example_dags/example_task_group.py
[2024-08-13T10:47:42.643+0000] {processor.py:753} INFO - DAG(s) dict_keys(['example_task_group']) retrieved from /home/airflow/.local/lib/python3.7/site-packages/airflow/example_dags/example_task_group.py
[2024-08-13T10:47:42.695+0000] {logging_mixin.py:137} INFO - [2024-08-13T10:47:42.695+0000] {dag.py:2690} INFO - Sync 1 DAGs
[2024-08-13T10:47:42.769+0000] {logging_mixin.py:137} INFO - [2024-08-13T10:47:42.769+0000] {dag.py:3441} INFO - Setting next_dagrun for example_task_group to 2024-08-12T10:47:42.769280+00:00, run_after=2024-08-13T10:47:42.769280+00:00
[2024-08-13T10:47:42.800+0000] {processor.py:175} INFO - Processing /home/airflow/.local/lib/python3.7/site-packages/airflow/example_dags/example_task_group.py took 0.186 seconds
[2024-08-13T10:48:13.633+0000] {processor.py:153} INFO - Started process (PID=260) to work on /home/airflow/.local/lib/python3.7/site-packages/airflow/example_dags/example_task_group.py
[2024-08-13T10:48:13.642+0000] {processor.py:743} INFO - Processing file /home/airflow/.local/lib/python3.7/site-packages/airflow/example_dags/example_task_group.py for tasks to queue
[2024-08-13T10:48:13.642+0000] {logging_mixin.py:137} INFO - [2024-08-13T10:48:13.642+0000] {dagbag.py:538} INFO - Filling up the DagBag from /home/airflow/.local/lib/python3.7/site-packages/airflow/example_dags/example_task_group.py
[2024-08-13T10:48:13.695+0000] {processor.py:753} INFO - DAG(s) dict_keys(['example_task_group']) retrieved from /home/airflow/.local/lib/python3.7/site-packages/airflow/example_dags/example_task_group.py
[2024-08-13T10:48:13.817+0000] {logging_mixin.py:137} INFO - [2024-08-13T10:48:13.817+0000] {dag.py:2690} INFO - Sync 1 DAGs
[2024-08-13T10:48:13.974+0000] {logging_mixin.py:137} INFO - [2024-08-13T10:48:13.974+0000] {dag.py:3441} INFO - Setting next_dagrun for example_task_group to 2024-08-12T10:48:13.974148+00:00, run_after=2024-08-13T10:48:13.974148+00:00
[2024-08-13T10:48:14.091+0000] {processor.py:175} INFO - Processing /home/airflow/.local/lib/python3.7/site-packages/airflow/example_dags/example_task_group.py took 0.462 seconds
[2024-08-13T10:48:44.442+0000] {processor.py:153} INFO - Started process (PID=317) to work on /home/airflow/.local/lib/python3.7/site-packages/airflow/example_dags/example_task_group.py
[2024-08-13T10:48:44.462+0000] {processor.py:743} INFO - Processing file /home/airflow/.local/lib/python3.7/site-packages/airflow/example_dags/example_task_group.py for tasks to queue
[2024-08-13T10:48:44.464+0000] {logging_mixin.py:137} INFO - [2024-08-13T10:48:44.464+0000] {dagbag.py:538} INFO - Filling up the DagBag from /home/airflow/.local/lib/python3.7/site-packages/airflow/example_dags/example_task_group.py
[2024-08-13T10:48:44.558+0000] {processor.py:753} INFO - DAG(s) dict_keys(['example_task_group']) retrieved from /home/airflow/.local/lib/python3.7/site-packages/airflow/example_dags/example_task_group.py
[2024-08-13T10:48:44.604+0000] {logging_mixin.py:137} INFO - [2024-08-13T10:48:44.603+0000] {dag.py:2690} INFO - Sync 1 DAGs
[2024-08-13T10:48:44.734+0000] {logging_mixin.py:137} INFO - [2024-08-13T10:48:44.734+0000] {dag.py:3441} INFO - Setting next_dagrun for example_task_group to 2024-08-12T10:48:44.734108+00:00, run_after=2024-08-13T10:48:44.734108+00:00
[2024-08-13T10:48:44.814+0000] {processor.py:175} INFO - Processing /home/airflow/.local/lib/python3.7/site-packages/airflow/example_dags/example_task_group.py took 0.375 seconds
[2024-08-13T10:49:14.994+0000] {processor.py:153} INFO - Started process (PID=375) to work on /home/airflow/.local/lib/python3.7/site-packages/airflow/example_dags/example_task_group.py
[2024-08-13T10:49:14.998+0000] {processor.py:743} INFO - Processing file /home/airflow/.local/lib/python3.7/site-packages/airflow/example_dags/example_task_group.py for tasks to queue
[2024-08-13T10:49:14.998+0000] {logging_mixin.py:137} INFO - [2024-08-13T10:49:14.998+0000] {dagbag.py:538} INFO - Filling up the DagBag from /home/airflow/.local/lib/python3.7/site-packages/airflow/example_dags/example_task_group.py
[2024-08-13T10:49:15.128+0000] {processor.py:753} INFO - DAG(s) dict_keys(['example_task_group']) retrieved from /home/airflow/.local/lib/python3.7/site-packages/airflow/example_dags/example_task_group.py
[2024-08-13T10:49:15.308+0000] {logging_mixin.py:137} INFO - [2024-08-13T10:49:15.308+0000] {dag.py:2690} INFO - Sync 1 DAGs
[2024-08-13T10:49:15.429+0000] {logging_mixin.py:137} INFO - [2024-08-13T10:49:15.428+0000] {dag.py:3441} INFO - Setting next_dagrun for example_task_group to 2024-08-12T10:49:15.428546+00:00, run_after=2024-08-13T10:49:15.428546+00:00
[2024-08-13T10:49:15.690+0000] {processor.py:175} INFO - Processing /home/airflow/.local/lib/python3.7/site-packages/airflow/example_dags/example_task_group.py took 0.801 seconds
[2024-08-13T10:49:46.458+0000] {processor.py:153} INFO - Started process (PID=433) to work on /home/airflow/.local/lib/python3.7/site-packages/airflow/example_dags/example_task_group.py
[2024-08-13T10:49:46.465+0000] {processor.py:743} INFO - Processing file /home/airflow/.local/lib/python3.7/site-packages/airflow/example_dags/example_task_group.py for tasks to queue
[2024-08-13T10:49:46.466+0000] {logging_mixin.py:137} INFO - [2024-08-13T10:49:46.466+0000] {dagbag.py:538} INFO - Filling up the DagBag from /home/airflow/.local/lib/python3.7/site-packages/airflow/example_dags/example_task_group.py
[2024-08-13T10:49:46.492+0000] {processor.py:753} INFO - DAG(s) dict_keys(['example_task_group']) retrieved from /home/airflow/.local/lib/python3.7/site-packages/airflow/example_dags/example_task_group.py
[2024-08-13T10:49:46.539+0000] {logging_mixin.py:137} INFO - [2024-08-13T10:49:46.538+0000] {dag.py:2690} INFO - Sync 1 DAGs
[2024-08-13T10:49:46.599+0000] {logging_mixin.py:137} INFO - [2024-08-13T10:49:46.599+0000] {dag.py:3441} INFO - Setting next_dagrun for example_task_group to 2024-08-12T10:49:46.598751+00:00, run_after=2024-08-13T10:49:46.598751+00:00
[2024-08-13T10:49:46.641+0000] {processor.py:175} INFO - Processing /home/airflow/.local/lib/python3.7/site-packages/airflow/example_dags/example_task_group.py took 0.198 seconds
[2024-08-13T11:04:59.618+0000] {processor.py:153} INFO - Started process (PID=66) to work on /home/airflow/.local/lib/python3.7/site-packages/airflow/example_dags/example_task_group.py
[2024-08-13T11:04:59.626+0000] {processor.py:743} INFO - Processing file /home/airflow/.local/lib/python3.7/site-packages/airflow/example_dags/example_task_group.py for tasks to queue
[2024-08-13T11:04:59.627+0000] {logging_mixin.py:137} INFO - [2024-08-13T11:04:59.627+0000] {dagbag.py:538} INFO - Filling up the DagBag from /home/airflow/.local/lib/python3.7/site-packages/airflow/example_dags/example_task_group.py
[2024-08-13T11:04:59.667+0000] {processor.py:753} INFO - DAG(s) dict_keys(['example_task_group']) retrieved from /home/airflow/.local/lib/python3.7/site-packages/airflow/example_dags/example_task_group.py
[2024-08-13T11:04:59.775+0000] {logging_mixin.py:137} INFO - [2024-08-13T11:04:59.775+0000] {dag.py:2690} INFO - Sync 1 DAGs
[2024-08-13T11:04:59.903+0000] {logging_mixin.py:137} INFO - [2024-08-13T11:04:59.903+0000] {dag.py:3441} INFO - Setting next_dagrun for example_task_group to 2024-08-12T11:04:59.902917+00:00, run_after=2024-08-13T11:04:59.902917+00:00
[2024-08-13T11:05:00.019+0000] {processor.py:175} INFO - Processing /home/airflow/.local/lib/python3.7/site-packages/airflow/example_dags/example_task_group.py took 0.406 seconds
[2024-08-13T11:05:30.965+0000] {processor.py:153} INFO - Started process (PID=124) to work on /home/airflow/.local/lib/python3.7/site-packages/airflow/example_dags/example_task_group.py
[2024-08-13T11:05:30.967+0000] {processor.py:743} INFO - Processing file /home/airflow/.local/lib/python3.7/site-packages/airflow/example_dags/example_task_group.py for tasks to queue
[2024-08-13T11:05:30.968+0000] {logging_mixin.py:137} INFO - [2024-08-13T11:05:30.968+0000] {dagbag.py:538} INFO - Filling up the DagBag from /home/airflow/.local/lib/python3.7/site-packages/airflow/example_dags/example_task_group.py
[2024-08-13T11:05:30.991+0000] {processor.py:753} INFO - DAG(s) dict_keys(['example_task_group']) retrieved from /home/airflow/.local/lib/python3.7/site-packages/airflow/example_dags/example_task_group.py
[2024-08-13T11:05:31.022+0000] {logging_mixin.py:137} INFO - [2024-08-13T11:05:31.022+0000] {dag.py:2690} INFO - Sync 1 DAGs
[2024-08-13T11:05:31.056+0000] {logging_mixin.py:137} INFO - [2024-08-13T11:05:31.056+0000] {dag.py:3441} INFO - Setting next_dagrun for example_task_group to 2024-08-12T11:05:31.056417+00:00, run_after=2024-08-13T11:05:31.056417+00:00
[2024-08-13T11:05:31.088+0000] {processor.py:175} INFO - Processing /home/airflow/.local/lib/python3.7/site-packages/airflow/example_dags/example_task_group.py took 0.127 seconds
[2024-08-13T11:06:01.590+0000] {processor.py:153} INFO - Started process (PID=183) to work on /home/airflow/.local/lib/python3.7/site-packages/airflow/example_dags/example_task_group.py
[2024-08-13T11:06:01.591+0000] {processor.py:743} INFO - Processing file /home/airflow/.local/lib/python3.7/site-packages/airflow/example_dags/example_task_group.py for tasks to queue
[2024-08-13T11:06:01.592+0000] {logging_mixin.py:137} INFO - [2024-08-13T11:06:01.591+0000] {dagbag.py:538} INFO - Filling up the DagBag from /home/airflow/.local/lib/python3.7/site-packages/airflow/example_dags/example_task_group.py
[2024-08-13T11:06:01.626+0000] {processor.py:753} INFO - DAG(s) dict_keys(['example_task_group']) retrieved from /home/airflow/.local/lib/python3.7/site-packages/airflow/example_dags/example_task_group.py
[2024-08-13T11:06:01.697+0000] {logging_mixin.py:137} INFO - [2024-08-13T11:06:01.697+0000] {dag.py:2690} INFO - Sync 1 DAGs
[2024-08-13T11:06:01.760+0000] {logging_mixin.py:137} INFO - [2024-08-13T11:06:01.760+0000] {dag.py:3441} INFO - Setting next_dagrun for example_task_group to 2024-08-12T11:06:01.759458+00:00, run_after=2024-08-13T11:06:01.759458+00:00
[2024-08-13T11:06:01.813+0000] {processor.py:175} INFO - Processing /home/airflow/.local/lib/python3.7/site-packages/airflow/example_dags/example_task_group.py took 0.226 seconds
[2024-08-13T11:06:31.888+0000] {processor.py:153} INFO - Started process (PID=250) to work on /home/airflow/.local/lib/python3.7/site-packages/airflow/example_dags/example_task_group.py
[2024-08-13T11:06:31.898+0000] {processor.py:743} INFO - Processing file /home/airflow/.local/lib/python3.7/site-packages/airflow/example_dags/example_task_group.py for tasks to queue
[2024-08-13T11:06:31.899+0000] {logging_mixin.py:137} INFO - [2024-08-13T11:06:31.899+0000] {dagbag.py:538} INFO - Filling up the DagBag from /home/airflow/.local/lib/python3.7/site-packages/airflow/example_dags/example_task_group.py
[2024-08-13T11:06:31.927+0000] {processor.py:753} INFO - DAG(s) dict_keys(['example_task_group']) retrieved from /home/airflow/.local/lib/python3.7/site-packages/airflow/example_dags/example_task_group.py
[2024-08-13T11:06:31.994+0000] {logging_mixin.py:137} INFO - [2024-08-13T11:06:31.994+0000] {dag.py:2690} INFO - Sync 1 DAGs
[2024-08-13T11:06:32.051+0000] {logging_mixin.py:137} INFO - [2024-08-13T11:06:32.050+0000] {dag.py:3441} INFO - Setting next_dagrun for example_task_group to 2024-08-12T11:06:32.050668+00:00, run_after=2024-08-13T11:06:32.050668+00:00
[2024-08-13T11:06:32.098+0000] {processor.py:175} INFO - Processing /home/airflow/.local/lib/python3.7/site-packages/airflow/example_dags/example_task_group.py took 0.218 seconds
