[2024-08-13T10:46:41.622+0000] {processor.py:153} INFO - Started process (PID=88) to work on /home/airflow/.local/lib/python3.7/site-packages/airflow/example_dags/example_xcom.py
[2024-08-13T10:46:41.628+0000] {processor.py:743} INFO - Processing file /home/airflow/.local/lib/python3.7/site-packages/airflow/example_dags/example_xcom.py for tasks to queue
[2024-08-13T10:46:41.629+0000] {logging_mixin.py:137} INFO - [2024-08-13T10:46:41.629+0000] {dagbag.py:538} INFO - Filling up the DagBag from /home/airflow/.local/lib/python3.7/site-packages/airflow/example_dags/example_xcom.py
[2024-08-13T10:46:41.678+0000] {processor.py:753} INFO - DAG(s) dict_keys(['example_xcom']) retrieved from /home/airflow/.local/lib/python3.7/site-packages/airflow/example_dags/example_xcom.py
[2024-08-13T10:46:41.916+0000] {logging_mixin.py:137} INFO - [2024-08-13T10:46:41.916+0000] {manager.py:504} INFO - Created Permission View: can delete on DAG:example_xcom
[2024-08-13T10:46:41.942+0000] {logging_mixin.py:137} INFO - [2024-08-13T10:46:41.941+0000] {manager.py:504} INFO - Created Permission View: can edit on DAG:example_xcom
[2024-08-13T10:46:41.963+0000] {logging_mixin.py:137} INFO - [2024-08-13T10:46:41.963+0000] {manager.py:504} INFO - Created Permission View: can read on DAG:example_xcom
[2024-08-13T10:46:41.964+0000] {logging_mixin.py:137} INFO - [2024-08-13T10:46:41.964+0000] {dag.py:2690} INFO - Sync 1 DAGs
[2024-08-13T10:46:41.988+0000] {logging_mixin.py:137} INFO - [2024-08-13T10:46:41.988+0000] {dag.py:2711} INFO - Creating ORM DAG for example_xcom
[2024-08-13T10:46:42.026+0000] {logging_mixin.py:137} INFO - [2024-08-13T10:46:42.026+0000] {dag.py:3441} INFO - Setting next_dagrun for example_xcom to 2021-01-01T00:00:00+00:00, run_after=2021-01-01T00:00:00+00:00
[2024-08-13T10:46:42.063+0000] {processor.py:175} INFO - Processing /home/airflow/.local/lib/python3.7/site-packages/airflow/example_dags/example_xcom.py took 0.444 seconds
[2024-08-13T10:47:12.205+0000] {processor.py:153} INFO - Started process (PID=146) to work on /home/airflow/.local/lib/python3.7/site-packages/airflow/example_dags/example_xcom.py
[2024-08-13T10:47:12.206+0000] {processor.py:743} INFO - Processing file /home/airflow/.local/lib/python3.7/site-packages/airflow/example_dags/example_xcom.py for tasks to queue
[2024-08-13T10:47:12.207+0000] {logging_mixin.py:137} INFO - [2024-08-13T10:47:12.207+0000] {dagbag.py:538} INFO - Filling up the DagBag from /home/airflow/.local/lib/python3.7/site-packages/airflow/example_dags/example_xcom.py
[2024-08-13T10:47:12.236+0000] {processor.py:753} INFO - DAG(s) dict_keys(['example_xcom']) retrieved from /home/airflow/.local/lib/python3.7/site-packages/airflow/example_dags/example_xcom.py
[2024-08-13T10:47:12.267+0000] {logging_mixin.py:137} INFO - [2024-08-13T10:47:12.267+0000] {dag.py:2690} INFO - Sync 1 DAGs
[2024-08-13T10:47:12.312+0000] {logging_mixin.py:137} INFO - [2024-08-13T10:47:12.312+0000] {dag.py:3441} INFO - Setting next_dagrun for example_xcom to 2021-01-01T00:00:00+00:00, run_after=2021-01-01T00:00:00+00:00
[2024-08-13T10:47:12.338+0000] {processor.py:175} INFO - Processing /home/airflow/.local/lib/python3.7/site-packages/airflow/example_dags/example_xcom.py took 0.136 seconds
[2024-08-13T10:47:42.876+0000] {processor.py:153} INFO - Started process (PID=204) to work on /home/airflow/.local/lib/python3.7/site-packages/airflow/example_dags/example_xcom.py
[2024-08-13T10:47:42.877+0000] {processor.py:743} INFO - Processing file /home/airflow/.local/lib/python3.7/site-packages/airflow/example_dags/example_xcom.py for tasks to queue
[2024-08-13T10:47:42.878+0000] {logging_mixin.py:137} INFO - [2024-08-13T10:47:42.878+0000] {dagbag.py:538} INFO - Filling up the DagBag from /home/airflow/.local/lib/python3.7/site-packages/airflow/example_dags/example_xcom.py
[2024-08-13T10:47:42.983+0000] {processor.py:753} INFO - DAG(s) dict_keys(['example_xcom']) retrieved from /home/airflow/.local/lib/python3.7/site-packages/airflow/example_dags/example_xcom.py
[2024-08-13T10:47:43.022+0000] {logging_mixin.py:137} INFO - [2024-08-13T10:47:43.022+0000] {dag.py:2690} INFO - Sync 1 DAGs
[2024-08-13T10:47:43.049+0000] {logging_mixin.py:137} INFO - [2024-08-13T10:47:43.049+0000] {dag.py:3441} INFO - Setting next_dagrun for example_xcom to 2021-01-01T00:00:00+00:00, run_after=2021-01-01T00:00:00+00:00
[2024-08-13T10:47:43.072+0000] {processor.py:175} INFO - Processing /home/airflow/.local/lib/python3.7/site-packages/airflow/example_dags/example_xcom.py took 0.201 seconds
[2024-08-13T10:48:14.657+0000] {processor.py:153} INFO - Started process (PID=269) to work on /home/airflow/.local/lib/python3.7/site-packages/airflow/example_dags/example_xcom.py
[2024-08-13T10:48:14.662+0000] {processor.py:743} INFO - Processing file /home/airflow/.local/lib/python3.7/site-packages/airflow/example_dags/example_xcom.py for tasks to queue
[2024-08-13T10:48:14.682+0000] {logging_mixin.py:137} INFO - [2024-08-13T10:48:14.682+0000] {dagbag.py:538} INFO - Filling up the DagBag from /home/airflow/.local/lib/python3.7/site-packages/airflow/example_dags/example_xcom.py
[2024-08-13T10:48:14.778+0000] {processor.py:753} INFO - DAG(s) dict_keys(['example_xcom']) retrieved from /home/airflow/.local/lib/python3.7/site-packages/airflow/example_dags/example_xcom.py
[2024-08-13T10:48:14.916+0000] {logging_mixin.py:137} INFO - [2024-08-13T10:48:14.916+0000] {dag.py:2690} INFO - Sync 1 DAGs
[2024-08-13T10:48:14.991+0000] {logging_mixin.py:137} INFO - [2024-08-13T10:48:14.990+0000] {dag.py:3441} INFO - Setting next_dagrun for example_xcom to 2021-01-01T00:00:00+00:00, run_after=2021-01-01T00:00:00+00:00
[2024-08-13T10:48:15.034+0000] {processor.py:175} INFO - Processing /home/airflow/.local/lib/python3.7/site-packages/airflow/example_dags/example_xcom.py took 0.391 seconds
[2024-08-13T10:48:45.334+0000] {processor.py:153} INFO - Started process (PID=327) to work on /home/airflow/.local/lib/python3.7/site-packages/airflow/example_dags/example_xcom.py
[2024-08-13T10:48:45.344+0000] {processor.py:743} INFO - Processing file /home/airflow/.local/lib/python3.7/site-packages/airflow/example_dags/example_xcom.py for tasks to queue
[2024-08-13T10:48:45.346+0000] {logging_mixin.py:137} INFO - [2024-08-13T10:48:45.346+0000] {dagbag.py:538} INFO - Filling up the DagBag from /home/airflow/.local/lib/python3.7/site-packages/airflow/example_dags/example_xcom.py
[2024-08-13T10:48:45.446+0000] {processor.py:753} INFO - DAG(s) dict_keys(['example_xcom']) retrieved from /home/airflow/.local/lib/python3.7/site-packages/airflow/example_dags/example_xcom.py
[2024-08-13T10:48:45.494+0000] {logging_mixin.py:137} INFO - [2024-08-13T10:48:45.494+0000] {dag.py:2690} INFO - Sync 1 DAGs
[2024-08-13T10:48:45.614+0000] {logging_mixin.py:137} INFO - [2024-08-13T10:48:45.614+0000] {dag.py:3441} INFO - Setting next_dagrun for example_xcom to 2021-01-01T00:00:00+00:00, run_after=2021-01-01T00:00:00+00:00
[2024-08-13T10:48:45.674+0000] {processor.py:175} INFO - Processing /home/airflow/.local/lib/python3.7/site-packages/airflow/example_dags/example_xcom.py took 0.351 seconds
[2024-08-13T10:49:16.248+0000] {processor.py:153} INFO - Started process (PID=378) to work on /home/airflow/.local/lib/python3.7/site-packages/airflow/example_dags/example_xcom.py
[2024-08-13T10:49:16.256+0000] {processor.py:743} INFO - Processing file /home/airflow/.local/lib/python3.7/site-packages/airflow/example_dags/example_xcom.py for tasks to queue
[2024-08-13T10:49:16.257+0000] {logging_mixin.py:137} INFO - [2024-08-13T10:49:16.257+0000] {dagbag.py:538} INFO - Filling up the DagBag from /home/airflow/.local/lib/python3.7/site-packages/airflow/example_dags/example_xcom.py
[2024-08-13T10:49:16.323+0000] {processor.py:753} INFO - DAG(s) dict_keys(['example_xcom']) retrieved from /home/airflow/.local/lib/python3.7/site-packages/airflow/example_dags/example_xcom.py
[2024-08-13T10:49:16.385+0000] {logging_mixin.py:137} INFO - [2024-08-13T10:49:16.385+0000] {dag.py:2690} INFO - Sync 1 DAGs
[2024-08-13T10:49:16.450+0000] {logging_mixin.py:137} INFO - [2024-08-13T10:49:16.450+0000] {dag.py:3441} INFO - Setting next_dagrun for example_xcom to 2021-01-01T00:00:00+00:00, run_after=2021-01-01T00:00:00+00:00
[2024-08-13T10:49:16.496+0000] {processor.py:175} INFO - Processing /home/airflow/.local/lib/python3.7/site-packages/airflow/example_dags/example_xcom.py took 0.251 seconds
[2024-08-13T10:49:47.076+0000] {processor.py:153} INFO - Started process (PID=436) to work on /home/airflow/.local/lib/python3.7/site-packages/airflow/example_dags/example_xcom.py
[2024-08-13T10:49:47.077+0000] {processor.py:743} INFO - Processing file /home/airflow/.local/lib/python3.7/site-packages/airflow/example_dags/example_xcom.py for tasks to queue
[2024-08-13T10:49:47.078+0000] {logging_mixin.py:137} INFO - [2024-08-13T10:49:47.078+0000] {dagbag.py:538} INFO - Filling up the DagBag from /home/airflow/.local/lib/python3.7/site-packages/airflow/example_dags/example_xcom.py
[2024-08-13T10:49:47.131+0000] {processor.py:753} INFO - DAG(s) dict_keys(['example_xcom']) retrieved from /home/airflow/.local/lib/python3.7/site-packages/airflow/example_dags/example_xcom.py
[2024-08-13T10:49:47.167+0000] {logging_mixin.py:137} INFO - [2024-08-13T10:49:47.167+0000] {dag.py:2690} INFO - Sync 1 DAGs
[2024-08-13T10:49:47.228+0000] {logging_mixin.py:137} INFO - [2024-08-13T10:49:47.228+0000] {dag.py:3441} INFO - Setting next_dagrun for example_xcom to 2021-01-01T00:00:00+00:00, run_after=2021-01-01T00:00:00+00:00
[2024-08-13T10:49:47.267+0000] {processor.py:175} INFO - Processing /home/airflow/.local/lib/python3.7/site-packages/airflow/example_dags/example_xcom.py took 0.202 seconds
[2024-08-13T11:05:00.611+0000] {processor.py:153} INFO - Started process (PID=75) to work on /home/airflow/.local/lib/python3.7/site-packages/airflow/example_dags/example_xcom.py
[2024-08-13T11:05:00.626+0000] {processor.py:743} INFO - Processing file /home/airflow/.local/lib/python3.7/site-packages/airflow/example_dags/example_xcom.py for tasks to queue
[2024-08-13T11:05:00.628+0000] {logging_mixin.py:137} INFO - [2024-08-13T11:05:00.628+0000] {dagbag.py:538} INFO - Filling up the DagBag from /home/airflow/.local/lib/python3.7/site-packages/airflow/example_dags/example_xcom.py
[2024-08-13T11:05:00.813+0000] {processor.py:753} INFO - DAG(s) dict_keys(['example_xcom']) retrieved from /home/airflow/.local/lib/python3.7/site-packages/airflow/example_dags/example_xcom.py
[2024-08-13T11:05:00.968+0000] {logging_mixin.py:137} INFO - [2024-08-13T11:05:00.968+0000] {dag.py:2690} INFO - Sync 1 DAGs
[2024-08-13T11:05:01.207+0000] {logging_mixin.py:137} INFO - [2024-08-13T11:05:01.207+0000] {dag.py:3441} INFO - Setting next_dagrun for example_xcom to 2021-01-01T00:00:00+00:00, run_after=2021-01-01T00:00:00+00:00
[2024-08-13T11:05:01.276+0000] {processor.py:175} INFO - Processing /home/airflow/.local/lib/python3.7/site-packages/airflow/example_dags/example_xcom.py took 0.688 seconds
[2024-08-13T11:05:31.396+0000] {processor.py:153} INFO - Started process (PID=127) to work on /home/airflow/.local/lib/python3.7/site-packages/airflow/example_dags/example_xcom.py
[2024-08-13T11:05:31.397+0000] {processor.py:743} INFO - Processing file /home/airflow/.local/lib/python3.7/site-packages/airflow/example_dags/example_xcom.py for tasks to queue
[2024-08-13T11:05:31.398+0000] {logging_mixin.py:137} INFO - [2024-08-13T11:05:31.398+0000] {dagbag.py:538} INFO - Filling up the DagBag from /home/airflow/.local/lib/python3.7/site-packages/airflow/example_dags/example_xcom.py
[2024-08-13T11:05:31.418+0000] {processor.py:753} INFO - DAG(s) dict_keys(['example_xcom']) retrieved from /home/airflow/.local/lib/python3.7/site-packages/airflow/example_dags/example_xcom.py
[2024-08-13T11:05:31.439+0000] {logging_mixin.py:137} INFO - [2024-08-13T11:05:31.439+0000] {dag.py:2690} INFO - Sync 1 DAGs
[2024-08-13T11:05:31.459+0000] {logging_mixin.py:137} INFO - [2024-08-13T11:05:31.459+0000] {dag.py:3441} INFO - Setting next_dagrun for example_xcom to 2021-01-01T00:00:00+00:00, run_after=2021-01-01T00:00:00+00:00
[2024-08-13T11:05:31.479+0000] {processor.py:175} INFO - Processing /home/airflow/.local/lib/python3.7/site-packages/airflow/example_dags/example_xcom.py took 0.085 seconds
[2024-08-13T11:06:02.091+0000] {processor.py:153} INFO - Started process (PID=186) to work on /home/airflow/.local/lib/python3.7/site-packages/airflow/example_dags/example_xcom.py
[2024-08-13T11:06:02.092+0000] {processor.py:743} INFO - Processing file /home/airflow/.local/lib/python3.7/site-packages/airflow/example_dags/example_xcom.py for tasks to queue
[2024-08-13T11:06:02.093+0000] {logging_mixin.py:137} INFO - [2024-08-13T11:06:02.093+0000] {dagbag.py:538} INFO - Filling up the DagBag from /home/airflow/.local/lib/python3.7/site-packages/airflow/example_dags/example_xcom.py
[2024-08-13T11:06:02.127+0000] {processor.py:753} INFO - DAG(s) dict_keys(['example_xcom']) retrieved from /home/airflow/.local/lib/python3.7/site-packages/airflow/example_dags/example_xcom.py
[2024-08-13T11:06:02.189+0000] {logging_mixin.py:137} INFO - [2024-08-13T11:06:02.188+0000] {dag.py:2690} INFO - Sync 1 DAGs
[2024-08-13T11:06:02.220+0000] {logging_mixin.py:137} INFO - [2024-08-13T11:06:02.219+0000] {dag.py:3441} INFO - Setting next_dagrun for example_xcom to 2021-01-01T00:00:00+00:00, run_after=2021-01-01T00:00:00+00:00
[2024-08-13T11:06:02.264+0000] {processor.py:175} INFO - Processing /home/airflow/.local/lib/python3.7/site-packages/airflow/example_dags/example_xcom.py took 0.179 seconds
[2024-08-13T11:06:32.986+0000] {processor.py:153} INFO - Started process (PID=254) to work on /home/airflow/.local/lib/python3.7/site-packages/airflow/example_dags/example_xcom.py
[2024-08-13T11:06:33.005+0000] {processor.py:743} INFO - Processing file /home/airflow/.local/lib/python3.7/site-packages/airflow/example_dags/example_xcom.py for tasks to queue
[2024-08-13T11:06:33.005+0000] {logging_mixin.py:137} INFO - [2024-08-13T11:06:33.005+0000] {dagbag.py:538} INFO - Filling up the DagBag from /home/airflow/.local/lib/python3.7/site-packages/airflow/example_dags/example_xcom.py
[2024-08-13T11:06:33.101+0000] {processor.py:753} INFO - DAG(s) dict_keys(['example_xcom']) retrieved from /home/airflow/.local/lib/python3.7/site-packages/airflow/example_dags/example_xcom.py
[2024-08-13T11:06:33.291+0000] {logging_mixin.py:137} INFO - [2024-08-13T11:06:33.290+0000] {dag.py:2690} INFO - Sync 1 DAGs
[2024-08-13T11:06:33.384+0000] {logging_mixin.py:137} INFO - [2024-08-13T11:06:33.384+0000] {dag.py:3441} INFO - Setting next_dagrun for example_xcom to 2021-01-01T00:00:00+00:00, run_after=2021-01-01T00:00:00+00:00
[2024-08-13T11:06:33.449+0000] {processor.py:175} INFO - Processing /home/airflow/.local/lib/python3.7/site-packages/airflow/example_dags/example_xcom.py took 0.467 seconds
