[2024-08-13T10:46:29.165+0000] {processor.py:153} INFO - Started process (PID=58) to work on /home/airflow/.local/lib/python3.7/site-packages/airflow/example_dags/example_bash_operator.py
[2024-08-13T10:46:29.171+0000] {processor.py:743} INFO - Processing file /home/airflow/.local/lib/python3.7/site-packages/airflow/example_dags/example_bash_operator.py for tasks to queue
[2024-08-13T10:46:29.172+0000] {logging_mixin.py:137} INFO - [2024-08-13T10:46:29.172+0000] {dagbag.py:538} INFO - Filling up the DagBag from /home/airflow/.local/lib/python3.7/site-packages/airflow/example_dags/example_bash_operator.py
[2024-08-13T10:46:29.233+0000] {processor.py:753} INFO - DAG(s) dict_keys(['example_bash_operator']) retrieved from /home/airflow/.local/lib/python3.7/site-packages/airflow/example_dags/example_bash_operator.py
[2024-08-13T10:46:29.682+0000] {logging_mixin.py:137} INFO - [2024-08-13T10:46:29.681+0000] {manager.py:504} INFO - Created Permission View: can delete on DAG:example_bash_operator
[2024-08-13T10:46:29.739+0000] {logging_mixin.py:137} INFO - [2024-08-13T10:46:29.739+0000] {manager.py:504} INFO - Created Permission View: can edit on DAG:example_bash_operator
[2024-08-13T10:46:29.776+0000] {logging_mixin.py:137} INFO - [2024-08-13T10:46:29.776+0000] {manager.py:504} INFO - Created Permission View: can read on DAG:example_bash_operator
[2024-08-13T10:46:29.777+0000] {logging_mixin.py:137} INFO - [2024-08-13T10:46:29.777+0000] {dag.py:2690} INFO - Sync 1 DAGs
[2024-08-13T10:46:29.824+0000] {logging_mixin.py:137} INFO - [2024-08-13T10:46:29.824+0000] {dag.py:2711} INFO - Creating ORM DAG for example_bash_operator
[2024-08-13T10:46:29.916+0000] {logging_mixin.py:137} INFO - [2024-08-13T10:46:29.916+0000] {dag.py:3441} INFO - Setting next_dagrun for example_bash_operator to 2024-08-12T00:00:00+00:00, run_after=2024-08-13T00:00:00+00:00
[2024-08-13T10:46:30.020+0000] {processor.py:175} INFO - Processing /home/airflow/.local/lib/python3.7/site-packages/airflow/example_dags/example_bash_operator.py took 0.871 seconds
[2024-08-13T10:47:00.221+0000] {processor.py:153} INFO - Started process (PID=117) to work on /home/airflow/.local/lib/python3.7/site-packages/airflow/example_dags/example_bash_operator.py
[2024-08-13T10:47:00.222+0000] {processor.py:743} INFO - Processing file /home/airflow/.local/lib/python3.7/site-packages/airflow/example_dags/example_bash_operator.py for tasks to queue
[2024-08-13T10:47:00.222+0000] {logging_mixin.py:137} INFO - [2024-08-13T10:47:00.222+0000] {dagbag.py:538} INFO - Filling up the DagBag from /home/airflow/.local/lib/python3.7/site-packages/airflow/example_dags/example_bash_operator.py
[2024-08-13T10:47:00.273+0000] {processor.py:753} INFO - DAG(s) dict_keys(['example_bash_operator']) retrieved from /home/airflow/.local/lib/python3.7/site-packages/airflow/example_dags/example_bash_operator.py
[2024-08-13T10:47:00.347+0000] {logging_mixin.py:137} INFO - [2024-08-13T10:47:00.347+0000] {dag.py:2690} INFO - Sync 1 DAGs
[2024-08-13T10:47:00.394+0000] {logging_mixin.py:137} INFO - [2024-08-13T10:47:00.394+0000] {dag.py:3441} INFO - Setting next_dagrun for example_bash_operator to 2024-08-12T00:00:00+00:00, run_after=2024-08-13T00:00:00+00:00
[2024-08-13T10:47:00.422+0000] {processor.py:175} INFO - Processing /home/airflow/.local/lib/python3.7/site-packages/airflow/example_dags/example_bash_operator.py took 0.205 seconds
[2024-08-13T10:47:30.950+0000] {processor.py:153} INFO - Started process (PID=181) to work on /home/airflow/.local/lib/python3.7/site-packages/airflow/example_dags/example_bash_operator.py
[2024-08-13T10:47:30.958+0000] {processor.py:743} INFO - Processing file /home/airflow/.local/lib/python3.7/site-packages/airflow/example_dags/example_bash_operator.py for tasks to queue
[2024-08-13T10:47:30.959+0000] {logging_mixin.py:137} INFO - [2024-08-13T10:47:30.958+0000] {dagbag.py:538} INFO - Filling up the DagBag from /home/airflow/.local/lib/python3.7/site-packages/airflow/example_dags/example_bash_operator.py
[2024-08-13T10:47:31.052+0000] {processor.py:753} INFO - DAG(s) dict_keys(['example_bash_operator']) retrieved from /home/airflow/.local/lib/python3.7/site-packages/airflow/example_dags/example_bash_operator.py
[2024-08-13T10:47:31.086+0000] {logging_mixin.py:137} INFO - [2024-08-13T10:47:31.086+0000] {dag.py:2690} INFO - Sync 1 DAGs
[2024-08-13T10:47:31.232+0000] {logging_mixin.py:137} INFO - [2024-08-13T10:47:31.231+0000] {dag.py:3441} INFO - Setting next_dagrun for example_bash_operator to 2024-08-12T00:00:00+00:00, run_after=2024-08-13T00:00:00+00:00
[2024-08-13T10:47:31.405+0000] {processor.py:175} INFO - Processing /home/airflow/.local/lib/python3.7/site-packages/airflow/example_dags/example_bash_operator.py took 0.459 seconds
[2024-08-13T10:48:02.050+0000] {processor.py:153} INFO - Started process (PID=242) to work on /home/airflow/.local/lib/python3.7/site-packages/airflow/example_dags/example_bash_operator.py
[2024-08-13T10:48:02.058+0000] {processor.py:743} INFO - Processing file /home/airflow/.local/lib/python3.7/site-packages/airflow/example_dags/example_bash_operator.py for tasks to queue
[2024-08-13T10:48:02.058+0000] {logging_mixin.py:137} INFO - [2024-08-13T10:48:02.058+0000] {dagbag.py:538} INFO - Filling up the DagBag from /home/airflow/.local/lib/python3.7/site-packages/airflow/example_dags/example_bash_operator.py
[2024-08-13T10:48:02.136+0000] {processor.py:753} INFO - DAG(s) dict_keys(['example_bash_operator']) retrieved from /home/airflow/.local/lib/python3.7/site-packages/airflow/example_dags/example_bash_operator.py
[2024-08-13T10:48:02.219+0000] {logging_mixin.py:137} INFO - [2024-08-13T10:48:02.219+0000] {dag.py:2690} INFO - Sync 1 DAGs
[2024-08-13T10:48:02.288+0000] {logging_mixin.py:137} INFO - [2024-08-13T10:48:02.288+0000] {dag.py:3441} INFO - Setting next_dagrun for example_bash_operator to 2024-08-12T00:00:00+00:00, run_after=2024-08-13T00:00:00+00:00
[2024-08-13T10:48:02.331+0000] {processor.py:175} INFO - Processing /home/airflow/.local/lib/python3.7/site-packages/airflow/example_dags/example_bash_operator.py took 0.286 seconds
[2024-08-13T10:48:33.016+0000] {processor.py:153} INFO - Started process (PID=300) to work on /home/airflow/.local/lib/python3.7/site-packages/airflow/example_dags/example_bash_operator.py
[2024-08-13T10:48:33.017+0000] {processor.py:743} INFO - Processing file /home/airflow/.local/lib/python3.7/site-packages/airflow/example_dags/example_bash_operator.py for tasks to queue
[2024-08-13T10:48:33.017+0000] {logging_mixin.py:137} INFO - [2024-08-13T10:48:33.017+0000] {dagbag.py:538} INFO - Filling up the DagBag from /home/airflow/.local/lib/python3.7/site-packages/airflow/example_dags/example_bash_operator.py
[2024-08-13T10:48:33.112+0000] {processor.py:753} INFO - DAG(s) dict_keys(['example_bash_operator']) retrieved from /home/airflow/.local/lib/python3.7/site-packages/airflow/example_dags/example_bash_operator.py
[2024-08-13T10:48:33.223+0000] {logging_mixin.py:137} INFO - [2024-08-13T10:48:33.222+0000] {dag.py:2690} INFO - Sync 1 DAGs
[2024-08-13T10:48:33.296+0000] {logging_mixin.py:137} INFO - [2024-08-13T10:48:33.296+0000] {dag.py:3441} INFO - Setting next_dagrun for example_bash_operator to 2024-08-12T00:00:00+00:00, run_after=2024-08-13T00:00:00+00:00
[2024-08-13T10:48:33.343+0000] {processor.py:175} INFO - Processing /home/airflow/.local/lib/python3.7/site-packages/airflow/example_dags/example_bash_operator.py took 0.347 seconds
[2024-08-13T10:49:03.707+0000] {processor.py:153} INFO - Started process (PID=358) to work on /home/airflow/.local/lib/python3.7/site-packages/airflow/example_dags/example_bash_operator.py
[2024-08-13T10:49:03.709+0000] {processor.py:743} INFO - Processing file /home/airflow/.local/lib/python3.7/site-packages/airflow/example_dags/example_bash_operator.py for tasks to queue
[2024-08-13T10:49:03.737+0000] {logging_mixin.py:137} INFO - [2024-08-13T10:49:03.737+0000] {dagbag.py:538} INFO - Filling up the DagBag from /home/airflow/.local/lib/python3.7/site-packages/airflow/example_dags/example_bash_operator.py
[2024-08-13T10:49:03.876+0000] {processor.py:753} INFO - DAG(s) dict_keys(['example_bash_operator']) retrieved from /home/airflow/.local/lib/python3.7/site-packages/airflow/example_dags/example_bash_operator.py
[2024-08-13T10:49:03.958+0000] {logging_mixin.py:137} INFO - [2024-08-13T10:49:03.958+0000] {dag.py:2690} INFO - Sync 1 DAGs
[2024-08-13T10:49:04.119+0000] {logging_mixin.py:137} INFO - [2024-08-13T10:49:04.119+0000] {dag.py:3441} INFO - Setting next_dagrun for example_bash_operator to 2024-08-12T00:00:00+00:00, run_after=2024-08-13T00:00:00+00:00
[2024-08-13T10:49:04.198+0000] {processor.py:175} INFO - Processing /home/airflow/.local/lib/python3.7/site-packages/airflow/example_dags/example_bash_operator.py took 0.528 seconds
[2024-08-13T10:49:34.560+0000] {processor.py:153} INFO - Started process (PID=406) to work on /home/airflow/.local/lib/python3.7/site-packages/airflow/example_dags/example_bash_operator.py
[2024-08-13T10:49:34.569+0000] {processor.py:743} INFO - Processing file /home/airflow/.local/lib/python3.7/site-packages/airflow/example_dags/example_bash_operator.py for tasks to queue
[2024-08-13T10:49:34.570+0000] {logging_mixin.py:137} INFO - [2024-08-13T10:49:34.570+0000] {dagbag.py:538} INFO - Filling up the DagBag from /home/airflow/.local/lib/python3.7/site-packages/airflow/example_dags/example_bash_operator.py
[2024-08-13T10:49:34.676+0000] {processor.py:753} INFO - DAG(s) dict_keys(['example_bash_operator']) retrieved from /home/airflow/.local/lib/python3.7/site-packages/airflow/example_dags/example_bash_operator.py
[2024-08-13T10:49:34.723+0000] {logging_mixin.py:137} INFO - [2024-08-13T10:49:34.723+0000] {dag.py:2690} INFO - Sync 1 DAGs
[2024-08-13T10:49:34.885+0000] {logging_mixin.py:137} INFO - [2024-08-13T10:49:34.885+0000] {dag.py:3441} INFO - Setting next_dagrun for example_bash_operator to 2024-08-12T00:00:00+00:00, run_after=2024-08-13T00:00:00+00:00
[2024-08-13T10:49:34.966+0000] {processor.py:175} INFO - Processing /home/airflow/.local/lib/python3.7/site-packages/airflow/example_dags/example_bash_operator.py took 0.412 seconds
[2024-08-13T10:50:05.449+0000] {processor.py:153} INFO - Started process (PID=464) to work on /home/airflow/.local/lib/python3.7/site-packages/airflow/example_dags/example_bash_operator.py
[2024-08-13T10:50:05.450+0000] {processor.py:743} INFO - Processing file /home/airflow/.local/lib/python3.7/site-packages/airflow/example_dags/example_bash_operator.py for tasks to queue
[2024-08-13T10:50:05.452+0000] {logging_mixin.py:137} INFO - [2024-08-13T10:50:05.451+0000] {dagbag.py:538} INFO - Filling up the DagBag from /home/airflow/.local/lib/python3.7/site-packages/airflow/example_dags/example_bash_operator.py
[2024-08-13T10:50:05.478+0000] {processor.py:753} INFO - DAG(s) dict_keys(['example_bash_operator']) retrieved from /home/airflow/.local/lib/python3.7/site-packages/airflow/example_dags/example_bash_operator.py
[2024-08-13T10:50:05.528+0000] {logging_mixin.py:137} INFO - [2024-08-13T10:50:05.528+0000] {dag.py:2690} INFO - Sync 1 DAGs
[2024-08-13T10:50:05.565+0000] {logging_mixin.py:137} INFO - [2024-08-13T10:50:05.565+0000] {dag.py:3441} INFO - Setting next_dagrun for example_bash_operator to 2024-08-12T00:00:00+00:00, run_after=2024-08-13T00:00:00+00:00
[2024-08-13T10:50:05.593+0000] {processor.py:175} INFO - Processing /home/airflow/.local/lib/python3.7/site-packages/airflow/example_dags/example_bash_operator.py took 0.147 seconds
[2024-08-13T11:04:56.002+0000] {processor.py:153} INFO - Started process (PID=49) to work on /home/airflow/.local/lib/python3.7/site-packages/airflow/example_dags/example_bash_operator.py
[2024-08-13T11:04:56.011+0000] {processor.py:743} INFO - Processing file /home/airflow/.local/lib/python3.7/site-packages/airflow/example_dags/example_bash_operator.py for tasks to queue
[2024-08-13T11:04:56.012+0000] {logging_mixin.py:137} INFO - [2024-08-13T11:04:56.012+0000] {dagbag.py:538} INFO - Filling up the DagBag from /home/airflow/.local/lib/python3.7/site-packages/airflow/example_dags/example_bash_operator.py
[2024-08-13T11:04:56.062+0000] {processor.py:753} INFO - DAG(s) dict_keys(['example_bash_operator']) retrieved from /home/airflow/.local/lib/python3.7/site-packages/airflow/example_dags/example_bash_operator.py
[2024-08-13T11:04:56.147+0000] {logging_mixin.py:137} INFO - [2024-08-13T11:04:56.147+0000] {dag.py:2690} INFO - Sync 1 DAGs
[2024-08-13T11:04:56.209+0000] {logging_mixin.py:137} INFO - [2024-08-13T11:04:56.209+0000] {dag.py:3441} INFO - Setting next_dagrun for example_bash_operator to 2024-08-12T00:00:00+00:00, run_after=2024-08-13T00:00:00+00:00
[2024-08-13T11:04:56.293+0000] {processor.py:175} INFO - Processing /home/airflow/.local/lib/python3.7/site-packages/airflow/example_dags/example_bash_operator.py took 0.295 seconds
[2024-08-13T11:05:27.104+0000] {processor.py:153} INFO - Started process (PID=107) to work on /home/airflow/.local/lib/python3.7/site-packages/airflow/example_dags/example_bash_operator.py
[2024-08-13T11:05:27.105+0000] {processor.py:743} INFO - Processing file /home/airflow/.local/lib/python3.7/site-packages/airflow/example_dags/example_bash_operator.py for tasks to queue
[2024-08-13T11:05:27.106+0000] {logging_mixin.py:137} INFO - [2024-08-13T11:05:27.106+0000] {dagbag.py:538} INFO - Filling up the DagBag from /home/airflow/.local/lib/python3.7/site-packages/airflow/example_dags/example_bash_operator.py
[2024-08-13T11:05:27.138+0000] {processor.py:753} INFO - DAG(s) dict_keys(['example_bash_operator']) retrieved from /home/airflow/.local/lib/python3.7/site-packages/airflow/example_dags/example_bash_operator.py
[2024-08-13T11:05:27.203+0000] {logging_mixin.py:137} INFO - [2024-08-13T11:05:27.203+0000] {dag.py:2690} INFO - Sync 1 DAGs
[2024-08-13T11:05:27.237+0000] {logging_mixin.py:137} INFO - [2024-08-13T11:05:27.236+0000] {dag.py:3441} INFO - Setting next_dagrun for example_bash_operator to 2024-08-12T00:00:00+00:00, run_after=2024-08-13T00:00:00+00:00
[2024-08-13T11:05:27.262+0000] {processor.py:175} INFO - Processing /home/airflow/.local/lib/python3.7/site-packages/airflow/example_dags/example_bash_operator.py took 0.161 seconds
[2024-08-13T11:05:58.104+0000] {processor.py:153} INFO - Started process (PID=166) to work on /home/airflow/.local/lib/python3.7/site-packages/airflow/example_dags/example_bash_operator.py
[2024-08-13T11:05:58.105+0000] {processor.py:743} INFO - Processing file /home/airflow/.local/lib/python3.7/site-packages/airflow/example_dags/example_bash_operator.py for tasks to queue
[2024-08-13T11:05:58.105+0000] {logging_mixin.py:137} INFO - [2024-08-13T11:05:58.105+0000] {dagbag.py:538} INFO - Filling up the DagBag from /home/airflow/.local/lib/python3.7/site-packages/airflow/example_dags/example_bash_operator.py
[2024-08-13T11:05:58.132+0000] {processor.py:753} INFO - DAG(s) dict_keys(['example_bash_operator']) retrieved from /home/airflow/.local/lib/python3.7/site-packages/airflow/example_dags/example_bash_operator.py
[2024-08-13T11:05:58.192+0000] {logging_mixin.py:137} INFO - [2024-08-13T11:05:58.192+0000] {dag.py:2690} INFO - Sync 1 DAGs
[2024-08-13T11:05:58.226+0000] {logging_mixin.py:137} INFO - [2024-08-13T11:05:58.226+0000] {dag.py:3441} INFO - Setting next_dagrun for example_bash_operator to 2024-08-12T00:00:00+00:00, run_after=2024-08-13T00:00:00+00:00
[2024-08-13T11:05:58.251+0000] {processor.py:175} INFO - Processing /home/airflow/.local/lib/python3.7/site-packages/airflow/example_dags/example_bash_operator.py took 0.150 seconds
[2024-08-13T11:06:28.406+0000] {processor.py:153} INFO - Started process (PID=225) to work on /home/airflow/.local/lib/python3.7/site-packages/airflow/example_dags/example_bash_operator.py
[2024-08-13T11:06:28.408+0000] {processor.py:743} INFO - Processing file /home/airflow/.local/lib/python3.7/site-packages/airflow/example_dags/example_bash_operator.py for tasks to queue
[2024-08-13T11:06:28.409+0000] {logging_mixin.py:137} INFO - [2024-08-13T11:06:28.409+0000] {dagbag.py:538} INFO - Filling up the DagBag from /home/airflow/.local/lib/python3.7/site-packages/airflow/example_dags/example_bash_operator.py
[2024-08-13T11:06:28.434+0000] {processor.py:753} INFO - DAG(s) dict_keys(['example_bash_operator']) retrieved from /home/airflow/.local/lib/python3.7/site-packages/airflow/example_dags/example_bash_operator.py
[2024-08-13T11:06:28.484+0000] {logging_mixin.py:137} INFO - [2024-08-13T11:06:28.484+0000] {dag.py:2690} INFO - Sync 1 DAGs
[2024-08-13T11:06:28.518+0000] {logging_mixin.py:137} INFO - [2024-08-13T11:06:28.518+0000] {dag.py:3441} INFO - Setting next_dagrun for example_bash_operator to 2024-08-12T00:00:00+00:00, run_after=2024-08-13T00:00:00+00:00
[2024-08-13T11:06:28.541+0000] {processor.py:175} INFO - Processing /home/airflow/.local/lib/python3.7/site-packages/airflow/example_dags/example_bash_operator.py took 0.139 seconds
