[2024-08-13T10:46:39.086+0000] {processor.py:153} INFO - Started process (PID=79) to work on /home/airflow/.local/lib/python3.7/site-packages/airflow/example_dags/example_external_task_marker_dag.py
[2024-08-13T10:46:39.095+0000] {processor.py:743} INFO - Processing file /home/airflow/.local/lib/python3.7/site-packages/airflow/example_dags/example_external_task_marker_dag.py for tasks to queue
[2024-08-13T10:46:39.096+0000] {logging_mixin.py:137} INFO - [2024-08-13T10:46:39.096+0000] {dagbag.py:538} INFO - Filling up the DagBag from /home/airflow/.local/lib/python3.7/site-packages/airflow/example_dags/example_external_task_marker_dag.py
[2024-08-13T10:46:39.158+0000] {processor.py:753} INFO - DAG(s) dict_keys(['example_external_task_marker_child', 'example_external_task_marker_parent']) retrieved from /home/airflow/.local/lib/python3.7/site-packages/airflow/example_dags/example_external_task_marker_dag.py
[2024-08-13T10:46:39.574+0000] {logging_mixin.py:137} INFO - [2024-08-13T10:46:39.574+0000] {manager.py:504} INFO - Created Permission View: can delete on DAG:example_external_task_marker_child
[2024-08-13T10:46:39.604+0000] {logging_mixin.py:137} INFO - [2024-08-13T10:46:39.603+0000] {manager.py:504} INFO - Created Permission View: can edit on DAG:example_external_task_marker_child
[2024-08-13T10:46:39.620+0000] {logging_mixin.py:137} INFO - [2024-08-13T10:46:39.620+0000] {manager.py:504} INFO - Created Permission View: can read on DAG:example_external_task_marker_child
[2024-08-13T10:46:39.694+0000] {logging_mixin.py:137} INFO - [2024-08-13T10:46:39.693+0000] {manager.py:504} INFO - Created Permission View: can delete on DAG:example_external_task_marker_parent
[2024-08-13T10:46:39.710+0000] {logging_mixin.py:137} INFO - [2024-08-13T10:46:39.710+0000] {manager.py:504} INFO - Created Permission View: can edit on DAG:example_external_task_marker_parent
[2024-08-13T10:46:39.725+0000] {logging_mixin.py:137} INFO - [2024-08-13T10:46:39.725+0000] {manager.py:504} INFO - Created Permission View: can read on DAG:example_external_task_marker_parent
[2024-08-13T10:46:39.726+0000] {logging_mixin.py:137} INFO - [2024-08-13T10:46:39.726+0000] {dag.py:2690} INFO - Sync 2 DAGs
[2024-08-13T10:46:39.769+0000] {logging_mixin.py:137} INFO - [2024-08-13T10:46:39.768+0000] {dag.py:2711} INFO - Creating ORM DAG for example_external_task_marker_child
[2024-08-13T10:46:39.769+0000] {logging_mixin.py:137} INFO - [2024-08-13T10:46:39.769+0000] {dag.py:2711} INFO - Creating ORM DAG for example_external_task_marker_parent
[2024-08-13T10:46:39.794+0000] {logging_mixin.py:137} INFO - [2024-08-13T10:46:39.794+0000] {dag.py:3441} INFO - Setting next_dagrun for example_external_task_marker_child to None, run_after=None
[2024-08-13T10:46:39.794+0000] {logging_mixin.py:137} INFO - [2024-08-13T10:46:39.794+0000] {dag.py:3441} INFO - Setting next_dagrun for example_external_task_marker_parent to None, run_after=None
[2024-08-13T10:46:39.840+0000] {processor.py:175} INFO - Processing /home/airflow/.local/lib/python3.7/site-packages/airflow/example_dags/example_external_task_marker_dag.py took 0.764 seconds
[2024-08-13T10:47:10.537+0000] {processor.py:153} INFO - Started process (PID=138) to work on /home/airflow/.local/lib/python3.7/site-packages/airflow/example_dags/example_external_task_marker_dag.py
[2024-08-13T10:47:10.538+0000] {processor.py:743} INFO - Processing file /home/airflow/.local/lib/python3.7/site-packages/airflow/example_dags/example_external_task_marker_dag.py for tasks to queue
[2024-08-13T10:47:10.538+0000] {logging_mixin.py:137} INFO - [2024-08-13T10:47:10.538+0000] {dagbag.py:538} INFO - Filling up the DagBag from /home/airflow/.local/lib/python3.7/site-packages/airflow/example_dags/example_external_task_marker_dag.py
[2024-08-13T10:47:10.575+0000] {processor.py:753} INFO - DAG(s) dict_keys(['example_external_task_marker_parent', 'example_external_task_marker_child']) retrieved from /home/airflow/.local/lib/python3.7/site-packages/airflow/example_dags/example_external_task_marker_dag.py
[2024-08-13T10:47:10.611+0000] {logging_mixin.py:137} INFO - [2024-08-13T10:47:10.611+0000] {dag.py:2690} INFO - Sync 2 DAGs
[2024-08-13T10:47:10.646+0000] {logging_mixin.py:137} INFO - [2024-08-13T10:47:10.646+0000] {dag.py:3441} INFO - Setting next_dagrun for example_external_task_marker_child to None, run_after=None
[2024-08-13T10:47:10.651+0000] {logging_mixin.py:137} INFO - [2024-08-13T10:47:10.651+0000] {dag.py:3441} INFO - Setting next_dagrun for example_external_task_marker_parent to None, run_after=None
[2024-08-13T10:47:10.675+0000] {processor.py:175} INFO - Processing /home/airflow/.local/lib/python3.7/site-packages/airflow/example_dags/example_external_task_marker_dag.py took 0.141 seconds
[2024-08-13T10:47:40.907+0000] {processor.py:153} INFO - Started process (PID=196) to work on /home/airflow/.local/lib/python3.7/site-packages/airflow/example_dags/example_external_task_marker_dag.py
[2024-08-13T10:47:40.921+0000] {processor.py:743} INFO - Processing file /home/airflow/.local/lib/python3.7/site-packages/airflow/example_dags/example_external_task_marker_dag.py for tasks to queue
[2024-08-13T10:47:40.923+0000] {logging_mixin.py:137} INFO - [2024-08-13T10:47:40.923+0000] {dagbag.py:538} INFO - Filling up the DagBag from /home/airflow/.local/lib/python3.7/site-packages/airflow/example_dags/example_external_task_marker_dag.py
[2024-08-13T10:47:40.952+0000] {processor.py:753} INFO - DAG(s) dict_keys(['example_external_task_marker_parent', 'example_external_task_marker_child']) retrieved from /home/airflow/.local/lib/python3.7/site-packages/airflow/example_dags/example_external_task_marker_dag.py
[2024-08-13T10:47:41.031+0000] {logging_mixin.py:137} INFO - [2024-08-13T10:47:41.031+0000] {dag.py:2690} INFO - Sync 2 DAGs
[2024-08-13T10:47:41.132+0000] {logging_mixin.py:137} INFO - [2024-08-13T10:47:41.132+0000] {dag.py:3441} INFO - Setting next_dagrun for example_external_task_marker_child to None, run_after=None
[2024-08-13T10:47:41.138+0000] {logging_mixin.py:137} INFO - [2024-08-13T10:47:41.138+0000] {dag.py:3441} INFO - Setting next_dagrun for example_external_task_marker_parent to None, run_after=None
[2024-08-13T10:47:41.176+0000] {processor.py:175} INFO - Processing /home/airflow/.local/lib/python3.7/site-packages/airflow/example_dags/example_external_task_marker_dag.py took 0.272 seconds
[2024-08-13T10:48:11.720+0000] {processor.py:153} INFO - Started process (PID=255) to work on /home/airflow/.local/lib/python3.7/site-packages/airflow/example_dags/example_external_task_marker_dag.py
[2024-08-13T10:48:11.722+0000] {processor.py:743} INFO - Processing file /home/airflow/.local/lib/python3.7/site-packages/airflow/example_dags/example_external_task_marker_dag.py for tasks to queue
[2024-08-13T10:48:11.723+0000] {logging_mixin.py:137} INFO - [2024-08-13T10:48:11.723+0000] {dagbag.py:538} INFO - Filling up the DagBag from /home/airflow/.local/lib/python3.7/site-packages/airflow/example_dags/example_external_task_marker_dag.py
[2024-08-13T10:48:11.780+0000] {processor.py:753} INFO - DAG(s) dict_keys(['example_external_task_marker_parent', 'example_external_task_marker_child']) retrieved from /home/airflow/.local/lib/python3.7/site-packages/airflow/example_dags/example_external_task_marker_dag.py
[2024-08-13T10:48:12.004+0000] {logging_mixin.py:137} INFO - [2024-08-13T10:48:12.004+0000] {dag.py:2690} INFO - Sync 2 DAGs
[2024-08-13T10:48:12.099+0000] {logging_mixin.py:137} INFO - [2024-08-13T10:48:12.099+0000] {dag.py:3441} INFO - Setting next_dagrun for example_external_task_marker_child to None, run_after=None
[2024-08-13T10:48:12.103+0000] {logging_mixin.py:137} INFO - [2024-08-13T10:48:12.103+0000] {dag.py:3441} INFO - Setting next_dagrun for example_external_task_marker_parent to None, run_after=None
[2024-08-13T10:48:12.157+0000] {processor.py:175} INFO - Processing /home/airflow/.local/lib/python3.7/site-packages/airflow/example_dags/example_external_task_marker_dag.py took 0.448 seconds
[2024-08-13T10:48:42.338+0000] {processor.py:153} INFO - Started process (PID=312) to work on /home/airflow/.local/lib/python3.7/site-packages/airflow/example_dags/example_external_task_marker_dag.py
[2024-08-13T10:48:42.346+0000] {processor.py:743} INFO - Processing file /home/airflow/.local/lib/python3.7/site-packages/airflow/example_dags/example_external_task_marker_dag.py for tasks to queue
[2024-08-13T10:48:42.346+0000] {logging_mixin.py:137} INFO - [2024-08-13T10:48:42.346+0000] {dagbag.py:538} INFO - Filling up the DagBag from /home/airflow/.local/lib/python3.7/site-packages/airflow/example_dags/example_external_task_marker_dag.py
[2024-08-13T10:48:42.376+0000] {processor.py:753} INFO - DAG(s) dict_keys(['example_external_task_marker_child', 'example_external_task_marker_parent']) retrieved from /home/airflow/.local/lib/python3.7/site-packages/airflow/example_dags/example_external_task_marker_dag.py
[2024-08-13T10:48:42.416+0000] {logging_mixin.py:137} INFO - [2024-08-13T10:48:42.415+0000] {dag.py:2690} INFO - Sync 2 DAGs
[2024-08-13T10:48:42.487+0000] {logging_mixin.py:137} INFO - [2024-08-13T10:48:42.487+0000] {dag.py:3441} INFO - Setting next_dagrun for example_external_task_marker_child to None, run_after=None
[2024-08-13T10:48:42.502+0000] {logging_mixin.py:137} INFO - [2024-08-13T10:48:42.501+0000] {dag.py:3441} INFO - Setting next_dagrun for example_external_task_marker_parent to None, run_after=None
[2024-08-13T10:48:42.572+0000] {processor.py:175} INFO - Processing /home/airflow/.local/lib/python3.7/site-packages/airflow/example_dags/example_external_task_marker_dag.py took 0.249 seconds
[2024-08-13T10:49:13.414+0000] {processor.py:153} INFO - Started process (PID=370) to work on /home/airflow/.local/lib/python3.7/site-packages/airflow/example_dags/example_external_task_marker_dag.py
[2024-08-13T10:49:13.415+0000] {processor.py:743} INFO - Processing file /home/airflow/.local/lib/python3.7/site-packages/airflow/example_dags/example_external_task_marker_dag.py for tasks to queue
[2024-08-13T10:49:13.416+0000] {logging_mixin.py:137} INFO - [2024-08-13T10:49:13.416+0000] {dagbag.py:538} INFO - Filling up the DagBag from /home/airflow/.local/lib/python3.7/site-packages/airflow/example_dags/example_external_task_marker_dag.py
[2024-08-13T10:49:13.521+0000] {processor.py:753} INFO - DAG(s) dict_keys(['example_external_task_marker_parent', 'example_external_task_marker_child']) retrieved from /home/airflow/.local/lib/python3.7/site-packages/airflow/example_dags/example_external_task_marker_dag.py
[2024-08-13T10:49:13.833+0000] {logging_mixin.py:137} INFO - [2024-08-13T10:49:13.833+0000] {dag.py:2690} INFO - Sync 2 DAGs
[2024-08-13T10:49:13.908+0000] {logging_mixin.py:137} INFO - [2024-08-13T10:49:13.907+0000] {dag.py:3441} INFO - Setting next_dagrun for example_external_task_marker_child to None, run_after=None
[2024-08-13T10:49:13.912+0000] {logging_mixin.py:137} INFO - [2024-08-13T10:49:13.912+0000] {dag.py:3441} INFO - Setting next_dagrun for example_external_task_marker_parent to None, run_after=None
[2024-08-13T10:49:13.986+0000] {processor.py:175} INFO - Processing /home/airflow/.local/lib/python3.7/site-packages/airflow/example_dags/example_external_task_marker_dag.py took 0.593 seconds
[2024-08-13T10:49:44.399+0000] {processor.py:153} INFO - Started process (PID=428) to work on /home/airflow/.local/lib/python3.7/site-packages/airflow/example_dags/example_external_task_marker_dag.py
[2024-08-13T10:49:44.402+0000] {processor.py:743} INFO - Processing file /home/airflow/.local/lib/python3.7/site-packages/airflow/example_dags/example_external_task_marker_dag.py for tasks to queue
[2024-08-13T10:49:44.406+0000] {logging_mixin.py:137} INFO - [2024-08-13T10:49:44.406+0000] {dagbag.py:538} INFO - Filling up the DagBag from /home/airflow/.local/lib/python3.7/site-packages/airflow/example_dags/example_external_task_marker_dag.py
[2024-08-13T10:49:44.483+0000] {processor.py:753} INFO - DAG(s) dict_keys(['example_external_task_marker_child', 'example_external_task_marker_parent']) retrieved from /home/airflow/.local/lib/python3.7/site-packages/airflow/example_dags/example_external_task_marker_dag.py
[2024-08-13T10:49:44.516+0000] {logging_mixin.py:137} INFO - [2024-08-13T10:49:44.516+0000] {dag.py:2690} INFO - Sync 2 DAGs
[2024-08-13T10:49:44.626+0000] {logging_mixin.py:137} INFO - [2024-08-13T10:49:44.625+0000] {dag.py:3441} INFO - Setting next_dagrun for example_external_task_marker_child to None, run_after=None
[2024-08-13T10:49:44.639+0000] {logging_mixin.py:137} INFO - [2024-08-13T10:49:44.639+0000] {dag.py:3441} INFO - Setting next_dagrun for example_external_task_marker_parent to None, run_after=None
[2024-08-13T10:49:44.701+0000] {processor.py:175} INFO - Processing /home/airflow/.local/lib/python3.7/site-packages/airflow/example_dags/example_external_task_marker_dag.py took 0.306 seconds
[2024-08-13T10:50:14.861+0000] {processor.py:153} INFO - Started process (PID=486) to work on /home/airflow/.local/lib/python3.7/site-packages/airflow/example_dags/example_external_task_marker_dag.py
[2024-08-13T10:50:14.866+0000] {processor.py:743} INFO - Processing file /home/airflow/.local/lib/python3.7/site-packages/airflow/example_dags/example_external_task_marker_dag.py for tasks to queue
[2024-08-13T10:50:14.866+0000] {logging_mixin.py:137} INFO - [2024-08-13T10:50:14.866+0000] {dagbag.py:538} INFO - Filling up the DagBag from /home/airflow/.local/lib/python3.7/site-packages/airflow/example_dags/example_external_task_marker_dag.py
[2024-08-13T10:50:14.896+0000] {processor.py:753} INFO - DAG(s) dict_keys(['example_external_task_marker_parent', 'example_external_task_marker_child']) retrieved from /home/airflow/.local/lib/python3.7/site-packages/airflow/example_dags/example_external_task_marker_dag.py
[2024-08-13T10:50:14.970+0000] {logging_mixin.py:137} INFO - [2024-08-13T10:50:14.970+0000] {dag.py:2690} INFO - Sync 2 DAGs
[2024-08-13T10:50:15.015+0000] {logging_mixin.py:137} INFO - [2024-08-13T10:50:15.015+0000] {dag.py:3441} INFO - Setting next_dagrun for example_external_task_marker_child to None, run_after=None
[2024-08-13T10:50:15.020+0000] {logging_mixin.py:137} INFO - [2024-08-13T10:50:15.020+0000] {dag.py:3441} INFO - Setting next_dagrun for example_external_task_marker_parent to None, run_after=None
[2024-08-13T10:50:15.113+0000] {processor.py:175} INFO - Processing /home/airflow/.local/lib/python3.7/site-packages/airflow/example_dags/example_external_task_marker_dag.py took 0.257 seconds
[2024-08-13T11:04:58.063+0000] {processor.py:153} INFO - Started process (PID=61) to work on /home/airflow/.local/lib/python3.7/site-packages/airflow/example_dags/example_external_task_marker_dag.py
[2024-08-13T11:04:58.064+0000] {processor.py:743} INFO - Processing file /home/airflow/.local/lib/python3.7/site-packages/airflow/example_dags/example_external_task_marker_dag.py for tasks to queue
[2024-08-13T11:04:58.064+0000] {logging_mixin.py:137} INFO - [2024-08-13T11:04:58.064+0000] {dagbag.py:538} INFO - Filling up the DagBag from /home/airflow/.local/lib/python3.7/site-packages/airflow/example_dags/example_external_task_marker_dag.py
[2024-08-13T11:04:58.103+0000] {processor.py:753} INFO - DAG(s) dict_keys(['example_external_task_marker_parent', 'example_external_task_marker_child']) retrieved from /home/airflow/.local/lib/python3.7/site-packages/airflow/example_dags/example_external_task_marker_dag.py
[2024-08-13T11:04:58.399+0000] {logging_mixin.py:137} INFO - [2024-08-13T11:04:58.398+0000] {dag.py:2690} INFO - Sync 2 DAGs
[2024-08-13T11:04:58.600+0000] {logging_mixin.py:137} INFO - [2024-08-13T11:04:58.599+0000] {dag.py:3441} INFO - Setting next_dagrun for example_external_task_marker_child to None, run_after=None
[2024-08-13T11:04:58.604+0000] {logging_mixin.py:137} INFO - [2024-08-13T11:04:58.604+0000] {dag.py:3441} INFO - Setting next_dagrun for example_external_task_marker_parent to None, run_after=None
[2024-08-13T11:04:58.692+0000] {processor.py:175} INFO - Processing /home/airflow/.local/lib/python3.7/site-packages/airflow/example_dags/example_external_task_marker_dag.py took 0.645 seconds
[2024-08-13T11:05:29.599+0000] {processor.py:153} INFO - Started process (PID=119) to work on /home/airflow/.local/lib/python3.7/site-packages/airflow/example_dags/example_external_task_marker_dag.py
[2024-08-13T11:05:29.610+0000] {processor.py:743} INFO - Processing file /home/airflow/.local/lib/python3.7/site-packages/airflow/example_dags/example_external_task_marker_dag.py for tasks to queue
[2024-08-13T11:05:29.611+0000] {logging_mixin.py:137} INFO - [2024-08-13T11:05:29.611+0000] {dagbag.py:538} INFO - Filling up the DagBag from /home/airflow/.local/lib/python3.7/site-packages/airflow/example_dags/example_external_task_marker_dag.py
[2024-08-13T11:05:29.653+0000] {processor.py:753} INFO - DAG(s) dict_keys(['example_external_task_marker_child', 'example_external_task_marker_parent']) retrieved from /home/airflow/.local/lib/python3.7/site-packages/airflow/example_dags/example_external_task_marker_dag.py
[2024-08-13T11:05:29.694+0000] {logging_mixin.py:137} INFO - [2024-08-13T11:05:29.694+0000] {dag.py:2690} INFO - Sync 2 DAGs
[2024-08-13T11:05:29.747+0000] {logging_mixin.py:137} INFO - [2024-08-13T11:05:29.747+0000] {dag.py:3441} INFO - Setting next_dagrun for example_external_task_marker_child to None, run_after=None
[2024-08-13T11:05:29.755+0000] {logging_mixin.py:137} INFO - [2024-08-13T11:05:29.755+0000] {dag.py:3441} INFO - Setting next_dagrun for example_external_task_marker_parent to None, run_after=None
[2024-08-13T11:05:29.778+0000] {processor.py:175} INFO - Processing /home/airflow/.local/lib/python3.7/site-packages/airflow/example_dags/example_external_task_marker_dag.py took 0.182 seconds
[2024-08-13T11:06:00.104+0000] {processor.py:153} INFO - Started process (PID=178) to work on /home/airflow/.local/lib/python3.7/site-packages/airflow/example_dags/example_external_task_marker_dag.py
[2024-08-13T11:06:00.105+0000] {processor.py:743} INFO - Processing file /home/airflow/.local/lib/python3.7/site-packages/airflow/example_dags/example_external_task_marker_dag.py for tasks to queue
[2024-08-13T11:06:00.106+0000] {logging_mixin.py:137} INFO - [2024-08-13T11:06:00.106+0000] {dagbag.py:538} INFO - Filling up the DagBag from /home/airflow/.local/lib/python3.7/site-packages/airflow/example_dags/example_external_task_marker_dag.py
[2024-08-13T11:06:00.124+0000] {processor.py:753} INFO - DAG(s) dict_keys(['example_external_task_marker_child', 'example_external_task_marker_parent']) retrieved from /home/airflow/.local/lib/python3.7/site-packages/airflow/example_dags/example_external_task_marker_dag.py
[2024-08-13T11:06:00.192+0000] {logging_mixin.py:137} INFO - [2024-08-13T11:06:00.192+0000] {dag.py:2690} INFO - Sync 2 DAGs
[2024-08-13T11:06:00.286+0000] {logging_mixin.py:137} INFO - [2024-08-13T11:06:00.285+0000] {dag.py:3441} INFO - Setting next_dagrun for example_external_task_marker_child to None, run_after=None
[2024-08-13T11:06:00.290+0000] {logging_mixin.py:137} INFO - [2024-08-13T11:06:00.290+0000] {dag.py:3441} INFO - Setting next_dagrun for example_external_task_marker_parent to None, run_after=None
[2024-08-13T11:06:00.348+0000] {processor.py:175} INFO - Processing /home/airflow/.local/lib/python3.7/site-packages/airflow/example_dags/example_external_task_marker_dag.py took 0.250 seconds
[2024-08-13T11:06:30.457+0000] {processor.py:153} INFO - Started process (PID=237) to work on /home/airflow/.local/lib/python3.7/site-packages/airflow/example_dags/example_external_task_marker_dag.py
[2024-08-13T11:06:30.458+0000] {processor.py:743} INFO - Processing file /home/airflow/.local/lib/python3.7/site-packages/airflow/example_dags/example_external_task_marker_dag.py for tasks to queue
[2024-08-13T11:06:30.458+0000] {logging_mixin.py:137} INFO - [2024-08-13T11:06:30.458+0000] {dagbag.py:538} INFO - Filling up the DagBag from /home/airflow/.local/lib/python3.7/site-packages/airflow/example_dags/example_external_task_marker_dag.py
[2024-08-13T11:06:30.469+0000] {processor.py:753} INFO - DAG(s) dict_keys(['example_external_task_marker_parent', 'example_external_task_marker_child']) retrieved from /home/airflow/.local/lib/python3.7/site-packages/airflow/example_dags/example_external_task_marker_dag.py
[2024-08-13T11:06:30.492+0000] {logging_mixin.py:137} INFO - [2024-08-13T11:06:30.491+0000] {dag.py:2690} INFO - Sync 2 DAGs
[2024-08-13T11:06:30.512+0000] {logging_mixin.py:137} INFO - [2024-08-13T11:06:30.512+0000] {dag.py:3441} INFO - Setting next_dagrun for example_external_task_marker_child to None, run_after=None
[2024-08-13T11:06:30.515+0000] {logging_mixin.py:137} INFO - [2024-08-13T11:06:30.515+0000] {dag.py:3441} INFO - Setting next_dagrun for example_external_task_marker_parent to None, run_after=None
[2024-08-13T11:06:30.534+0000] {processor.py:175} INFO - Processing /home/airflow/.local/lib/python3.7/site-packages/airflow/example_dags/example_external_task_marker_dag.py took 0.081 seconds
