[2024-08-13T10:46:42.407+0000] {processor.py:153} INFO - Started process (PID=91) to work on /home/airflow/.local/lib/python3.7/site-packages/airflow/example_dags/example_dynamic_task_mapping.py
[2024-08-13T10:46:42.410+0000] {processor.py:743} INFO - Processing file /home/airflow/.local/lib/python3.7/site-packages/airflow/example_dags/example_dynamic_task_mapping.py for tasks to queue
[2024-08-13T10:46:42.411+0000] {logging_mixin.py:137} INFO - [2024-08-13T10:46:42.410+0000] {dagbag.py:538} INFO - Filling up the DagBag from /home/airflow/.local/lib/python3.7/site-packages/airflow/example_dags/example_dynamic_task_mapping.py
[2024-08-13T10:46:42.475+0000] {processor.py:753} INFO - DAG(s) dict_keys(['example_dynamic_task_mapping']) retrieved from /home/airflow/.local/lib/python3.7/site-packages/airflow/example_dags/example_dynamic_task_mapping.py
[2024-08-13T10:46:42.640+0000] {logging_mixin.py:137} INFO - [2024-08-13T10:46:42.640+0000] {manager.py:504} INFO - Created Permission View: can delete on DAG:example_dynamic_task_mapping
[2024-08-13T10:46:42.672+0000] {logging_mixin.py:137} INFO - [2024-08-13T10:46:42.672+0000] {manager.py:504} INFO - Created Permission View: can edit on DAG:example_dynamic_task_mapping
[2024-08-13T10:46:42.693+0000] {logging_mixin.py:137} INFO - [2024-08-13T10:46:42.693+0000] {manager.py:504} INFO - Created Permission View: can read on DAG:example_dynamic_task_mapping
[2024-08-13T10:46:42.693+0000] {logging_mixin.py:137} INFO - [2024-08-13T10:46:42.693+0000] {dag.py:2690} INFO - Sync 1 DAGs
[2024-08-13T10:46:42.728+0000] {logging_mixin.py:137} INFO - [2024-08-13T10:46:42.728+0000] {dag.py:2711} INFO - Creating ORM DAG for example_dynamic_task_mapping
[2024-08-13T10:46:42.762+0000] {logging_mixin.py:137} INFO - [2024-08-13T10:46:42.761+0000] {dag.py:3441} INFO - Setting next_dagrun for example_dynamic_task_mapping to 2022-03-04T00:00:00+00:00, run_after=2022-03-05T00:00:00+00:00
[2024-08-13T10:46:42.787+0000] {processor.py:175} INFO - Processing /home/airflow/.local/lib/python3.7/site-packages/airflow/example_dags/example_dynamic_task_mapping.py took 0.389 seconds
[2024-08-13T10:47:13.493+0000] {processor.py:153} INFO - Started process (PID=149) to work on /home/airflow/.local/lib/python3.7/site-packages/airflow/example_dags/example_dynamic_task_mapping.py
[2024-08-13T10:47:13.493+0000] {processor.py:743} INFO - Processing file /home/airflow/.local/lib/python3.7/site-packages/airflow/example_dags/example_dynamic_task_mapping.py for tasks to queue
[2024-08-13T10:47:13.494+0000] {logging_mixin.py:137} INFO - [2024-08-13T10:47:13.494+0000] {dagbag.py:538} INFO - Filling up the DagBag from /home/airflow/.local/lib/python3.7/site-packages/airflow/example_dags/example_dynamic_task_mapping.py
[2024-08-13T10:47:13.517+0000] {processor.py:753} INFO - DAG(s) dict_keys(['example_dynamic_task_mapping']) retrieved from /home/airflow/.local/lib/python3.7/site-packages/airflow/example_dags/example_dynamic_task_mapping.py
[2024-08-13T10:47:13.546+0000] {logging_mixin.py:137} INFO - [2024-08-13T10:47:13.546+0000] {dag.py:2690} INFO - Sync 1 DAGs
[2024-08-13T10:47:13.602+0000] {logging_mixin.py:137} INFO - [2024-08-13T10:47:13.601+0000] {dag.py:3441} INFO - Setting next_dagrun for example_dynamic_task_mapping to 2022-03-04T00:00:00+00:00, run_after=2022-03-05T00:00:00+00:00
[2024-08-13T10:47:13.654+0000] {processor.py:175} INFO - Processing /home/airflow/.local/lib/python3.7/site-packages/airflow/example_dags/example_dynamic_task_mapping.py took 0.165 seconds
[2024-08-13T10:47:44.179+0000] {processor.py:153} INFO - Started process (PID=207) to work on /home/airflow/.local/lib/python3.7/site-packages/airflow/example_dags/example_dynamic_task_mapping.py
[2024-08-13T10:47:44.180+0000] {processor.py:743} INFO - Processing file /home/airflow/.local/lib/python3.7/site-packages/airflow/example_dags/example_dynamic_task_mapping.py for tasks to queue
[2024-08-13T10:47:44.181+0000] {logging_mixin.py:137} INFO - [2024-08-13T10:47:44.181+0000] {dagbag.py:538} INFO - Filling up the DagBag from /home/airflow/.local/lib/python3.7/site-packages/airflow/example_dags/example_dynamic_task_mapping.py
[2024-08-13T10:47:44.210+0000] {processor.py:753} INFO - DAG(s) dict_keys(['example_dynamic_task_mapping']) retrieved from /home/airflow/.local/lib/python3.7/site-packages/airflow/example_dags/example_dynamic_task_mapping.py
[2024-08-13T10:47:44.224+0000] {logging_mixin.py:137} INFO - [2024-08-13T10:47:44.224+0000] {dag.py:2690} INFO - Sync 1 DAGs
[2024-08-13T10:47:44.263+0000] {logging_mixin.py:137} INFO - [2024-08-13T10:47:44.263+0000] {dag.py:3441} INFO - Setting next_dagrun for example_dynamic_task_mapping to 2022-03-04T00:00:00+00:00, run_after=2022-03-05T00:00:00+00:00
[2024-08-13T10:47:44.293+0000] {processor.py:175} INFO - Processing /home/airflow/.local/lib/python3.7/site-packages/airflow/example_dags/example_dynamic_task_mapping.py took 0.117 seconds
[2024-08-13T10:48:15.368+0000] {processor.py:153} INFO - Started process (PID=274) to work on /home/airflow/.local/lib/python3.7/site-packages/airflow/example_dags/example_dynamic_task_mapping.py
[2024-08-13T10:48:15.378+0000] {processor.py:743} INFO - Processing file /home/airflow/.local/lib/python3.7/site-packages/airflow/example_dags/example_dynamic_task_mapping.py for tasks to queue
[2024-08-13T10:48:15.380+0000] {logging_mixin.py:137} INFO - [2024-08-13T10:48:15.379+0000] {dagbag.py:538} INFO - Filling up the DagBag from /home/airflow/.local/lib/python3.7/site-packages/airflow/example_dags/example_dynamic_task_mapping.py
[2024-08-13T10:48:15.449+0000] {processor.py:753} INFO - DAG(s) dict_keys(['example_dynamic_task_mapping']) retrieved from /home/airflow/.local/lib/python3.7/site-packages/airflow/example_dags/example_dynamic_task_mapping.py
[2024-08-13T10:48:15.561+0000] {logging_mixin.py:137} INFO - [2024-08-13T10:48:15.560+0000] {dag.py:2690} INFO - Sync 1 DAGs
[2024-08-13T10:48:15.658+0000] {logging_mixin.py:137} INFO - [2024-08-13T10:48:15.658+0000] {dag.py:3441} INFO - Setting next_dagrun for example_dynamic_task_mapping to 2022-03-04T00:00:00+00:00, run_after=2022-03-05T00:00:00+00:00
[2024-08-13T10:48:15.770+0000] {processor.py:175} INFO - Processing /home/airflow/.local/lib/python3.7/site-packages/airflow/example_dags/example_dynamic_task_mapping.py took 0.414 seconds
[2024-08-13T10:48:46.443+0000] {processor.py:153} INFO - Started process (PID=330) to work on /home/airflow/.local/lib/python3.7/site-packages/airflow/example_dags/example_dynamic_task_mapping.py
[2024-08-13T10:48:46.472+0000] {processor.py:743} INFO - Processing file /home/airflow/.local/lib/python3.7/site-packages/airflow/example_dags/example_dynamic_task_mapping.py for tasks to queue
[2024-08-13T10:48:46.472+0000] {logging_mixin.py:137} INFO - [2024-08-13T10:48:46.472+0000] {dagbag.py:538} INFO - Filling up the DagBag from /home/airflow/.local/lib/python3.7/site-packages/airflow/example_dags/example_dynamic_task_mapping.py
[2024-08-13T10:48:46.590+0000] {processor.py:753} INFO - DAG(s) dict_keys(['example_dynamic_task_mapping']) retrieved from /home/airflow/.local/lib/python3.7/site-packages/airflow/example_dags/example_dynamic_task_mapping.py
[2024-08-13T10:48:46.646+0000] {logging_mixin.py:137} INFO - [2024-08-13T10:48:46.646+0000] {dag.py:2690} INFO - Sync 1 DAGs
[2024-08-13T10:48:46.814+0000] {logging_mixin.py:137} INFO - [2024-08-13T10:48:46.814+0000] {dag.py:3441} INFO - Setting next_dagrun for example_dynamic_task_mapping to 2022-03-04T00:00:00+00:00, run_after=2022-03-05T00:00:00+00:00
[2024-08-13T10:48:46.918+0000] {processor.py:175} INFO - Processing /home/airflow/.local/lib/python3.7/site-packages/airflow/example_dags/example_dynamic_task_mapping.py took 0.497 seconds
[2024-08-13T10:49:16.996+0000] {processor.py:153} INFO - Started process (PID=381) to work on /home/airflow/.local/lib/python3.7/site-packages/airflow/example_dags/example_dynamic_task_mapping.py
[2024-08-13T10:49:17.010+0000] {processor.py:743} INFO - Processing file /home/airflow/.local/lib/python3.7/site-packages/airflow/example_dags/example_dynamic_task_mapping.py for tasks to queue
[2024-08-13T10:49:17.015+0000] {logging_mixin.py:137} INFO - [2024-08-13T10:49:17.015+0000] {dagbag.py:538} INFO - Filling up the DagBag from /home/airflow/.local/lib/python3.7/site-packages/airflow/example_dags/example_dynamic_task_mapping.py
[2024-08-13T10:49:17.146+0000] {processor.py:753} INFO - DAG(s) dict_keys(['example_dynamic_task_mapping']) retrieved from /home/airflow/.local/lib/python3.7/site-packages/airflow/example_dags/example_dynamic_task_mapping.py
[2024-08-13T10:49:17.175+0000] {logging_mixin.py:137} INFO - [2024-08-13T10:49:17.175+0000] {dag.py:2690} INFO - Sync 1 DAGs
[2024-08-13T10:49:17.216+0000] {logging_mixin.py:137} INFO - [2024-08-13T10:49:17.216+0000] {dag.py:3441} INFO - Setting next_dagrun for example_dynamic_task_mapping to 2022-03-04T00:00:00+00:00, run_after=2022-03-05T00:00:00+00:00
[2024-08-13T10:49:17.268+0000] {processor.py:175} INFO - Processing /home/airflow/.local/lib/python3.7/site-packages/airflow/example_dags/example_dynamic_task_mapping.py took 0.275 seconds
[2024-08-13T10:49:47.321+0000] {processor.py:153} INFO - Started process (PID=439) to work on /home/airflow/.local/lib/python3.7/site-packages/airflow/example_dags/example_dynamic_task_mapping.py
[2024-08-13T10:49:47.333+0000] {processor.py:743} INFO - Processing file /home/airflow/.local/lib/python3.7/site-packages/airflow/example_dags/example_dynamic_task_mapping.py for tasks to queue
[2024-08-13T10:49:47.334+0000] {logging_mixin.py:137} INFO - [2024-08-13T10:49:47.334+0000] {dagbag.py:538} INFO - Filling up the DagBag from /home/airflow/.local/lib/python3.7/site-packages/airflow/example_dags/example_dynamic_task_mapping.py
[2024-08-13T10:49:47.378+0000] {processor.py:753} INFO - DAG(s) dict_keys(['example_dynamic_task_mapping']) retrieved from /home/airflow/.local/lib/python3.7/site-packages/airflow/example_dags/example_dynamic_task_mapping.py
[2024-08-13T10:49:47.391+0000] {logging_mixin.py:137} INFO - [2024-08-13T10:49:47.391+0000] {dag.py:2690} INFO - Sync 1 DAGs
[2024-08-13T10:49:47.424+0000] {logging_mixin.py:137} INFO - [2024-08-13T10:49:47.424+0000] {dag.py:3441} INFO - Setting next_dagrun for example_dynamic_task_mapping to 2022-03-04T00:00:00+00:00, run_after=2022-03-05T00:00:00+00:00
[2024-08-13T10:49:47.466+0000] {processor.py:175} INFO - Processing /home/airflow/.local/lib/python3.7/site-packages/airflow/example_dags/example_dynamic_task_mapping.py took 0.149 seconds
[2024-08-13T11:05:02.222+0000] {processor.py:153} INFO - Started process (PID=78) to work on /home/airflow/.local/lib/python3.7/site-packages/airflow/example_dags/example_dynamic_task_mapping.py
[2024-08-13T11:05:02.231+0000] {processor.py:743} INFO - Processing file /home/airflow/.local/lib/python3.7/site-packages/airflow/example_dags/example_dynamic_task_mapping.py for tasks to queue
[2024-08-13T11:05:02.235+0000] {logging_mixin.py:137} INFO - [2024-08-13T11:05:02.234+0000] {dagbag.py:538} INFO - Filling up the DagBag from /home/airflow/.local/lib/python3.7/site-packages/airflow/example_dags/example_dynamic_task_mapping.py
[2024-08-13T11:05:02.449+0000] {processor.py:753} INFO - DAG(s) dict_keys(['example_dynamic_task_mapping']) retrieved from /home/airflow/.local/lib/python3.7/site-packages/airflow/example_dags/example_dynamic_task_mapping.py
[2024-08-13T11:05:02.647+0000] {logging_mixin.py:137} INFO - [2024-08-13T11:05:02.647+0000] {dag.py:2690} INFO - Sync 1 DAGs
[2024-08-13T11:05:02.888+0000] {logging_mixin.py:137} INFO - [2024-08-13T11:05:02.888+0000] {dag.py:3441} INFO - Setting next_dagrun for example_dynamic_task_mapping to 2022-03-04T00:00:00+00:00, run_after=2022-03-05T00:00:00+00:00
[2024-08-13T11:05:03.019+0000] {processor.py:175} INFO - Processing /home/airflow/.local/lib/python3.7/site-packages/airflow/example_dags/example_dynamic_task_mapping.py took 0.821 seconds
[2024-08-13T11:05:33.581+0000] {processor.py:153} INFO - Started process (PID=130) to work on /home/airflow/.local/lib/python3.7/site-packages/airflow/example_dags/example_dynamic_task_mapping.py
[2024-08-13T11:05:33.584+0000] {processor.py:743} INFO - Processing file /home/airflow/.local/lib/python3.7/site-packages/airflow/example_dags/example_dynamic_task_mapping.py for tasks to queue
[2024-08-13T11:05:33.590+0000] {logging_mixin.py:137} INFO - [2024-08-13T11:05:33.589+0000] {dagbag.py:538} INFO - Filling up the DagBag from /home/airflow/.local/lib/python3.7/site-packages/airflow/example_dags/example_dynamic_task_mapping.py
[2024-08-13T11:05:33.620+0000] {processor.py:753} INFO - DAG(s) dict_keys(['example_dynamic_task_mapping']) retrieved from /home/airflow/.local/lib/python3.7/site-packages/airflow/example_dags/example_dynamic_task_mapping.py
[2024-08-13T11:05:33.647+0000] {logging_mixin.py:137} INFO - [2024-08-13T11:05:33.647+0000] {dag.py:2690} INFO - Sync 1 DAGs
[2024-08-13T11:05:33.681+0000] {logging_mixin.py:137} INFO - [2024-08-13T11:05:33.681+0000] {dag.py:3441} INFO - Setting next_dagrun for example_dynamic_task_mapping to 2022-03-04T00:00:00+00:00, run_after=2022-03-05T00:00:00+00:00
[2024-08-13T11:05:33.709+0000] {processor.py:175} INFO - Processing /home/airflow/.local/lib/python3.7/site-packages/airflow/example_dags/example_dynamic_task_mapping.py took 0.132 seconds
[2024-08-13T11:06:04.624+0000] {processor.py:153} INFO - Started process (PID=199) to work on /home/airflow/.local/lib/python3.7/site-packages/airflow/example_dags/example_dynamic_task_mapping.py
[2024-08-13T11:06:04.635+0000] {processor.py:743} INFO - Processing file /home/airflow/.local/lib/python3.7/site-packages/airflow/example_dags/example_dynamic_task_mapping.py for tasks to queue
[2024-08-13T11:06:04.637+0000] {logging_mixin.py:137} INFO - [2024-08-13T11:06:04.637+0000] {dagbag.py:538} INFO - Filling up the DagBag from /home/airflow/.local/lib/python3.7/site-packages/airflow/example_dags/example_dynamic_task_mapping.py
[2024-08-13T11:06:04.709+0000] {processor.py:753} INFO - DAG(s) dict_keys(['example_dynamic_task_mapping']) retrieved from /home/airflow/.local/lib/python3.7/site-packages/airflow/example_dags/example_dynamic_task_mapping.py
[2024-08-13T11:06:04.765+0000] {logging_mixin.py:137} INFO - [2024-08-13T11:06:04.765+0000] {dag.py:2690} INFO - Sync 1 DAGs
[2024-08-13T11:06:04.841+0000] {logging_mixin.py:137} INFO - [2024-08-13T11:06:04.841+0000] {dag.py:3441} INFO - Setting next_dagrun for example_dynamic_task_mapping to 2022-03-04T00:00:00+00:00, run_after=2022-03-05T00:00:00+00:00
[2024-08-13T11:06:04.907+0000] {processor.py:175} INFO - Processing /home/airflow/.local/lib/python3.7/site-packages/airflow/example_dags/example_dynamic_task_mapping.py took 0.294 seconds
[2024-08-13T11:06:35.552+0000] {processor.py:153} INFO - Started process (PID=258) to work on /home/airflow/.local/lib/python3.7/site-packages/airflow/example_dags/example_dynamic_task_mapping.py
[2024-08-13T11:06:35.553+0000] {processor.py:743} INFO - Processing file /home/airflow/.local/lib/python3.7/site-packages/airflow/example_dags/example_dynamic_task_mapping.py for tasks to queue
[2024-08-13T11:06:35.555+0000] {logging_mixin.py:137} INFO - [2024-08-13T11:06:35.555+0000] {dagbag.py:538} INFO - Filling up the DagBag from /home/airflow/.local/lib/python3.7/site-packages/airflow/example_dags/example_dynamic_task_mapping.py
[2024-08-13T11:06:35.582+0000] {processor.py:753} INFO - DAG(s) dict_keys(['example_dynamic_task_mapping']) retrieved from /home/airflow/.local/lib/python3.7/site-packages/airflow/example_dags/example_dynamic_task_mapping.py
[2024-08-13T11:06:35.613+0000] {logging_mixin.py:137} INFO - [2024-08-13T11:06:35.613+0000] {dag.py:2690} INFO - Sync 1 DAGs
[2024-08-13T11:06:35.644+0000] {logging_mixin.py:137} INFO - [2024-08-13T11:06:35.644+0000] {dag.py:3441} INFO - Setting next_dagrun for example_dynamic_task_mapping to 2022-03-04T00:00:00+00:00, run_after=2022-03-05T00:00:00+00:00
[2024-08-13T11:06:35.670+0000] {processor.py:175} INFO - Processing /home/airflow/.local/lib/python3.7/site-packages/airflow/example_dags/example_dynamic_task_mapping.py took 0.121 seconds
