[2024-08-13T10:46:43.147+0000] {processor.py:153} INFO - Started process (PID=95) to work on /home/airflow/.local/lib/python3.7/site-packages/airflow/example_dags/example_trigger_controller_dag.py
[2024-08-13T10:46:43.147+0000] {processor.py:743} INFO - Processing file /home/airflow/.local/lib/python3.7/site-packages/airflow/example_dags/example_trigger_controller_dag.py for tasks to queue
[2024-08-13T10:46:43.148+0000] {logging_mixin.py:137} INFO - [2024-08-13T10:46:43.148+0000] {dagbag.py:538} INFO - Filling up the DagBag from /home/airflow/.local/lib/python3.7/site-packages/airflow/example_dags/example_trigger_controller_dag.py
[2024-08-13T10:46:43.163+0000] {processor.py:753} INFO - DAG(s) dict_keys(['example_trigger_controller_dag']) retrieved from /home/airflow/.local/lib/python3.7/site-packages/airflow/example_dags/example_trigger_controller_dag.py
[2024-08-13T10:46:43.340+0000] {logging_mixin.py:137} INFO - [2024-08-13T10:46:43.339+0000] {manager.py:504} INFO - Created Permission View: can delete on DAG:example_trigger_controller_dag
[2024-08-13T10:46:43.362+0000] {logging_mixin.py:137} INFO - [2024-08-13T10:46:43.362+0000] {manager.py:504} INFO - Created Permission View: can edit on DAG:example_trigger_controller_dag
[2024-08-13T10:46:43.376+0000] {logging_mixin.py:137} INFO - [2024-08-13T10:46:43.376+0000] {manager.py:504} INFO - Created Permission View: can read on DAG:example_trigger_controller_dag
[2024-08-13T10:46:43.377+0000] {logging_mixin.py:137} INFO - [2024-08-13T10:46:43.377+0000] {dag.py:2690} INFO - Sync 1 DAGs
[2024-08-13T10:46:43.394+0000] {logging_mixin.py:137} INFO - [2024-08-13T10:46:43.394+0000] {dag.py:2711} INFO - Creating ORM DAG for example_trigger_controller_dag
[2024-08-13T10:46:43.409+0000] {logging_mixin.py:137} INFO - [2024-08-13T10:46:43.408+0000] {dag.py:3441} INFO - Setting next_dagrun for example_trigger_controller_dag to 2021-01-01T00:00:00+00:00, run_after=2021-01-01T00:00:00+00:00
[2024-08-13T10:46:43.445+0000] {processor.py:175} INFO - Processing /home/airflow/.local/lib/python3.7/site-packages/airflow/example_dags/example_trigger_controller_dag.py took 0.302 seconds
[2024-08-13T10:47:14.042+0000] {processor.py:153} INFO - Started process (PID=153) to work on /home/airflow/.local/lib/python3.7/site-packages/airflow/example_dags/example_trigger_controller_dag.py
[2024-08-13T10:47:14.055+0000] {processor.py:743} INFO - Processing file /home/airflow/.local/lib/python3.7/site-packages/airflow/example_dags/example_trigger_controller_dag.py for tasks to queue
[2024-08-13T10:47:14.057+0000] {logging_mixin.py:137} INFO - [2024-08-13T10:47:14.056+0000] {dagbag.py:538} INFO - Filling up the DagBag from /home/airflow/.local/lib/python3.7/site-packages/airflow/example_dags/example_trigger_controller_dag.py
[2024-08-13T10:47:14.090+0000] {processor.py:753} INFO - DAG(s) dict_keys(['example_trigger_controller_dag']) retrieved from /home/airflow/.local/lib/python3.7/site-packages/airflow/example_dags/example_trigger_controller_dag.py
[2024-08-13T10:47:14.153+0000] {logging_mixin.py:137} INFO - [2024-08-13T10:47:14.145+0000] {dag.py:2690} INFO - Sync 1 DAGs
[2024-08-13T10:47:14.217+0000] {logging_mixin.py:137} INFO - [2024-08-13T10:47:14.210+0000] {dag.py:3441} INFO - Setting next_dagrun for example_trigger_controller_dag to 2021-01-01T00:00:00+00:00, run_after=2021-01-01T00:00:00+00:00
[2024-08-13T10:47:14.277+0000] {processor.py:175} INFO - Processing /home/airflow/.local/lib/python3.7/site-packages/airflow/example_dags/example_trigger_controller_dag.py took 0.253 seconds
[2024-08-13T10:47:44.448+0000] {processor.py:153} INFO - Started process (PID=211) to work on /home/airflow/.local/lib/python3.7/site-packages/airflow/example_dags/example_trigger_controller_dag.py
[2024-08-13T10:47:44.449+0000] {processor.py:743} INFO - Processing file /home/airflow/.local/lib/python3.7/site-packages/airflow/example_dags/example_trigger_controller_dag.py for tasks to queue
[2024-08-13T10:47:44.449+0000] {logging_mixin.py:137} INFO - [2024-08-13T10:47:44.449+0000] {dagbag.py:538} INFO - Filling up the DagBag from /home/airflow/.local/lib/python3.7/site-packages/airflow/example_dags/example_trigger_controller_dag.py
[2024-08-13T10:47:44.460+0000] {processor.py:753} INFO - DAG(s) dict_keys(['example_trigger_controller_dag']) retrieved from /home/airflow/.local/lib/python3.7/site-packages/airflow/example_dags/example_trigger_controller_dag.py
[2024-08-13T10:47:44.473+0000] {logging_mixin.py:137} INFO - [2024-08-13T10:47:44.473+0000] {dag.py:2690} INFO - Sync 1 DAGs
[2024-08-13T10:47:44.531+0000] {logging_mixin.py:137} INFO - [2024-08-13T10:47:44.530+0000] {dag.py:3441} INFO - Setting next_dagrun for example_trigger_controller_dag to 2021-01-01T00:00:00+00:00, run_after=2021-01-01T00:00:00+00:00
[2024-08-13T10:47:44.600+0000] {processor.py:175} INFO - Processing /home/airflow/.local/lib/python3.7/site-packages/airflow/example_dags/example_trigger_controller_dag.py took 0.156 seconds
[2024-08-13T10:48:16.563+0000] {processor.py:153} INFO - Started process (PID=278) to work on /home/airflow/.local/lib/python3.7/site-packages/airflow/example_dags/example_trigger_controller_dag.py
[2024-08-13T10:48:16.565+0000] {processor.py:743} INFO - Processing file /home/airflow/.local/lib/python3.7/site-packages/airflow/example_dags/example_trigger_controller_dag.py for tasks to queue
[2024-08-13T10:48:16.566+0000] {logging_mixin.py:137} INFO - [2024-08-13T10:48:16.566+0000] {dagbag.py:538} INFO - Filling up the DagBag from /home/airflow/.local/lib/python3.7/site-packages/airflow/example_dags/example_trigger_controller_dag.py
[2024-08-13T10:48:16.595+0000] {processor.py:753} INFO - DAG(s) dict_keys(['example_trigger_controller_dag']) retrieved from /home/airflow/.local/lib/python3.7/site-packages/airflow/example_dags/example_trigger_controller_dag.py
[2024-08-13T10:48:16.641+0000] {logging_mixin.py:137} INFO - [2024-08-13T10:48:16.641+0000] {dag.py:2690} INFO - Sync 1 DAGs
[2024-08-13T10:48:16.722+0000] {logging_mixin.py:137} INFO - [2024-08-13T10:48:16.722+0000] {dag.py:3441} INFO - Setting next_dagrun for example_trigger_controller_dag to 2021-01-01T00:00:00+00:00, run_after=2021-01-01T00:00:00+00:00
[2024-08-13T10:48:16.766+0000] {processor.py:175} INFO - Processing /home/airflow/.local/lib/python3.7/site-packages/airflow/example_dags/example_trigger_controller_dag.py took 0.212 seconds
[2024-08-13T10:48:47.675+0000] {processor.py:153} INFO - Started process (PID=336) to work on /home/airflow/.local/lib/python3.7/site-packages/airflow/example_dags/example_trigger_controller_dag.py
[2024-08-13T10:48:47.676+0000] {processor.py:743} INFO - Processing file /home/airflow/.local/lib/python3.7/site-packages/airflow/example_dags/example_trigger_controller_dag.py for tasks to queue
[2024-08-13T10:48:47.677+0000] {logging_mixin.py:137} INFO - [2024-08-13T10:48:47.677+0000] {dagbag.py:538} INFO - Filling up the DagBag from /home/airflow/.local/lib/python3.7/site-packages/airflow/example_dags/example_trigger_controller_dag.py
[2024-08-13T10:48:47.702+0000] {processor.py:753} INFO - DAG(s) dict_keys(['example_trigger_controller_dag']) retrieved from /home/airflow/.local/lib/python3.7/site-packages/airflow/example_dags/example_trigger_controller_dag.py
[2024-08-13T10:48:47.724+0000] {logging_mixin.py:137} INFO - [2024-08-13T10:48:47.723+0000] {dag.py:2690} INFO - Sync 1 DAGs
[2024-08-13T10:48:47.761+0000] {logging_mixin.py:137} INFO - [2024-08-13T10:48:47.760+0000] {dag.py:3441} INFO - Setting next_dagrun for example_trigger_controller_dag to 2021-01-01T00:00:00+00:00, run_after=2021-01-01T00:00:00+00:00
[2024-08-13T10:48:47.805+0000] {processor.py:175} INFO - Processing /home/airflow/.local/lib/python3.7/site-packages/airflow/example_dags/example_trigger_controller_dag.py took 0.137 seconds
[2024-08-13T10:49:18.706+0000] {processor.py:153} INFO - Started process (PID=385) to work on /home/airflow/.local/lib/python3.7/site-packages/airflow/example_dags/example_trigger_controller_dag.py
[2024-08-13T10:49:18.717+0000] {processor.py:743} INFO - Processing file /home/airflow/.local/lib/python3.7/site-packages/airflow/example_dags/example_trigger_controller_dag.py for tasks to queue
[2024-08-13T10:49:18.718+0000] {logging_mixin.py:137} INFO - [2024-08-13T10:49:18.718+0000] {dagbag.py:538} INFO - Filling up the DagBag from /home/airflow/.local/lib/python3.7/site-packages/airflow/example_dags/example_trigger_controller_dag.py
[2024-08-13T10:49:18.760+0000] {processor.py:753} INFO - DAG(s) dict_keys(['example_trigger_controller_dag']) retrieved from /home/airflow/.local/lib/python3.7/site-packages/airflow/example_dags/example_trigger_controller_dag.py
[2024-08-13T10:49:18.818+0000] {logging_mixin.py:137} INFO - [2024-08-13T10:49:18.818+0000] {dag.py:2690} INFO - Sync 1 DAGs
[2024-08-13T10:49:18.855+0000] {logging_mixin.py:137} INFO - [2024-08-13T10:49:18.855+0000] {dag.py:3441} INFO - Setting next_dagrun for example_trigger_controller_dag to 2021-01-01T00:00:00+00:00, run_after=2021-01-01T00:00:00+00:00
[2024-08-13T10:49:18.893+0000] {processor.py:175} INFO - Processing /home/airflow/.local/lib/python3.7/site-packages/airflow/example_dags/example_trigger_controller_dag.py took 0.202 seconds
[2024-08-13T10:49:50.137+0000] {processor.py:153} INFO - Started process (PID=443) to work on /home/airflow/.local/lib/python3.7/site-packages/airflow/example_dags/example_trigger_controller_dag.py
[2024-08-13T10:49:50.149+0000] {processor.py:743} INFO - Processing file /home/airflow/.local/lib/python3.7/site-packages/airflow/example_dags/example_trigger_controller_dag.py for tasks to queue
[2024-08-13T10:49:50.154+0000] {logging_mixin.py:137} INFO - [2024-08-13T10:49:50.153+0000] {dagbag.py:538} INFO - Filling up the DagBag from /home/airflow/.local/lib/python3.7/site-packages/airflow/example_dags/example_trigger_controller_dag.py
[2024-08-13T10:49:50.207+0000] {processor.py:753} INFO - DAG(s) dict_keys(['example_trigger_controller_dag']) retrieved from /home/airflow/.local/lib/python3.7/site-packages/airflow/example_dags/example_trigger_controller_dag.py
[2024-08-13T10:49:50.327+0000] {logging_mixin.py:137} INFO - [2024-08-13T10:49:50.327+0000] {dag.py:2690} INFO - Sync 1 DAGs
[2024-08-13T10:49:50.547+0000] {logging_mixin.py:137} INFO - [2024-08-13T10:49:50.547+0000] {dag.py:3441} INFO - Setting next_dagrun for example_trigger_controller_dag to 2021-01-01T00:00:00+00:00, run_after=2021-01-01T00:00:00+00:00
[2024-08-13T10:49:50.670+0000] {processor.py:175} INFO - Processing /home/airflow/.local/lib/python3.7/site-packages/airflow/example_dags/example_trigger_controller_dag.py took 0.536 seconds
[2024-08-13T11:05:04.183+0000] {processor.py:153} INFO - Started process (PID=84) to work on /home/airflow/.local/lib/python3.7/site-packages/airflow/example_dags/example_trigger_controller_dag.py
[2024-08-13T11:05:04.189+0000] {processor.py:743} INFO - Processing file /home/airflow/.local/lib/python3.7/site-packages/airflow/example_dags/example_trigger_controller_dag.py for tasks to queue
[2024-08-13T11:05:04.190+0000] {logging_mixin.py:137} INFO - [2024-08-13T11:05:04.190+0000] {dagbag.py:538} INFO - Filling up the DagBag from /home/airflow/.local/lib/python3.7/site-packages/airflow/example_dags/example_trigger_controller_dag.py
[2024-08-13T11:05:04.273+0000] {processor.py:753} INFO - DAG(s) dict_keys(['example_trigger_controller_dag']) retrieved from /home/airflow/.local/lib/python3.7/site-packages/airflow/example_dags/example_trigger_controller_dag.py
[2024-08-13T11:05:04.455+0000] {logging_mixin.py:137} INFO - [2024-08-13T11:05:04.454+0000] {dag.py:2690} INFO - Sync 1 DAGs
[2024-08-13T11:05:04.649+0000] {logging_mixin.py:137} INFO - [2024-08-13T11:05:04.649+0000] {dag.py:3441} INFO - Setting next_dagrun for example_trigger_controller_dag to 2021-01-01T00:00:00+00:00, run_after=2021-01-01T00:00:00+00:00
[2024-08-13T11:05:04.820+0000] {processor.py:175} INFO - Processing /home/airflow/.local/lib/python3.7/site-packages/airflow/example_dags/example_trigger_controller_dag.py took 0.675 seconds
[2024-08-13T11:05:34.977+0000] {processor.py:153} INFO - Started process (PID=134) to work on /home/airflow/.local/lib/python3.7/site-packages/airflow/example_dags/example_trigger_controller_dag.py
[2024-08-13T11:05:34.986+0000] {processor.py:743} INFO - Processing file /home/airflow/.local/lib/python3.7/site-packages/airflow/example_dags/example_trigger_controller_dag.py for tasks to queue
[2024-08-13T11:05:34.987+0000] {logging_mixin.py:137} INFO - [2024-08-13T11:05:34.987+0000] {dagbag.py:538} INFO - Filling up the DagBag from /home/airflow/.local/lib/python3.7/site-packages/airflow/example_dags/example_trigger_controller_dag.py
[2024-08-13T11:05:35.016+0000] {processor.py:753} INFO - DAG(s) dict_keys(['example_trigger_controller_dag']) retrieved from /home/airflow/.local/lib/python3.7/site-packages/airflow/example_dags/example_trigger_controller_dag.py
[2024-08-13T11:05:35.063+0000] {logging_mixin.py:137} INFO - [2024-08-13T11:05:35.063+0000] {dag.py:2690} INFO - Sync 1 DAGs
[2024-08-13T11:05:35.103+0000] {logging_mixin.py:137} INFO - [2024-08-13T11:05:35.103+0000] {dag.py:3441} INFO - Setting next_dagrun for example_trigger_controller_dag to 2021-01-01T00:00:00+00:00, run_after=2021-01-01T00:00:00+00:00
[2024-08-13T11:05:35.129+0000] {processor.py:175} INFO - Processing /home/airflow/.local/lib/python3.7/site-packages/airflow/example_dags/example_trigger_controller_dag.py took 0.155 seconds
[2024-08-13T11:06:05.267+0000] {processor.py:153} INFO - Started process (PID=203) to work on /home/airflow/.local/lib/python3.7/site-packages/airflow/example_dags/example_trigger_controller_dag.py
[2024-08-13T11:06:05.280+0000] {processor.py:743} INFO - Processing file /home/airflow/.local/lib/python3.7/site-packages/airflow/example_dags/example_trigger_controller_dag.py for tasks to queue
[2024-08-13T11:06:05.289+0000] {logging_mixin.py:137} INFO - [2024-08-13T11:06:05.289+0000] {dagbag.py:538} INFO - Filling up the DagBag from /home/airflow/.local/lib/python3.7/site-packages/airflow/example_dags/example_trigger_controller_dag.py
[2024-08-13T11:06:05.334+0000] {processor.py:753} INFO - DAG(s) dict_keys(['example_trigger_controller_dag']) retrieved from /home/airflow/.local/lib/python3.7/site-packages/airflow/example_dags/example_trigger_controller_dag.py
[2024-08-13T11:06:05.399+0000] {logging_mixin.py:137} INFO - [2024-08-13T11:06:05.398+0000] {dag.py:2690} INFO - Sync 1 DAGs
[2024-08-13T11:06:05.475+0000] {logging_mixin.py:137} INFO - [2024-08-13T11:06:05.475+0000] {dag.py:3441} INFO - Setting next_dagrun for example_trigger_controller_dag to 2021-01-01T00:00:00+00:00, run_after=2021-01-01T00:00:00+00:00
[2024-08-13T11:06:05.522+0000] {processor.py:175} INFO - Processing /home/airflow/.local/lib/python3.7/site-packages/airflow/example_dags/example_trigger_controller_dag.py took 0.263 seconds
[2024-08-13T11:06:35.719+0000] {processor.py:153} INFO - Started process (PID=261) to work on /home/airflow/.local/lib/python3.7/site-packages/airflow/example_dags/example_trigger_controller_dag.py
[2024-08-13T11:06:35.720+0000] {processor.py:743} INFO - Processing file /home/airflow/.local/lib/python3.7/site-packages/airflow/example_dags/example_trigger_controller_dag.py for tasks to queue
[2024-08-13T11:06:35.721+0000] {logging_mixin.py:137} INFO - [2024-08-13T11:06:35.721+0000] {dagbag.py:538} INFO - Filling up the DagBag from /home/airflow/.local/lib/python3.7/site-packages/airflow/example_dags/example_trigger_controller_dag.py
[2024-08-13T11:06:35.739+0000] {processor.py:753} INFO - DAG(s) dict_keys(['example_trigger_controller_dag']) retrieved from /home/airflow/.local/lib/python3.7/site-packages/airflow/example_dags/example_trigger_controller_dag.py
[2024-08-13T11:06:35.772+0000] {logging_mixin.py:137} INFO - [2024-08-13T11:06:35.772+0000] {dag.py:2690} INFO - Sync 1 DAGs
[2024-08-13T11:06:35.842+0000] {logging_mixin.py:137} INFO - [2024-08-13T11:06:35.842+0000] {dag.py:3441} INFO - Setting next_dagrun for example_trigger_controller_dag to 2021-01-01T00:00:00+00:00, run_after=2021-01-01T00:00:00+00:00
[2024-08-13T11:06:35.897+0000] {processor.py:175} INFO - Processing /home/airflow/.local/lib/python3.7/site-packages/airflow/example_dags/example_trigger_controller_dag.py took 0.182 seconds
