[2024-08-13T10:46:38.587+0000] {processor.py:153} INFO - Started process (PID=78) to work on /home/airflow/.local/lib/python3.7/site-packages/airflow/example_dags/example_branch_datetime_operator.py
[2024-08-13T10:46:38.589+0000] {processor.py:743} INFO - Processing file /home/airflow/.local/lib/python3.7/site-packages/airflow/example_dags/example_branch_datetime_operator.py for tasks to queue
[2024-08-13T10:46:38.592+0000] {logging_mixin.py:137} INFO - [2024-08-13T10:46:38.591+0000] {dagbag.py:538} INFO - Filling up the DagBag from /home/airflow/.local/lib/python3.7/site-packages/airflow/example_dags/example_branch_datetime_operator.py
[2024-08-13T10:46:38.700+0000] {processor.py:753} INFO - DAG(s) dict_keys(['example_branch_datetime_operator_2', 'example_branch_datetime_operator', 'example_branch_datetime_operator_3']) retrieved from /home/airflow/.local/lib/python3.7/site-packages/airflow/example_dags/example_branch_datetime_operator.py
[2024-08-13T10:46:39.170+0000] {logging_mixin.py:137} INFO - [2024-08-13T10:46:39.169+0000] {manager.py:504} INFO - Created Permission View: can delete on DAG:example_branch_datetime_operator_2
[2024-08-13T10:46:39.234+0000] {logging_mixin.py:137} INFO - [2024-08-13T10:46:39.233+0000] {manager.py:504} INFO - Created Permission View: can edit on DAG:example_branch_datetime_operator_2
[2024-08-13T10:46:39.271+0000] {logging_mixin.py:137} INFO - [2024-08-13T10:46:39.271+0000] {manager.py:504} INFO - Created Permission View: can read on DAG:example_branch_datetime_operator_2
[2024-08-13T10:46:39.309+0000] {logging_mixin.py:137} INFO - [2024-08-13T10:46:39.309+0000] {manager.py:504} INFO - Created Permission View: can delete on DAG:example_branch_datetime_operator
[2024-08-13T10:46:39.324+0000] {logging_mixin.py:137} INFO - [2024-08-13T10:46:39.323+0000] {manager.py:504} INFO - Created Permission View: can edit on DAG:example_branch_datetime_operator
[2024-08-13T10:46:39.338+0000] {logging_mixin.py:137} INFO - [2024-08-13T10:46:39.338+0000] {manager.py:504} INFO - Created Permission View: can read on DAG:example_branch_datetime_operator
[2024-08-13T10:46:39.426+0000] {logging_mixin.py:137} INFO - [2024-08-13T10:46:39.425+0000] {manager.py:504} INFO - Created Permission View: can delete on DAG:example_branch_datetime_operator_3
[2024-08-13T10:46:39.443+0000] {logging_mixin.py:137} INFO - [2024-08-13T10:46:39.443+0000] {manager.py:504} INFO - Created Permission View: can edit on DAG:example_branch_datetime_operator_3
[2024-08-13T10:46:39.465+0000] {logging_mixin.py:137} INFO - [2024-08-13T10:46:39.465+0000] {manager.py:504} INFO - Created Permission View: can read on DAG:example_branch_datetime_operator_3
[2024-08-13T10:46:39.466+0000] {logging_mixin.py:137} INFO - [2024-08-13T10:46:39.466+0000] {dag.py:2690} INFO - Sync 3 DAGs
[2024-08-13T10:46:39.509+0000] {logging_mixin.py:137} INFO - [2024-08-13T10:46:39.508+0000] {dag.py:2711} INFO - Creating ORM DAG for example_branch_datetime_operator_3
[2024-08-13T10:46:39.510+0000] {logging_mixin.py:137} INFO - [2024-08-13T10:46:39.509+0000] {dag.py:2711} INFO - Creating ORM DAG for example_branch_datetime_operator
[2024-08-13T10:46:39.510+0000] {logging_mixin.py:137} INFO - [2024-08-13T10:46:39.510+0000] {dag.py:2711} INFO - Creating ORM DAG for example_branch_datetime_operator_2
[2024-08-13T10:46:39.540+0000] {logging_mixin.py:137} INFO - [2024-08-13T10:46:39.540+0000] {dag.py:3441} INFO - Setting next_dagrun for example_branch_datetime_operator to 2024-08-12T00:00:00+00:00, run_after=2024-08-13T00:00:00+00:00
[2024-08-13T10:46:39.551+0000] {logging_mixin.py:137} INFO - [2024-08-13T10:46:39.551+0000] {dag.py:3441} INFO - Setting next_dagrun for example_branch_datetime_operator_2 to 2024-08-12T00:00:00+00:00, run_after=2024-08-13T00:00:00+00:00
[2024-08-13T10:46:39.553+0000] {logging_mixin.py:137} INFO - [2024-08-13T10:46:39.553+0000] {dag.py:3441} INFO - Setting next_dagrun for example_branch_datetime_operator_3 to 2024-08-12T00:00:00+00:00, run_after=2024-08-13T00:00:00+00:00
[2024-08-13T10:46:39.628+0000] {processor.py:175} INFO - Processing /home/airflow/.local/lib/python3.7/site-packages/airflow/example_dags/example_branch_datetime_operator.py took 1.063 seconds
[2024-08-13T10:47:10.530+0000] {processor.py:153} INFO - Started process (PID=137) to work on /home/airflow/.local/lib/python3.7/site-packages/airflow/example_dags/example_branch_datetime_operator.py
[2024-08-13T10:47:10.531+0000] {processor.py:743} INFO - Processing file /home/airflow/.local/lib/python3.7/site-packages/airflow/example_dags/example_branch_datetime_operator.py for tasks to queue
[2024-08-13T10:47:10.532+0000] {logging_mixin.py:137} INFO - [2024-08-13T10:47:10.532+0000] {dagbag.py:538} INFO - Filling up the DagBag from /home/airflow/.local/lib/python3.7/site-packages/airflow/example_dags/example_branch_datetime_operator.py
[2024-08-13T10:47:10.569+0000] {processor.py:753} INFO - DAG(s) dict_keys(['example_branch_datetime_operator_3', 'example_branch_datetime_operator', 'example_branch_datetime_operator_2']) retrieved from /home/airflow/.local/lib/python3.7/site-packages/airflow/example_dags/example_branch_datetime_operator.py
[2024-08-13T10:47:10.617+0000] {logging_mixin.py:137} INFO - [2024-08-13T10:47:10.616+0000] {dag.py:2690} INFO - Sync 3 DAGs
[2024-08-13T10:47:10.654+0000] {logging_mixin.py:137} INFO - [2024-08-13T10:47:10.654+0000] {dag.py:3441} INFO - Setting next_dagrun for example_branch_datetime_operator to 2024-08-12T00:00:00+00:00, run_after=2024-08-13T00:00:00+00:00
[2024-08-13T10:47:10.660+0000] {logging_mixin.py:137} INFO - [2024-08-13T10:47:10.660+0000] {dag.py:3441} INFO - Setting next_dagrun for example_branch_datetime_operator_2 to 2024-08-12T00:00:00+00:00, run_after=2024-08-13T00:00:00+00:00
[2024-08-13T10:47:10.662+0000] {logging_mixin.py:137} INFO - [2024-08-13T10:47:10.662+0000] {dag.py:3441} INFO - Setting next_dagrun for example_branch_datetime_operator_3 to 2024-08-12T00:00:00+00:00, run_after=2024-08-13T00:00:00+00:00
[2024-08-13T10:47:10.686+0000] {processor.py:175} INFO - Processing /home/airflow/.local/lib/python3.7/site-packages/airflow/example_dags/example_branch_datetime_operator.py took 0.159 seconds
[2024-08-13T10:47:40.902+0000] {processor.py:153} INFO - Started process (PID=195) to work on /home/airflow/.local/lib/python3.7/site-packages/airflow/example_dags/example_branch_datetime_operator.py
[2024-08-13T10:47:40.912+0000] {processor.py:743} INFO - Processing file /home/airflow/.local/lib/python3.7/site-packages/airflow/example_dags/example_branch_datetime_operator.py for tasks to queue
[2024-08-13T10:47:40.912+0000] {logging_mixin.py:137} INFO - [2024-08-13T10:47:40.912+0000] {dagbag.py:538} INFO - Filling up the DagBag from /home/airflow/.local/lib/python3.7/site-packages/airflow/example_dags/example_branch_datetime_operator.py
[2024-08-13T10:47:40.951+0000] {processor.py:753} INFO - DAG(s) dict_keys(['example_branch_datetime_operator', 'example_branch_datetime_operator_2', 'example_branch_datetime_operator_3']) retrieved from /home/airflow/.local/lib/python3.7/site-packages/airflow/example_dags/example_branch_datetime_operator.py
[2024-08-13T10:47:41.025+0000] {logging_mixin.py:137} INFO - [2024-08-13T10:47:41.025+0000] {dag.py:2690} INFO - Sync 3 DAGs
[2024-08-13T10:47:41.138+0000] {logging_mixin.py:137} INFO - [2024-08-13T10:47:41.138+0000] {dag.py:3441} INFO - Setting next_dagrun for example_branch_datetime_operator to 2024-08-12T00:00:00+00:00, run_after=2024-08-13T00:00:00+00:00
[2024-08-13T10:47:41.148+0000] {logging_mixin.py:137} INFO - [2024-08-13T10:47:41.147+0000] {dag.py:3441} INFO - Setting next_dagrun for example_branch_datetime_operator_2 to 2024-08-12T00:00:00+00:00, run_after=2024-08-13T00:00:00+00:00
[2024-08-13T10:47:41.156+0000] {logging_mixin.py:137} INFO - [2024-08-13T10:47:41.155+0000] {dag.py:3441} INFO - Setting next_dagrun for example_branch_datetime_operator_3 to 2024-08-12T00:00:00+00:00, run_after=2024-08-13T00:00:00+00:00
[2024-08-13T10:47:41.229+0000] {processor.py:175} INFO - Processing /home/airflow/.local/lib/python3.7/site-packages/airflow/example_dags/example_branch_datetime_operator.py took 0.334 seconds
[2024-08-13T10:48:11.720+0000] {processor.py:153} INFO - Started process (PID=254) to work on /home/airflow/.local/lib/python3.7/site-packages/airflow/example_dags/example_branch_datetime_operator.py
[2024-08-13T10:48:11.734+0000] {processor.py:743} INFO - Processing file /home/airflow/.local/lib/python3.7/site-packages/airflow/example_dags/example_branch_datetime_operator.py for tasks to queue
[2024-08-13T10:48:11.741+0000] {logging_mixin.py:137} INFO - [2024-08-13T10:48:11.741+0000] {dagbag.py:538} INFO - Filling up the DagBag from /home/airflow/.local/lib/python3.7/site-packages/airflow/example_dags/example_branch_datetime_operator.py
[2024-08-13T10:48:11.792+0000] {processor.py:753} INFO - DAG(s) dict_keys(['example_branch_datetime_operator_2', 'example_branch_datetime_operator', 'example_branch_datetime_operator_3']) retrieved from /home/airflow/.local/lib/python3.7/site-packages/airflow/example_dags/example_branch_datetime_operator.py
[2024-08-13T10:48:11.832+0000] {logging_mixin.py:137} INFO - [2024-08-13T10:48:11.832+0000] {dag.py:2690} INFO - Sync 3 DAGs
[2024-08-13T10:48:11.869+0000] {logging_mixin.py:137} INFO - [2024-08-13T10:48:11.869+0000] {dag.py:3441} INFO - Setting next_dagrun for example_branch_datetime_operator to 2024-08-12T00:00:00+00:00, run_after=2024-08-13T00:00:00+00:00
[2024-08-13T10:48:11.875+0000] {logging_mixin.py:137} INFO - [2024-08-13T10:48:11.875+0000] {dag.py:3441} INFO - Setting next_dagrun for example_branch_datetime_operator_2 to 2024-08-12T00:00:00+00:00, run_after=2024-08-13T00:00:00+00:00
[2024-08-13T10:48:11.879+0000] {logging_mixin.py:137} INFO - [2024-08-13T10:48:11.878+0000] {dag.py:3441} INFO - Setting next_dagrun for example_branch_datetime_operator_3 to 2024-08-12T00:00:00+00:00, run_after=2024-08-13T00:00:00+00:00
[2024-08-13T10:48:11.920+0000] {processor.py:175} INFO - Processing /home/airflow/.local/lib/python3.7/site-packages/airflow/example_dags/example_branch_datetime_operator.py took 0.207 seconds
[2024-08-13T10:48:42.326+0000] {processor.py:153} INFO - Started process (PID=311) to work on /home/airflow/.local/lib/python3.7/site-packages/airflow/example_dags/example_branch_datetime_operator.py
[2024-08-13T10:48:42.327+0000] {processor.py:743} INFO - Processing file /home/airflow/.local/lib/python3.7/site-packages/airflow/example_dags/example_branch_datetime_operator.py for tasks to queue
[2024-08-13T10:48:42.328+0000] {logging_mixin.py:137} INFO - [2024-08-13T10:48:42.328+0000] {dagbag.py:538} INFO - Filling up the DagBag from /home/airflow/.local/lib/python3.7/site-packages/airflow/example_dags/example_branch_datetime_operator.py
[2024-08-13T10:48:42.368+0000] {processor.py:753} INFO - DAG(s) dict_keys(['example_branch_datetime_operator_2', 'example_branch_datetime_operator_3', 'example_branch_datetime_operator']) retrieved from /home/airflow/.local/lib/python3.7/site-packages/airflow/example_dags/example_branch_datetime_operator.py
[2024-08-13T10:48:42.392+0000] {logging_mixin.py:137} INFO - [2024-08-13T10:48:42.392+0000] {dag.py:2690} INFO - Sync 3 DAGs
[2024-08-13T10:48:42.455+0000] {logging_mixin.py:137} INFO - [2024-08-13T10:48:42.455+0000] {dag.py:3441} INFO - Setting next_dagrun for example_branch_datetime_operator to 2024-08-12T00:00:00+00:00, run_after=2024-08-13T00:00:00+00:00
[2024-08-13T10:48:42.468+0000] {logging_mixin.py:137} INFO - [2024-08-13T10:48:42.468+0000] {dag.py:3441} INFO - Setting next_dagrun for example_branch_datetime_operator_2 to 2024-08-12T00:00:00+00:00, run_after=2024-08-13T00:00:00+00:00
[2024-08-13T10:48:42.478+0000] {logging_mixin.py:137} INFO - [2024-08-13T10:48:42.477+0000] {dag.py:3441} INFO - Setting next_dagrun for example_branch_datetime_operator_3 to 2024-08-12T00:00:00+00:00, run_after=2024-08-13T00:00:00+00:00
[2024-08-13T10:48:42.529+0000] {processor.py:175} INFO - Processing /home/airflow/.local/lib/python3.7/site-packages/airflow/example_dags/example_branch_datetime_operator.py took 0.207 seconds
[2024-08-13T10:49:13.366+0000] {processor.py:153} INFO - Started process (PID=369) to work on /home/airflow/.local/lib/python3.7/site-packages/airflow/example_dags/example_branch_datetime_operator.py
[2024-08-13T10:49:13.367+0000] {processor.py:743} INFO - Processing file /home/airflow/.local/lib/python3.7/site-packages/airflow/example_dags/example_branch_datetime_operator.py for tasks to queue
[2024-08-13T10:49:13.368+0000] {logging_mixin.py:137} INFO - [2024-08-13T10:49:13.368+0000] {dagbag.py:538} INFO - Filling up the DagBag from /home/airflow/.local/lib/python3.7/site-packages/airflow/example_dags/example_branch_datetime_operator.py
[2024-08-13T10:49:13.426+0000] {processor.py:753} INFO - DAG(s) dict_keys(['example_branch_datetime_operator', 'example_branch_datetime_operator_2', 'example_branch_datetime_operator_3']) retrieved from /home/airflow/.local/lib/python3.7/site-packages/airflow/example_dags/example_branch_datetime_operator.py
[2024-08-13T10:49:13.536+0000] {logging_mixin.py:137} INFO - [2024-08-13T10:49:13.536+0000] {dag.py:2690} INFO - Sync 3 DAGs
[2024-08-13T10:49:13.613+0000] {logging_mixin.py:137} INFO - [2024-08-13T10:49:13.613+0000] {dag.py:3441} INFO - Setting next_dagrun for example_branch_datetime_operator to 2024-08-12T00:00:00+00:00, run_after=2024-08-13T00:00:00+00:00
[2024-08-13T10:49:13.638+0000] {logging_mixin.py:137} INFO - [2024-08-13T10:49:13.638+0000] {dag.py:3441} INFO - Setting next_dagrun for example_branch_datetime_operator_2 to 2024-08-12T00:00:00+00:00, run_after=2024-08-13T00:00:00+00:00
[2024-08-13T10:49:13.650+0000] {logging_mixin.py:137} INFO - [2024-08-13T10:49:13.650+0000] {dag.py:3441} INFO - Setting next_dagrun for example_branch_datetime_operator_3 to 2024-08-12T00:00:00+00:00, run_after=2024-08-13T00:00:00+00:00
[2024-08-13T10:49:13.736+0000] {processor.py:175} INFO - Processing /home/airflow/.local/lib/python3.7/site-packages/airflow/example_dags/example_branch_datetime_operator.py took 0.378 seconds
[2024-08-13T10:49:44.369+0000] {processor.py:153} INFO - Started process (PID=427) to work on /home/airflow/.local/lib/python3.7/site-packages/airflow/example_dags/example_branch_datetime_operator.py
[2024-08-13T10:49:44.374+0000] {processor.py:743} INFO - Processing file /home/airflow/.local/lib/python3.7/site-packages/airflow/example_dags/example_branch_datetime_operator.py for tasks to queue
[2024-08-13T10:49:44.375+0000] {logging_mixin.py:137} INFO - [2024-08-13T10:49:44.375+0000] {dagbag.py:538} INFO - Filling up the DagBag from /home/airflow/.local/lib/python3.7/site-packages/airflow/example_dags/example_branch_datetime_operator.py
[2024-08-13T10:49:44.444+0000] {processor.py:753} INFO - DAG(s) dict_keys(['example_branch_datetime_operator_2', 'example_branch_datetime_operator', 'example_branch_datetime_operator_3']) retrieved from /home/airflow/.local/lib/python3.7/site-packages/airflow/example_dags/example_branch_datetime_operator.py
[2024-08-13T10:49:44.517+0000] {logging_mixin.py:137} INFO - [2024-08-13T10:49:44.517+0000] {dag.py:2690} INFO - Sync 3 DAGs
[2024-08-13T10:49:44.617+0000] {logging_mixin.py:137} INFO - [2024-08-13T10:49:44.616+0000] {dag.py:3441} INFO - Setting next_dagrun for example_branch_datetime_operator to 2024-08-12T00:00:00+00:00, run_after=2024-08-13T00:00:00+00:00
[2024-08-13T10:49:44.644+0000] {logging_mixin.py:137} INFO - [2024-08-13T10:49:44.644+0000] {dag.py:3441} INFO - Setting next_dagrun for example_branch_datetime_operator_2 to 2024-08-12T00:00:00+00:00, run_after=2024-08-13T00:00:00+00:00
[2024-08-13T10:49:44.652+0000] {logging_mixin.py:137} INFO - [2024-08-13T10:49:44.652+0000] {dag.py:3441} INFO - Setting next_dagrun for example_branch_datetime_operator_3 to 2024-08-12T00:00:00+00:00, run_after=2024-08-13T00:00:00+00:00
[2024-08-13T10:49:44.713+0000] {processor.py:175} INFO - Processing /home/airflow/.local/lib/python3.7/site-packages/airflow/example_dags/example_branch_datetime_operator.py took 0.349 seconds
[2024-08-13T10:50:14.853+0000] {processor.py:153} INFO - Started process (PID=485) to work on /home/airflow/.local/lib/python3.7/site-packages/airflow/example_dags/example_branch_datetime_operator.py
[2024-08-13T10:50:14.857+0000] {processor.py:743} INFO - Processing file /home/airflow/.local/lib/python3.7/site-packages/airflow/example_dags/example_branch_datetime_operator.py for tasks to queue
[2024-08-13T10:50:14.858+0000] {logging_mixin.py:137} INFO - [2024-08-13T10:50:14.858+0000] {dagbag.py:538} INFO - Filling up the DagBag from /home/airflow/.local/lib/python3.7/site-packages/airflow/example_dags/example_branch_datetime_operator.py
[2024-08-13T10:50:14.900+0000] {processor.py:753} INFO - DAG(s) dict_keys(['example_branch_datetime_operator_2', 'example_branch_datetime_operator', 'example_branch_datetime_operator_3']) retrieved from /home/airflow/.local/lib/python3.7/site-packages/airflow/example_dags/example_branch_datetime_operator.py
[2024-08-13T10:50:15.015+0000] {logging_mixin.py:137} INFO - [2024-08-13T10:50:15.015+0000] {dag.py:2690} INFO - Sync 3 DAGs
[2024-08-13T10:50:15.145+0000] {logging_mixin.py:137} INFO - [2024-08-13T10:50:15.144+0000] {dag.py:3441} INFO - Setting next_dagrun for example_branch_datetime_operator to 2024-08-12T00:00:00+00:00, run_after=2024-08-13T00:00:00+00:00
[2024-08-13T10:50:15.160+0000] {logging_mixin.py:137} INFO - [2024-08-13T10:50:15.158+0000] {dag.py:3441} INFO - Setting next_dagrun for example_branch_datetime_operator_2 to 2024-08-12T00:00:00+00:00, run_after=2024-08-13T00:00:00+00:00
[2024-08-13T10:50:15.166+0000] {logging_mixin.py:137} INFO - [2024-08-13T10:50:15.165+0000] {dag.py:3441} INFO - Setting next_dagrun for example_branch_datetime_operator_3 to 2024-08-12T00:00:00+00:00, run_after=2024-08-13T00:00:00+00:00
[2024-08-13T10:50:15.239+0000] {processor.py:175} INFO - Processing /home/airflow/.local/lib/python3.7/site-packages/airflow/example_dags/example_branch_datetime_operator.py took 0.389 seconds
[2024-08-13T11:04:58.040+0000] {processor.py:153} INFO - Started process (PID=60) to work on /home/airflow/.local/lib/python3.7/site-packages/airflow/example_dags/example_branch_datetime_operator.py
[2024-08-13T11:04:58.043+0000] {processor.py:743} INFO - Processing file /home/airflow/.local/lib/python3.7/site-packages/airflow/example_dags/example_branch_datetime_operator.py for tasks to queue
[2024-08-13T11:04:58.045+0000] {logging_mixin.py:137} INFO - [2024-08-13T11:04:58.045+0000] {dagbag.py:538} INFO - Filling up the DagBag from /home/airflow/.local/lib/python3.7/site-packages/airflow/example_dags/example_branch_datetime_operator.py
[2024-08-13T11:04:58.102+0000] {processor.py:753} INFO - DAG(s) dict_keys(['example_branch_datetime_operator_3', 'example_branch_datetime_operator', 'example_branch_datetime_operator_2']) retrieved from /home/airflow/.local/lib/python3.7/site-packages/airflow/example_dags/example_branch_datetime_operator.py
[2024-08-13T11:04:58.246+0000] {logging_mixin.py:137} INFO - [2024-08-13T11:04:58.246+0000] {dag.py:2690} INFO - Sync 3 DAGs
[2024-08-13T11:04:58.470+0000] {logging_mixin.py:137} INFO - [2024-08-13T11:04:58.458+0000] {dag.py:3441} INFO - Setting next_dagrun for example_branch_datetime_operator to 2024-08-12T00:00:00+00:00, run_after=2024-08-13T00:00:00+00:00
[2024-08-13T11:04:58.485+0000] {logging_mixin.py:137} INFO - [2024-08-13T11:04:58.484+0000] {dag.py:3441} INFO - Setting next_dagrun for example_branch_datetime_operator_2 to 2024-08-12T00:00:00+00:00, run_after=2024-08-13T00:00:00+00:00
[2024-08-13T11:04:58.534+0000] {logging_mixin.py:137} INFO - [2024-08-13T11:04:58.534+0000] {dag.py:3441} INFO - Setting next_dagrun for example_branch_datetime_operator_3 to 2024-08-12T00:00:00+00:00, run_after=2024-08-13T00:00:00+00:00
[2024-08-13T11:04:58.616+0000] {processor.py:175} INFO - Processing /home/airflow/.local/lib/python3.7/site-packages/airflow/example_dags/example_branch_datetime_operator.py took 0.593 seconds
[2024-08-13T11:05:29.232+0000] {processor.py:153} INFO - Started process (PID=118) to work on /home/airflow/.local/lib/python3.7/site-packages/airflow/example_dags/example_branch_datetime_operator.py
[2024-08-13T11:05:29.235+0000] {processor.py:743} INFO - Processing file /home/airflow/.local/lib/python3.7/site-packages/airflow/example_dags/example_branch_datetime_operator.py for tasks to queue
[2024-08-13T11:05:29.238+0000] {logging_mixin.py:137} INFO - [2024-08-13T11:05:29.238+0000] {dagbag.py:538} INFO - Filling up the DagBag from /home/airflow/.local/lib/python3.7/site-packages/airflow/example_dags/example_branch_datetime_operator.py
[2024-08-13T11:05:29.408+0000] {processor.py:753} INFO - DAG(s) dict_keys(['example_branch_datetime_operator_2', 'example_branch_datetime_operator_3', 'example_branch_datetime_operator']) retrieved from /home/airflow/.local/lib/python3.7/site-packages/airflow/example_dags/example_branch_datetime_operator.py
[2024-08-13T11:05:29.465+0000] {logging_mixin.py:137} INFO - [2024-08-13T11:05:29.465+0000] {dag.py:2690} INFO - Sync 3 DAGs
[2024-08-13T11:05:29.522+0000] {logging_mixin.py:137} INFO - [2024-08-13T11:05:29.522+0000] {dag.py:3441} INFO - Setting next_dagrun for example_branch_datetime_operator to 2024-08-12T00:00:00+00:00, run_after=2024-08-13T00:00:00+00:00
[2024-08-13T11:05:29.542+0000] {logging_mixin.py:137} INFO - [2024-08-13T11:05:29.542+0000] {dag.py:3441} INFO - Setting next_dagrun for example_branch_datetime_operator_2 to 2024-08-12T00:00:00+00:00, run_after=2024-08-13T00:00:00+00:00
[2024-08-13T11:05:29.573+0000] {logging_mixin.py:137} INFO - [2024-08-13T11:05:29.573+0000] {dag.py:3441} INFO - Setting next_dagrun for example_branch_datetime_operator_3 to 2024-08-12T00:00:00+00:00, run_after=2024-08-13T00:00:00+00:00
[2024-08-13T11:05:29.664+0000] {processor.py:175} INFO - Processing /home/airflow/.local/lib/python3.7/site-packages/airflow/example_dags/example_branch_datetime_operator.py took 0.436 seconds
[2024-08-13T11:05:59.948+0000] {processor.py:153} INFO - Started process (PID=177) to work on /home/airflow/.local/lib/python3.7/site-packages/airflow/example_dags/example_branch_datetime_operator.py
[2024-08-13T11:05:59.949+0000] {processor.py:743} INFO - Processing file /home/airflow/.local/lib/python3.7/site-packages/airflow/example_dags/example_branch_datetime_operator.py for tasks to queue
[2024-08-13T11:05:59.950+0000] {logging_mixin.py:137} INFO - [2024-08-13T11:05:59.949+0000] {dagbag.py:538} INFO - Filling up the DagBag from /home/airflow/.local/lib/python3.7/site-packages/airflow/example_dags/example_branch_datetime_operator.py
[2024-08-13T11:06:00.025+0000] {processor.py:753} INFO - DAG(s) dict_keys(['example_branch_datetime_operator_3', 'example_branch_datetime_operator_2', 'example_branch_datetime_operator']) retrieved from /home/airflow/.local/lib/python3.7/site-packages/airflow/example_dags/example_branch_datetime_operator.py
[2024-08-13T11:06:00.157+0000] {logging_mixin.py:137} INFO - [2024-08-13T11:06:00.157+0000] {dag.py:2690} INFO - Sync 3 DAGs
[2024-08-13T11:06:00.228+0000] {logging_mixin.py:137} INFO - [2024-08-13T11:06:00.228+0000] {dag.py:3441} INFO - Setting next_dagrun for example_branch_datetime_operator to 2024-08-12T00:00:00+00:00, run_after=2024-08-13T00:00:00+00:00
[2024-08-13T11:06:00.245+0000] {logging_mixin.py:137} INFO - [2024-08-13T11:06:00.245+0000] {dag.py:3441} INFO - Setting next_dagrun for example_branch_datetime_operator_2 to 2024-08-12T00:00:00+00:00, run_after=2024-08-13T00:00:00+00:00
[2024-08-13T11:06:00.254+0000] {logging_mixin.py:137} INFO - [2024-08-13T11:06:00.254+0000] {dag.py:3441} INFO - Setting next_dagrun for example_branch_datetime_operator_3 to 2024-08-12T00:00:00+00:00, run_after=2024-08-13T00:00:00+00:00
[2024-08-13T11:06:00.300+0000] {processor.py:175} INFO - Processing /home/airflow/.local/lib/python3.7/site-packages/airflow/example_dags/example_branch_datetime_operator.py took 0.357 seconds
[2024-08-13T11:06:30.343+0000] {processor.py:153} INFO - Started process (PID=236) to work on /home/airflow/.local/lib/python3.7/site-packages/airflow/example_dags/example_branch_datetime_operator.py
[2024-08-13T11:06:30.344+0000] {processor.py:743} INFO - Processing file /home/airflow/.local/lib/python3.7/site-packages/airflow/example_dags/example_branch_datetime_operator.py for tasks to queue
[2024-08-13T11:06:30.345+0000] {logging_mixin.py:137} INFO - [2024-08-13T11:06:30.345+0000] {dagbag.py:538} INFO - Filling up the DagBag from /home/airflow/.local/lib/python3.7/site-packages/airflow/example_dags/example_branch_datetime_operator.py
[2024-08-13T11:06:30.362+0000] {processor.py:753} INFO - DAG(s) dict_keys(['example_branch_datetime_operator_3', 'example_branch_datetime_operator', 'example_branch_datetime_operator_2']) retrieved from /home/airflow/.local/lib/python3.7/site-packages/airflow/example_dags/example_branch_datetime_operator.py
[2024-08-13T11:06:30.386+0000] {logging_mixin.py:137} INFO - [2024-08-13T11:06:30.386+0000] {dag.py:2690} INFO - Sync 3 DAGs
[2024-08-13T11:06:30.409+0000] {logging_mixin.py:137} INFO - [2024-08-13T11:06:30.409+0000] {dag.py:3441} INFO - Setting next_dagrun for example_branch_datetime_operator to 2024-08-12T00:00:00+00:00, run_after=2024-08-13T00:00:00+00:00
[2024-08-13T11:06:30.414+0000] {logging_mixin.py:137} INFO - [2024-08-13T11:06:30.414+0000] {dag.py:3441} INFO - Setting next_dagrun for example_branch_datetime_operator_2 to 2024-08-12T00:00:00+00:00, run_after=2024-08-13T00:00:00+00:00
[2024-08-13T11:06:30.417+0000] {logging_mixin.py:137} INFO - [2024-08-13T11:06:30.417+0000] {dag.py:3441} INFO - Setting next_dagrun for example_branch_datetime_operator_3 to 2024-08-12T00:00:00+00:00, run_after=2024-08-13T00:00:00+00:00
[2024-08-13T11:06:30.436+0000] {processor.py:175} INFO - Processing /home/airflow/.local/lib/python3.7/site-packages/airflow/example_dags/example_branch_datetime_operator.py took 0.097 seconds
