[2024-08-13T10:46:33.797+0000] {processor.py:153} INFO - Started process (PID=71) to work on /home/airflow/.local/lib/python3.7/site-packages/airflow/example_dags/tutorial_dag.py
[2024-08-13T10:46:33.821+0000] {processor.py:743} INFO - Processing file /home/airflow/.local/lib/python3.7/site-packages/airflow/example_dags/tutorial_dag.py for tasks to queue
[2024-08-13T10:46:33.823+0000] {logging_mixin.py:137} INFO - [2024-08-13T10:46:33.822+0000] {dagbag.py:538} INFO - Filling up the DagBag from /home/airflow/.local/lib/python3.7/site-packages/airflow/example_dags/tutorial_dag.py
[2024-08-13T10:46:33.986+0000] {processor.py:753} INFO - DAG(s) dict_keys(['tutorial_dag']) retrieved from /home/airflow/.local/lib/python3.7/site-packages/airflow/example_dags/tutorial_dag.py
[2024-08-13T10:46:34.946+0000] {logging_mixin.py:137} INFO - [2024-08-13T10:46:34.945+0000] {manager.py:504} INFO - Created Permission View: can delete on DAG:tutorial_dag
[2024-08-13T10:46:35.090+0000] {logging_mixin.py:137} INFO - [2024-08-13T10:46:35.089+0000] {manager.py:504} INFO - Created Permission View: can edit on DAG:tutorial_dag
[2024-08-13T10:46:35.150+0000] {logging_mixin.py:137} INFO - [2024-08-13T10:46:35.150+0000] {manager.py:504} INFO - Created Permission View: can read on DAG:tutorial_dag
[2024-08-13T10:46:35.152+0000] {logging_mixin.py:137} INFO - [2024-08-13T10:46:35.151+0000] {dag.py:2690} INFO - Sync 1 DAGs
[2024-08-13T10:46:35.291+0000] {logging_mixin.py:137} INFO - [2024-08-13T10:46:35.291+0000] {dag.py:2711} INFO - Creating ORM DAG for tutorial_dag
[2024-08-13T10:46:35.370+0000] {logging_mixin.py:137} INFO - [2024-08-13T10:46:35.370+0000] {dag.py:3441} INFO - Setting next_dagrun for tutorial_dag to None, run_after=None
[2024-08-13T10:46:35.467+0000] {processor.py:175} INFO - Processing /home/airflow/.local/lib/python3.7/site-packages/airflow/example_dags/tutorial_dag.py took 1.672 seconds
[2024-08-13T10:47:06.084+0000] {processor.py:153} INFO - Started process (PID=132) to work on /home/airflow/.local/lib/python3.7/site-packages/airflow/example_dags/tutorial_dag.py
[2024-08-13T10:47:06.089+0000] {processor.py:743} INFO - Processing file /home/airflow/.local/lib/python3.7/site-packages/airflow/example_dags/tutorial_dag.py for tasks to queue
[2024-08-13T10:47:06.090+0000] {logging_mixin.py:137} INFO - [2024-08-13T10:47:06.090+0000] {dagbag.py:538} INFO - Filling up the DagBag from /home/airflow/.local/lib/python3.7/site-packages/airflow/example_dags/tutorial_dag.py
[2024-08-13T10:47:06.128+0000] {processor.py:753} INFO - DAG(s) dict_keys(['tutorial_dag']) retrieved from /home/airflow/.local/lib/python3.7/site-packages/airflow/example_dags/tutorial_dag.py
[2024-08-13T10:47:06.167+0000] {logging_mixin.py:137} INFO - [2024-08-13T10:47:06.167+0000] {dag.py:2690} INFO - Sync 1 DAGs
[2024-08-13T10:47:06.228+0000] {logging_mixin.py:137} INFO - [2024-08-13T10:47:06.228+0000] {dag.py:3441} INFO - Setting next_dagrun for tutorial_dag to None, run_after=None
[2024-08-13T10:47:06.257+0000] {processor.py:175} INFO - Processing /home/airflow/.local/lib/python3.7/site-packages/airflow/example_dags/tutorial_dag.py took 0.188 seconds
[2024-08-13T10:47:36.493+0000] {processor.py:153} INFO - Started process (PID=190) to work on /home/airflow/.local/lib/python3.7/site-packages/airflow/example_dags/tutorial_dag.py
[2024-08-13T10:47:36.494+0000] {processor.py:743} INFO - Processing file /home/airflow/.local/lib/python3.7/site-packages/airflow/example_dags/tutorial_dag.py for tasks to queue
[2024-08-13T10:47:36.495+0000] {logging_mixin.py:137} INFO - [2024-08-13T10:47:36.495+0000] {dagbag.py:538} INFO - Filling up the DagBag from /home/airflow/.local/lib/python3.7/site-packages/airflow/example_dags/tutorial_dag.py
[2024-08-13T10:47:36.512+0000] {processor.py:753} INFO - DAG(s) dict_keys(['tutorial_dag']) retrieved from /home/airflow/.local/lib/python3.7/site-packages/airflow/example_dags/tutorial_dag.py
[2024-08-13T10:47:36.530+0000] {logging_mixin.py:137} INFO - [2024-08-13T10:47:36.530+0000] {dag.py:2690} INFO - Sync 1 DAGs
[2024-08-13T10:47:36.577+0000] {logging_mixin.py:137} INFO - [2024-08-13T10:47:36.577+0000] {dag.py:3441} INFO - Setting next_dagrun for tutorial_dag to None, run_after=None
[2024-08-13T10:47:36.609+0000] {processor.py:175} INFO - Processing /home/airflow/.local/lib/python3.7/site-packages/airflow/example_dags/tutorial_dag.py took 0.120 seconds
[2024-08-13T10:48:07.373+0000] {processor.py:153} INFO - Started process (PID=249) to work on /home/airflow/.local/lib/python3.7/site-packages/airflow/example_dags/tutorial_dag.py
[2024-08-13T10:48:07.374+0000] {processor.py:743} INFO - Processing file /home/airflow/.local/lib/python3.7/site-packages/airflow/example_dags/tutorial_dag.py for tasks to queue
[2024-08-13T10:48:07.374+0000] {logging_mixin.py:137} INFO - [2024-08-13T10:48:07.374+0000] {dagbag.py:538} INFO - Filling up the DagBag from /home/airflow/.local/lib/python3.7/site-packages/airflow/example_dags/tutorial_dag.py
[2024-08-13T10:48:07.385+0000] {processor.py:753} INFO - DAG(s) dict_keys(['tutorial_dag']) retrieved from /home/airflow/.local/lib/python3.7/site-packages/airflow/example_dags/tutorial_dag.py
[2024-08-13T10:48:07.407+0000] {logging_mixin.py:137} INFO - [2024-08-13T10:48:07.407+0000] {dag.py:2690} INFO - Sync 1 DAGs
[2024-08-13T10:48:07.427+0000] {logging_mixin.py:137} INFO - [2024-08-13T10:48:07.427+0000] {dag.py:3441} INFO - Setting next_dagrun for tutorial_dag to None, run_after=None
[2024-08-13T10:48:07.450+0000] {processor.py:175} INFO - Processing /home/airflow/.local/lib/python3.7/site-packages/airflow/example_dags/tutorial_dag.py took 0.079 seconds
[2024-08-13T10:48:37.759+0000] {processor.py:153} INFO - Started process (PID=306) to work on /home/airflow/.local/lib/python3.7/site-packages/airflow/example_dags/tutorial_dag.py
[2024-08-13T10:48:37.760+0000] {processor.py:743} INFO - Processing file /home/airflow/.local/lib/python3.7/site-packages/airflow/example_dags/tutorial_dag.py for tasks to queue
[2024-08-13T10:48:37.761+0000] {logging_mixin.py:137} INFO - [2024-08-13T10:48:37.761+0000] {dagbag.py:538} INFO - Filling up the DagBag from /home/airflow/.local/lib/python3.7/site-packages/airflow/example_dags/tutorial_dag.py
[2024-08-13T10:48:37.776+0000] {processor.py:753} INFO - DAG(s) dict_keys(['tutorial_dag']) retrieved from /home/airflow/.local/lib/python3.7/site-packages/airflow/example_dags/tutorial_dag.py
[2024-08-13T10:48:37.791+0000] {logging_mixin.py:137} INFO - [2024-08-13T10:48:37.791+0000] {dag.py:2690} INFO - Sync 1 DAGs
[2024-08-13T10:48:37.828+0000] {logging_mixin.py:137} INFO - [2024-08-13T10:48:37.827+0000] {dag.py:3441} INFO - Setting next_dagrun for tutorial_dag to None, run_after=None
[2024-08-13T10:48:37.873+0000] {processor.py:175} INFO - Processing /home/airflow/.local/lib/python3.7/site-packages/airflow/example_dags/tutorial_dag.py took 0.117 seconds
[2024-08-13T10:49:08.380+0000] {processor.py:153} INFO - Started process (PID=364) to work on /home/airflow/.local/lib/python3.7/site-packages/airflow/example_dags/tutorial_dag.py
[2024-08-13T10:49:08.398+0000] {processor.py:743} INFO - Processing file /home/airflow/.local/lib/python3.7/site-packages/airflow/example_dags/tutorial_dag.py for tasks to queue
[2024-08-13T10:49:08.398+0000] {logging_mixin.py:137} INFO - [2024-08-13T10:49:08.398+0000] {dagbag.py:538} INFO - Filling up the DagBag from /home/airflow/.local/lib/python3.7/site-packages/airflow/example_dags/tutorial_dag.py
[2024-08-13T10:49:08.477+0000] {processor.py:753} INFO - DAG(s) dict_keys(['tutorial_dag']) retrieved from /home/airflow/.local/lib/python3.7/site-packages/airflow/example_dags/tutorial_dag.py
[2024-08-13T10:49:08.560+0000] {logging_mixin.py:137} INFO - [2024-08-13T10:49:08.559+0000] {dag.py:2690} INFO - Sync 1 DAGs
[2024-08-13T10:49:08.664+0000] {logging_mixin.py:137} INFO - [2024-08-13T10:49:08.664+0000] {dag.py:3441} INFO - Setting next_dagrun for tutorial_dag to None, run_after=None
[2024-08-13T10:49:08.734+0000] {processor.py:175} INFO - Processing /home/airflow/.local/lib/python3.7/site-packages/airflow/example_dags/tutorial_dag.py took 0.377 seconds
[2024-08-13T10:49:39.200+0000] {processor.py:153} INFO - Started process (PID=422) to work on /home/airflow/.local/lib/python3.7/site-packages/airflow/example_dags/tutorial_dag.py
[2024-08-13T10:49:39.201+0000] {processor.py:743} INFO - Processing file /home/airflow/.local/lib/python3.7/site-packages/airflow/example_dags/tutorial_dag.py for tasks to queue
[2024-08-13T10:49:39.202+0000] {logging_mixin.py:137} INFO - [2024-08-13T10:49:39.202+0000] {dagbag.py:538} INFO - Filling up the DagBag from /home/airflow/.local/lib/python3.7/site-packages/airflow/example_dags/tutorial_dag.py
[2024-08-13T10:49:39.237+0000] {processor.py:753} INFO - DAG(s) dict_keys(['tutorial_dag']) retrieved from /home/airflow/.local/lib/python3.7/site-packages/airflow/example_dags/tutorial_dag.py
[2024-08-13T10:49:39.262+0000] {logging_mixin.py:137} INFO - [2024-08-13T10:49:39.262+0000] {dag.py:2690} INFO - Sync 1 DAGs
[2024-08-13T10:49:39.406+0000] {logging_mixin.py:137} INFO - [2024-08-13T10:49:39.406+0000] {dag.py:3441} INFO - Setting next_dagrun for tutorial_dag to None, run_after=None
[2024-08-13T10:49:39.543+0000] {processor.py:175} INFO - Processing /home/airflow/.local/lib/python3.7/site-packages/airflow/example_dags/tutorial_dag.py took 0.346 seconds
[2024-08-13T10:50:09.777+0000] {processor.py:153} INFO - Started process (PID=480) to work on /home/airflow/.local/lib/python3.7/site-packages/airflow/example_dags/tutorial_dag.py
[2024-08-13T10:50:09.786+0000] {processor.py:743} INFO - Processing file /home/airflow/.local/lib/python3.7/site-packages/airflow/example_dags/tutorial_dag.py for tasks to queue
[2024-08-13T10:50:09.787+0000] {logging_mixin.py:137} INFO - [2024-08-13T10:50:09.786+0000] {dagbag.py:538} INFO - Filling up the DagBag from /home/airflow/.local/lib/python3.7/site-packages/airflow/example_dags/tutorial_dag.py
[2024-08-13T10:50:09.841+0000] {processor.py:753} INFO - DAG(s) dict_keys(['tutorial_dag']) retrieved from /home/airflow/.local/lib/python3.7/site-packages/airflow/example_dags/tutorial_dag.py
[2024-08-13T10:50:09.920+0000] {logging_mixin.py:137} INFO - [2024-08-13T10:50:09.919+0000] {dag.py:2690} INFO - Sync 1 DAGs
[2024-08-13T10:50:09.998+0000] {logging_mixin.py:137} INFO - [2024-08-13T10:50:09.998+0000] {dag.py:3441} INFO - Setting next_dagrun for tutorial_dag to None, run_after=None
[2024-08-13T10:50:10.046+0000] {processor.py:175} INFO - Processing /home/airflow/.local/lib/python3.7/site-packages/airflow/example_dags/tutorial_dag.py took 0.278 seconds
[2024-08-13T11:04:57.028+0000] {processor.py:153} INFO - Started process (PID=55) to work on /home/airflow/.local/lib/python3.7/site-packages/airflow/example_dags/tutorial_dag.py
[2024-08-13T11:04:57.032+0000] {processor.py:743} INFO - Processing file /home/airflow/.local/lib/python3.7/site-packages/airflow/example_dags/tutorial_dag.py for tasks to queue
[2024-08-13T11:04:57.032+0000] {logging_mixin.py:137} INFO - [2024-08-13T11:04:57.032+0000] {dagbag.py:538} INFO - Filling up the DagBag from /home/airflow/.local/lib/python3.7/site-packages/airflow/example_dags/tutorial_dag.py
[2024-08-13T11:04:57.091+0000] {processor.py:753} INFO - DAG(s) dict_keys(['tutorial_dag']) retrieved from /home/airflow/.local/lib/python3.7/site-packages/airflow/example_dags/tutorial_dag.py
[2024-08-13T11:04:57.182+0000] {logging_mixin.py:137} INFO - [2024-08-13T11:04:57.182+0000] {dag.py:2690} INFO - Sync 1 DAGs
[2024-08-13T11:04:57.256+0000] {logging_mixin.py:137} INFO - [2024-08-13T11:04:57.256+0000] {dag.py:3441} INFO - Setting next_dagrun for tutorial_dag to None, run_after=None
[2024-08-13T11:04:57.333+0000] {processor.py:175} INFO - Processing /home/airflow/.local/lib/python3.7/site-packages/airflow/example_dags/tutorial_dag.py took 0.314 seconds
[2024-08-13T11:05:27.876+0000] {processor.py:153} INFO - Started process (PID=113) to work on /home/airflow/.local/lib/python3.7/site-packages/airflow/example_dags/tutorial_dag.py
[2024-08-13T11:05:27.880+0000] {processor.py:743} INFO - Processing file /home/airflow/.local/lib/python3.7/site-packages/airflow/example_dags/tutorial_dag.py for tasks to queue
[2024-08-13T11:05:27.880+0000] {logging_mixin.py:137} INFO - [2024-08-13T11:05:27.880+0000] {dagbag.py:538} INFO - Filling up the DagBag from /home/airflow/.local/lib/python3.7/site-packages/airflow/example_dags/tutorial_dag.py
[2024-08-13T11:05:27.896+0000] {processor.py:753} INFO - DAG(s) dict_keys(['tutorial_dag']) retrieved from /home/airflow/.local/lib/python3.7/site-packages/airflow/example_dags/tutorial_dag.py
[2024-08-13T11:05:27.929+0000] {logging_mixin.py:137} INFO - [2024-08-13T11:05:27.929+0000] {dag.py:2690} INFO - Sync 1 DAGs
[2024-08-13T11:05:28.042+0000] {logging_mixin.py:137} INFO - [2024-08-13T11:05:28.041+0000] {dag.py:3441} INFO - Setting next_dagrun for tutorial_dag to None, run_after=None
[2024-08-13T11:05:28.214+0000] {processor.py:175} INFO - Processing /home/airflow/.local/lib/python3.7/site-packages/airflow/example_dags/tutorial_dag.py took 0.357 seconds
[2024-08-13T11:05:58.547+0000] {processor.py:153} INFO - Started process (PID=172) to work on /home/airflow/.local/lib/python3.7/site-packages/airflow/example_dags/tutorial_dag.py
[2024-08-13T11:05:58.548+0000] {processor.py:743} INFO - Processing file /home/airflow/.local/lib/python3.7/site-packages/airflow/example_dags/tutorial_dag.py for tasks to queue
[2024-08-13T11:05:58.549+0000] {logging_mixin.py:137} INFO - [2024-08-13T11:05:58.549+0000] {dagbag.py:538} INFO - Filling up the DagBag from /home/airflow/.local/lib/python3.7/site-packages/airflow/example_dags/tutorial_dag.py
[2024-08-13T11:05:58.564+0000] {processor.py:753} INFO - DAG(s) dict_keys(['tutorial_dag']) retrieved from /home/airflow/.local/lib/python3.7/site-packages/airflow/example_dags/tutorial_dag.py
[2024-08-13T11:05:58.595+0000] {logging_mixin.py:137} INFO - [2024-08-13T11:05:58.595+0000] {dag.py:2690} INFO - Sync 1 DAGs
[2024-08-13T11:05:58.625+0000] {logging_mixin.py:137} INFO - [2024-08-13T11:05:58.625+0000] {dag.py:3441} INFO - Setting next_dagrun for tutorial_dag to None, run_after=None
[2024-08-13T11:05:58.649+0000] {processor.py:175} INFO - Processing /home/airflow/.local/lib/python3.7/site-packages/airflow/example_dags/tutorial_dag.py took 0.105 seconds
[2024-08-13T11:06:28.875+0000] {processor.py:153} INFO - Started process (PID=231) to work on /home/airflow/.local/lib/python3.7/site-packages/airflow/example_dags/tutorial_dag.py
[2024-08-13T11:06:28.876+0000] {processor.py:743} INFO - Processing file /home/airflow/.local/lib/python3.7/site-packages/airflow/example_dags/tutorial_dag.py for tasks to queue
[2024-08-13T11:06:28.876+0000] {logging_mixin.py:137} INFO - [2024-08-13T11:06:28.876+0000] {dagbag.py:538} INFO - Filling up the DagBag from /home/airflow/.local/lib/python3.7/site-packages/airflow/example_dags/tutorial_dag.py
[2024-08-13T11:06:28.891+0000] {processor.py:753} INFO - DAG(s) dict_keys(['tutorial_dag']) retrieved from /home/airflow/.local/lib/python3.7/site-packages/airflow/example_dags/tutorial_dag.py
[2024-08-13T11:06:28.920+0000] {logging_mixin.py:137} INFO - [2024-08-13T11:06:28.920+0000] {dag.py:2690} INFO - Sync 1 DAGs
[2024-08-13T11:06:28.957+0000] {logging_mixin.py:137} INFO - [2024-08-13T11:06:28.957+0000] {dag.py:3441} INFO - Setting next_dagrun for tutorial_dag to None, run_after=None
[2024-08-13T11:06:28.986+0000] {processor.py:175} INFO - Processing /home/airflow/.local/lib/python3.7/site-packages/airflow/example_dags/tutorial_dag.py took 0.115 seconds
