[2024-08-13T10:46:30.206+0000] {processor.py:153} INFO - Started process (PID=60) to work on /home/airflow/.local/lib/python3.7/site-packages/airflow/example_dags/tutorial_taskflow_api.py
[2024-08-13T10:46:30.207+0000] {processor.py:743} INFO - Processing file /home/airflow/.local/lib/python3.7/site-packages/airflow/example_dags/tutorial_taskflow_api.py for tasks to queue
[2024-08-13T10:46:30.208+0000] {logging_mixin.py:137} INFO - [2024-08-13T10:46:30.207+0000] {dagbag.py:538} INFO - Filling up the DagBag from /home/airflow/.local/lib/python3.7/site-packages/airflow/example_dags/tutorial_taskflow_api.py
[2024-08-13T10:46:30.361+0000] {processor.py:753} INFO - DAG(s) dict_keys(['tutorial_taskflow_api']) retrieved from /home/airflow/.local/lib/python3.7/site-packages/airflow/example_dags/tutorial_taskflow_api.py
[2024-08-13T10:46:31.182+0000] {logging_mixin.py:137} INFO - [2024-08-13T10:46:31.181+0000] {manager.py:504} INFO - Created Permission View: can delete on DAG:tutorial_taskflow_api
[2024-08-13T10:46:31.285+0000] {logging_mixin.py:137} INFO - [2024-08-13T10:46:31.285+0000] {manager.py:504} INFO - Created Permission View: can edit on DAG:tutorial_taskflow_api
[2024-08-13T10:46:31.322+0000] {logging_mixin.py:137} INFO - [2024-08-13T10:46:31.322+0000] {manager.py:504} INFO - Created Permission View: can read on DAG:tutorial_taskflow_api
[2024-08-13T10:46:31.323+0000] {logging_mixin.py:137} INFO - [2024-08-13T10:46:31.323+0000] {dag.py:2690} INFO - Sync 1 DAGs
[2024-08-13T10:46:31.411+0000] {logging_mixin.py:137} INFO - [2024-08-13T10:46:31.411+0000] {dag.py:2711} INFO - Creating ORM DAG for tutorial_taskflow_api
[2024-08-13T10:46:31.528+0000] {logging_mixin.py:137} INFO - [2024-08-13T10:46:31.528+0000] {dag.py:3441} INFO - Setting next_dagrun for tutorial_taskflow_api to None, run_after=None
[2024-08-13T10:46:31.732+0000] {processor.py:175} INFO - Processing /home/airflow/.local/lib/python3.7/site-packages/airflow/example_dags/tutorial_taskflow_api.py took 1.562 seconds
[2024-08-13T10:47:02.518+0000] {processor.py:153} INFO - Started process (PID=119) to work on /home/airflow/.local/lib/python3.7/site-packages/airflow/example_dags/tutorial_taskflow_api.py
[2024-08-13T10:47:02.519+0000] {processor.py:743} INFO - Processing file /home/airflow/.local/lib/python3.7/site-packages/airflow/example_dags/tutorial_taskflow_api.py for tasks to queue
[2024-08-13T10:47:02.521+0000] {logging_mixin.py:137} INFO - [2024-08-13T10:47:02.520+0000] {dagbag.py:538} INFO - Filling up the DagBag from /home/airflow/.local/lib/python3.7/site-packages/airflow/example_dags/tutorial_taskflow_api.py
[2024-08-13T10:47:02.586+0000] {processor.py:753} INFO - DAG(s) dict_keys(['tutorial_taskflow_api']) retrieved from /home/airflow/.local/lib/python3.7/site-packages/airflow/example_dags/tutorial_taskflow_api.py
[2024-08-13T10:47:02.678+0000] {logging_mixin.py:137} INFO - [2024-08-13T10:47:02.678+0000] {dag.py:2690} INFO - Sync 1 DAGs
[2024-08-13T10:47:02.794+0000] {logging_mixin.py:137} INFO - [2024-08-13T10:47:02.794+0000] {dag.py:3441} INFO - Setting next_dagrun for tutorial_taskflow_api to None, run_after=None
[2024-08-13T10:47:02.869+0000] {processor.py:175} INFO - Processing /home/airflow/.local/lib/python3.7/site-packages/airflow/example_dags/tutorial_taskflow_api.py took 0.362 seconds
[2024-08-13T10:47:33.587+0000] {processor.py:153} INFO - Started process (PID=185) to work on /home/airflow/.local/lib/python3.7/site-packages/airflow/example_dags/tutorial_taskflow_api.py
[2024-08-13T10:47:33.617+0000] {processor.py:743} INFO - Processing file /home/airflow/.local/lib/python3.7/site-packages/airflow/example_dags/tutorial_taskflow_api.py for tasks to queue
[2024-08-13T10:47:33.618+0000] {logging_mixin.py:137} INFO - [2024-08-13T10:47:33.618+0000] {dagbag.py:538} INFO - Filling up the DagBag from /home/airflow/.local/lib/python3.7/site-packages/airflow/example_dags/tutorial_taskflow_api.py
[2024-08-13T10:47:33.812+0000] {processor.py:753} INFO - DAG(s) dict_keys(['tutorial_taskflow_api']) retrieved from /home/airflow/.local/lib/python3.7/site-packages/airflow/example_dags/tutorial_taskflow_api.py
[2024-08-13T10:47:33.892+0000] {logging_mixin.py:137} INFO - [2024-08-13T10:47:33.891+0000] {dag.py:2690} INFO - Sync 1 DAGs
[2024-08-13T10:47:34.010+0000] {logging_mixin.py:137} INFO - [2024-08-13T10:47:34.010+0000] {dag.py:3441} INFO - Setting next_dagrun for tutorial_taskflow_api to None, run_after=None
[2024-08-13T10:47:34.120+0000] {processor.py:175} INFO - Processing /home/airflow/.local/lib/python3.7/site-packages/airflow/example_dags/tutorial_taskflow_api.py took 0.549 seconds
[2024-08-13T10:48:04.185+0000] {processor.py:153} INFO - Started process (PID=245) to work on /home/airflow/.local/lib/python3.7/site-packages/airflow/example_dags/tutorial_taskflow_api.py
[2024-08-13T10:48:04.186+0000] {processor.py:743} INFO - Processing file /home/airflow/.local/lib/python3.7/site-packages/airflow/example_dags/tutorial_taskflow_api.py for tasks to queue
[2024-08-13T10:48:04.187+0000] {logging_mixin.py:137} INFO - [2024-08-13T10:48:04.187+0000] {dagbag.py:538} INFO - Filling up the DagBag from /home/airflow/.local/lib/python3.7/site-packages/airflow/example_dags/tutorial_taskflow_api.py
[2024-08-13T10:48:04.207+0000] {processor.py:753} INFO - DAG(s) dict_keys(['tutorial_taskflow_api']) retrieved from /home/airflow/.local/lib/python3.7/site-packages/airflow/example_dags/tutorial_taskflow_api.py
[2024-08-13T10:48:04.227+0000] {logging_mixin.py:137} INFO - [2024-08-13T10:48:04.227+0000] {dag.py:2690} INFO - Sync 1 DAGs
[2024-08-13T10:48:04.247+0000] {logging_mixin.py:137} INFO - [2024-08-13T10:48:04.247+0000] {dag.py:3441} INFO - Setting next_dagrun for tutorial_taskflow_api to None, run_after=None
[2024-08-13T10:48:04.269+0000] {processor.py:175} INFO - Processing /home/airflow/.local/lib/python3.7/site-packages/airflow/example_dags/tutorial_taskflow_api.py took 0.086 seconds
[2024-08-13T10:48:34.419+0000] {processor.py:153} INFO - Started process (PID=302) to work on /home/airflow/.local/lib/python3.7/site-packages/airflow/example_dags/tutorial_taskflow_api.py
[2024-08-13T10:48:34.420+0000] {processor.py:743} INFO - Processing file /home/airflow/.local/lib/python3.7/site-packages/airflow/example_dags/tutorial_taskflow_api.py for tasks to queue
[2024-08-13T10:48:34.421+0000] {logging_mixin.py:137} INFO - [2024-08-13T10:48:34.420+0000] {dagbag.py:538} INFO - Filling up the DagBag from /home/airflow/.local/lib/python3.7/site-packages/airflow/example_dags/tutorial_taskflow_api.py
[2024-08-13T10:48:34.479+0000] {processor.py:753} INFO - DAG(s) dict_keys(['tutorial_taskflow_api']) retrieved from /home/airflow/.local/lib/python3.7/site-packages/airflow/example_dags/tutorial_taskflow_api.py
[2024-08-13T10:48:34.531+0000] {logging_mixin.py:137} INFO - [2024-08-13T10:48:34.530+0000] {dag.py:2690} INFO - Sync 1 DAGs
[2024-08-13T10:48:34.627+0000] {logging_mixin.py:137} INFO - [2024-08-13T10:48:34.627+0000] {dag.py:3441} INFO - Setting next_dagrun for tutorial_taskflow_api to None, run_after=None
[2024-08-13T10:48:34.684+0000] {processor.py:175} INFO - Processing /home/airflow/.local/lib/python3.7/site-packages/airflow/example_dags/tutorial_taskflow_api.py took 0.273 seconds
[2024-08-13T10:49:04.844+0000] {processor.py:153} INFO - Started process (PID=360) to work on /home/airflow/.local/lib/python3.7/site-packages/airflow/example_dags/tutorial_taskflow_api.py
[2024-08-13T10:49:04.865+0000] {processor.py:743} INFO - Processing file /home/airflow/.local/lib/python3.7/site-packages/airflow/example_dags/tutorial_taskflow_api.py for tasks to queue
[2024-08-13T10:49:04.866+0000] {logging_mixin.py:137} INFO - [2024-08-13T10:49:04.866+0000] {dagbag.py:538} INFO - Filling up the DagBag from /home/airflow/.local/lib/python3.7/site-packages/airflow/example_dags/tutorial_taskflow_api.py
[2024-08-13T10:49:05.000+0000] {processor.py:753} INFO - DAG(s) dict_keys(['tutorial_taskflow_api']) retrieved from /home/airflow/.local/lib/python3.7/site-packages/airflow/example_dags/tutorial_taskflow_api.py
[2024-08-13T10:49:05.231+0000] {logging_mixin.py:137} INFO - [2024-08-13T10:49:05.231+0000] {dag.py:2690} INFO - Sync 1 DAGs
[2024-08-13T10:49:05.354+0000] {logging_mixin.py:137} INFO - [2024-08-13T10:49:05.354+0000] {dag.py:3441} INFO - Setting next_dagrun for tutorial_taskflow_api to None, run_after=None
[2024-08-13T10:49:05.506+0000] {processor.py:175} INFO - Processing /home/airflow/.local/lib/python3.7/site-packages/airflow/example_dags/tutorial_taskflow_api.py took 0.666 seconds
[2024-08-13T10:49:36.160+0000] {processor.py:153} INFO - Started process (PID=417) to work on /home/airflow/.local/lib/python3.7/site-packages/airflow/example_dags/tutorial_taskflow_api.py
[2024-08-13T10:49:36.169+0000] {processor.py:743} INFO - Processing file /home/airflow/.local/lib/python3.7/site-packages/airflow/example_dags/tutorial_taskflow_api.py for tasks to queue
[2024-08-13T10:49:36.174+0000] {logging_mixin.py:137} INFO - [2024-08-13T10:49:36.174+0000] {dagbag.py:538} INFO - Filling up the DagBag from /home/airflow/.local/lib/python3.7/site-packages/airflow/example_dags/tutorial_taskflow_api.py
[2024-08-13T10:49:36.226+0000] {processor.py:753} INFO - DAG(s) dict_keys(['tutorial_taskflow_api']) retrieved from /home/airflow/.local/lib/python3.7/site-packages/airflow/example_dags/tutorial_taskflow_api.py
[2024-08-13T10:49:36.346+0000] {logging_mixin.py:137} INFO - [2024-08-13T10:49:36.346+0000] {dag.py:2690} INFO - Sync 1 DAGs
[2024-08-13T10:49:36.502+0000] {logging_mixin.py:137} INFO - [2024-08-13T10:49:36.502+0000] {dag.py:3441} INFO - Setting next_dagrun for tutorial_taskflow_api to None, run_after=None
[2024-08-13T10:49:36.575+0000] {processor.py:175} INFO - Processing /home/airflow/.local/lib/python3.7/site-packages/airflow/example_dags/tutorial_taskflow_api.py took 0.470 seconds
[2024-08-13T10:50:06.682+0000] {processor.py:153} INFO - Started process (PID=473) to work on /home/airflow/.local/lib/python3.7/site-packages/airflow/example_dags/tutorial_taskflow_api.py
[2024-08-13T10:50:06.683+0000] {processor.py:743} INFO - Processing file /home/airflow/.local/lib/python3.7/site-packages/airflow/example_dags/tutorial_taskflow_api.py for tasks to queue
[2024-08-13T10:50:06.684+0000] {logging_mixin.py:137} INFO - [2024-08-13T10:50:06.684+0000] {dagbag.py:538} INFO - Filling up the DagBag from /home/airflow/.local/lib/python3.7/site-packages/airflow/example_dags/tutorial_taskflow_api.py
[2024-08-13T10:50:06.715+0000] {processor.py:753} INFO - DAG(s) dict_keys(['tutorial_taskflow_api']) retrieved from /home/airflow/.local/lib/python3.7/site-packages/airflow/example_dags/tutorial_taskflow_api.py
[2024-08-13T10:50:06.802+0000] {logging_mixin.py:137} INFO - [2024-08-13T10:50:06.802+0000] {dag.py:2690} INFO - Sync 1 DAGs
[2024-08-13T10:50:06.910+0000] {logging_mixin.py:137} INFO - [2024-08-13T10:50:06.909+0000] {dag.py:3441} INFO - Setting next_dagrun for tutorial_taskflow_api to None, run_after=None
[2024-08-13T10:50:06.961+0000] {processor.py:175} INFO - Processing /home/airflow/.local/lib/python3.7/site-packages/airflow/example_dags/tutorial_taskflow_api.py took 0.285 seconds
[2024-08-13T11:04:56.363+0000] {processor.py:153} INFO - Started process (PID=51) to work on /home/airflow/.local/lib/python3.7/site-packages/airflow/example_dags/tutorial_taskflow_api.py
[2024-08-13T11:04:56.364+0000] {processor.py:743} INFO - Processing file /home/airflow/.local/lib/python3.7/site-packages/airflow/example_dags/tutorial_taskflow_api.py for tasks to queue
[2024-08-13T11:04:56.365+0000] {logging_mixin.py:137} INFO - [2024-08-13T11:04:56.365+0000] {dagbag.py:538} INFO - Filling up the DagBag from /home/airflow/.local/lib/python3.7/site-packages/airflow/example_dags/tutorial_taskflow_api.py
[2024-08-13T11:04:56.390+0000] {processor.py:753} INFO - DAG(s) dict_keys(['tutorial_taskflow_api']) retrieved from /home/airflow/.local/lib/python3.7/site-packages/airflow/example_dags/tutorial_taskflow_api.py
[2024-08-13T11:04:56.421+0000] {logging_mixin.py:137} INFO - [2024-08-13T11:04:56.421+0000] {dag.py:2690} INFO - Sync 1 DAGs
[2024-08-13T11:04:56.457+0000] {logging_mixin.py:137} INFO - [2024-08-13T11:04:56.457+0000] {dag.py:3441} INFO - Setting next_dagrun for tutorial_taskflow_api to None, run_after=None
[2024-08-13T11:04:56.489+0000] {processor.py:175} INFO - Processing /home/airflow/.local/lib/python3.7/site-packages/airflow/example_dags/tutorial_taskflow_api.py took 0.134 seconds
[2024-08-13T11:05:27.311+0000] {processor.py:153} INFO - Started process (PID=109) to work on /home/airflow/.local/lib/python3.7/site-packages/airflow/example_dags/tutorial_taskflow_api.py
[2024-08-13T11:05:27.318+0000] {processor.py:743} INFO - Processing file /home/airflow/.local/lib/python3.7/site-packages/airflow/example_dags/tutorial_taskflow_api.py for tasks to queue
[2024-08-13T11:05:27.319+0000] {logging_mixin.py:137} INFO - [2024-08-13T11:05:27.319+0000] {dagbag.py:538} INFO - Filling up the DagBag from /home/airflow/.local/lib/python3.7/site-packages/airflow/example_dags/tutorial_taskflow_api.py
[2024-08-13T11:05:27.422+0000] {processor.py:753} INFO - DAG(s) dict_keys(['tutorial_taskflow_api']) retrieved from /home/airflow/.local/lib/python3.7/site-packages/airflow/example_dags/tutorial_taskflow_api.py
[2024-08-13T11:05:27.491+0000] {logging_mixin.py:137} INFO - [2024-08-13T11:05:27.490+0000] {dag.py:2690} INFO - Sync 1 DAGs
[2024-08-13T11:05:27.563+0000] {logging_mixin.py:137} INFO - [2024-08-13T11:05:27.563+0000] {dag.py:3441} INFO - Setting next_dagrun for tutorial_taskflow_api to None, run_after=None
[2024-08-13T11:05:27.598+0000] {processor.py:175} INFO - Processing /home/airflow/.local/lib/python3.7/site-packages/airflow/example_dags/tutorial_taskflow_api.py took 0.291 seconds
[2024-08-13T11:05:58.277+0000] {processor.py:153} INFO - Started process (PID=168) to work on /home/airflow/.local/lib/python3.7/site-packages/airflow/example_dags/tutorial_taskflow_api.py
[2024-08-13T11:05:58.278+0000] {processor.py:743} INFO - Processing file /home/airflow/.local/lib/python3.7/site-packages/airflow/example_dags/tutorial_taskflow_api.py for tasks to queue
[2024-08-13T11:05:58.279+0000] {logging_mixin.py:137} INFO - [2024-08-13T11:05:58.278+0000] {dagbag.py:538} INFO - Filling up the DagBag from /home/airflow/.local/lib/python3.7/site-packages/airflow/example_dags/tutorial_taskflow_api.py
[2024-08-13T11:05:58.296+0000] {processor.py:753} INFO - DAG(s) dict_keys(['tutorial_taskflow_api']) retrieved from /home/airflow/.local/lib/python3.7/site-packages/airflow/example_dags/tutorial_taskflow_api.py
[2024-08-13T11:05:58.316+0000] {logging_mixin.py:137} INFO - [2024-08-13T11:05:58.316+0000] {dag.py:2690} INFO - Sync 1 DAGs
[2024-08-13T11:05:58.336+0000] {logging_mixin.py:137} INFO - [2024-08-13T11:05:58.336+0000] {dag.py:3441} INFO - Setting next_dagrun for tutorial_taskflow_api to None, run_after=None
[2024-08-13T11:05:58.356+0000] {processor.py:175} INFO - Processing /home/airflow/.local/lib/python3.7/site-packages/airflow/example_dags/tutorial_taskflow_api.py took 0.081 seconds
[2024-08-13T11:06:28.568+0000] {processor.py:153} INFO - Started process (PID=227) to work on /home/airflow/.local/lib/python3.7/site-packages/airflow/example_dags/tutorial_taskflow_api.py
[2024-08-13T11:06:28.569+0000] {processor.py:743} INFO - Processing file /home/airflow/.local/lib/python3.7/site-packages/airflow/example_dags/tutorial_taskflow_api.py for tasks to queue
[2024-08-13T11:06:28.570+0000] {logging_mixin.py:137} INFO - [2024-08-13T11:06:28.569+0000] {dagbag.py:538} INFO - Filling up the DagBag from /home/airflow/.local/lib/python3.7/site-packages/airflow/example_dags/tutorial_taskflow_api.py
[2024-08-13T11:06:28.587+0000] {processor.py:753} INFO - DAG(s) dict_keys(['tutorial_taskflow_api']) retrieved from /home/airflow/.local/lib/python3.7/site-packages/airflow/example_dags/tutorial_taskflow_api.py
[2024-08-13T11:06:28.608+0000] {logging_mixin.py:137} INFO - [2024-08-13T11:06:28.608+0000] {dag.py:2690} INFO - Sync 1 DAGs
[2024-08-13T11:06:28.628+0000] {logging_mixin.py:137} INFO - [2024-08-13T11:06:28.628+0000] {dag.py:3441} INFO - Setting next_dagrun for tutorial_taskflow_api to None, run_after=None
[2024-08-13T11:06:28.648+0000] {processor.py:175} INFO - Processing /home/airflow/.local/lib/python3.7/site-packages/airflow/example_dags/tutorial_taskflow_api.py took 0.082 seconds
