[2024-08-13T10:46:42.780+0000] {processor.py:153} INFO - Started process (PID=92) to work on /home/airflow/.local/lib/python3.7/site-packages/airflow/example_dags/tutorial.py
[2024-08-13T10:46:42.781+0000] {processor.py:743} INFO - Processing file /home/airflow/.local/lib/python3.7/site-packages/airflow/example_dags/tutorial.py for tasks to queue
[2024-08-13T10:46:42.782+0000] {logging_mixin.py:137} INFO - [2024-08-13T10:46:42.782+0000] {dagbag.py:538} INFO - Filling up the DagBag from /home/airflow/.local/lib/python3.7/site-packages/airflow/example_dags/tutorial.py
[2024-08-13T10:46:42.811+0000] {processor.py:753} INFO - DAG(s) dict_keys(['tutorial']) retrieved from /home/airflow/.local/lib/python3.7/site-packages/airflow/example_dags/tutorial.py
[2024-08-13T10:46:42.970+0000] {logging_mixin.py:137} INFO - [2024-08-13T10:46:42.970+0000] {manager.py:504} INFO - Created Permission View: can delete on DAG:tutorial
[2024-08-13T10:46:42.988+0000] {logging_mixin.py:137} INFO - [2024-08-13T10:46:42.988+0000] {manager.py:504} INFO - Created Permission View: can edit on DAG:tutorial
[2024-08-13T10:46:43.002+0000] {logging_mixin.py:137} INFO - [2024-08-13T10:46:43.002+0000] {manager.py:504} INFO - Created Permission View: can read on DAG:tutorial
[2024-08-13T10:46:43.002+0000] {logging_mixin.py:137} INFO - [2024-08-13T10:46:43.002+0000] {dag.py:2690} INFO - Sync 1 DAGs
[2024-08-13T10:46:43.016+0000] {logging_mixin.py:137} INFO - [2024-08-13T10:46:43.016+0000] {dag.py:2711} INFO - Creating ORM DAG for tutorial
[2024-08-13T10:46:43.028+0000] {logging_mixin.py:137} INFO - [2024-08-13T10:46:43.028+0000] {dag.py:3441} INFO - Setting next_dagrun for tutorial to 2024-08-12T10:46:43.027801+00:00, run_after=2024-08-13T10:46:43.027801+00:00
[2024-08-13T10:46:43.052+0000] {processor.py:175} INFO - Processing /home/airflow/.local/lib/python3.7/site-packages/airflow/example_dags/tutorial.py took 0.276 seconds
[2024-08-13T10:47:13.544+0000] {processor.py:153} INFO - Started process (PID=150) to work on /home/airflow/.local/lib/python3.7/site-packages/airflow/example_dags/tutorial.py
[2024-08-13T10:47:13.545+0000] {processor.py:743} INFO - Processing file /home/airflow/.local/lib/python3.7/site-packages/airflow/example_dags/tutorial.py for tasks to queue
[2024-08-13T10:47:13.546+0000] {logging_mixin.py:137} INFO - [2024-08-13T10:47:13.546+0000] {dagbag.py:538} INFO - Filling up the DagBag from /home/airflow/.local/lib/python3.7/site-packages/airflow/example_dags/tutorial.py
[2024-08-13T10:47:13.562+0000] {processor.py:753} INFO - DAG(s) dict_keys(['tutorial']) retrieved from /home/airflow/.local/lib/python3.7/site-packages/airflow/example_dags/tutorial.py
[2024-08-13T10:47:13.602+0000] {logging_mixin.py:137} INFO - [2024-08-13T10:47:13.601+0000] {dag.py:2690} INFO - Sync 1 DAGs
[2024-08-13T10:47:13.636+0000] {logging_mixin.py:137} INFO - [2024-08-13T10:47:13.636+0000] {dag.py:3441} INFO - Setting next_dagrun for tutorial to 2024-08-12T10:47:13.636254+00:00, run_after=2024-08-13T10:47:13.636254+00:00
[2024-08-13T10:47:13.693+0000] {processor.py:175} INFO - Processing /home/airflow/.local/lib/python3.7/site-packages/airflow/example_dags/tutorial.py took 0.152 seconds
[2024-08-13T10:47:44.215+0000] {processor.py:153} INFO - Started process (PID=208) to work on /home/airflow/.local/lib/python3.7/site-packages/airflow/example_dags/tutorial.py
[2024-08-13T10:47:44.216+0000] {processor.py:743} INFO - Processing file /home/airflow/.local/lib/python3.7/site-packages/airflow/example_dags/tutorial.py for tasks to queue
[2024-08-13T10:47:44.216+0000] {logging_mixin.py:137} INFO - [2024-08-13T10:47:44.216+0000] {dagbag.py:538} INFO - Filling up the DagBag from /home/airflow/.local/lib/python3.7/site-packages/airflow/example_dags/tutorial.py
[2024-08-13T10:47:44.233+0000] {processor.py:753} INFO - DAG(s) dict_keys(['tutorial']) retrieved from /home/airflow/.local/lib/python3.7/site-packages/airflow/example_dags/tutorial.py
[2024-08-13T10:47:44.248+0000] {logging_mixin.py:137} INFO - [2024-08-13T10:47:44.248+0000] {dag.py:2690} INFO - Sync 1 DAGs
[2024-08-13T10:47:44.300+0000] {logging_mixin.py:137} INFO - [2024-08-13T10:47:44.300+0000] {dag.py:3441} INFO - Setting next_dagrun for tutorial to 2024-08-12T10:47:44.300380+00:00, run_after=2024-08-13T10:47:44.300380+00:00
[2024-08-13T10:47:44.329+0000] {processor.py:175} INFO - Processing /home/airflow/.local/lib/python3.7/site-packages/airflow/example_dags/tutorial.py took 0.120 seconds
[2024-08-13T10:48:15.736+0000] {processor.py:153} INFO - Started process (PID=275) to work on /home/airflow/.local/lib/python3.7/site-packages/airflow/example_dags/tutorial.py
[2024-08-13T10:48:15.738+0000] {processor.py:743} INFO - Processing file /home/airflow/.local/lib/python3.7/site-packages/airflow/example_dags/tutorial.py for tasks to queue
[2024-08-13T10:48:15.739+0000] {logging_mixin.py:137} INFO - [2024-08-13T10:48:15.738+0000] {dagbag.py:538} INFO - Filling up the DagBag from /home/airflow/.local/lib/python3.7/site-packages/airflow/example_dags/tutorial.py
[2024-08-13T10:48:15.778+0000] {processor.py:753} INFO - DAG(s) dict_keys(['tutorial']) retrieved from /home/airflow/.local/lib/python3.7/site-packages/airflow/example_dags/tutorial.py
[2024-08-13T10:48:15.825+0000] {logging_mixin.py:137} INFO - [2024-08-13T10:48:15.825+0000] {dag.py:2690} INFO - Sync 1 DAGs
[2024-08-13T10:48:15.858+0000] {logging_mixin.py:137} INFO - [2024-08-13T10:48:15.858+0000] {dag.py:3441} INFO - Setting next_dagrun for tutorial to 2024-08-12T10:48:15.857777+00:00, run_after=2024-08-13T10:48:15.857777+00:00
[2024-08-13T10:48:15.916+0000] {processor.py:175} INFO - Processing /home/airflow/.local/lib/python3.7/site-packages/airflow/example_dags/tutorial.py took 0.190 seconds
[2024-08-13T10:48:46.513+0000] {processor.py:153} INFO - Started process (PID=331) to work on /home/airflow/.local/lib/python3.7/site-packages/airflow/example_dags/tutorial.py
[2024-08-13T10:48:46.517+0000] {processor.py:743} INFO - Processing file /home/airflow/.local/lib/python3.7/site-packages/airflow/example_dags/tutorial.py for tasks to queue
[2024-08-13T10:48:46.518+0000] {logging_mixin.py:137} INFO - [2024-08-13T10:48:46.518+0000] {dagbag.py:538} INFO - Filling up the DagBag from /home/airflow/.local/lib/python3.7/site-packages/airflow/example_dags/tutorial.py
[2024-08-13T10:48:46.586+0000] {processor.py:753} INFO - DAG(s) dict_keys(['tutorial']) retrieved from /home/airflow/.local/lib/python3.7/site-packages/airflow/example_dags/tutorial.py
[2024-08-13T10:48:46.641+0000] {logging_mixin.py:137} INFO - [2024-08-13T10:48:46.640+0000] {dag.py:2690} INFO - Sync 1 DAGs
[2024-08-13T10:48:46.766+0000] {logging_mixin.py:137} INFO - [2024-08-13T10:48:46.766+0000] {dag.py:3441} INFO - Setting next_dagrun for tutorial to 2024-08-12T10:48:46.765830+00:00, run_after=2024-08-13T10:48:46.765830+00:00
[2024-08-13T10:48:46.862+0000] {processor.py:175} INFO - Processing /home/airflow/.local/lib/python3.7/site-packages/airflow/example_dags/tutorial.py took 0.361 seconds
[2024-08-13T10:49:17.068+0000] {processor.py:153} INFO - Started process (PID=382) to work on /home/airflow/.local/lib/python3.7/site-packages/airflow/example_dags/tutorial.py
[2024-08-13T10:49:17.089+0000] {processor.py:743} INFO - Processing file /home/airflow/.local/lib/python3.7/site-packages/airflow/example_dags/tutorial.py for tasks to queue
[2024-08-13T10:49:17.094+0000] {logging_mixin.py:137} INFO - [2024-08-13T10:49:17.094+0000] {dagbag.py:538} INFO - Filling up the DagBag from /home/airflow/.local/lib/python3.7/site-packages/airflow/example_dags/tutorial.py
[2024-08-13T10:49:17.160+0000] {processor.py:753} INFO - DAG(s) dict_keys(['tutorial']) retrieved from /home/airflow/.local/lib/python3.7/site-packages/airflow/example_dags/tutorial.py
[2024-08-13T10:49:17.247+0000] {logging_mixin.py:137} INFO - [2024-08-13T10:49:17.247+0000] {dag.py:2690} INFO - Sync 1 DAGs
[2024-08-13T10:49:17.359+0000] {logging_mixin.py:137} INFO - [2024-08-13T10:49:17.358+0000] {dag.py:3441} INFO - Setting next_dagrun for tutorial to 2024-08-12T10:49:17.358672+00:00, run_after=2024-08-13T10:49:17.358672+00:00
[2024-08-13T10:49:17.386+0000] {processor.py:175} INFO - Processing /home/airflow/.local/lib/python3.7/site-packages/airflow/example_dags/tutorial.py took 0.341 seconds
[2024-08-13T10:49:47.526+0000] {processor.py:153} INFO - Started process (PID=440) to work on /home/airflow/.local/lib/python3.7/site-packages/airflow/example_dags/tutorial.py
[2024-08-13T10:49:47.528+0000] {processor.py:743} INFO - Processing file /home/airflow/.local/lib/python3.7/site-packages/airflow/example_dags/tutorial.py for tasks to queue
[2024-08-13T10:49:47.528+0000] {logging_mixin.py:137} INFO - [2024-08-13T10:49:47.528+0000] {dagbag.py:538} INFO - Filling up the DagBag from /home/airflow/.local/lib/python3.7/site-packages/airflow/example_dags/tutorial.py
[2024-08-13T10:49:47.544+0000] {processor.py:753} INFO - DAG(s) dict_keys(['tutorial']) retrieved from /home/airflow/.local/lib/python3.7/site-packages/airflow/example_dags/tutorial.py
[2024-08-13T10:49:47.566+0000] {logging_mixin.py:137} INFO - [2024-08-13T10:49:47.565+0000] {dag.py:2690} INFO - Sync 1 DAGs
[2024-08-13T10:49:47.598+0000] {logging_mixin.py:137} INFO - [2024-08-13T10:49:47.598+0000] {dag.py:3441} INFO - Setting next_dagrun for tutorial to 2024-08-12T10:49:47.598212+00:00, run_after=2024-08-13T10:49:47.598212+00:00
[2024-08-13T10:49:47.631+0000] {processor.py:175} INFO - Processing /home/airflow/.local/lib/python3.7/site-packages/airflow/example_dags/tutorial.py took 0.117 seconds
[2024-08-13T11:05:02.466+0000] {processor.py:153} INFO - Started process (PID=79) to work on /home/airflow/.local/lib/python3.7/site-packages/airflow/example_dags/tutorial.py
[2024-08-13T11:05:02.469+0000] {processor.py:743} INFO - Processing file /home/airflow/.local/lib/python3.7/site-packages/airflow/example_dags/tutorial.py for tasks to queue
[2024-08-13T11:05:02.470+0000] {logging_mixin.py:137} INFO - [2024-08-13T11:05:02.470+0000] {dagbag.py:538} INFO - Filling up the DagBag from /home/airflow/.local/lib/python3.7/site-packages/airflow/example_dags/tutorial.py
[2024-08-13T11:05:02.607+0000] {processor.py:753} INFO - DAG(s) dict_keys(['tutorial']) retrieved from /home/airflow/.local/lib/python3.7/site-packages/airflow/example_dags/tutorial.py
[2024-08-13T11:05:02.757+0000] {logging_mixin.py:137} INFO - [2024-08-13T11:05:02.757+0000] {dag.py:2690} INFO - Sync 1 DAGs
[2024-08-13T11:05:02.977+0000] {logging_mixin.py:137} INFO - [2024-08-13T11:05:02.977+0000] {dag.py:3441} INFO - Setting next_dagrun for tutorial to 2024-08-12T11:05:02.976769+00:00, run_after=2024-08-13T11:05:02.976769+00:00
[2024-08-13T11:05:03.111+0000] {processor.py:175} INFO - Processing /home/airflow/.local/lib/python3.7/site-packages/airflow/example_dags/tutorial.py took 0.677 seconds
[2024-08-13T11:05:33.592+0000] {processor.py:153} INFO - Started process (PID=131) to work on /home/airflow/.local/lib/python3.7/site-packages/airflow/example_dags/tutorial.py
[2024-08-13T11:05:33.594+0000] {processor.py:743} INFO - Processing file /home/airflow/.local/lib/python3.7/site-packages/airflow/example_dags/tutorial.py for tasks to queue
[2024-08-13T11:05:33.595+0000] {logging_mixin.py:137} INFO - [2024-08-13T11:05:33.594+0000] {dagbag.py:538} INFO - Filling up the DagBag from /home/airflow/.local/lib/python3.7/site-packages/airflow/example_dags/tutorial.py
[2024-08-13T11:05:33.612+0000] {processor.py:753} INFO - DAG(s) dict_keys(['tutorial']) retrieved from /home/airflow/.local/lib/python3.7/site-packages/airflow/example_dags/tutorial.py
[2024-08-13T11:05:33.643+0000] {logging_mixin.py:137} INFO - [2024-08-13T11:05:33.643+0000] {dag.py:2690} INFO - Sync 1 DAGs
[2024-08-13T11:05:33.676+0000] {logging_mixin.py:137} INFO - [2024-08-13T11:05:33.676+0000] {dag.py:3441} INFO - Setting next_dagrun for tutorial to 2024-08-12T11:05:33.676513+00:00, run_after=2024-08-13T11:05:33.676513+00:00
[2024-08-13T11:05:33.702+0000] {processor.py:175} INFO - Processing /home/airflow/.local/lib/python3.7/site-packages/airflow/example_dags/tutorial.py took 0.113 seconds
[2024-08-13T11:06:04.666+0000] {processor.py:153} INFO - Started process (PID=200) to work on /home/airflow/.local/lib/python3.7/site-packages/airflow/example_dags/tutorial.py
[2024-08-13T11:06:04.667+0000] {processor.py:743} INFO - Processing file /home/airflow/.local/lib/python3.7/site-packages/airflow/example_dags/tutorial.py for tasks to queue
[2024-08-13T11:06:04.674+0000] {logging_mixin.py:137} INFO - [2024-08-13T11:06:04.674+0000] {dagbag.py:538} INFO - Filling up the DagBag from /home/airflow/.local/lib/python3.7/site-packages/airflow/example_dags/tutorial.py
[2024-08-13T11:06:04.745+0000] {processor.py:753} INFO - DAG(s) dict_keys(['tutorial']) retrieved from /home/airflow/.local/lib/python3.7/site-packages/airflow/example_dags/tutorial.py
[2024-08-13T11:06:04.842+0000] {logging_mixin.py:137} INFO - [2024-08-13T11:06:04.842+0000] {dag.py:2690} INFO - Sync 1 DAGs
[2024-08-13T11:06:04.937+0000] {logging_mixin.py:137} INFO - [2024-08-13T11:06:04.936+0000] {dag.py:3441} INFO - Setting next_dagrun for tutorial to 2024-08-12T11:06:04.936547+00:00, run_after=2024-08-13T11:06:04.936547+00:00
[2024-08-13T11:06:04.979+0000] {processor.py:175} INFO - Processing /home/airflow/.local/lib/python3.7/site-packages/airflow/example_dags/tutorial.py took 0.332 seconds
[2024-08-13T11:06:35.562+0000] {processor.py:153} INFO - Started process (PID=259) to work on /home/airflow/.local/lib/python3.7/site-packages/airflow/example_dags/tutorial.py
[2024-08-13T11:06:35.563+0000] {processor.py:743} INFO - Processing file /home/airflow/.local/lib/python3.7/site-packages/airflow/example_dags/tutorial.py for tasks to queue
[2024-08-13T11:06:35.563+0000] {logging_mixin.py:137} INFO - [2024-08-13T11:06:35.563+0000] {dagbag.py:538} INFO - Filling up the DagBag from /home/airflow/.local/lib/python3.7/site-packages/airflow/example_dags/tutorial.py
[2024-08-13T11:06:35.582+0000] {processor.py:753} INFO - DAG(s) dict_keys(['tutorial']) retrieved from /home/airflow/.local/lib/python3.7/site-packages/airflow/example_dags/tutorial.py
[2024-08-13T11:06:35.613+0000] {logging_mixin.py:137} INFO - [2024-08-13T11:06:35.612+0000] {dag.py:2690} INFO - Sync 1 DAGs
[2024-08-13T11:06:35.645+0000] {logging_mixin.py:137} INFO - [2024-08-13T11:06:35.645+0000] {dag.py:3441} INFO - Setting next_dagrun for tutorial to 2024-08-12T11:06:35.644780+00:00, run_after=2024-08-13T11:06:35.644780+00:00
[2024-08-13T11:06:35.690+0000] {processor.py:175} INFO - Processing /home/airflow/.local/lib/python3.7/site-packages/airflow/example_dags/tutorial.py took 0.133 seconds
